 ConEmu.x64

 Timestamp is 5b32b0ed (Wed Jun 27 00:32:29 2018)

 Preferred load address is 0000000180000000

 Start         Length     Name                   Class
 0001:00000000 00000010H .text$di                CODE
 0001:00000010 0002d7a0H .text$mn                CODE
 0001:0002d7b0 00000020H .text$mn$00             CODE
 0001:0002d7d0 00000550H .text$x                 CODE
 0001:0002dd20 0000003dH .text$yd                CODE
 0002:00000000 00000670H .idata$5                DATA
 0002:00000670 00000010H .00cfg                  DATA
 0002:00000680 00000008H .CRT$XCA                DATA
 0002:00000688 00000008H .CRT$XCU                DATA
 0002:00000690 00000008H .CRT$XCZ                DATA
 0002:00000698 00000008H .CRT$XIA                DATA
 0002:000006a0 00000020H .CRT$XIC                DATA
 0002:000006c0 00000008H .CRT$XIZ                DATA
 0002:000006c8 00000008H .CRT$XLA                DATA
 0002:000006d0 00000008H .CRT$XLZ                DATA
 0002:000006d8 00000008H .CRT$XPA                DATA
 0002:000006e0 00000010H .CRT$XPX                DATA
 0002:000006f0 00000008H .CRT$XPXA               DATA
 0002:000006f8 00000008H .CRT$XPZ                DATA
 0002:00000700 00000008H .CRT$XTA                DATA
 0002:00000708 00000008H .CRT$XTZ                DATA
 0002:00000710 00000000H .gfids$x                DATA
 0002:00000710 00000000H .gfids$y                DATA
 0002:00000710 0000c370H .rdata                  DATA
 0002:0000ca80 00000028H .rdata$T                DATA
 0002:0000caa8 000004dcH .rdata$r                DATA
 0002:0000cf84 000003d4H .rdata$zzzdbg           DATA
 0002:0000d358 00000008H .rtc$IAA                DATA
 0002:0000d360 00000008H .rtc$IZZ                DATA
 0002:0000d368 00000008H .rtc$TAA                DATA
 0002:0000d370 00000008H .rtc$TZZ                DATA
 0002:0000d378 00000004H .tls                    DATA
 0002:0000d37c 00000004H .tls$                   DATA
 0002:0000d380 00000010H .tls$ZZZ                DATA
 0002:0000d390 00002520H .xdata                  DATA
 0002:0000f8b0 00000090H .xdata$x                DATA
 0002:0000f940 000002e4H .edata                  DATA
 0002:0000fc24 00000064H .idata$2                DATA
 0002:0000fc88 00000018H .idata$3                DATA
 0002:0000fca0 00000670H .idata$4                DATA
 0002:00010310 00000ea8H .idata$6                DATA
 0003:00000000 00000ba0H .data                   DATA
 0003:00000ba0 000001e0H .data$r                 DATA
 0003:00000d80 0000bbb0H .bss                    DATA
 0004:00000000 00002688H .pdata                  DATA
 0005:00000000 000000a0H .rsrc$01                DATA
 0005:000000a0 00000490H .rsrc$02                DATA

  Address         Publics by Value              Rva+Base               Lib:Object

 0000:00000000       __dynamic_value_reloc_table 0000000000000000     <absolute>
 0000:00000000       __guard_iat_count          0000000000000000     <absolute>
 0000:00000000       __hybrid_code_map          0000000000000000     <absolute>
 0000:00000000       __hybrid_code_map_count    0000000000000000     <absolute>
 0000:00000000       __hybrid_auxiliary_iat     0000000000000000     <absolute>
 0000:00000000       __guard_iat_table          0000000000000000     <absolute>
 0000:00000000       __guard_fids_count         0000000000000000     <absolute>
 0000:00000000       __enclave_config           0000000000000000     <absolute>
 0000:00000000       __guard_longjmp_table      0000000000000000     <absolute>
 0000:00000000       __guard_longjmp_count      0000000000000000     <absolute>
 0000:00000000       ___safe_se_handler_table   0000000000000000     <absolute>
 0000:00000000       ___safe_se_handler_count   0000000000000000     <absolute>
 0000:00000000       __guard_fids_table         0000000000000000     <absolute>
 0000:00000100       __guard_flags              0000000000000100     <absolute>
 0000:00000000       __ImageBase                0000000180000000     <linker-defined>
 0001:00000010       ??$swprintf_c@$0EA@@@YAHAEAY0EA@_WPEB_WZZ 0000000180001010 f i ConEmuInjects.obj
 0001:0000003c       ??$swprintf_c@$0IA@@@YAHAEAY0IA@_WPEB_WZZ 000000018000103c f i ConEmuInjects.obj
 0001:00000068       ??$swprintf_c@$0PP@@@YAHAEAY0PP@_WPEB_WZZ 0000000180001068 f i ConEmuInjects.obj
 0001:00000094       ?ShutdownHooks@@YAXXZ      0000000180001094 f   ConEmuInjects.obj
 0001:00000284       ?StartupConsoleHooks@@YAXXZ 0000000180001284 f   ConEmuInjects.obj
 0001:00000310       ?StartupHooks@@YA_NPEAUHINSTANCE__@@@Z 0000000180001310 f   ConEmuInjects.obj
 0001:00000710       ?StringCchCopyW@@YAJPEA_W_KPEB_W@Z 0000000180001710 f i ConEmuInjects.obj
 0001:00000788       ?StringCchVPrintfW@@YAJPEA_W_KPEB_WPEAD@Z 0000000180001788 f i ConEmuInjects.obj
 0001:0000082c       __local_stdio_printf_options 000000018000182c f i ConEmuInjects.obj
 0001:00000834       ExitFARW                   0000000180001834 f   ConEmuPlugin.obj
 0001:0000088c       ProcessEditorEventW        000000018000188c f   ConEmuPlugin.obj
 0001:0000088c       ?ProcessEditorEvent@@YAHHPEAX@Z 000000018000188c f   ConEmuPlugin.obj
 0001:000008ac       ProcessSynchroEventW       00000001800018ac f   ConEmuPlugin.obj
 0001:000008d8       ?ProcessViewerEvent@@YAHHPEAX@Z 00000001800018d8 f   ConEmuPlugin.obj
 0001:000008d8       ProcessViewerEventW        00000001800018d8 f   ConEmuPlugin.obj
 0001:000008f8       ?ProcessSynchroEventW3@@YA_JPEAX@Z 00000001800018f8 f   ConEmuPlugin.obj
 0001:00000920       ?ProcessEditorEventW3@@YA_JPEAX@Z 0000000180001920 f   ConEmuPlugin.obj
 0001:00000948       ?ProcessViewerEventW3@@YA_JPEAX@Z 0000000180001948 f   ConEmuPlugin.obj
 0001:00000970       ?ExitFARW3@@YAXPEAX@Z      0000000180001970 f   ConEmuPlugin.obj
 0001:000009c8       ?ActivateConsole@@YAHXZ    00000001800019c8 f   ConEmuPlugin.obj
 0001:00000a58       ?ExitFAR@@YAXXZ            0000000180001a58 f   ConEmuPlugin.obj
 0001:00000ab0       ?GetFarHWND2@@YAPEAUHWND__@@H@Z 0000000180001ab0 f   ConEmuPlugin.obj
 0001:00000b1c       ?GetFarHWND@@YAPEAUHWND__@@XZ 0000000180001b1c f   ConEmuPlugin.obj
 0001:00000b24       ?GetFarVersion@@YAXPEAUFarVersion@@@Z 0000000180001b24 f   ConEmuPlugin.obj
 0001:00000b40       ?GetMinFarVersion@@YAHXZ   0000000180001b40 f   ConEmuPlugin.obj
 0001:00000b70       ?GetPluginInfo@@YAXPEAX@Z  0000000180001b70 f   ConEmuPlugin.obj
 0001:00000bc4       ?GetPluginInfoW@@YAXPEAX@Z 0000000180001bc4 f   ConEmuPlugin.obj
 0001:00000be4       ?IsConsoleActive@@YAHXZ    0000000180001be4 f   ConEmuPlugin.obj
 0001:00000c3c       ?IsTerminalMode@@YAHXZ     0000000180001c3c f   ConEmuPlugin.obj
 0001:00000c44       ?OpenPlugin@@YAPEAXH_J@Z   0000000180001c44 f   ConEmuPlugin.obj
 0001:00000c74       ?OpenW@@YAPEAXPEBX@Z       0000000180001c74 f   ConEmuPlugin.obj
 0001:00000c98       ?ProcessEditorInput@@YAHPEBU_INPUT_RECORD@@@Z 0000000180001c98 f   ConEmuPlugin.obj
 0001:00000cbc       ?RegisterBackground@@YAHPEAURegisterBackgroundArg@@@Z 0000000180001cbc f   ConEmuPlugin.obj
 0001:00000d40       ?RegisterPanelView@@YAHPEAUPanelViewInit@@@Z 0000000180001d40 f   ConEmuPlugin.obj
 0001:00000ea8       ?SetStartupInfo@@YAXPEAX@Z 0000000180001ea8 f   ConEmuPlugin.obj
 0001:00000f0c       ?SetupExportsFar3@@YAXXZ   0000000180001f0c f   ConEmuPlugin.obj
 0001:00001074       ?SyncExecute@@YAHPEAUHINSTANCE__@@P6AX_J@Z1@Z 0000000180002074 f   ConEmuPlugin.obj
 0001:000010c0       DllMain                    00000001800020c0 f   ConEmuPlugin.obj
 0001:000010e4       GetMinFarVersionW          00000001800020e4 f   ConEmuPlugin.obj
 0001:000010ec       OpenPluginW                00000001800020ec f   ConEmuPlugin.obj
 0001:0000112c       ProcessEditorInputW        000000018000212c f   ConEmuPlugin.obj
 0001:00001150       SetStartupInfoW            0000000180002150 f   ConEmuPlugin.obj
 0001:00001180       ??0CPluginW1900@@QEAA@XZ   0000000180002180 f   ConEmuPlugin1900.obj
 0001:00001324       ??_GCPluginW1900@@UEAAPEAXI@Z 0000000180002324 f i ConEmuPlugin1900.obj
 0001:00001324       ??_ECPluginW1900@@UEAAPEAXI@Z 0000000180002324 f i ConEmuPlugin1900.obj
 0001:0000182c       ?CheckPanelExist@CPluginW1900@@UEAA_NXZ 000000018000282c f   ConEmuPlugin1900.obj
 0001:00001868       ?Color2BgIndex@Far3Color@@SAXKHAEAGPEBK@Z 0000000180002868 f i ConEmuPlugin1900.obj
 0001:0000197c       ?Color2FgIndex@Far3Color@@SAXKAEAGPEBK@Z 000000018000297c f i ConEmuPlugin1900.obj
 0001:00001a68       ?ExecuteSynchroApi@CPluginW1900@@UEAA_NXZ 0000000180002a68 f   ConEmuPlugin1900.obj
 0001:00001a9c       ?ExitFar@CPluginW1900@@UEAAXXZ 0000000180002a9c f   ConEmuPlugin1900.obj
 0001:00001b24       ?FarColor_3_2@@YAEAEBUFarColor@@_N@Z 0000000180002b24 f i ConEmuPlugin1900.obj
 0001:00001be4       ?GetActiveWindowType@CPluginW1900@@UEAAHXZ 0000000180002be4 f   ConEmuPlugin1900.obj
 0001:00001c98       ?GetEditorModifiedState@CPluginW1900@@UEAAKXZ 0000000180002c98 f   ConEmuPlugin1900.obj
 0001:00001cf4       ?GetFarRect@CPluginW1900@@UEAA_NAEAU_SMALL_RECT@@@Z 0000000180002cf4 f   ConEmuPlugin1900.obj
 0001:00001da0       ?GetMacroArea@CPluginW1900@@UEAAHXZ 0000000180002da0 f   ConEmuPlugin1900.obj
 0001:00001dc0       ?GetMsg@CPluginW1900@@UEAAPEB_WHPEA_W_K@Z 0000000180002dc0 f   ConEmuPlugin1900.obj
 0001:00001e30       ?GetPanelDir@CPluginW1900@@UEAAPEA_WKPEA_WH@Z 0000000180002e30 f   ConEmuPlugin1900.obj
 0001:00001f8c       ?GetPanelInfo@CPluginW1900@@UEAA_NKPEAUCEPanelInfo@@@Z 0000000180002f8c f   ConEmuPlugin1900.obj
 0001:00002228       ?GetPanelItemInfo@CPluginW1900@@UEAA_NAEBUCEPanelInfo@@_N_JAEAU_WIN32_FIND_DATAW@@PEAPEA_W@Z 0000000180003228 f   ConEmuPlugin1900.obj
 0001:000023d8       ?GetPluginInfoPtr@CPluginW1900@@UEAAXPEAX@Z 00000001800033d8 f   ConEmuPlugin1900.obj
 0001:00002434       ?GetWindowCount@CPluginW1900@@UEAAHXZ 0000000180003434 f   ConEmuPlugin1900.obj
 0001:00002464       ?GetWindowTypeName@CPluginAnsi@@UEAAPEB_WH@Z 0000000180003464 f   ConEmuPluginA.obj
 0001:00002464       ?GetWindowTypeName@CPluginW1900@@UEAAPEB_WH@Z 0000000180003464 f   ConEmuPlugin1900.obj
 0001:00002464       ?GetWindowTypeName@CPluginW2800@@UEAAPEB_WH@Z 0000000180003464 f   ConEmuPlugin2800.obj
 0001:00002464       ?GetWindowTypeName@CPluginW995@@UEAAPEB_WH@Z 0000000180003464 f   ConEmuPlugin995.obj
 0001:000024bc       ?GuiMacroDlg@CPluginW1900@@UEAAXXZ 00000001800034bc f   ConEmuPlugin1900.obj
 0001:000024c4       ?InputBox@CPluginW1900@@UEAA_NPEB_W000AEAPEA_W@Z 00000001800034c4 f   ConEmuPlugin1900.obj
 0001:00002574       ?IsMacroActive@CPluginW1900@@UEAA_NXZ 0000000180003574 f   ConEmuPlugin1900.obj
 0001:000025b8       ?LoadFarColors@CPluginW1900@@UEAAXAEAY0BAA@E@Z 00000001800035b8 f   ConEmuPlugin1900.obj
 0001:0000274c       ?LoadFarSettings@CPluginW1900@@UEAAXPEAUCEFarInterfaceSettings@@PEAUCEFarPanelSettings@@@Z 000000018000374c f   ConEmuPlugin1900.obj
 0001:00002898       ?Open@CPluginW1900@@UEAAPEAXPEBX@Z 0000000180003898 f   ConEmuPlugin1900.obj
 0001:00002974       ?OpenEditor@CPluginW1900@@UEAA_NPEB_W_N11HH@Z 0000000180003974 f   ConEmuPlugin1900.obj
 0001:00002a88       ?PanelControlApi@CPluginW1900@@UEAA_JPEAXH_J0@Z 0000000180003a88 f   ConEmuPlugin1900.obj
 0001:00002ac0       ?PostMacroApi@CPluginW1900@@UEAAXPEB_WPEAU_INPUT_RECORD@@_N@Z 0000000180003ac0 f   ConEmuPlugin1900.obj
 0001:0000306c       ?ProcessEditorEventPtr@CPluginW2800@@UEAAHPEAX@Z 000000018000406c f   ConEmuPlugin2800.obj
 0001:0000306c       ?ProcessEditorEventPtr@CPluginW1900@@UEAAHPEAX@Z 000000018000406c f   ConEmuPlugin1900.obj
 0001:00003078       ?ProcessEditorInputPtr@CPluginW1900@@UEAAHPEBX@Z 0000000180004078 f   ConEmuPlugin1900.obj
 0001:00003098       ?ProcessSynchroEventPtr@CPluginW1900@@UEAAHPEAX@Z 0000000180004098 f   ConEmuPlugin1900.obj
 0001:00003098       ?ProcessSynchroEventPtr@CPluginW2800@@UEAAHPEAX@Z 0000000180004098 f   ConEmuPlugin2800.obj
 0001:000030bc       ?ProcessViewerEventPtr@CPluginW1900@@UEAAHPEAX@Z 00000001800040bc f   ConEmuPlugin1900.obj
 0001:000030bc       ?ProcessViewerEventPtr@CPluginW2800@@UEAAHPEAX@Z 00000001800040bc f   ConEmuPlugin2800.obj
 0001:000030c8       ?RedrawAll@CPluginW1900@@UEAAXXZ 00000001800040c8 f   ConEmuPlugin1900.obj
 0001:00003100       ?SetStartupInfoPtr@CPluginW1900@@UEAAXPEAX@Z 0000000180004100 f   ConEmuPlugin1900.obj
 0001:00003254       ?SetWindow@CPluginW1900@@UEAAXH@Z 0000000180004254 f   ConEmuPlugin1900.obj
 0001:000032ac       ?ShowMessage@CPluginW1900@@UEAAHPEB_WH_N@Z 00000001800042ac f   ConEmuPlugin1900.obj
 0001:00003314       ?ShowPluginMenu@CPluginW1900@@UEAAHPEAUConEmuPluginMenuItem@@HH@Z 0000000180004314 f   ConEmuPlugin1900.obj
 0001:00003464       ?ShowUserScreen@CPluginW1900@@UEAAX_N@Z 0000000180004464 f   ConEmuPlugin1900.obj
 0001:00003490       ?ShutdownPluginStep@CPluginBase@@SAXPEB_WHHHH@Z 0000000180004490 f   ConEmuPluginBase.obj
 0001:00003490       ?PlugServerInit@@YAXXZ     0000000180004490 f   PluginSrv.obj
 0001:00003490       ?StopWaitEndSynchro@CPluginW1900@@UEAAXXZ 0000000180004490 f   ConEmuPlugin1900.obj
 0001:00003490       ?WaitEndSynchro@CPluginW1900@@UEAAXXZ 0000000180004490 f   ConEmuPlugin1900.obj
 0001:00003490       ?WaitEndSynchro@CPluginW2800@@UEAAXXZ 0000000180004490 f   ConEmuPlugin2800.obj
 0001:00003490       ?StopWaitEndSynchro@CPluginAnsi@@UEAAXXZ 0000000180004490 f   ConEmuPluginA.obj
 0001:00003490       ?StopWaitEndSynchro@CPluginW2800@@UEAAXXZ 0000000180004490 f   ConEmuPlugin2800.obj
 0001:00003490       ?WaitEndSynchro@CPluginAnsi@@UEAAXXZ 0000000180004490 f   ConEmuPluginA.obj
 0001:00003490       _guard_check_icall_nop     0000000180004490 f   LIBCMT:guard_support.obj
 0001:00003494       ?UpdateConEmuTabsApi@CPluginW1900@@UEAA_NH@Z 0000000180004494 f   ConEmuPlugin1900.obj
 0001:00003958       ??0CPluginW2800@@QEAA@XZ   0000000180004958 f   ConEmuPlugin2800.obj
 0001:00003afc       ??1?$MArray@UWindowInfo@@@@QEAA@XZ 0000000180004afc f i ConEmuPlugin2800.obj
 0001:00003b34       ??_GCPluginW2800@@UEAAPEAXI@Z 0000000180004b34 f i ConEmuPlugin2800.obj
 0001:00003b34       ??_ECPluginW2800@@UEAAPEAXI@Z 0000000180004b34 f i ConEmuPlugin2800.obj
 0001:000040b8       ?CheckPanelExist@CPluginW2800@@UEAA_NXZ 00000001800050b8 f   ConEmuPlugin2800.obj
 0001:000040f4       ?ExecuteSynchroApi@CPluginW2800@@UEAA_NXZ 00000001800050f4 f   ConEmuPlugin2800.obj
 0001:00004128       ?ExitFar@CPluginW2800@@UEAAXXZ 0000000180005128 f   ConEmuPlugin2800.obj
 0001:000041bc       ?GetActiveWindowType@CPluginW2800@@UEAAHXZ 00000001800051bc f   ConEmuPlugin2800.obj
 0001:00004274       ?GetEditorModifiedState@CPluginW2800@@UEAAKXZ 0000000180005274 f   ConEmuPlugin2800.obj
 0001:000042d4       ?GetFarRect@CPluginW2800@@UEAA_NAEAU_SMALL_RECT@@@Z 00000001800052d4 f   ConEmuPlugin2800.obj
 0001:00004388       ?GetMacroArea@CPluginW2800@@UEAAHXZ 0000000180005388 f   ConEmuPlugin2800.obj
 0001:000043a8       ?GetMsg@CPluginW2800@@UEAAPEB_WHPEA_W_K@Z 00000001800053a8 f   ConEmuPlugin2800.obj
 0001:00004418       ?GetPanelDir@CPluginW2800@@UEAAPEA_WKPEA_WH@Z 0000000180005418 f   ConEmuPlugin2800.obj
 0001:00004574       ?GetPanelInfo@CPluginW2800@@UEAA_NKPEAUCEPanelInfo@@@Z 0000000180005574 f   ConEmuPlugin2800.obj
 0001:00004814       ?GetPanelItemInfo@CPluginW2800@@UEAA_NAEBUCEPanelInfo@@_N_JAEAU_WIN32_FIND_DATAW@@PEAPEA_W@Z 0000000180005814 f   ConEmuPlugin2800.obj
 0001:000049dc       ?GetPluginInfoPtr@CPluginW2800@@UEAAXPEAX@Z 00000001800059dc f   ConEmuPlugin2800.obj
 0001:00004a38       ?GetWindowCount@CPluginW2800@@UEAAHXZ 0000000180005a38 f   ConEmuPlugin2800.obj
 0001:00004a68       ?GuiMacroDlg@CPluginW2800@@UEAAXXZ 0000000180005a68 f   ConEmuPlugin2800.obj
 0001:00004a70       ?InputBox@CPluginW2800@@UEAA_NPEB_W000AEAPEA_W@Z 0000000180005a70 f   ConEmuPlugin2800.obj
 0001:00004b20       ?IsMacroActive@CPluginW2800@@UEAA_NXZ 0000000180005b20 f   ConEmuPlugin2800.obj
 0001:00004b64       ?LoadFarColors@CPluginW2800@@UEAAXAEAY0BAA@E@Z 0000000180005b64 f   ConEmuPlugin2800.obj
 0001:00004cf8       ?LoadFarSettings@CPluginW2800@@UEAAXPEAUCEFarInterfaceSettings@@PEAUCEFarPanelSettings@@@Z 0000000180005cf8 f   ConEmuPlugin2800.obj
 0001:00004e44       ?Open@CPluginW2800@@UEAAPEAXPEBX@Z 0000000180005e44 f   ConEmuPlugin2800.obj
 0001:00004f94       ?OpenEditor@CPluginW2800@@UEAA_NPEB_W_N11HH@Z 0000000180005f94 f   ConEmuPlugin2800.obj
 0001:000050b8       ?PanelControlApi@CPluginW2800@@UEAA_JPEAXH_J0@Z 00000001800060b8 f   ConEmuPlugin2800.obj
 0001:000050f0       ?PostMacroApi@CPluginW2800@@UEAAXPEB_WPEAU_INPUT_RECORD@@_N@Z 00000001800060f0 f   ConEmuPlugin2800.obj
 0001:0000546c       ?ProcessEditorInputPtr@CPluginW2800@@UEAAHPEBX@Z 000000018000646c f   ConEmuPlugin2800.obj
 0001:0000548c       ?RedrawAll@CPluginW2800@@UEAAXXZ 000000018000648c f   ConEmuPlugin2800.obj
 0001:000054c4       ?SetStartupInfoPtr@CPluginW2800@@UEAAXPEAX@Z 00000001800064c4 f   ConEmuPlugin2800.obj
 0001:00005618       ?SetWindow@CPluginW2800@@UEAAXH@Z 0000000180006618 f   ConEmuPlugin2800.obj
 0001:00005728       ?ShowMessage@CPluginW2800@@UEAAHPEB_WH_N@Z 0000000180006728 f   ConEmuPlugin2800.obj
 0001:00005790       ?ShowPluginMenu@CPluginW2800@@UEAAHPEAUConEmuPluginMenuItem@@HH@Z 0000000180006790 f   ConEmuPlugin2800.obj
 0001:000058e4       ?ShowUserScreen@CPluginW2800@@UEAAX_N@Z 00000001800068e4 f   ConEmuPlugin2800.obj
 0001:00005910       ?UpdateConEmuTabsApi@CPluginW2800@@UEAA_NH@Z 0000000180006910 f   ConEmuPlugin2800.obj
 0001:00006138       ?addsize@?$MArray@UWindowInfo@@@@QEAA_N_J@Z 0000000180007138 f i ConEmuPlugin2800.obj
 0001:00006138       ?addsize@?$MArray@UtagPROCESSENTRY32W@@@@QEAA_N_J@Z 0000000180007138 f i common-kernel64:MProcess.obj
 0001:000061cc       ?insert@?$MArray@UWindowInfo@@@@QEAAX_JAEBUWindowInfo@@@Z 00000001800071cc f i ConEmuPlugin2800.obj
 0001:00006278       ?push_back@?$MArray@UWindowInfo@@@@QEAA_JAEBUWindowInfo@@@Z 0000000180007278 f i ConEmuPlugin2800.obj
 0001:000062f0       GetGlobalInfoW             00000001800072f0 f   ConEmuPlugin2800.obj
 0001:00006388       ??0CPluginW995@@QEAA@XZ    0000000180007388 f   ConEmuPlugin995.obj
 0001:00006528       ??_GCPluginW995@@UEAAPEAXI@Z 0000000180007528 f i ConEmuPlugin995.obj
 0001:00006528       ??_ECPluginW995@@UEAAPEAXI@Z 0000000180007528 f i ConEmuPlugin995.obj
 0001:000069e0       ?CheckPanelExist@CPluginW995@@UEAA_NXZ 00000001800079e0 f   ConEmuPlugin995.obj
 0001:00006a18       ?ExecuteSynchroApi@CPluginW995@@UEAA_NXZ 0000000180007a18 f   ConEmuPlugin995.obj
 0001:00006a48       ?ExitFar@CPluginW995@@UEAAXXZ 0000000180007a48 f   ConEmuPlugin995.obj
 0001:00006ad0       ?GetActiveWindowType@CPluginW995@@UEAAHXZ 0000000180007ad0 f   ConEmuPlugin995.obj
 0001:00006bb0       ?GetEditorModifiedState@CPluginW995@@UEAAKXZ 0000000180007bb0 f   ConEmuPlugin995.obj
 0001:00006c08       ?GetFarRect@CPluginW995@@UEAA_NAEAU_SMALL_RECT@@@Z 0000000180007c08 f   ConEmuPlugin995.obj
 0001:00006c60       ?GetMacroArea@CPluginW995@@UEAAHXZ 0000000180007c60 f   ConEmuPlugin995.obj
 0001:00006cb8       ?GetMsg@CPluginW995@@UEAAPEB_WHPEA_W_K@Z 0000000180007cb8 f   ConEmuPlugin995.obj
 0001:00006d24       ?GetPanelDir@CPluginW995@@UEAAPEA_WKPEA_WH@Z 0000000180007d24 f   ConEmuPlugin995.obj
 0001:00006e4c       ?GetPanelInfo@CPluginW995@@UEAA_NKPEAUCEPanelInfo@@@Z 0000000180007e4c f   ConEmuPlugin995.obj
 0001:0000708c       ?GetPanelItemInfo@CPluginW995@@UEAA_NAEBUCEPanelInfo@@_N_JAEAU_WIN32_FIND_DATAW@@PEAPEA_W@Z 000000018000808c f   ConEmuPlugin995.obj
 0001:00007224       ?GetPluginInfoPtr@CPluginW995@@UEAAXPEAX@Z 0000000180008224 f   ConEmuPlugin995.obj
 0001:00007290       ?GetWindowCount@CPluginW995@@UEAAHXZ 0000000180008290 f   ConEmuPlugin995.obj
 0001:000072bc       ?GuiMacroDlg@CPluginW995@@UEAAXXZ 00000001800082bc f   ConEmuPlugin995.obj
 0001:000072c4       ?InputBox@CPluginW995@@UEAA_NPEB_W000AEAPEA_W@Z 00000001800082c4 f   ConEmuPlugin995.obj
 0001:00007374       ?IsMacroActive@CPluginW995@@UEAA_NXZ 0000000180008374 f   ConEmuPlugin995.obj
 0001:000073e4       ?LoadFarColors@CPluginW995@@UEAAXAEAY0BAA@E@Z 00000001800083e4 f   ConEmuPlugin995.obj
 0001:000074a0       ?LoadFarSettings@CPluginW995@@UEAAXPEAUCEFarInterfaceSettings@@PEAUCEFarPanelSettings@@@Z 00000001800084a0 f   ConEmuPlugin995.obj
 0001:000074fc       ?Open@CPluginW995@@UEAAPEAXPEBX@Z 00000001800084fc f i ConEmuPlugin995.obj
 0001:000074fc       ?Open@CPluginAnsi@@UEAAPEAXPEBX@Z 00000001800084fc f i ConEmuPluginA.obj
 0001:00007504       ?OpenEditor@CPluginW995@@UEAA_NPEB_W_N11HH@Z 0000000180008504 f   ConEmuPlugin995.obj
 0001:0000760c       ?PanelControlApi@CPluginW995@@UEAA_JPEAXH_J0@Z 000000018000860c f   ConEmuPlugin995.obj
 0001:00007650       ?PostMacroApi@CPluginW995@@UEAAXPEB_WPEAU_INPUT_RECORD@@_N@Z 0000000180008650 f   ConEmuPlugin995.obj
 0001:000076f4       ?ProcessEditorEventPtr@CPluginAnsi@@UEAAHPEAX@Z 00000001800086f4 f i ConEmuPluginA.obj
 0001:000076f4       ?ProcessSynchroEventPtr@CPluginW995@@UEAAHPEAX@Z 00000001800086f4 f i ConEmuPlugin995.obj
 0001:000076f4       ?ProcessEditorInputPtr@CPluginAnsi@@UEAAHPEBX@Z 00000001800086f4 f i ConEmuPluginA.obj
 0001:000076f4       ?ProcessViewerEventPtr@CPluginW995@@UEAAHPEAX@Z 00000001800086f4 f i ConEmuPlugin995.obj
 0001:000076f4       ?ProcessEditorEventPtr@CPluginW995@@UEAAHPEAX@Z 00000001800086f4 f i ConEmuPlugin995.obj
 0001:000076f4       ?ProcessViewerEventPtr@CPluginAnsi@@UEAAHPEAX@Z 00000001800086f4 f i ConEmuPluginA.obj
 0001:000076f4       ?ProcessSynchroEventPtr@CPluginAnsi@@UEAAHPEAX@Z 00000001800086f4 f i ConEmuPluginA.obj
 0001:000076f8       ?ProcessEditorInputPtr@CPluginW995@@UEAAHPEBX@Z 00000001800086f8 f   ConEmuPlugin995.obj
 0001:00007714       ?RedrawAll@CPluginW995@@UEAAXXZ 0000000180008714 f   ConEmuPlugin995.obj
 0001:00007744       ?SetStartupInfoPtr@CPluginW995@@UEAAXPEAX@Z 0000000180008744 f   ConEmuPlugin995.obj
 0001:00007884       ?SetWindow@CPluginW995@@UEAAXH@Z 0000000180008884 f   ConEmuPlugin995.obj
 0001:000078d0       ?ShowMessage@CPluginW995@@UEAAHPEB_WH_N@Z 00000001800088d0 f   ConEmuPlugin995.obj
 0001:00007930       ?ShowPluginMenu@CPluginW995@@UEAAHPEAUConEmuPluginMenuItem@@HH@Z 0000000180008930 f   ConEmuPlugin995.obj
 0001:00007a6c       ?ShowUserScreen@CPluginW995@@UEAAX_N@Z 0000000180008a6c f   ConEmuPlugin995.obj
 0001:00007a98       ?StopWaitEndSynchro@CPluginW995@@UEAAXXZ 0000000180008a98 f   ConEmuPlugin995.obj
 0001:00007ac8       ?UpdateConEmuTabsApi@CPluginW995@@UEAA_NH@Z 0000000180008ac8 f   ConEmuPlugin995.obj
 0001:00007d44       ?WaitEndSynchro@CPluginW995@@UEAAXXZ 0000000180008d44 f   ConEmuPlugin995.obj
 0001:00007ed8       ??0CPluginAnsi@@QEAA@XZ    0000000180008ed8 f   ConEmuPluginA.obj
 0001:00008044       ??_GCPluginAnsi@@UEAAPEAXI@Z 0000000180009044 f i ConEmuPluginA.obj
 0001:00008044       ??_ECPluginAnsi@@UEAAPEAXI@Z 0000000180009044 f i ConEmuPluginA.obj
 0001:000085fc       ?CheckPanelExist@CPluginAnsi@@UEAA_NXZ 00000001800095fc f   ConEmuPluginA.obj
 0001:00008634       ?ExecuteSynchroApi@CPluginAnsi@@UEAA_NXZ 0000000180009634 f i ConEmuPluginA.obj
 0001:00008634       ?GetFarRect@CPluginAnsi@@UEAA_NAEAU_SMALL_RECT@@@Z 0000000180009634 f i ConEmuPluginA.obj
 0001:00008638       ?ExitFar@CPluginAnsi@@UEAAXXZ 0000000180009638 f   ConEmuPluginA.obj
 0001:0000867c       ?GetActiveWindowType@CPluginAnsi@@UEAAHXZ 000000018000967c f   ConEmuPluginA.obj
 0001:00008700       ?GetEditorModifiedState@CPluginAnsi@@UEAAKXZ 0000000180009700 f   ConEmuPluginA.obj
 0001:00008758       ?GetMacroArea@CPluginAnsi@@UEAAHXZ 0000000180009758 f   ConEmuPluginA.obj
 0001:00008758       _get_startup_argv_mode     0000000180009758 f   LIBCMT:argv_mode.obj
 0001:00008760       ?GetMsg@CPluginAnsi@@UEAAPEB_WHPEA_W_K@Z 0000000180009760 f   ConEmuPluginA.obj
 0001:00008808       ?GetPanelDir@CPluginAnsi@@UEAAPEA_WKPEA_WH@Z 0000000180009808 f   ConEmuPluginA.obj
 0001:00008900       ?GetPanelInfo@CPluginAnsi@@UEAA_NKPEAUCEPanelInfo@@@Z 0000000180009900 f   ConEmuPluginA.obj
 0001:00008b54       ?GetPanelItemInfo@CPluginAnsi@@UEAA_NAEBUCEPanelInfo@@_N_JAEAU_WIN32_FIND_DATAW@@PEAPEA_W@Z 0000000180009b54 f   ConEmuPluginA.obj
 0001:00008c7c       ?GetPluginInfoPtr@CPluginAnsi@@UEAAXPEAX@Z 0000000180009c7c f   ConEmuPluginA.obj
 0001:00008d08       ?GetWindowCount@CPluginAnsi@@UEAAHXZ 0000000180009d08 f   ConEmuPluginA.obj
 0001:00008d34       ?GuiMacroDlg@CPluginAnsi@@UEAAXXZ 0000000180009d34 f   ConEmuPluginA.obj
 0001:00008d3c       ?InputBox@CPluginAnsi@@UEAA_NPEB_W000AEAPEA_W@Z 0000000180009d3c f   ConEmuPluginA.obj
 0001:00008e9c       ?IsMacroActive@CPluginAnsi@@UEAA_NXZ 0000000180009e9c f   ConEmuPluginA.obj
 0001:00008f10       ?LoadFarColors@CPluginAnsi@@UEAAXAEAY0BAA@E@Z 0000000180009f10 f   ConEmuPluginA.obj
 0001:00008fd0       ?LoadFarSettings@CPluginAnsi@@UEAAXPEAUCEFarInterfaceSettings@@PEAUCEFarPanelSettings@@@Z 0000000180009fd0 f   ConEmuPluginA.obj
 0001:00009030       ?OpenEditor@CPluginAnsi@@UEAA_NPEB_W_N11HH@Z 000000018000a030 f   ConEmuPluginA.obj
 0001:0000916c       ?PanelControlApi@CPluginAnsi@@UEAA_JPEAXH_J0@Z 000000018000a16c f   ConEmuPluginA.obj
 0001:000091a8       ?PostMacroApi@CPluginAnsi@@UEAAXPEB_WPEAU_INPUT_RECORD@@_N@Z 000000018000a1a8 f   ConEmuPluginA.obj
 0001:0000926c       ?RedrawAll@CPluginAnsi@@UEAAXXZ 000000018000a26c f   ConEmuPluginA.obj
 0001:000092a0       ?SetStartupInfoPtr@CPluginAnsi@@UEAAXPEAX@Z 000000018000a2a0 f   ConEmuPluginA.obj
 0001:000093e4       ?SetWindow@CPluginAnsi@@UEAAXH@Z 000000018000a3e4 f   ConEmuPluginA.obj
 0001:00009438       ?ShowMessage@CPluginAnsi@@UEAAHPEB_WH_N@Z 000000018000a438 f   ConEmuPluginA.obj
 0001:00009518       ?ShowPluginMenu@CPluginAnsi@@UEAAHPEAUConEmuPluginMenuItem@@HH@Z 000000018000a518 f   ConEmuPluginA.obj
 0001:000096b4       ?ShowUserScreen@CPluginAnsi@@UEAAX_N@Z 000000018000a6b4 f   ConEmuPluginA.obj
 0001:000096e0       ?UpdateConEmuTabsApi@CPluginAnsi@@UEAA_NH@Z 000000018000a6e0 f   ConEmuPluginA.obj
 0001:0000999c       ??$swprintf_c@$0BAE@@@YAHAEAY0BAE@_WPEB_WZZ 000000018000a99c f i ConEmuPluginBase.obj
 0001:000099c8       ??$swprintf_c@$0DAM@@@YAHAEAY0DAM@_WPEB_WZZ 000000018000a9c8 f i ConEmuPluginBase.obj
 0001:000099f4       ??$swprintf_c@$0EAA@@@YAHAEAY0EAA@_WPEB_WZZ 000000018000a9f4 f i ConEmuPluginBase.obj
 0001:00009a20       ??$swprintf_c@$0MI@@@YAHAEAY0MI@_WPEB_WZZ 000000018000aa20 f i ConEmuPluginBase.obj
 0001:00009a4c       ??0CPluginBase@@QEAA@XZ    000000018000aa4c f   ConEmuPluginBase.obj
 0001:00009b74       ??0MWow64Disable@@QEAA@XZ  000000018000ab74 f i ConEmuPluginBase.obj
 0001:00009be8       ??1?$MFileMapping@UConEmuGuiMapping@@@@QEAA@XZ 000000018000abe8 f i common-user64:ConEmuCheckEx.obj
 0001:00009be8       ??1?$MFileMapping@UPanelViewSetMapping@@@@QEAA@XZ 000000018000abe8 f i PluginBackground.obj
 0001:00009be8       ??1?$MFileMapping@UCESERVER_CONSOLE_MAPPING_HDR@@@@QEAA@XZ 000000018000abe8 f i ConEmuPluginBase.obj
 0001:00009c40       ??1CPluginBase@@UEAA@XZ    000000018000ac40 f   ConEmuPluginBase.obj
 0001:00009c4c       ??1MWow64Disable@@QEAA@XZ  000000018000ac4c f i ConEmuPluginBase.obj
 0001:00009c78       ??_G?$MFileMapping@UCESERVER_CONSOLE_MAPPING_HDR@@@@QEAAPEAXI@Z 000000018000ac78 f i ConEmuPluginBase.obj
 0001:00009cf0       ??_GCPluginBase@@UEAAPEAXI@Z 000000018000acf0 f i ConEmuPluginBase.obj
 0001:00009cf0       ??_ECPluginBase@@UEAAPEAXI@Z 000000018000acf0 f i ConEmuPluginBase.obj
 0001:00009d1c       ?ActivatePlugin@CPluginBase@@QEAA_NKPEAXK@Z 000000018000ad1c f   ConEmuPluginBase.obj
 0001:00009ee8       ?AddTab@CPluginBase@@QEAA_NAEAHH_N1HPEB_W2HHHH@Z 000000018000aee8 f   ConEmuPluginBase.obj
 0001:0000a260       ?AddTabFinish@CPluginBase@@QEAAXH@Z 000000018000b260 f   ConEmuPluginBase.obj
 0001:0000a26c       ?Attach2Gui@CPluginBase@@QEAA_N_N@Z 000000018000b26c f   ConEmuPluginBase.obj
 0001:0000a69c       ?BackgroundMacroError@CPluginBase@@SAKPEAX@Z 000000018000b69c f   ConEmuPluginBase.obj
 0001:0000a6c4       ?CheckBufferEnabled@CPluginBase@@QEAA_NXZ 000000018000b6c4 f   ConEmuPluginBase.obj
 0001:0000a728       ?CheckConEmuDetached@CPluginBase@@SAXXZ 000000018000b728 f   ConEmuPluginBase.obj
 0001:0000a864       ?CheckResources@CPluginBase@@QEAAX_N@Z 000000018000b864 f   ConEmuPluginBase.obj
 0001:0000aa44       ?CloseTabs@CPluginBase@@SAXXZ 000000018000ba44 f   ConEmuPluginBase.obj
 0001:0000aae4       ?CommonPluginStartup@CPluginBase@@QEAAXXZ 000000018000bae4 f   ConEmuPluginBase.obj
 0001:0000abf0       ?CreateTabs@CPluginBase@@SA_NH@Z 000000018000bbf0 f   ConEmuPluginBase.obj
 0001:0000acb8       ?DllCheckUnique@CPluginBase@@KA_N_N@Z 000000018000bcb8 f   ConEmuPluginBase.obj
 0001:0000aef8       ?DllMain_ProcessAttach@CPluginBase@@KAXPEAUHINSTANCE__@@@Z 000000018000bef8 f   ConEmuPluginBase.obj
 0001:0000afec       ?DllMain_ProcessDetach@CPluginBase@@KAXXZ 000000018000bfec f   ConEmuPluginBase.obj
 0001:0000b0d4       ?EditViewConsoleOutput@CPluginBase@@QEAAX_N@Z 000000018000c0d4 f   ConEmuPluginBase.obj
 0001:0000b1ac       ?EmergencyShow@CPluginBase@@KAXXZ 000000018000c1ac f   ConEmuPluginBase.obj
 0001:0000b208       ?ExecuteSynchro@CPluginBase@@QEAAXXZ 000000018000c208 f   ConEmuPluginBase.obj
 0001:0000b28c       ?ExitFarCommon@CPluginBase@@QEAAX_N@Z 000000018000c28c f   ConEmuPluginBase.obj
 0001:0000b2b8       ?FarSetConsoleSize@CPluginBase@@SA_NFF@Z 000000018000c2b8 f   ConEmuPluginBase.obj
 0001:0000b3c4       ?FillLoadedParm@CPluginBase@@SAXPEAUConEmuLoadedArg@@PEAUHINSTANCE__@@H@Z 000000018000c3c4 f   ConEmuPluginBase.obj
 0001:0000b498       ?FillUpdateBackground@CPluginBase@@QEAAXPEAUPaintBackgroundArg@@@Z 000000018000c498 f   ConEmuPluginBase.obj
 0001:0000b618       ?FindServerCmd@CPluginBase@@QEAA_NKAEAK_N@Z 000000018000c618 f   ConEmuPluginBase.obj
 0001:0000b714       ?GetMainThreadId@CPluginBase@@SAKXZ 000000018000c714 f   ConEmuPluginBase.obj
 0001:0000b7c8       ?GetPanelInfo@CPluginBase@@QEAA_NKPEAUBkPanelInfo@@@Z 000000018000c7c8 f   ConEmuPluginBase.obj
 0001:0000b86c       ?InitHWND@CPluginBase@@SAXXZ 000000018000c86c f   ConEmuPluginBase.obj
 0001:0000bb0c       ?InitName@?$MFileMapping@UPanelViewSetMapping@@@@QEAAPEB_WPEB_WKK@Z 000000018000cb0c f i PluginBackground.obj
 0001:0000bb0c       ?InitName@?$MFileMapping@UConEmuGuiMapping@@@@QEAAPEB_WPEB_WKK@Z 000000018000cb0c f i common-kernel64:ConEmuCheck.obj
 0001:0000bb0c       ?InitName@?$MFileMapping@UCESERVER_CONSOLE_MAPPING_HDR@@@@QEAAPEB_WPEB_WKK@Z 000000018000cb0c f i ConEmuPluginBase.obj
 0001:0000bba8       ?InitResources@CPluginBase@@QEAAXXZ 000000018000cba8 f   ConEmuPluginBase.obj
 0001:0000bdcc       ?InitRootRegKey@CPluginBase@@IEAAXXZ 000000018000cdcc f   ConEmuPluginBase.obj
 0001:0000bec8       ?InternalOpenCreate@?$MFileMapping@UCESERVER_CONSOLE_MAPPING_HDR@@@@IEAAPEAUCESERVER_CONSOLE_MAPPING_HDR@@HHH@Z 000000018000cec8 f i ConEmuPluginBase.obj
 0001:0000c07c       ?IsCurrentTabModal@CPluginBase@@QEAA_NXZ 000000018000d07c f   ConEmuPluginBase.obj
 0001:0000c23c       ?LoadFarVersion@CPluginBase@@SA_NXZ 000000018000d23c f   ConEmuPluginBase.obj
 0001:0000c4dc       ?LoadPanelTabsFromRegistry@CPluginBase@@IEAAXXZ 000000018000d4dc f   ConEmuPluginBase.obj
 0001:0000c608       ?MonitorThreadProcW@CPluginBase@@SAKPEAX@Z 000000018000d608 f   ConEmuPluginBase.obj
 0001:0000ca14       ?NotifyConEmuUnloaded@CPluginBase@@SAXXZ 000000018000da14 f   ConEmuPluginBase.obj
 0001:0000cb38       ?OnConsoleDetaching@CPluginBase@@SAHPEAUHookCallbackArg@@@Z 000000018000db38 f   ConEmuPluginBase.obj
 0001:0000ccbc       ?OnConsolePeekInput@CPluginBase@@SAHPEAUHookCallbackArg@@@Z 000000018000dcbc f   ConEmuPluginBase.obj
 0001:0000cd24       ?OnConsolePeekInputPost@CPluginBase@@SAHPEAUHookCallbackArg@@@Z 000000018000dd24 f   ConEmuPluginBase.obj
 0001:0000cd54       ?OnConsolePeekReadInput@CPluginBase@@SAX_N@Z 000000018000dd54 f   ConEmuPluginBase.obj
 0001:0000cf68       ?OnConsoleReadInput@CPluginBase@@SAHPEAUHookCallbackArg@@@Z 000000018000df68 f   ConEmuPluginBase.obj
 0001:0000cf70       ?OnConsoleReadInputPost@CPluginBase@@SAHPEAUHookCallbackArg@@@Z 000000018000df70 f   ConEmuPluginBase.obj
 0001:0000d120       ?OnConsoleReadInputWork@CPluginBase@@SAHPEAUHookCallbackArg@@@Z 000000018000e120 f   ConEmuPluginBase.obj
 0001:0000d194       ?OnConsoleWasAttached@CPluginBase@@SAHPEAUHookCallbackArg@@@Z 000000018000e194 f   ConEmuPluginBase.obj
 0001:0000d1fc       ?OnCurDirChanged@CPluginBase@@SAXXZ 000000018000e1fc f   ConEmuPluginBase.obj
 0001:0000d260       ?OnGetNumberOfConsoleInputEventsPost@CPluginBase@@SAHPEAUHookCallbackArg@@@Z 000000018000e260 f   ConEmuPluginBase.obj
 0001:0000d2b0       ?OnLibraryLoaded@CPluginBase@@SAXPEAUHINSTANCE__@@@Z 000000018000e2b0 f   ConEmuPluginBase.obj
 0001:0000d350       ?OnMainThreadActivated@CPluginBase@@QEAAXXZ 000000018000e350 f   ConEmuPluginBase.obj
 0001:0000d4f4       ?OnPanelViewCallbacks@CPluginBase@@SA_NPEAUHookCallbackArg@@P6AHPEAXPEAU_INPUT_RECORD@@KPEAKPEAH@Z5@Z 000000018000e4f4 f   ConEmuPluginBase.obj
 0001:0000d5cc       ?OnPostWriteConsoleOutput@CPluginBase@@SAHPEAUHookCallbackArg@@@Z 000000018000e5cc f   ConEmuPluginBase.obj
 0001:0000d5d8       ?OnShellExecuteExW_Except@CPluginBase@@SAHPEAUHookCallbackArg@@@Z 000000018000e5d8 f   ConEmuPluginBase.obj
 0001:0000d618       ?OnWriteConsoleOutput@CPluginBase@@SAHPEAUHookCallbackArg@@@Z 000000018000e618 f   ConEmuPluginBase.obj
 0001:0000d6ec       ?OpenMapHeader@CPluginBase@@SAHXZ 000000018000e6ec f   ConEmuPluginBase.obj
 0001:0000d840       ?OpenPluginCommon@CPluginBase@@QEAAPEAXH_J_N@Z 000000018000e840 f   ConEmuPluginBase.obj
 0001:0000db44       ?OutDataAlloc@CPluginBase@@SA_NK@Z 000000018000eb44 f   ConEmuPluginBase.obj
 0001:0000dba4       ?OutDataRealloc@CPluginBase@@SA_NK@Z 000000018000eba4 f   ConEmuPluginBase.obj
 0001:0000dc6c       ?OutDataWrite@CPluginBase@@SA_NPEAXK@Z 000000018000ec6c f   ConEmuPluginBase.obj
 0001:0000dd10       ?PanelControl@CPluginBase@@QEAA_JPEAXH_J0@Z 000000018000ed10 f   ConEmuPluginBase.obj
 0001:0000dda8       ?Plugin@@YAPEAVCPluginBase@@XZ 000000018000eda8 f   ConEmuPluginBase.obj
 0001:0000de7c       ?PrintText@CPluginBase@@QEAA_NPEB_W@Z 000000018000ee7c f   ConEmuPluginBase.obj
 0001:0000dfa8       ?ProcessCommand@CPluginBase@@QEAA_NKHPEAXPEAPEAUCESERVER_REQ@@_N@Z 000000018000efa8 f   ConEmuPluginBase.obj
 0001:0000e430       ?ProcessCommandLine@CPluginBase@@QEAA_NPEA_W@Z 000000018000f430 f   ConEmuPluginBase.obj
 0001:0000e47c       ?ProcessDragFrom@CPluginBase@@QEAAXXZ 000000018000f47c f   ConEmuPluginBase.obj
 0001:0000e904       ?ProcessDragTo@CPluginBase@@QEAAXXZ 000000018000f904 f   ConEmuPluginBase.obj
 0001:0000ec14       ?ProcessEditorInputInternal@CPluginBase@@QEAAXAEBU_INPUT_RECORD@@@Z 000000018000fc14 f   ConEmuPluginBase.obj
 0001:0000ec40       ?ProcessEditorViewerEvent@CPluginBase@@QEAAHHH@Z 000000018000fc40 f   ConEmuPluginBase.obj
 0001:0000ecf4       ?ProcessSetWindowCommand@CPluginBase@@QEAAXXZ 000000018000fcf4 f   ConEmuPluginBase.obj
 0001:0000ee18       ?ProcessSynchroEvent@CPluginBase@@QEAAHHPEAX@Z 000000018000fe18 f   ConEmuPluginBase.obj
 0001:0000ee9c       ?ReloadFarInfo@CPluginBase@@QEAA_N_N@Z 000000018000fe9c f   ConEmuPluginBase.obj
 0001:0000f11c       ?ReloadFarInfoApi@CPluginBase@@IEAA_NXZ 000000018001011c f   ConEmuPluginBase.obj
 0001:0000f2f0       ?RunExternalProgram@CPluginBase@@QEAA_NPEA_W@Z 00000001800102f0 f   ConEmuPluginBase.obj
 0001:0000f498       ?RunExternalProgramW@CPluginBase@@SA_NPEA_W0_N@Z 0000000180010498 f   ConEmuPluginBase.obj
 0001:0000f71c       ?SendTabs@CPluginBase@@SAXH_N@Z 000000018001071c f   ConEmuPluginBase.obj
 0001:0000f8e4       ?SetRootRegKey@CPluginBase@@IEAAXPEA_W@Z 00000001800108e4 f   ConEmuPluginBase.obj
 0001:0000f98c       ?ShowConsoleInfo@CPluginBase@@QEAAXXZ 000000018001098c f   ConEmuPluginBase.obj
 0001:0000fb94       ?ShowMessage@CPluginBase@@QEAAHHH@Z 0000000180010b94 f   ConEmuPluginBase.obj
 0001:0000fc10       ?ShowMessageBox@CPluginBase@@KAHPEB_WI@Z 0000000180010c10 f   ConEmuPluginBase.obj
 0001:0000fcf4       ?ShowMessageGui@CPluginBase@@QEAAHHH@Z 0000000180010cf4 f   ConEmuPluginBase.obj
 0001:0000fd7c       ?ShowPanelsList@CPluginBase@@QEAAXXZ 0000000180010d7c f   ConEmuPluginBase.obj
 0001:0000fec8       ?ShowPluginMenu@CPluginBase@@QEAAXW4PluginCallCommands@@@Z 0000000180010ec8 f   ConEmuPluginBase.obj
 0001:000100c0       ?ShowProtocolWarning@CPluginBase@@KAXXZ 00000001800110c0 f   ConEmuPluginBase.obj
 0001:00010240       ?ShowTabsList@CPluginBase@@QEAAXXZ 0000000180011240 f   ConEmuPluginBase.obj
 0001:000104d8       ?StartDebugger@CPluginBase@@QEAA_NXZ 00000001800114d8 f   ConEmuPluginBase.obj
 0001:0001078c       ?StopThread@CPluginBase@@QEAAX_N@Z 000000018001178c f   ConEmuPluginBase.obj
 0001:00010a10       ?StorePanelDirs@CPluginBase@@QEAA_NPEB_W0@Z 0000000180011a10 f   ConEmuPluginBase.obj
 0001:00010b84       ?StringCchCatW@@YAJPEA_W_KPEB_W@Z 0000000180011b84 f i ConEmuPluginBase.obj
 0001:00010c54       ?SwitchTabCommand@CPluginBase@@QEAAXW4PluginMenuCommands@@@Z 0000000180011c54 f   ConEmuPluginBase.obj
 0001:00010cd8       ?ToOem@CPluginBase@@SAPEADPEB_W@Z 0000000180011cd8 f   ConEmuPluginBase.obj
 0001:00010d34       ?ToOem@CPluginBase@@SAXPEB_WPEAD_J@Z 0000000180011d34 f   ConEmuPluginBase.obj
 0001:00010d74       ?ToUnicode@CPluginBase@@SAPEA_WPEBD@Z 0000000180011d74 f   ConEmuPluginBase.obj
 0001:00010df4       ?UngetDummyMouseEvent@CPluginBase@@SA_N_NPEAUHookCallbackArg@@@Z 0000000180011df4 f   ConEmuPluginBase.obj
 0001:00010fa0       ?UpdateConEmuTabs@CPluginBase@@QEAA_N_N@Z 0000000180011fa0 f   ConEmuPluginBase.obj
 0001:0001122c       ?UpdatePanelDirs@CPluginBase@@QEAAXXZ 000000018001222c f   ConEmuPluginBase.obj
 0001:000113f0       ?WaitPluginActivation@CPluginBase@@SAKKPEAPEAXHK@Z 00000001800123f0 f   ConEmuPluginBase.obj
 0001:00011500       ?cmd_CloseQSearch@CPluginBase@@QEAAXXZ 0000000180012500 f   ConEmuPluginBase.obj
 0001:0001153c       ?cmd_ConSetFont@CPluginBase@@QEAAXPEAX@Z 000000018001253c f   ConEmuPluginBase.obj
 0001:00011590       ?cmd_EMenu@CPluginBase@@QEAAXPEAX@Z 0000000180012590 f   ConEmuPluginBase.obj
 0001:000116b0       ?cmd_ExternalCallback@CPluginBase@@QEAA_NPEAX@Z 00000001800126b0 f   ConEmuPluginBase.obj
 0001:00011714       ?cmd_GuiChanged@CPluginBase@@QEAAXPEAX@Z 0000000180012714 f   ConEmuPluginBase.obj
 0001:000117a0       ?cmd_LeftClickSync@CPluginBase@@QEAAXPEAX@Z 00000001800127a0 f   ConEmuPluginBase.obj
 0001:00011894       ?cmd_OpenEditorLine@CPluginBase@@QEAA_NPEAUCESERVER_REQ_FAREDITOR@@@Z 0000000180012894 f   ConEmuPluginBase.obj
 0001:00011968       ?cmd_RedrawFarCall@CPluginBase@@QEAA_NAEAPEAUCESERVER_REQ@@PEAPEAU2@@Z 0000000180012968 f   ConEmuPluginBase.obj
 0001:00011a3c       ?cmd_SetWindow@CPluginBase@@QEAA_NPEAX_N@Z 0000000180012a3c f   ConEmuPluginBase.obj
 0001:00011ac8       ?isMacroActive@CPluginBase@@QEAA_NAEAH@Z 0000000180012ac8 f   ConEmuPluginBase.obj
 0001:00011b04       ?isModalEditorViewer@CPluginBase@@QEAA_NXZ 0000000180012b04 f   ConEmuPluginBase.obj
 0001:00011b30       ?pcc_Disabled@CPluginBase@@SA_NW4PluginMenuCommands@@@Z 0000000180012b30 f   ConEmuPluginBase.obj
 0001:00011ba4       ?pcc_Selected@CPluginBase@@SA_NW4PluginMenuCommands@@@Z 0000000180012ba4 f   ConEmuPluginBase.obj
 0001:00011c00       ??0CPluginBackground@@QEAA@XZ 0000000180012c00 f   PluginBackground.obj
 0001:00011dc0       ??1CPluginBackground@@QEAA@XZ 0000000180012dc0 f   PluginBackground.obj
 0001:00011f40       ?CheckPanelFolders@CPluginBackground@@IEAAXH@Z 0000000180012f40 f   PluginBackground.obj
 0001:00012010       ?InternalOpenCreate@?$MFileMapping@UPanelViewSetMapping@@@@IEAAPEAUPanelViewSetMapping@@HHH@Z 0000000180013010 f i PluginBackground.obj
 0001:000121c4       ?IsParmChanged@CPluginBackground@@IEAA_NPEAUPaintBackgroundArg@@0@Z 00000001800131c4 f   PluginBackground.obj
 0001:0001243c       ?LoadThSet@CPluginBackground@@IEAAHH@Z 000000018001343c f   PluginBackground.obj
 0001:000126f4       ?MonitorBackground@CPluginBackground@@QEAAXXZ 00000001800136f4 f   PluginBackground.obj
 0001:0001275c       ?OnMainThreadActivated@CPluginBackground@@QEAAXHH@Z 000000018001375c f   PluginBackground.obj
 0001:0001282c       ?ReallocItems@CPluginBackground@@IEAAXH@Z 000000018001382c f   PluginBackground.obj
 0001:00012894       ?RegisterSubplugin@CPluginBackground@@QEAAHPEAURegisterBackgroundArg@@@Z 0000000180013894 f   PluginBackground.obj
 0001:00012b34       ?SetDcPanelRect@CPluginBackground@@IEAAXPEAUtagRECT@@PEAUBkPanelInfo@@PEAUPaintBackgroundArg@@@Z 0000000180013b34 f   PluginBackground.obj
 0001:00012c08       ?SetForceThLoad@CPluginBackground@@QEAAXXZ 0000000180013c08 f   PluginBackground.obj
 0001:00012c20       ?SetForceUpdate@CPluginBackground@@QEAAX_N@Z 0000000180013c20 f   PluginBackground.obj
 0001:00012c40       ?UpdateBackground@CPluginBackground@@IEAAXXZ 0000000180013c40 f   PluginBackground.obj
 0001:000134e4       ?UpdateBackground_Exec@CPluginBackground@@KAXPEAURegisterBackgroundArg@@PEAUPaintBackgroundArg@@@Z 00000001800144e4 f   PluginBackground.obj
 0001:00013528       ??$swprintf_c@$09@@YAHAEAY09_WPEB_WZZ 0000000180014528 f i PluginSrv.obj
 0001:00013554       ?DumpError@?$PipeServer@UCESERVER_REQ@@@@IEAAXPEAUPipeInst@1@PEB_WH@Z 0000000180014554 f i PluginSrv.obj
 0001:00013668       ?PipeServerRead@?$PipeServer@UCESERVER_REQ@@@@IEAAHPEAUPipeInst@1@@Z 0000000180014668 f i PluginSrv.obj
 0001:000138f8       ?PipeServerThread@?$PipeServer@UCESERVER_REQ@@@@IEAAKPEAUPipeInst@1@@Z 00000001800148f8 f i PluginSrv.obj
 0001:00013bc8       ?PipeServerWrite@?$PipeServer@UCESERVER_REQ@@@@IEAAHPEAUPipeInst@1@PEBXKPEAKH@Z 0000000180014bc8 f i PluginSrv.obj
 0001:00013cf4       ?PlugServerCommand@@YAHPEAXPEAUCESERVER_REQ@@AEAPEAU1@AEAK3_J@Z 0000000180014cf4 f   PluginSrv.obj
 0001:0001423c       ?PlugServerFree@@YAXPEAUCESERVER_REQ@@_J@Z 000000018001523c f   PluginSrv.obj
 0001:00014254       ?PlugServerStart@@YA_NXZ   0000000180015254 f   PluginSrv.obj
 0001:00014368       ?PlugServerStop@@YAX_N@Z   0000000180015368 f   PluginSrv.obj
 0001:000143b0       ?StartPipeInstance@?$PipeServer@UCESERVER_REQ@@@@IEAA_NPEAUPipeInst@1@@Z 00000001800153b0 f i PluginSrv.obj
 0001:0001453c       ?StartPipeServer@?$PipeServer@UCESERVER_REQ@@@@QEAA_N_NPEB_W_JPEAU_SECURITY_ATTRIBUTES@@P6AHPEAXPEAUCESERVER_REQ@@AEAPEAU3@AEAK72@ZP6AX52@ZP6AH42@ZP6AH42@ZP6AH42@Z@Z 000000018001553c f i PluginSrv.obj
 0001:000146c8       ?StopPipeServer@?$PipeServer@UCESERVER_REQ@@@@QEAAX_NAEA_N@Z 00000001800156c8 f i PluginSrv.obj
 0001:00014a18       ?TerminatePipeThread@?$PipeServer@UCESERVER_REQ@@@@KAXAEAPEAXAEBUPipeInst@1@AEA_N@Z 0000000180015a18 f i PluginSrv.obj
 0001:00014a84       ?WaitForClient@?$PipeServer@UCESERVER_REQ@@@@IEAA_NPEAUPipeInst@1@AEAH1@Z 0000000180015a84 f i PluginSrv.obj
 0001:00014d9c       ?WaitOverlapped@?$PipeServer@UCESERVER_REQ@@@@IEAAHPEAUPipeInst@1@PEAK@Z 0000000180015d9c f i PluginSrv.obj
 0001:00014f70       ?WriteDummyAnswer@?$PipeServer@UCESERVER_REQ@@@@IEAAHPEAUPipeInst@1@@Z 0000000180015f70 f i PluginSrv.obj
 0001:00014ff0       ?_PipeServerThread@?$PipeServer@UCESERVER_REQ@@@@KAKPEAX@Z 0000000180015ff0 f i PluginSrv.obj
 0001:0001504c       ?cmd_FarSetChanged@@YAXPEAUFAR_REQ_FARSETCHANGED@@@Z 000000018001604c f   PluginSrv.obj
 0001:000150a6       GetFileVersionInfoSizeW    00000001800160a6 f   version:VERSION.dll
 0001:000150ac       GetFileVersionInfoW        00000001800160ac f   version:VERSION.dll
 0001:000150b2       VerQueryValueW             00000001800160b2 f   version:VERSION.dll
 0001:000150b8       CreateToolhelp32Snapshot   00000001800160b8 f   kernel32:KERNEL32.dll
 0001:000150be       Thread32First              00000001800160be f   kernel32:KERNEL32.dll
 0001:000150c4       Thread32Next               00000001800160c4 f   kernel32:KERNEL32.dll
 0001:000150ca       Module32FirstW             00000001800160ca f   kernel32:KERNEL32.dll
 0001:000150d0       Module32NextW              00000001800160d0 f   kernel32:KERNEL32.dll
 0001:000150d8       ??2@YAPEAX_K@Z             00000001800160d8 f   common-kernel64:Memory.obj
 0001:0001510c       ??3@YAXPEAX@Z              000000018001610c f   common-kernel64:Memory.obj
 0001:0001510c       ?xf_free@@YAXPEAX@Z        000000018001610c f   common-kernel64:Memory.obj
 0001:0001510c       ??_V@YAXPEAX@Z             000000018001610c f   common-kernel64:Memory.obj
 0001:00015134       ??_U@YAPEAX_K@Z            0000000180016134 f   common-kernel64:Memory.obj
 0001:00015134       ?xf_malloc@@YAPEAX_K@Z     0000000180016134 f   common-kernel64:Memory.obj
 0001:00015148       ?HeapDeinitialize@@YAXXZ   0000000180016148 f   common-kernel64:Memory.obj
 0001:0001516c       ?HeapInitialize@@YA_NXZ    000000018001616c f   common-kernel64:Memory.obj
 0001:000151a0       ?xf_calloc@@YAPEAX_K0@Z    00000001800161a0 f   common-kernel64:Memory.obj
 0001:000151bc       ?xf_realloc@@YAPEAXPEAX_K@Z 00000001800161bc f   common-kernel64:Memory.obj
 0001:000151f0       ?ExecuteCmd@@YAPEAUCESERVER_REQ@@PEB_WPEAU1@KPEAUHWND__@@HKH@Z 00000001800161f0 f   common-kernel64:ConEmuCheck.obj
 0001:000153d8       ?ExecuteFreeResult@@YAXAEAPEAUCESERVER_REQ@@@Z 00000001800163d8 f   common-kernel64:ConEmuCheck.obj
 0001:000153f8       ?ExecuteGuiCmd@@YAPEAUCESERVER_REQ@@PEAUHWND__@@PEAU1@0H@Z 00000001800163f8 f   common-kernel64:ConEmuCheck.obj
 0001:000154b8       ?ExecuteNewCmd@@YAPEAUCESERVER_REQ@@K_K@Z 00000001800164b8 f   common-kernel64:ConEmuCheck.obj
 0001:0001551c       ?ExecuteNewCmd@@YA_NAEAPEAUCESERVER_REQ@@AEAKK_K@Z 000000018001651c f   common-kernel64:ConEmuCheck.obj
 0001:000155b4       ?ExecuteOpenPipe@@YAPEAXPEB_WAEAY0CAI@_W0KKHPEAXH@Z 00000001800165b4 f   common-kernel64:ConEmuCheck.obj
 0001:00015764       ?ExecutePrepareCmd@@YAXPEAUCESERVER_REQ@@K_K@Z 0000000180016764 f   common-kernel64:ConEmuCheck.obj
 0001:000157a0       ?ExecutePrepareCmd@@YAXPEAUCESERVER_REQ_HDR@@K_K@Z 00000001800167a0 f   common-kernel64:ConEmuCheck.obj
 0001:00015810       ?ExecuteSrvCmd@@YAPEAUCESERVER_REQ@@KPEAU1@PEAUHWND__@@HKH@Z 0000000180016810 f   common-kernel64:ConEmuCheck.obj
 0001:000158e4       ?GetConEmuHWND@@YAPEAUHWND__@@H@Z 00000001800168e4 f   common-kernel64:ConEmuCheck.obj
 0001:00015a28       ?GuiMessageBox@@YAHPEAUHWND__@@PEB_W1H@Z 0000000180016a28 f   common-kernel64:ConEmuCheck.obj
 0001:00015b98       ?InternalOpenCreate@?$MFileMapping@UConEmuGuiMapping@@@@IEAAPEAUConEmuGuiMapping@@HHH@Z 0000000180016b98 f i common-kernel64:ConEmuCheck.obj
 0001:00015d4c       ?LoadSrvMapping@@YAHPEAUHWND__@@AEAUCESERVER_CONSOLE_MAPPING_HDR@@@Z 0000000180016d4c f   common-kernel64:ConEmuCheck.obj
 0001:00015e9c       ?ModuleName@@YAPEB_WPEB_W@Z 0000000180016e9c f   common-kernel64:ConEmuCheck.obj
 0001:00015f60       ?isConsoleClass@@YA_NPEB_W@Z 0000000180016f60 f   common-kernel64:ConEmuCheck.obj
 0001:00015fb0       ?isConsoleWindow@@YA_NPEAUHWND__@@@Z 0000000180016fb0 f   common-kernel64:ConEmuCheck.obj
 0001:000160a0       ?myGetConsoleWindow@@YAPEAUHWND__@@XZ 00000001800170a0 f   common-kernel64:ConEmuCheck.obj
 0001:0001613c       ?StringCchVPrintfA@@YAJPEAD_KPEBD0@Z 000000018001713c f i common-kernel64:MStrSafe.obj
 0001:000161e4       ?lstrcmpni@@YAHPEB_W0H@Z   00000001800171e4 f   common-kernel64:MStrSafe.obj
 0001:000162f4       ?msprintf@@YAPEB_WPEA_W_KPEB_WZZ 00000001800172f4 f   common-kernel64:MStrSafe.obj
 0001:00016710       ?sprintf_c@@YAHPEAD_JPEBDZZ 0000000180017710 f   common-kernel64:MStrSafe.obj
 0001:00016750       ?swprintf_c@@YAHPEA_W_JPEB_WZZ 0000000180017750 f   common-kernel64:MStrSafe.obj
 0001:00016790       ?IsFilePath@@YA_NPEB_W_N@Z 0000000180017790 f   common-kernel64:CmdLine.obj
 0001:000168e0       ?PointToExt@@YAPEB_WPEB_W@Z 00000001800178e0 f   common-kernel64:CmdLine.obj
 0001:00016904       ?PointToName@@YAPEB_WPEB_W@Z 0000000180017904 f   common-kernel64:CmdLine.obj
 0001:00016960       ?Unquote@@YAPEB_WPEA_W_N@Z 0000000180017960 f   common-kernel64:CmdLine.obj
 0001:000169c8       ??$sprintf_c@$0CI@@@YAHAEAY0CI@DPEBDZZ 00000001800179c8 f i common-kernel64:WThreads.obj
 0001:000169f4       ?SetThreadName@@YAXKPEAD@Z 00000001800179f4 f   common-kernel64:WThreads.obj
 0001:00016a2c       ?apiCreateThread@@YAPEAXP6AKPEAX@Z0PEAKPEBDH@Z 0000000180017a2c f   common-kernel64:WThreads.obj
 0001:00016b80       ?apiTerminateThreadEx@@YAHPEAXKPEBDH@Z 0000000180017b80 f   common-kernel64:WThreads.obj
 0001:00016c88       ?apiThreadHelper@@YAKPEAX@Z 0000000180017c88 f   common-kernel64:WThreads.obj
 0001:00016e94       ?lstrdup@@YAPEA_WPEB_W_K@Z 0000000180017e94 f   common-kernel64:MStrDup.obj
 0001:00016f08       ?lstrmerge@@YAPEA_WPEB_W00000000@Z 0000000180017f08 f   common-kernel64:MStrDup.obj
 0001:0001704c       ?lstrmerge@@YA_NPEAPEA_WPEB_W1111111@Z 000000018001804c f   common-kernel64:MStrDup.obj
 0001:000170c4       ?ExpandEnvStr@@YAPEA_WPEB_W@Z 00000001800180c4 f   common-kernel64:WObjects.obj
 0001:0001716c       ?FileExists@@YA_NPEB_WPEAK@Z 000000018001816c f   common-kernel64:WObjects.obj
 0001:000172f8       ?GetEnvVar@@YAPEA_WPEB_W@Z 00000001800182f8 f   common-kernel64:WObjects.obj
 0001:0001739c       ?IsWin6@@YA_NXZ            000000018001839c f   common-kernel64:WObjects.obj
 0001:000173d0       ?IsWinVerOrHigher@@YA_NG@Z 00000001800183d0 f   common-kernel64:WObjects.obj
 0001:00017464       ?IsWindows64@@YA_NXZ       0000000180018464 f   common-kernel64:WObjects.obj
 0001:00017488       ?StringCchCopyNW@@YAJPEA_W_KPEB_W1@Z 0000000180018488 f i common-kernel64:WObjects.obj
 0001:00017510       ?_VerifyVersionInfo@@YA_NPEAU_OSVERSIONINFOEXW@@K_K@Z 0000000180018510 f   common-kernel64:WObjects.obj
 0001:000175c0       ?CommonShutdown@@YAXXZ     00000001800185c0 f   common-kernel64:Common.obj
 0001:000175d0       ?IsEnvBlockVariableValid@@YA_NPEB_WAEAPEB_W@Z 00000001800185d0 f   common-kernel64:Common.obj
 0001:0001763c       ?SetCommand@CESERVER_REQ_NEWCMD@@QEAAXPEB_W@Z 000000018001863c f   common-kernel64:Common.obj
 0001:000176a4       ?SetEnvStrings@CESERVER_REQ_NEWCMD@@QEAAXPEB_WK@Z 00000001800186a4 f   common-kernel64:Common.obj
 0001:000177bc       ??_GMNullDesc@@QEAAPEAXI@Z 00000001800187bc f i common-kernel64:MSecurity.obj
 0001:00017834       ?LoadAdvApi@MNullDesc@@IEAAHXZ 0000000180018834 f i common-kernel64:MSecurity.obj
 0001:000179e8       ?LocalSecurity@@YAPEAU_SECURITY_ATTRIBUTES@@XZ 00000001800189e8 f   common-kernel64:MSecurity.obj
 0001:00017a44       ?LocalSecurity@MNullDesc@@QEAAPEAU_SECURITY_ATTRIBUTES@@XZ 0000000180018a44 f i common-kernel64:MSecurity.obj
 0001:00017bc0       ?ShutdownSecurity@@YAXXZ   0000000180018bc0 f   common-kernel64:MSecurity.obj
 0001:00017be8       ??0CEStr@@QEAA@$$QEAPEA_W@Z 0000000180018be8 f   common-kernel64:CEStr.obj
 0001:00017c68       ??0CEStr@@QEAA@PEB_W00000000@Z 0000000180018c68 f   common-kernel64:CEStr.obj
 0001:00017d58       ??0CEStr@@QEAA@XZ          0000000180018d58 f   common-kernel64:CEStr.obj
 0001:00017dc0       ??1CEStr@@QEAA@XZ          0000000180018dc0 f   common-kernel64:CEStr.obj
 0001:00017e0c       ??BCEStr@@QEBAPEB_WXZ      0000000180018e0c f   common-kernel64:CEStr.obj
 0001:00017e10       ?AttachInt@CEStr@@AEAAPEB_WAEAPEA_W@Z 0000000180018e10 f   common-kernel64:CEStr.obj
 0001:00017e9c       ?Empty@CEStr@@QEAAXXZ      0000000180018e9c f   common-kernel64:CEStr.obj
 0001:00017ebc       ?GetBuffer@CEStr@@QEAAPEA_W_J@Z 0000000180018ebc f   common-kernel64:CEStr.obj
 0001:00017f74       ?GetLen@CEStr@@QEBA_JXZ    0000000180018f74 f   common-kernel64:CEStr.obj
 0001:00017f98       ?GetMaxCount@CEStr@@QEAA_JXZ 0000000180018f98 f   common-kernel64:CEStr.obj
 0001:00017fc4       ?SavePathVar@CEStr@@QEAAXPEB_W@Z 0000000180018fc4 f   common-kernel64:CEStr.obj
 0001:00017ffc       ?Set@CEStr@@QEAAPEB_WPEB_W_J@Z 0000000180018ffc f   common-kernel64:CEStr.obj
 0001:000180e8       ?Init@HkFunc@@QEAA_NPEB_WPEAUHINSTANCE__@@@Z 00000001800190e8 f   common-kernel64:HkFunc.obj
 0001:00018178       ?isConEmuHk@HkFunc@@QEAA_NXZ 0000000180019178 f   common-kernel64:HkFunc.obj
 0001:00018180       ??1?$MToolHelp@UtagPROCESSENTRY32W@@$1?Process32FirstW@@YAHPEAXPEAU1@@Z$1?Process32NextW@@YAH01@Z@@UEAA@XZ 0000000180019180 f i common-kernel64:MProcess.obj
 0001:00018218       ??_GMToolHelpProcess@@UEAAPEAXI@Z 0000000180019218 f i common-kernel64:MProcess.obj
 0001:00018218       ??_EMToolHelpProcess@@UEAAPEAXI@Z 0000000180019218 f i common-kernel64:MProcess.obj
 0001:00018218       ??_G?$MToolHelp@UtagPROCESSENTRY32W@@$1?Process32FirstW@@YAHPEAXPEAU1@@Z$1?Process32NextW@@YAH01@Z@@UEAAPEAXI@Z 0000000180019218 f i common-kernel64:MProcess.obj
 0001:00018218       ??_E?$MToolHelp@UtagPROCESSENTRY32W@@$1?Process32FirstW@@YAHPEAXPEAU1@@Z$1?Process32NextW@@YAH01@Z@@UEAAPEAXI@Z 0000000180019218 f i common-kernel64:MProcess.obj
 0001:0001824c       ?Filter@?$MToolHelp@UtagPROCESSENTRY32W@@$1?Process32FirstW@@YAHPEAXPEAU1@@Z$1?Process32NextW@@YAH01@Z@@MEAA_NPEAUtagPROCESSENTRY32W@@@Z 000000018001924c f i common-kernel64:MProcess.obj
 0001:0001824c       __acrt_uninitialize_command_line 000000018001924c f i libucrt:argv_data.obj
 0001:00018250       ?Find@?$MToolHelp@UtagPROCESSENTRY32W@@$1?Process32FirstW@@YAHPEAXPEAU1@@Z$1?Process32NextW@@YAH01@Z@@QEAA_NP6A_NPEAUtagPROCESSENTRY32W@@_J@Z10@Z 0000000180019250 f i common-kernel64:MProcess.obj
 0001:00018330       ?Open@?$MToolHelp@UtagPROCESSENTRY32W@@$1?Process32FirstW@@YAHPEAXPEAU1@@Z$1?Process32NextW@@YAH01@Z@@QEAA_NXZ 0000000180019330 f i common-kernel64:MProcess.obj
 0001:000183bc       ?getNext@?$MToolHelp@UtagPROCESSENTRY32W@@$1?Process32FirstW@@YAHPEAXPEAU1@@Z$1?Process32NextW@@YAH01@Z@@IEAA_NXZ 00000001800193bc f i common-kernel64:MProcess.obj
 0001:0001845c       ?isTerminalMode@@YA_NXZ    000000018001945c f   common-kernel64:MProcess.obj
 0001:000185cc       ?push_back@?$MArray@UtagPROCESSENTRY32W@@@@QEAA_JAEBUtagPROCESSENTRY32W@@@Z 00000001800195cc f i common-kernel64:MProcess.obj
 0001:00018644       ??0MSection@@QEAA@XZ       0000000180019644 f   common-kernel64:MSection.obj
 0001:000186cc       ??0MSectionLock@@QEAA@XZ   00000001800196cc f   common-kernel64:MSection.obj
 0001:000186dc       ??0MSectionThread@@QEAA@PEAVMSection@@@Z 00000001800196dc f   common-kernel64:MSection.obj
 0001:000186fc       ??1MSection@@QEAA@XZ       00000001800196fc f   common-kernel64:MSection.obj
 0001:00018770       ??1MSectionLock@@QEAA@XZ   0000000180019770 f   common-kernel64:MSection.obj
 0001:00018794       ??1MSectionThread@@QEAA@XZ 0000000180019794 f   common-kernel64:MSection.obj
 0001:000187d0       ?AddRef@MSection@@IEAAXK@Z 00000001800197d0 f   common-kernel64:MSection.obj
 0001:00018864       ?Lock@MSection@@IEAAHHK@Z  0000000180019864 f   common-kernel64:MSection.obj
 0001:00018960       ?Lock@MSectionLock@@QEAAHPEAVMSection@@HK@Z 0000000180019960 f   common-kernel64:MSection.obj
 0001:000189b4       ?MyEnterCriticalSection@MSection@@IEAA_NK@Z 00000001800199b4 f   common-kernel64:MSection.obj
 0001:00018ae4       ?ReleaseRef@MSection@@IEAAHK@Z 0000000180019ae4 f   common-kernel64:MSection.obj
 0001:00018b84       ?Unlock@MSection@@IEAAXH@Z 0000000180019b84 f   common-kernel64:MSection.obj
 0001:00018bdc       ?Unlock@MSectionLock@@QEAAXXZ 0000000180019bdc f   common-kernel64:MSection.obj
 0001:00018c08       ?WaitUnlocked@MSection@@IEAAXKK@Z 0000000180019c08 f   common-kernel64:MSection.obj
 0001:00018c9c       ?CheckCallbackPtr@@YA_NPEAUHINSTANCE__@@_KPEAP6A_JXZHHH@Z 0000000180019c9c f   common-kernel64:WModuleCheck.obj
 0001:00018da8       ?IsModuleValid@@YA_NPEAUHINSTANCE__@@H@Z 0000000180019da8 f   common-kernel64:WModuleCheck.obj
 0001:00018eb4       ??0MModule@@QEAA@PEAUHINSTANCE__@@@Z 0000000180019eb4 f   common-kernel64:MModule.obj
 0001:00018ec0       ??1MModule@@QEAA@XZ        0000000180019ec0 f   common-kernel64:MModule.obj
 0001:00018ec8       ?Free@MModule@@QEAAXXZ     0000000180019ec8 f   common-kernel64:MModule.obj
 0001:00018ef8       ??0MSectionSimple@@QEAA@_N@Z 0000000180019ef8 f   common-kernel64:MSectionSimple.obj
 0001:00018f30       ?Close@MSectionSimple@@QEAAXXZ 0000000180019f30 f   common-kernel64:MSectionSimple.obj
 0001:00018f30       ??1MSectionSimple@@QEAA@XZ 0000000180019f30 f   common-kernel64:MSectionSimple.obj
 0001:00018f50       ?Enter@MSectionSimple@@QEAAXXZ 0000000180019f50 f   common-kernel64:MSectionSimple.obj
 0001:00018f58       ?Init@MSectionSimple@@QEAAXXZ 0000000180019f58 f   common-kernel64:MSectionSimple.obj
 0001:00018f78       ?Leave@MSectionSimple@@QEAAXXZ 0000000180019f78 f   common-kernel64:MSectionSimple.obj
 0001:00018f80       ?RecreateAndLock@MSectionSimple@@QEAA_NXZ 0000000180019f80 f   common-kernel64:MSectionSimple.obj
 0001:00018ff0       ?TryEnter@MSectionSimple@@QEAA_NXZ 0000000180019ff0 f   common-kernel64:MSectionSimple.obj
 0001:00019018       ??0CEnvStrings@@QEAA@PEA_W@Z 000000018001a018 f   common-user64:SetEnvVar.obj
 0001:0001908c       ??1CEnvStrings@@QEAA@XZ    000000018001a08c f   common-user64:SetEnvVar.obj
 0001:000190b0       ?SetConEmuEnvHWND@@YAXPEB_WPEAUHWND__@@@Z 000000018001a0b0 f   common-user64:SetEnvVar.obj
 0001:00019108       ?SetConEmuEnvVar@@YAXPEAUHWND__@@@Z 000000018001a108 f   common-user64:SetEnvVar.obj
 0001:0001918c       ?SetConEmuEnvVarChild@@YAXPEAUHWND__@@0@Z 000000018001a18c f   common-user64:SetEnvVar.obj
 0001:000191b8       ?FindConEmuBaseDir@@YAHAEAY0BAF@_W0PEAUHINSTANCE__@@@Z 000000018001a1b8 f   common-user64:ConEmuCheckEx.obj
 0001:00019738       ?IsConEmuExeExist@@YAHPEB_WAEAY0BAF@_W@Z 000000018001a738 f   common-user64:ConEmuCheckEx.obj
 0001:000197e0       ??$swprintf_c@$0FA@@@YAHAEAY0FA@_WPEB_WZZ 000000018001a7e0 f i common-user64:EmergencyShow.obj
 0001:0001980c       ?CorrectConsolePos@@YAXPEAUHWND__@@@Z 000000018001a80c f   common-user64:EmergencyShow.obj
 0001:0001992c       ?EmergencyShow@@YAXPEAUHWND__@@HH@Z 000000018001a92c f   common-user64:EmergencyShow.obj
 0001:00019a6c       ?EvaluateDefaultFontWidth@@YAHHPEB_W@Z 000000018001aa6c f   common-user64:EmergencyShow.obj
 0001:00019b80       ?SetUserFriendlyFont@@YAXPEAUHWND__@@HH@Z 000000018001ab80 f   common-user64:EmergencyShow.obj
 0001:00019f74       ??0MSetter@@QEAA@PEAJ@Z    000000018001af74 f   common-user64:MSetter.obj
 0001:00019f88       ??1MSetter@@QEAA@XZ        000000018001af88 f   common-user64:MSetter.obj
 0001:00019f90       ?Unlock@MSetter@@QEAAXXZ   000000018001af90 f   common-user64:MSetter.obj
 0001:00019fd4       ?IsDotsName@@YA_NPEB_W@Z   000000018001afd4 f   common-user64:WFiles.obj
 0001:00019ff8       ?SearchAppPaths@@YA_NPEB_WAEAUCEStr@@_NPEAU1@@Z 000000018001aff8 f   common-user64:WFiles.obj
 0001:0001a3f8       ?GetConsoleSizeInfo@@YAXPEAUCONSOLE_INFO@@@Z 000000018001b3f8 f   common-user64:WConsoleEx.obj
 0001:0001a484       ?SetConsoleFontSizeTo@@YAXPEAUHWND__@@HHPEB_WGG@Z 000000018001b484 f   common-user64:WConsoleEx.obj
 0001:0001a86c       ?SetConsoleInfo@@YAHPEAUHWND__@@PEAUCONSOLE_INFO@@@Z 000000018001b86c f   common-user64:WConsoleEx.obj
 0001:0001aa68       ?SetEnvVarExpanded@@YAXPEB_W0@Z 000000018001ba68 f   common-user64:WUser.obj
 0001:0001ab4c       ?UpdateComspec@@YAXPEAUConEmuComspec@@_N@Z 000000018001bb4c f   common-user64:WUser.obj
 0001:0001adf0       ?apiShowWindow@@YA_NPEAUHWND__@@H@Z 000000018001bdf0 f   common-user64:WUser.obj
 0001:0001ae04       ?apiShowWindowAsync@@YA_NPEAUHWND__@@H@Z 000000018001be04 f   common-user64:WUser.obj
 0001:0001ae18       ?FindMonitorsWorkspace@@YAHPEAUHMONITOR__@@PEAUHDC__@@PEAUtagRECT@@_J@Z 000000018001be18 f   common-user64:Monitors.obj
 0001:0001ae54       ?GetAllMonitorsWorkspace@@YA?AUtagRECT@@XZ 000000018001be54 f   common-user64:Monitors.obj
 0001:0001aeb8       __GSHandlerCheck           000000018001beb8 f   LIBCMT:_gshandler_.obj
 0001:0001aed8       __GSHandlerCheckCommon     000000018001bed8 f   LIBCMT:_gshandler_.obj
 0001:0001af50       __security_check_cookie    000000018001bf50 f   LIBCMT:_amdsecgs_.obj
 0001:0001af74       ??3@YAXPEAX_K@Z            000000018001bf74 f   LIBCMT:delete_scalar_size.obj
 0001:0001af90       _alloca_probe              000000018001bf90 f   LIBCMT:_chkstk_.obj
 0001:0001af90       __chkstk                   000000018001bf90 f   LIBCMT:_chkstk_.obj
 0001:0001afe4       ??_Etype_info@@UEAAPEAXI@Z 000000018001bfe4 f i LIBCMT:std_type_info_static.obj
 0001:0001afe4       ??_Gtype_info@@UEAAPEAXI@Z 000000018001bfe4 f i LIBCMT:std_type_info_static.obj
 0001:0001b010       __GSHandlerCheck_EH        000000018001c010 f   LIBCMT:gshandlereh.obj
 0001:0001b200       _Init_thread_footer        000000018001c200 f   LIBCMT:thread_safe_statics.obj
 0001:0001b260       _Init_thread_header        000000018001c260 f   LIBCMT:thread_safe_statics.obj
 0001:0001b2c8       _Init_thread_notify        000000018001c2c8 f   LIBCMT:thread_safe_statics.obj
 0001:0001b318       _Init_thread_wait          000000018001c318 f   LIBCMT:thread_safe_statics.obj
 0001:0001b6b0       _DllMainCRTStartup         000000018001c6b0 f   LIBCMT:dll_dllmain.obj
 0001:0001b6f0       __scrt_acquire_startup_lock 000000018001c6f0 f   LIBCMT:utility.obj
 0001:0001b72c       __scrt_dllmain_after_initialize_c 000000018001c72c f   LIBCMT:utility.obj
 0001:0001b760       __scrt_dllmain_before_initialize_c 000000018001c760 f   LIBCMT:utility.obj
 0001:0001b778       __scrt_dllmain_crt_thread_attach 000000018001c778 f   LIBCMT:utility.obj
 0001:0001b7a0       __scrt_dllmain_crt_thread_detach 000000018001c7a0 f   LIBCMT:utility.obj
 0001:0001b7b8       __scrt_dllmain_exception_filter 000000018001c7b8 f   LIBCMT:utility.obj
 0001:0001b818       __scrt_dllmain_uninitialize_c 000000018001c818 f   LIBCMT:utility.obj
 0001:0001b848       __scrt_dllmain_uninitialize_critical 000000018001c848 f   LIBCMT:utility.obj
 0001:0001b85c       __scrt_initialize_crt      000000018001c85c f   LIBCMT:utility.obj
 0001:0001b8a8       __scrt_initialize_onexit_tables 000000018001c8a8 f   LIBCMT:utility.obj
 0001:0001b984       __scrt_is_nonwritable_in_current_image 000000018001c984 f   LIBCMT:utility.obj
 0001:0001ba20       __scrt_release_startup_lock 000000018001ca20 f   LIBCMT:utility.obj
 0001:0001ba44       __scrt_uninitialize_crt    000000018001ca44 f   LIBCMT:utility.obj
 0001:0001ba70       _onexit                    000000018001ca70 f   LIBCMT:utility.obj
 0001:0001bac0       atexit                     000000018001cac0 f   LIBCMT:utility.obj
 0001:0001bad8       __raise_securityfailure    000000018001cad8 f   LIBCMT:gs_report.obj
 0001:0001bb0c       __report_gsfailure         000000018001cb0c f   LIBCMT:gs_report.obj
 0001:0001bbe0       __report_rangecheckfailure 000000018001cbe0 f   LIBCMT:gs_report.obj
 0001:0001bbf4       __report_securityfailure   000000018001cbf4 f   LIBCMT:gs_report.obj
 0001:0001bd74       __crt_debugger_hook        000000018001cd74 f   LIBCMT:utility_desktop.obj
 0001:0001bd7c       __scrt_fastfail            000000018001cd7c f   LIBCMT:utility_desktop.obj
 0001:0001bec8       __security_init_cookie     000000018001cec8 f   LIBCMT:gs_support.obj
 0001:0001bf78       ?__scrt_initialize_type_info@@YAXXZ 000000018001cf78 f   LIBCMT:tncleanup.obj
 0001:0001bf88       ?__scrt_uninitialize_type_info@@YAXXZ 000000018001cf88 f   LIBCMT:tncleanup.obj
 0001:0001bf94       __local_stdio_scanf_options 000000018001cf94 f i LIBCMT:default_local_stdio_options.obj
 0001:0001bf9c       __scrt_initialize_default_local_stdio_options 000000018001cf9c f   LIBCMT:default_local_stdio_options.obj
 0001:0001bfb8       __scrt_get_dyn_tls_init_callback 000000018001cfb8 f   LIBCMT:dyn_tls_init.obj
 0001:0001bfc0       _RTC_Initialize            000000018001cfc0 f   LIBCMT:_initsect_.obj
 0001:0001bffc       _RTC_Terminate             000000018001cffc f   LIBCMT:_initsect_.obj
 0001:0001c038       __isa_available_init       000000018001d038 f   LIBCMT:_cpu_disp_.obj
 0001:0001c1f4       __scrt_is_ucrt_dll_in_use  000000018001d1f4 f   LIBCMT:ucrt_detection.obj
 0001:0001c200       ?_ExecutionInCatch@@YAHPEAU_xDISPATCHER_CONTEXT@@PEBU_s_FuncInfo@@@Z 000000018001d200 f   libvcruntime:risctrnsctrl.obj
 0001:0001c274       ?_GetEstablisherFrame@@YAPEA_KPEA_KPEAU_xDISPATCHER_CONTEXT@@PEBU_s_FuncInfo@@0@Z 000000018001d274 f   libvcruntime:risctrnsctrl.obj
 0001:0001c340       ?_GetRangeOfTrysToCheck@@YAPEBU_s_TryBlockMapEntry@@PEA_KPEBU_s_FuncInfo@@HHPEAI2PEAU_xDISPATCHER_CONTEXT@@@Z 000000018001d340 f   libvcruntime:risctrnsctrl.obj
 0001:0001c46c       ?__FrameUnwindToEmptyState@@YAXPEA_KPEAU_xDISPATCHER_CONTEXT@@PEBU_s_FuncInfo@@@Z 000000018001d46c f   libvcruntime:risctrnsctrl.obj
 0001:0001c500       _CallSETranslator          000000018001d500 f   libvcruntime:risctrnsctrl.obj
 0001:0001c554       _CreateFrameInfo           000000018001d554 f   libvcruntime:risctrnsctrl.obj
 0001:0001c590       _FindAndUnlinkFrame        000000018001d590 f   libvcruntime:risctrnsctrl.obj
 0001:0001c5e4       _GetImageBase              000000018001d5e4 f   libvcruntime:risctrnsctrl.obj
 0001:0001c5f8       _GetThrowImageBase         000000018001d5f8 f   libvcruntime:risctrnsctrl.obj
 0001:0001c60c       _SetImageBase              000000018001d60c f   libvcruntime:risctrnsctrl.obj
 0001:0001c624       _SetThrowImageBase         000000018001d624 f   libvcruntime:risctrnsctrl.obj
 0001:0001c63c       _UnwindNestedFrames        000000018001d63c f   libvcruntime:risctrnsctrl.obj
 0001:0001c760       __CxxFrameHandler3         000000018001d760 f   libvcruntime:risctrnsctrl.obj
 0001:0001c7f0       memmove                    000000018001d7f0 f   libvcruntime:memcpy.obj
 0001:0001c7f0       memcpy                     000000018001d7f0 f   libvcruntime:memcpy.obj
 0001:0001cc38       wcschr                     000000018001dc38 f   libvcruntime:wcschr.obj
 0001:0001cccc       wcsstr                     000000018001dccc f   libvcruntime:wcsstr.obj
 0001:0001cf00       memset                     000000018001df00 f   libvcruntime:memset.obj
 0001:0001d0b0       __DestructExceptionObject  000000018001e0b0 f   libvcruntime:ehhelpers.obj
 0001:0001d124       ?_CallMemberFunction0@@YAXQEAX0@Z 000000018001e124 f i libvcruntime:ehhelpers.obj
 0001:0001d128       _IsExceptionObjectToBeDestroyed 000000018001e128 f   libvcruntime:ehhelpers.obj
 0001:0001d158       __AdjustPointer            000000018001e158 f   libvcruntime:ehhelpers.obj
 0001:0001d17c       __FrameUnwindFilter        000000018001e17c f   libvcruntime:ehhelpers.obj
 0001:0001d1c8       __std_terminate            000000018001e1c8 f   libvcruntime:ehhelpers.obj
 0001:0001d1d4       _purecall                  000000018001e1d4 f   libvcruntime:purevirt.obj
 0001:0001d204       wcsrchr                    000000018001e204 f   libvcruntime:wcsrchr.obj
 0001:0001d2d0       memcmp                     000000018001e2d0 f   libvcruntime:memcmp.obj
 0001:0001d398       strrchr                    000000018001e398 f   libvcruntime:strrchr.obj
 0001:0001d4e4       strchr                     000000018001e4e4 f   libvcruntime:strchr.obj
 0001:0001d570       __C_specific_handler       000000018001e570 f   libvcruntime:_riscchandler_.obj
 0001:0001d77c       __vcrt_initialize          000000018001e77c f   libvcruntime:initialization.obj
 0001:0001d7b0       __vcrt_thread_attach       000000018001e7b0 f   libvcruntime:initialization.obj
 0001:0001d7c4       __vcrt_thread_detach       000000018001e7c4 f   libvcruntime:initialization.obj
 0001:0001d7d8       __vcrt_uninitialize        000000018001e7d8 f   libvcruntime:initialization.obj
 0001:0001d7f8       __vcrt_uninitialize_critical 000000018001e7f8 f   libvcruntime:initialization.obj
 0001:0001d808       __std_type_info_compare    000000018001e808 f   libvcruntime:std_type_info.obj
 0001:0001d830       __std_type_info_destroy_list 000000018001e830 f   libvcruntime:std_type_info.obj
 0001:0001d85c       __vcrt_freefls             000000018001e85c f   libvcruntime:per_thread_data.obj
 0001:0001d87c       __vcrt_freeptd             000000018001e87c f   libvcruntime:per_thread_data.obj
 0001:0001d8cc       __vcrt_getptd              000000018001e8cc f   libvcruntime:per_thread_data.obj
 0001:0001d8e8       __vcrt_getptd_noexit       000000018001e8e8 f   libvcruntime:per_thread_data.obj
 0001:0001d9a0       __vcrt_initialize_ptd      000000018001e9a0 f   libvcruntime:per_thread_data.obj
 0001:0001d9f0       __vcrt_uninitialize_ptd    000000018001e9f0 f   libvcruntime:per_thread_data.obj
 0001:0001da14       ?__GetCurrentState@@YAHPEA_KPEAU_xDISPATCHER_CONTEXT@@PEBU_s_FuncInfo@@@Z 000000018001ea14 f   libvcruntime:riscehstate.obj
 0001:0001da3c       ?__GetUnwindTryBlock@@YAHPEA_KPEAU_xDISPATCHER_CONTEXT@@PEBU_s_FuncInfo@@@Z 000000018001ea3c f   libvcruntime:riscehstate.obj
 0001:0001da68       ?__SetState@@YAXPEA_KPEAU_xDISPATCHER_CONTEXT@@PEBU_s_FuncInfo@@H@Z 000000018001ea68 f   libvcruntime:riscehstate.obj
 0001:0001da74       ?__SetUnwindTryBlock@@YAXPEA_KPEAU_xDISPATCHER_CONTEXT@@PEBU_s_FuncInfo@@H@Z 000000018001ea74 f   libvcruntime:riscehstate.obj
 0001:0001dab0       ?__StateFromControlPc@@YAHPEBU_s_FuncInfo@@PEAU_xDISPATCHER_CONTEXT@@@Z 000000018001eab0 f   libvcruntime:riscehstate.obj
 0001:0001dab8       ?__StateFromIp@@YAHPEBU_s_FuncInfo@@PEAU_xDISPATCHER_CONTEXT@@_K@Z 000000018001eab8 f   libvcruntime:riscehstate.obj
 0001:0001db20       ??0bad_exception@std@@QEAA@AEBV01@@Z 000000018001eb20 f i libvcruntime:frame.obj
 0001:0001db60       ??0bad_exception@std@@QEAA@XZ 000000018001eb60 f i libvcruntime:frame.obj
 0001:0001db80       ??0exception@std@@QEAA@AEBV01@@Z 000000018001eb80 f i libvcruntime:frame.obj
 0001:0001dbb8       ??1bad_exception@std@@UEAA@XZ 000000018001ebb8 f i libvcruntime:frame.obj
 0001:0001dbcc       ??_Ebad_exception@std@@UEAAPEAXI@Z 000000018001ebcc f i libvcruntime:frame.obj
 0001:0001dbcc       ??_Gexception@std@@UEAAPEAXI@Z 000000018001ebcc f i libvcruntime:frame.obj
 0001:0001dbcc       ??_Gbad_exception@std@@UEAAPEAXI@Z 000000018001ebcc f i libvcruntime:frame.obj
 0001:0001dbcc       ??_Eexception@std@@UEAAPEAXI@Z 000000018001ebcc f i libvcruntime:frame.obj
 0001:0001e538       ?_CallMemberFunction1@@YAXQEAX00@Z 000000018001f538 f i libvcruntime:frame.obj
 0001:0001e544       ?_CallMemberFunction2@@YAXQEAX00H@Z 000000018001f544 f i libvcruntime:frame.obj
 0001:0001e554       ?what@exception@std@@UEBAPEBDXZ 000000018001f554 f i libvcruntime:frame.obj
 0001:0001e568       __BuildCatchObject         000000018001f568 f   libvcruntime:frame.obj
 0001:0001e628       __BuildCatchObjectHelper   000000018001f628 f   libvcruntime:frame.obj
 0001:0001e828       __CxxCallCatchBlock        000000018001f828 f   libvcruntime:frame.obj
 0001:0001ea14       __FrameUnwindToState       000000018001fa14 f   libvcruntime:frame.obj
 0001:0001eba8       __InternalCxxFrameHandler  000000018001fba8 f   libvcruntime:frame.obj
 0001:0001edec       __TypeMatch                000000018001fdec f   libvcruntime:frame.obj
 0001:0001ef30       __vcrt_initialize_pure_virtual_call_handler 000000018001ff30 f   libvcruntime:purevirt_data.obj
 0001:0001ef50       _local_unwind              000000018001ff50 f   libvcruntime:_jmpuwind_.obj
 0001:0001ef80       _NLG_Notify                000000018001ff80 f   libvcruntime:_jmpuwind_.obj
 0001:0001efa0       __NLG_Dispatch2            000000018001ffa0 f   libvcruntime:_jmpuwind_.obj
 0001:0001efb0       __NLG_Return2              000000018001ffb0 f   libvcruntime:_jmpuwind_.obj
 0001:0001efb4       __except_validate_context_record 000000018001ffb4 f   libvcruntime:jbcxrval.obj
 0001:0001efec       __vcrt_initialize_locks    000000018001ffec f   libvcruntime:locks.obj
 0001:0001f034       __vcrt_uninitialize_locks  0000000180020034 f   libvcruntime:locks.obj
 0001:0001f244       __vcrt_FlsAlloc            0000000180020244 f   libvcruntime:winapi_downlevel.obj
 0001:0001f28c       __vcrt_FlsFree             000000018002028c f   libvcruntime:winapi_downlevel.obj
 0001:0001f2d4       __vcrt_FlsGetValue         00000001800202d4 f   libvcruntime:winapi_downlevel.obj
 0001:0001f31c       __vcrt_FlsSetValue         000000018002031c f   libvcruntime:winapi_downlevel.obj
 0001:0001f370       __vcrt_InitializeCriticalSectionEx 0000000180020370 f   libvcruntime:winapi_downlevel.obj
 0001:0001f3d4       __vcrt_initialize_winapi_thunks 00000001800203d4 f   libvcruntime:winapi_downlevel.obj
 0001:0001f404       __vcrt_uninitialize_winapi_thunks 0000000180020404 f   libvcruntime:winapi_downlevel.obj
 0001:0001f460       _CallSettingFrame          0000000180020460 f   libvcruntime:handlers.obj
 0001:0001f4a0       __std_exception_copy       00000001800204a0 f   libvcruntime:std_exception.obj
 0001:0001f530       __std_exception_destroy    0000000180020530 f   libvcruntime:std_exception.obj
 0001:0001f558       _CxxThrowException         0000000180020558 f   libvcruntime:throw.obj
 0001:0001f618       ??$ensure_buffer_is_big_enough@D@formatting_buffer@__crt_stdio_output@@QEAA_N_K@Z 0000000180020618 f i libucrt:output.obj
 0001:0001f6c4       ??$is_wide_character_specifier@D@__crt_stdio_output@@YA_N_KDW4length_modifier@0@@Z 00000001800206c4 f i libucrt:output.obj
 0001:0001f6f4       ??$is_wide_character_specifier@_W@__crt_stdio_output@@YA_N_K_WW4length_modifier@0@@Z 00000001800206f4 f i libucrt:output.obj
 0001:0001f738       ??$type_case_integer_parse_into_buffer@I@?$output_processor@DV?$string_output_adapter@D@__crt_stdio_output@@V?$standard_base@DV?$string_output_adapter@D@__crt_stdio_output@@@2@@__crt_stdio_output@@AEAAXII_N@Z 0000000180020738 f i libucrt:output.obj
 0001:0001f738       ??$type_case_integer_parse_into_buffer@I@?$output_processor@_WV?$string_output_adapter@_W@__crt_stdio_output@@V?$standard_base@_WV?$string_output_adapter@_W@__crt_stdio_output@@@2@@__crt_stdio_output@@AEAAXII_N@Z 0000000180020738 f i libucrt:output.obj
 0001:0001f7d4       ??$type_case_integer_parse_into_buffer@_K@?$output_processor@DV?$string_output_adapter@D@__crt_stdio_output@@V?$standard_base@DV?$string_output_adapter@D@__crt_stdio_output@@@2@@__crt_stdio_output@@AEAAX_KI_N@Z 00000001800207d4 f i libucrt:output.obj
 0001:0001f7d4       ??$type_case_integer_parse_into_buffer@_K@?$output_processor@_WV?$string_output_adapter@_W@__crt_stdio_output@@V?$standard_base@_WV?$string_output_adapter@_W@__crt_stdio_output@@@2@@__crt_stdio_output@@AEAAX_KI_N@Z 00000001800207d4 f i libucrt:output.obj
 0001:0001f870       ??$write_multiple_characters@V?$string_output_adapter@D@__crt_stdio_output@@D@__crt_stdio_output@@YAXAEBV?$string_output_adapter@D@0@DHQEAH@Z 0000000180020870 f i libucrt:output.obj
 0001:0001f8cc       ??$write_multiple_characters@V?$string_output_adapter@_W@__crt_stdio_output@@D@__crt_stdio_output@@YAXAEBV?$string_output_adapter@_W@0@DHQEAH@Z 00000001800208cc f i libucrt:output.obj
 0001:0001f93c       ??0?$output_processor@DV?$string_output_adapter@D@__crt_stdio_output@@V?$standard_base@DV?$string_output_adapter@D@__crt_stdio_output@@@2@@__crt_stdio_output@@QEAA@AEBV?$string_output_adapter@D@1@_KQEBDQEAU__crt_locale_pointers@@QEAD@Z 000000018002093c f i libucrt:output.obj
 0001:0001f9b8       ??0?$output_processor@_WV?$string_output_adapter@_W@__crt_stdio_output@@V?$standard_base@_WV?$string_output_adapter@_W@__crt_stdio_output@@@2@@__crt_stdio_output@@QEAA@AEBV?$string_output_adapter@_W@1@_KQEB_WQEAU__crt_locale_pointers@@QEAD@Z 00000001800209b8 f i libucrt:output.obj
 0001:0001fa38       ??0_LocaleUpdate@@QEAA@QEAU__crt_locale_pointers@@@Z 0000000180020a38 f i libucrt:output.obj
 0001:0001fac8       ?force_decimal_point@__crt_stdio_output@@YAXPEADQEAU__crt_locale_pointers@@@Z 0000000180020ac8 f i libucrt:output.obj
 0001:0001fb38       ?parse_int_from_format_string@?$output_processor@DV?$string_output_adapter@D@__crt_stdio_output@@V?$standard_base@DV?$string_output_adapter@D@__crt_stdio_output@@@2@@__crt_stdio_output@@AEAA_NQEAH@Z 0000000180020b38 f i libucrt:output.obj
 0001:0001fbbc       ?parse_int_from_format_string@?$output_processor@_WV?$string_output_adapter@_W@__crt_stdio_output@@V?$standard_base@_WV?$string_output_adapter@_W@__crt_stdio_output@@@2@@__crt_stdio_output@@AEAA_NQEAH@Z 0000000180020bbc f i libucrt:output.obj
 0001:0001fc3c       ?process@?$output_processor@DV?$string_output_adapter@D@__crt_stdio_output@@V?$standard_base@DV?$string_output_adapter@D@__crt_stdio_output@@@2@@__crt_stdio_output@@QEAAHXZ 0000000180020c3c f i libucrt:output.obj
 0001:0001fe40       ?process@?$output_processor@_WV?$string_output_adapter@_W@__crt_stdio_output@@V?$standard_base@_WV?$string_output_adapter@_W@__crt_stdio_output@@@2@@__crt_stdio_output@@QEAAHXZ 0000000180020e40 f i libucrt:output.obj
 0001:000200bc       ?state_case_normal@?$output_processor@DV?$string_output_adapter@D@__crt_stdio_output@@V?$standard_base@DV?$string_output_adapter@D@__crt_stdio_output@@@2@@__crt_stdio_output@@AEAA_NXZ 00000001800210bc f i libucrt:output.obj
 0001:00020130       ?state_case_normal_tchar@?$output_processor@DV?$string_output_adapter@D@__crt_stdio_output@@V?$standard_base@DV?$string_output_adapter@D@__crt_stdio_output@@@2@@__crt_stdio_output@@AEAA_ND@Z 0000000180021130 f i libucrt:output.obj
 0001:000201c8       ?state_case_size@?$output_processor@DV?$string_output_adapter@D@__crt_stdio_output@@V?$standard_base@DV?$string_output_adapter@D@__crt_stdio_output@@@2@@__crt_stdio_output@@AEAA_NXZ 00000001800211c8 f i libucrt:output.obj
 0001:00020344       ?state_case_size@?$output_processor@_WV?$string_output_adapter@_W@__crt_stdio_output@@V?$standard_base@_WV?$string_output_adapter@_W@__crt_stdio_output@@@2@@__crt_stdio_output@@AEAA_NXZ 0000000180021344 f i libucrt:output.obj
 0001:000204e8       ?state_case_type@?$output_processor@DV?$string_output_adapter@D@__crt_stdio_output@@V?$standard_base@DV?$string_output_adapter@D@__crt_stdio_output@@@2@@__crt_stdio_output@@AEAA_NXZ 00000001800214e8 f i libucrt:output.obj
 0001:00020764       ?state_case_type@?$output_processor@_WV?$string_output_adapter@_W@__crt_stdio_output@@V?$standard_base@_WV?$string_output_adapter@_W@__crt_stdio_output@@@2@@__crt_stdio_output@@AEAA_NXZ 0000000180021764 f i libucrt:output.obj
 0001:00020a30       ?type_case_Z@?$output_processor@DV?$string_output_adapter@D@__crt_stdio_output@@V?$standard_base@DV?$string_output_adapter@D@__crt_stdio_output@@@2@@__crt_stdio_output@@AEAA_NXZ 0000000180021a30 f i libucrt:output.obj
 0001:00020ab0       ?type_case_Z@?$output_processor@_WV?$string_output_adapter@_W@__crt_stdio_output@@V?$standard_base@_WV?$string_output_adapter@_W@__crt_stdio_output@@@2@@__crt_stdio_output@@AEAA_NXZ 0000000180021ab0 f i libucrt:output.obj
 0001:00020b30       ?type_case_a@?$output_processor@DV?$string_output_adapter@D@__crt_stdio_output@@V?$standard_base@DV?$string_output_adapter@D@__crt_stdio_output@@@2@@__crt_stdio_output@@AEAA_NXZ 0000000180021b30 f i libucrt:output.obj
 0001:00020d4c       ?type_case_a@?$output_processor@_WV?$string_output_adapter@_W@__crt_stdio_output@@V?$standard_base@_WV?$string_output_adapter@_W@__crt_stdio_output@@@2@@__crt_stdio_output@@AEAA_NXZ 0000000180021d4c f i libucrt:output.obj
 0001:00020f90       ?type_case_c_tchar@?$output_processor@DV?$string_output_adapter@D@__crt_stdio_output@@V?$standard_base@DV?$string_output_adapter@D@__crt_stdio_output@@@2@@__crt_stdio_output@@AEAA_ND@Z 0000000180021f90 f i libucrt:output.obj
 0001:00021044       ?type_case_c_tchar@?$output_processor@_WV?$string_output_adapter@_W@__crt_stdio_output@@V?$standard_base@_WV?$string_output_adapter@_W@__crt_stdio_output@@@2@@__crt_stdio_output@@AEAA_N_W@Z 0000000180022044 f i libucrt:output.obj
 0001:000210ec       ?type_case_integer@?$output_processor@DV?$string_output_adapter@D@__crt_stdio_output@@V?$standard_base@DV?$string_output_adapter@D@__crt_stdio_output@@@2@@__crt_stdio_output@@AEAA_NI_N@Z 00000001800220ec f i libucrt:output.obj
 0001:000210ec       ?type_case_integer@?$output_processor@_WV?$string_output_adapter@_W@__crt_stdio_output@@V?$standard_base@_WV?$string_output_adapter@_W@__crt_stdio_output@@@2@@__crt_stdio_output@@AEAA_NI_N@Z 00000001800220ec f i libucrt:output.obj
[...]
 0004:00001ef0       $pdata$?construct_ptd_array@@YAXQEAU__acrt_ptd@@@Z 000000018004fef0     libucrt:per_thread_data.obj
 0004:00001efc       $pdata$?destroy_ptd_array@@YAXQEAU__acrt_ptd@@@Z 000000018004fefc     libucrt:per_thread_data.obj
 0004:00001f08       $pdata$??$?RV<lambda_72d1df2b273a38828b1ce30cbf4cdab5>@@AEAV<lambda_876a65b173b8412d3a47c70a915b0cf4>@@V<lambda_41932305e351933ebe8f8be3ed8bb5dc>@@@?$__crt_seh_guarded_call@X@@QEAAX$$QEAV<lambda_72d1df2b273a38828b1ce30cbf4cdab5>@@AEAV<lambda_876a65b173b8412d3a47c70a915b0cf4>@@$$QEAV<lambda_41932305e351933ebe8f8be3ed8bb5dc>@@@Z 000000018004ff08     libucrt:per_thread_data.obj
 0004:00001f14       $pdata$??$?RV<lambda_5e887d1dcbef67a5eb4283622ba103bf>@@AEAV<lambda_4466841279450cc726390878d4a41900>@@V<lambda_341c25c0346d94847f1f3c463c57e077>@@@?$__crt_seh_guarded_call@X@@QEAAX$$QEAV<lambda_5e887d1dcbef67a5eb4283622ba103bf>@@AEAV<lambda_4466841279450cc726390878d4a41900>@@$$QEAV<lambda_341c25c0346d94847f1f3c463c57e077>@@@Z 000000018004ff14     libucrt:per_thread_data.obj
 0004:00001f20       $pdata$??$?RV<lambda_46352004c1216016012b18bd6f87e700>@@AEAV<lambda_3bd07e1a1191394380780325891bf33f>@@V<lambda_334532d3f185bcaa59b5be82d7d22bff>@@@?$__crt_seh_guarded_call@X@@QEAAX$$QEAV<lambda_46352004c1216016012b18bd6f87e700>@@AEAV<lambda_3bd07e1a1191394380780325891bf33f>@@$$QEAV<lambda_334532d3f185bcaa59b5be82d7d22bff>@@@Z 000000018004ff20     libucrt:per_thread_data.obj
 0004:00001f2c       $pdata$??$?RV<lambda_fb3a7dec4e47f37f22dae91bb15c9095>@@AEAV<lambda_698284760c8add0bfb0756c19673e34b>@@V<lambda_dfb8eca1e75fef3034a8fb18dd509707>@@@?$__crt_seh_guarded_call@X@@QEAAX$$QEAV<lambda_fb3a7dec4e47f37f22dae91bb15c9095>@@AEAV<lambda_698284760c8add0bfb0756c19673e34b>@@$$QEAV<lambda_dfb8eca1e75fef3034a8fb18dd509707>@@@Z 000000018004ff2c     libucrt:per_thread_data.obj
 0004:00001f38       $pdata$__acrt_update_locale_info 000000018004ff38     libucrt:locale_update.obj
 0004:00001f44       $pdata$__acrt_update_multibyte_info 000000018004ff44     libucrt:locale_update.obj
 0004:00001f50       $pdata$__acrt_fp_format    000000018004ff50     libucrt:cvt.obj
 0004:00001f5c       $pdata$?fp_format_nan_or_infinity@@YAHW4__acrt_fp_class@@_NPEAD_K1@Z 000000018004ff5c     libucrt:cvt.obj
 0004:00001f68       $pdata$?fp_format_e_internal@@YAHQEAD_KH_NIQEAU_strflt@@2QEAU__crt_locale_pointers@@@Z 000000018004ff68     libucrt:cvt.obj
 0004:00001f74       $pdata$?fp_format_e@@YAHQEBNQEAD_K12H_NIQEAU__crt_locale_pointers@@@Z 000000018004ff74     libucrt:cvt.obj
 0004:00001f80       $pdata$?fp_format_a@@YAHQEBNPEAD_KQEAD2H_NIQEAU__crt_locale_pointers@@@Z 000000018004ff80     libucrt:cvt.obj
 0004:00001f8c       $pdata$?fp_format_f_internal@@YAHQEAD_KHQEAU_strflt@@_NQEAU__crt_locale_pointers@@@Z 000000018004ff8c     libucrt:cvt.obj
 0004:00001f98       $pdata$?fp_format_g@@YAHQEBNQEAD_K12H_NIQEAU__crt_locale_pointers@@@Z 000000018004ff98     libucrt:cvt.obj
 0004:00001fa4       $pdata$_fileno             000000018004ffa4     libucrt:fileno.obj
 0004:00001fb0       $pdata$__acrt_initialize_stdio 000000018004ffb0     libucrt:_file.obj
 0004:00001fbc       $pdata$__acrt_uninitialize_stdio 000000018004ffbc     libucrt:_file.obj
 0004:00001fc8       $pdata$__acrt_uninitialize_locale 000000018004ffc8     libucrt:wsetlocale.obj
 0004:00001fd4       $pdata$__acrt_uninitialize_locale$fin$0 000000018004ffd4     libucrt:wsetlocale.obj
 0004:00001fd4       $pdata$__acrt_update_thread_locale_data$fin$0 000000018004ffd4     libucrt:locale_refcounting.obj
 0004:00001fe0       $pdata$__acrt_initialize_lowio 000000018004ffe0     libucrt:ioinit.obj
 0004:00001fec       $pdata$__acrt_initialize_lowio$fin$0 000000018004ffec     libucrt:ioinit.obj
 0004:00001fec       $pdata$__acrt_lowio_ensure_fh_exists$fin$0 000000018004ffec     libucrt:osfinfo.obj
 0004:00001ff8       $pdata$__acrt_uninitialize_lowio 000000018004fff8     libucrt:ioinit.obj
 0004:00002004       $pdata$?initialize_inherited_file_handles_nolock@@YAXXZ 0000000180050004     libucrt:ioinit.obj
 0004:00002010       $pdata$?initialize_stdio_handles_nolock@@YAXXZ 0000000180050010     libucrt:ioinit.obj
 0004:0000201c       $pdata$__pctype_func       000000018005001c     libucrt:ctype.obj
 0004:00002028       $pdata$iswctype            0000000180050028     libucrt:iswctype.obj
 0004:00002034       $pdata$_isctype_l          0000000180050034     libucrt:isctype.obj
 0004:00002040       $pdata$__acrt_initialize_locks 0000000180050040     libucrt:locks.obj
 0004:0000204c       $pdata$__acrt_uninitialize_locks 000000018005004c     libucrt:locks.obj
 0004:00002058       $pdata$__acrt_FlsAlloc     0000000180050058     libucrt:winapi_thunks.obj
 0004:00002064       $pdata$__acrt_FlsFree      0000000180050064     libucrt:winapi_thunks.obj
 0004:00002070       $pdata$__acrt_FlsGetValue  0000000180050070     libucrt:winapi_thunks.obj
 0004:0000207c       $pdata$__acrt_FlsSetValue  000000018005007c     libucrt:winapi_thunks.obj
 0004:00002088       $pdata$__acrt_initialize_winapi_thunks 0000000180050088     libucrt:winapi_thunks.obj
 0004:00002094       $pdata$__acrt_uninitialize_winapi_thunks 0000000180050094     libucrt:winapi_thunks.obj
 0004:000020a0       $pdata$__acrt_InitializeCriticalSectionEx 00000001800500a0     libucrt:winapi_thunks.obj
 0004:000020ac       $pdata$__acrt_LCMapStringEx 00000001800500ac     libucrt:winapi_thunks.obj
 0004:000020b8       $pdata$__acrt_LocaleNameToLCID 00000001800500b8     libucrt:winapi_thunks.obj
 0004:000020c4       $pdata$__acrt_is_packaged_app 00000001800500c4     libucrt:winapi_thunks.obj
 0004:000020d0       $pdata$?try_get_function@@YAPEAXW4function_id@?A0x63058377@@QEBDQEBW4module_id@2@2@Z 00000001800500d0     libucrt:winapi_thunks.obj
 0004:000020dc       $pdata$_calloc_base        00000001800500dc     libucrt:calloc_base.obj
 0004:000020e8       $pdata$??$common_expand_argv_wildcards@D@@YAHQEAPEADQEAPEAPEAD@Z 00000001800500e8     libucrt:argv_wildcards.obj
 0004:000020f4       $pdata$?expand_if_necessary@?$argument_list@D@?A0xca0879c4@@AEAAHXZ 00000001800500f4     libucrt:argv_wildcards.obj
 0004:00002100       $pdata$??$copy_and_add_argument_to_buffer@D@@YAHQEBD0_KAEAV?$argument_list@D@?A0xca0879c4@@@Z 0000000180050100     libucrt:argv_wildcards.obj
 0004:0000210c       $pdata$??$expand_argument_wildcards@D@@YAHQEAD0AEAV?$argument_list@D@?A0xca0879c4@@@Z 000000018005010c     libucrt:argv_wildcards.obj
 0004:00002118       $pdata$__acrt_update_thread_multibyte_data 0000000180050118     libucrt:mbctype.obj
 0004:00002124       $pdata$__acrt_update_thread_multibyte_data$fin$0 0000000180050124     libucrt:mbctype.obj
 0004:00002130       $pdata$__acrt_initialize_multibyte 0000000180050130     libucrt:mbctype.obj
 0004:0000213c       $pdata$_setmbcp_nolock     000000018005013c     libucrt:mbctype.obj
 0004:00002148       $pdata$?getSystemCP@@YAHH@Z 0000000180050148     libucrt:mbctype.obj
 0004:00002154       $pdata$?setSBCS@@YAXPEAU__crt_multibyte_data@@@Z 0000000180050154     libucrt:mbctype.obj
 0004:00002160       $pdata$?setSBUpLow@@YAXPEAU__crt_multibyte_data@@@Z 0000000180050160     libucrt:mbctype.obj
 0004:0000216c       $pdata$?setmbcp_internal@@YAHH_N@Z 000000018005016c     libucrt:mbctype.obj
 0004:00002178       $pdata$??R<lambda_ad1ced32f4ac17aa236e5ef05d6b3b7c>@@QEBAXXZ 0000000180050178     libucrt:mbctype.obj
 0004:00002184       $pdata$??$?RV<lambda_99476a1ad63dd22509b5d3e65b0ffc95>@@AEAV<lambda_ad1ced32f4ac17aa236e5ef05d6b3b7c>@@V<lambda_f7424dd8d45958661754dc4f2697e9c3>@@@?$__crt_seh_guarded_call@X@@QEAAX$$QEAV<lambda_99476a1ad63dd22509b5d3e65b0ffc95>@@AEAV<lambda_ad1ced32f4ac17aa236e5ef05d6b3b7c>@@$$QEAV<lambda_f7424dd8d45958661754dc4f2697e9c3>@@@Z 0000000180050184     libucrt:mbctype.obj
 0004:00002190       $pdata$?x_ismbbtype_l@@YAHPEAU__crt_locale_pointers@@IHH@Z 0000000180050190     libucrt:ismbbyte.obj
 0004:0000219c       $pdata$__acrt_initialize_command_line 000000018005019c     libucrt:argv_data.obj
 0004:000021a8       $pdata$__dcrt_get_narrow_environment_from_os 00000001800501a8     libucrt:get_environment_from_os.obj
 0004:000021b4       $pdata$_recalloc_base      00000001800501b4     libucrt:recalloc.obj
 0004:000021c0       $pdata$__acrt_initialize_heap 00000001800501c0     libucrt:heap_handle.obj
 0004:000021cc       $pdata$__acrt_execute_initializers 00000001800501cc     libucrt:shared_initialization.obj
 0004:000021d8       $pdata$__acrt_execute_uninitializers 00000001800501d8     libucrt:shared_initialization.obj
 0004:000021e4       $pdata$_callnewh           00000001800501e4     libucrt:new_handler.obj
 0004:000021f0       $pdata$_query_new_handler  00000001800501f0     libucrt:new_handler.obj
 0004:000021fc       $pdata$_query_new_handler$fin$0 00000001800501fc     libucrt:new_handler.obj
 0004:00002208       $pdata$__acrt_get_sigabrt_handler 0000000180050208     libucrt:signal.obj
 0004:00002214       $pdata$raise               0000000180050214     libucrt:signal.obj
 0004:00002220       $pdata$raise$fin$0         0000000180050220     libucrt:signal.obj
 0004:0000222c       $pdata$??$?RV<lambda_c36588078e9f5dfd39652860aa6b3aaf>@@AEAV<lambda_ec61778202f4f5fc7e7711acc23c3bca>@@V<lambda_dc9d2797ccde5d239b4a0efae8ebd7db>@@@?$__crt_seh_guarded_call@P6AXH@Z@@QEAAP6AXH@Z$$QEAV<lambda_c36588078e9f5dfd39652860aa6b3aaf>@@AEAV<lambda_ec61778202f4f5fc7e7711acc23c3bca>@@$$QEAV<lambda_dc9d2797ccde5d239b4a0efae8ebd7db>@@@Z 000000018005022c     libucrt:signal.obj
 0004:00002238       $pdata$__acrt_invoke_user_matherr 0000000180050238     libucrt:matherr.obj
 0004:00002244       $pdata$_isleadbyte_l       0000000180050244     libucrt:_wctype.obj
 0004:00002250       $pdata$__acrt_LCMapStringA 0000000180050250     libucrt:lcmapstringa.obj
 0004:0000225c       $pdata$?__acrt_LCMapStringA_stat@@YAHPEAU__crt_locale_pointers@@PEB_WKPEBDHPEADHHH@Z 000000018005025c     libucrt:lcmapstringa.obj
 0004:00002268       $pdata$__acrt_release_locale_ref 0000000180050268     libucrt:locale_refcounting.obj
 0004:00002274       $pdata$__acrt_free_locale  0000000180050274     libucrt:locale_refcounting.obj
 0004:00002280       $pdata$__acrt_locale_free_lc_time_if_unreferenced 0000000180050280     libucrt:locale_refcounting.obj
 0004:0000228c       $pdata$__acrt_update_thread_locale_data 000000018005028c     libucrt:locale_refcounting.obj
 0004:00002298       $pdata$_updatetlocinfoEx_nolock 0000000180050298     libucrt:locale_refcounting.obj
 0004:000022a4       $pdata$__acrt_fp_strflt_to_string 00000001800502a4     libucrt:_fptostr.obj
 0004:000022b0       $pdata$memcpy_s            00000001800502b0     libucrt:cfout.obj
 0004:000022bc       $pdata$__acrt_fltout       00000001800502bc     libucrt:cfout.obj
 0004:000022c8       $pdata$?divide@__crt_strtox@@YA_KAEAUbig_integer@1@AEBU21@@Z 00000001800502c8     libucrt:cfout.obj
 0004:000022d4       $pdata$5$?divide@__crt_strtox@@YA_KAEAUbig_integer@1@AEBU21@@Z 00000001800502d4     libucrt:cfout.obj
 0004:000022e0       $pdata$6$?divide@__crt_strtox@@YA_KAEAUbig_integer@1@AEBU21@@Z 00000001800502e0     libucrt:cfout.obj
 0004:000022ec       $pdata$_fcloseall          00000001800502ec     libucrt:closeall.obj
 0004:000022f8       $pdata$_fcloseall$fin$0    00000001800502f8     libucrt:closeall.obj
 0004:00002304       $pdata$_fflush_nolock      0000000180050304     libucrt:fflush.obj
 0004:00002310       $pdata$__acrt_stdio_flush_nolock 0000000180050310     libucrt:fflush.obj
 0004:0000231c       $pdata$common_flush_all    000000018005031c     libucrt:fflush.obj
 0004:00002328       $pdata$common_flush_all$fin$0 0000000180050328     libucrt:fflush.obj
 0004:00002334       $pdata$common_flush_all$fin$1 0000000180050334     libucrt:fflush.obj
 0004:00002340       $pdata$__acrt_stdio_free_buffer_nolock 0000000180050340     libucrt:_freebuf.obj
 0004:0000234c       $pdata$_isatty             000000018005034c     libucrt:isatty.obj
 0004:00002358       $pdata$__acrt_locale_free_monetary 0000000180050358     libucrt:initmon.obj
 0004:00002364       $pdata$__acrt_locale_free_numeric 0000000180050364     libucrt:initnum.obj
 0004:00002370       $pdata$__acrt_locale_free_time 0000000180050370     libucrt:inittime.obj
 0004:0000237c       $pdata$?free_crt_array_internal@@YAXQEAPEBX_K@Z 000000018005037c     libucrt:inittime.obj
 0004:00002388       $pdata$__acrt_GetStringTypeA 0000000180050388     libucrt:getstringtypea.obj
 0004:00002394       $pdata$_get_osfhandle      0000000180050394     libucrt:osfinfo.obj
 0004:000023a0       $pdata$_free_osfhnd        00000001800503a0     libucrt:osfinfo.obj
 0004:000023ac       $pdata$__acrt_lowio_create_handle_array 00000001800503ac     libucrt:osfinfo.obj
 0004:000023b8       $pdata$__acrt_lowio_destroy_handle_array 00000001800503b8     libucrt:osfinfo.obj
 0004:000023c4       $pdata$__acrt_lowio_ensure_fh_exists 00000001800503c4     libucrt:osfinfo.obj
 0004:000023d0       $pdata$__acrt_DownlevelLocaleNameToLCID 00000001800503d0     libucrt:lcidtoname_downlevel.obj
 0004:000023dc       $pdata$?GetTableIndexFromLocaleName@@YAHPEB_W@Z 00000001800503dc     libucrt:lcidtoname_downlevel.obj
 0004:000023e8       $pdata$strncpy_s           00000001800503e8     libucrt:strncpy_s.obj
 0004:000023f4       $pdata$strpbrk             00000001800503f4     libucrt:strpbrk.obj
 0004:00002400       $pdata$_mbsdec_l           0000000180050400     libucrt:mbsdec.obj
 0004:0000240c       $pdata$?initialize_multibyte@@YAHXZ 000000018005040c     libucrt:multibyte_initializer.obj
 0004:00002418       $pdata$_msize              0000000180050418     libucrt:msize.obj
 0004:00002424       $pdata$_realloc_base       0000000180050424     libucrt:realloc_base.obj
 0004:00002430       $pdata$fegetenv            0000000180050430     libucrt:fegetenv.obj
 0004:0000243c       $pdata$fesetenv            000000018005043c     libucrt:fesetenv.obj
 0004:00002448       $pdata$feholdexcept        0000000180050448     libucrt:feholdexcept.obj
 0004:00002460       $pdata$_write              0000000180050460     libucrt:write.obj
 0004:0000246c       $pdata$_write$fin$0        000000018005046c     libucrt:write.obj
 0004:00002478       $pdata$_write_nolock       0000000180050478     libucrt:write.obj
 0004:00002484       $pdata$?write_double_translated_ansi_nolock@@YA?AUwrite_result@?A0x9c548279@@HQEBDI@Z 0000000180050484     libucrt:write.obj
 0004:00002490       $pdata$?write_text_ansi_nolock@@YA?AUwrite_result@?A0x9c548279@@HQEBDI@Z 0000000180050490     libucrt:write.obj
 0004:0000249c       $pdata$?write_text_utf16le_nolock@@YA?AUwrite_result@?A0x9c548279@@HQEBDI@Z 000000018005049c     libucrt:write.obj
 0004:000024a8       $pdata$?write_text_utf8_nolock@@YA?AUwrite_result@?A0x9c548279@@HQEBDI@Z 00000001800504a8     libucrt:write.obj
 0004:000024b4       $pdata$??$common_lseek_nolock@_J@@YA_JH_JH@Z 00000001800504b4     libucrt:lseek.obj
 0004:000024c0       $pdata$fclose              00000001800504c0     libucrt:fclose.obj
 0004:000024cc       $pdata$fclose$fin$0        00000001800504cc     libucrt:fclose.obj
 0004:000024d8       $pdata$_fclose_nolock      00000001800504d8     libucrt:fclose.obj
 0004:000024e4       $pdata$_commit             00000001800504e4     libucrt:commit.obj
 0004:000024f0       $pdata$??$?RV<lambda_b521505b218e5242e90febf6bfebc422>@@AEAV<lambda_6978c1fb23f02e42e1d9e99668cc68aa>@@V<lambda_314360699dd331753a4119843814e9a7>@@@?$__crt_seh_guarded_call@H@@QEAAH$$QEAV<lambda_b521505b218e5242e90febf6bfebc422>@@AEAV<lambda_6978c1fb23f02e42e1d9e99668cc68aa>@@$$QEAV<lambda_314360699dd331753a4119843814e9a7>@@@Z 00000001800504f0     libucrt:commit.obj
 0004:000024fc       $pdata$?fin$0@?0???$?RV<lambda_b521505b218e5242e90febf6bfebc422>@@AEAV<lambda_6978c1fb23f02e42e1d9e99668cc68aa>@@V<lambda_314360699dd331753a4119843814e9a7>@@@?$__crt_seh_guarded_call@H@@QEAAH$$QEAV<lambda_b521505b218e5242e90febf6bfebc422>@@AEAV<lambda_6978c1fb23f02e42e1d9e99668cc68aa>@@$$QEAV<lambda_314360699dd331753a4119843814e9a7>@@@Z@4HA 00000001800504fc     libucrt:commit.obj
 0004:000024fc       $pdata$?fin$0@?0???$?RV<lambda_bfedae4ebbf01fab1bb6dcc6a9e276e0>@@AEAV<lambda_2fe9b910cf3cbf4a0ab98a02ba45b3ec>@@V<lambda_237c231691f317818eb88cc1d5d642d6>@@@?$__crt_seh_guarded_call@H@@QEAAH$$QEAV<lambda_bfedae4ebbf01fab1bb6dcc6a9e276e0>@@AEAV<lambda_2fe9b910cf3cbf4a0ab98a02ba45b3ec>@@$$QEAV<lambda_237c231691f317818eb88cc1d5d642d6>@@@Z@4HA 00000001800504fc     libucrt:close.obj
 0004:00002508       $pdata$_setfpstatusword    0000000180050508     libucrt:_fenvutils.obj
 0004:00002514       $pdata$_getfpcontrolword   0000000180050514     libucrt:_fenvutils.obj
 0004:00002520       $pdata$_getfpstatusword    0000000180050520     libucrt:_fenvutils.obj
 0004:0000252c       $pdata$_clearfp            000000018005052c     libucrt:ieee.obj
 0004:00002538       $pdata$common_control87    0000000180050538     libucrt:ieee.obj
 0004:00002544       $pdata$common_control87$filt$0 0000000180050544     libucrt:ieee.obj
 0004:00002544       $pdata$_ctrlfp$filt$0      0000000180050544     libucrt:fpctrl.obj
 0004:00002550       $pdata$_call_matherr       0000000180050550     libucrt:libm_error.obj
 0004:0000255c       $pdata$_exception_enabled  000000018005055c     libucrt:libm_error.obj
 0004:00002568       $pdata$_handle_error       0000000180050568     libucrt:libm_error.obj
 0004:00002574       $pdata$__acrt_initialize_fma3 0000000180050574     libucrt:fma3_available.obj
 0004:00002580       $pdata$_log_special_common 0000000180050580     libucrt:log_special.obj
 0004:0000258c       $pdata$_log10_special      000000018005058c     libucrt:log_special.obj
 0004:00002598       $pdata$_putwch_nolock      0000000180050598     libucrt:putwch.obj
 0004:000025a4       $pdata$_close              00000001800505a4     libucrt:close.obj
 0004:000025b0       $pdata$_close_nolock       00000001800505b0     libucrt:close.obj
 0004:000025bc       $pdata$??$?RV<lambda_bfedae4ebbf01fab1bb6dcc6a9e276e0>@@AEAV<lambda_2fe9b910cf3cbf4a0ab98a02ba45b3ec>@@V<lambda_237c231691f317818eb88cc1d5d642d6>@@@?$__crt_seh_guarded_call@H@@QEAAH$$QEAV<lambda_bfedae4ebbf01fab1bb6dcc6a9e276e0>@@AEAV<lambda_2fe9b910cf3cbf4a0ab98a02ba45b3ec>@@$$QEAV<lambda_237c231691f317818eb88cc1d5d642d6>@@@Z 00000001800505bc     libucrt:close.obj
 0004:000025d4       $pdata$_set_errno_from_matherr 00000001800505d4     libucrt:fpexcept.obj
 0004:000025e0       $pdata$_raise_exc          00000001800505e0     libucrt:fpexcept.obj
 0004:000025ec       $pdata$_raise_exc_ex       00000001800505ec     libucrt:fpexcept.obj
 0004:000025f8       $pdata$_clrfp              00000001800505f8     libucrt:fpctrl.obj
 0004:00002604       $pdata$_ctrlfp             0000000180050604     libucrt:fpctrl.obj
 0004:00002610       $pdata$_statfp             0000000180050610     libucrt:fpctrl.obj
 0004:0000261c       $pdata$_set_statfp         000000018005061c     libucrt:fpctrl.obj
 0004:00002628       $pdata$__dcrt_lowio_initialize_console_output 0000000180050628     libucrt:initcon.obj
 0004:00002634       $pdata$__dcrt_terminate_console_output 0000000180050634     libucrt:initcon.obj
 0004:00002640       $pdata$?apiGetConsoleFontSize@@YAHPEAXAEAH1AEAY0CA@_W@Z 0000000180050640     common-kernel64:WConsole.obj
 0004:0000264c       $pdata$?apiSetConsoleFontSize@@YAHPEAXHHPEB_W@Z 000000018005064c     common-kernel64:WConsole.obj
 0004:00002658       $pdata$?apiGetCurrentConsoleFontEx@@YAHPEAXHPEAUMY_CONSOLE_FONT_INFOEX@@@Z 0000000180050658     common-kernel64:WConsole.obj
 0004:00002664       $pdata$?apiSetCurrentConsoleFontEx@@YAHPEAXHPEAUMY_CONSOLE_FONT_INFOEX@@@Z 0000000180050664     common-kernel64:WConsole.obj
 0004:00002670       $pdata$_IsNonwritableInCurrentImage 0000000180050670     LIBCMT:pesect.obj
 0004:0000267c       $pdata$_IsNonwritableInCurrentImage$filt$0 000000018005067c     LIBCMT:pesect.obj
 0005:000000a0       $R000000                   00000001800510a0     ConEmu.res
 0005:000003b0       $R000310                   00000001800513b0     ConEmu.res
