 ConEmu

 Timestamp is 5b32b0ed (Wed Jun 27 00:32:29 2018)

 Preferred load address is 10000000

 Start         Length     Name                   Class
 0001:00000000 00000010H .text$di                CODE
 0001:00000010 00027595H .text$mn                CODE
 0001:000275a5 000004bcH .text$x                 CODE
 0001:00027a61 0000000aH .text$yd                CODE
 0002:00000000 00000334H .idata$5                DATA
 0002:00000334 00000004H .00cfg                  DATA
 0002:00000338 00000004H .CRT$XCA                DATA
 0002:0000033c 00000004H .CRT$XCU                DATA
 0002:00000340 00000004H .CRT$XCZ                DATA
 0002:00000344 00000004H .CRT$XIA                DATA
 0002:00000348 00000010H .CRT$XIC                DATA
 0002:00000358 00000004H .CRT$XIZ                DATA
 0002:0000035c 00000004H .CRT$XLA                DATA
 0002:00000360 00000004H .CRT$XLZ                DATA
 0002:00000364 00000004H .CRT$XPA                DATA
 0002:00000368 00000008H .CRT$XPX                DATA
 0002:00000370 00000004H .CRT$XPXA               DATA
 0002:00000374 00000004H .CRT$XPZ                DATA
 0002:00000378 00000004H .CRT$XTA                DATA
 0002:0000037c 00000004H .CRT$XTZ                DATA
 0002:00000380 00000000H .gfids$x                DATA
 0002:00000380 00000000H .gfids$y                DATA
 0002:00000380 00009188H .rdata                  DATA
 0002:00009508 00000018H .rdata$T                DATA
 0002:00009520 000002f0H .rdata$r                DATA
 0002:00009810 0000007cH .rdata$sxdata           DATA
 0002:0000988c 000003b0H .rdata$zzzdbg           DATA
 0002:00009c3c 00000004H .rtc$IAA                DATA
 0002:00009c40 00000004H .rtc$IZZ                DATA
 0002:00009c44 00000004H .rtc$TAA                DATA
 0002:00009c48 00000004H .rtc$TZZ                DATA
 0002:00009c4c 00000004H .tls                    DATA
 0002:00009c50 00000004H .tls$                   DATA
 0002:00009c54 00000004H .tls$ZZZ                DATA
 0002:00009c58 00000988H .xdata$x                DATA
 0002:0000a5e0 000002e0H .edata                  DATA
 0002:0000a8c0 00000064H .idata$2                DATA
 0002:0000a924 00000014H .idata$3                DATA
 0002:0000a938 00000334H .idata$4                DATA
 0002:0000ac6c 00000e8eH .idata$6                DATA
 0003:00000000 00000998H .data                   DATA
 0003:00000998 00000170H .data$r                 DATA
 0003:00000b08 0000a230H .bss                    DATA
 0004:00000000 000000a0H .rsrc$01                DATA
 0004:000000a0 00000488H .rsrc$02                DATA

  Address         Publics by Value              Rva+Base       Lib:Object

 0000:00000000       ___enclave_config          00000000     <absolute>
 0000:00000000       __except_list              00000000     <absolute>
 0000:00000000       ___guard_fids_count        00000000     <absolute>
 0000:00000000       ___guard_longjmp_count     00000000     <absolute>
 0000:00000000       ___dynamic_value_reloc_table 00000000     <absolute>
 0000:00000000       ___guard_longjmp_table     00000000     <absolute>
 0000:00000000       ___hybrid_code_map         00000000     <absolute>
 0000:00000000       ___guard_iat_table         00000000     <absolute>
 0000:00000000       ___guard_iat_count         00000000     <absolute>
 0000:00000000       ___hybrid_auxiliary_iat    00000000     <absolute>
 0000:00000000       ___guard_fids_table        00000000     <absolute>
 0000:00000000       ___hybrid_code_map_count   00000000     <absolute>
 0000:0000001f       ___safe_se_handler_count   0000001f     <absolute>
 0000:0000002c       __tls_array                0000002c     <absolute>
 0000:00000100       ___guard_flags             00000100     <absolute>
 0000:00000000       ___ImageBase               10000000     <linker-defined>
 0001:00000010       ??$swprintf_c@$0EA@@@YAHAAY0EA@_WPB_WZZ 10001010 f i ConEmuInjects.obj
 0001:00000026       ??$swprintf_c@$0IA@@@YAHAAY0IA@_WPB_WZZ 10001026 f i ConEmuInjects.obj
 0001:0000003f       ??$swprintf_c@$0PP@@@YAHAAY0PP@_WPB_WZZ 1000103f f i ConEmuInjects.obj
 0001:00000058       ?ShutdownHooks@@YAXXZ      10001058 f   ConEmuInjects.obj
 0001:00000189       ?StartupConsoleHooks@@YAXXZ 10001189 f   ConEmuInjects.obj
 0001:000001f2       ?StartupHooks@@YA_NPAUHINSTANCE__@@@Z 100011f2 f   ConEmuInjects.obj
 0001:000004e4       ?StringCchCopyW@@YGJPA_WIPB_W@Z 100014e4 f i ConEmuInjects.obj
 0001:0000054e       ?StringCchVPrintfW@@YGJPA_WIPB_WPAD@Z 1000154e f i ConEmuInjects.obj
 0001:000005a5       ___local_stdio_printf_options 100015a5 f i ConEmuInjects.obj
 0001:000005ab       __vsnwprintf_l             100015ab f i ConEmuInjects.obj
 0001:000005dd       _ExitFARW@0                100015dd f   ConEmuPlugin.obj
 0001:0000061d       ?ProcessEditorEvent@@YGHHPAX@Z 1000161d f   ConEmuPlugin.obj
 0001:0000061d       _ProcessEditorEventW@8     1000161d f   ConEmuPlugin.obj
 0001:00000635       _ProcessSynchroEventW@8    10001635 f   ConEmuPlugin.obj
 0001:0000064e       ?ProcessViewerEvent@@YGHHPAX@Z 1000164e f   ConEmuPlugin.obj
 0001:0000064e       _ProcessViewerEventW@8     1000164e f   ConEmuPlugin.obj
 0001:00000666       ?ProcessSynchroEventW3@@YGHPAX@Z 10001666 f   ConEmuPlugin.obj
 0001:00000676       ?ProcessEditorEventW3@@YGHPAX@Z 10001676 f   ConEmuPlugin.obj
 0001:00000686       ?ProcessViewerEventW3@@YGHPAX@Z 10001686 f   ConEmuPlugin.obj
 0001:00000696       ?ExitFARW3@@YGXPAX@Z       10001696 f   ConEmuPlugin.obj
 0001:000006d8       ?ActivateConsole@@YGHXZ    100016d8 f   ConEmuPlugin.obj
 0001:00000884       ?ExitFAR@@YGXXZ            10001884 f   ConEmuPlugin.obj
 0001:000008c4       ?GetFarHWND2@@YGPAUHWND__@@H@Z 100018c4 f   ConEmuPlugin.obj
 0001:00000925       ?GetFarHWND@@YGPAUHWND__@@XZ 10001925 f   ConEmuPlugin.obj
 0001:0000092d       ?GetFarVersion@@YGXPAUFarVersion@@@Z 1000192d f   ConEmuPlugin.obj
 0001:00000947       ?GetMinFarVersion@@YGHXZ   10001947 f   ConEmuPlugin.obj
 0001:0000096c       ?GetPluginInfo@@YGXPAX@Z   1000196c f   ConEmuPlugin.obj
 0001:000009aa       ?GetPluginInfoW@@YGXPAX@Z  100019aa f   ConEmuPlugin.obj
 0001:000009ba       ?IsConsoleActive@@YGHXZ    100019ba f   ConEmuPlugin.obj
 0001:000009f9       ?IsTerminalMode@@YGHXZ     100019f9 f   ConEmuPlugin.obj
 0001:000009ff       ?OpenPlugin@@YGPAXHH@Z     100019ff f   ConEmuPlugin.obj
 0001:00000a1a       ?OpenW@@YGPAXPBX@Z         10001a1a f   ConEmuPlugin.obj
 0001:00000a2a       ?ProcessEditorInput@@YGHPBU_INPUT_RECORD@@@Z 10001a2a f   ConEmuPlugin.obj
 0001:00000a42       ?RegisterBackground@@YGHPAURegisterBackgroundArg@@@Z 10001a42 f   ConEmuPlugin.obj
 0001:00000ab1       ?RegisterPanelView@@YGHPAUPanelViewInit@@@Z 10001ab1 f   ConEmuPlugin.obj
 0001:00000be1       ?SetStartupInfo@@YGXPAX@Z  10001be1 f   ConEmuPlugin.obj
 0001:00000c31       ?SetupExportsFar3@@YAXXZ   10001c31 f   ConEmuPlugin.obj
 0001:00000c44       ?SyncExecute@@YGHPAUHINSTANCE__@@P6GXJ@ZJ@Z 10001c44 f   ConEmuPlugin.obj
 0001:00000c82       _DllMain@12                10001c82 f   ConEmuPlugin.obj
 0001:00000ca9       _GetMinFarVersionW@0       10001ca9 f   ConEmuPlugin.obj
 0001:00000caf       _OpenPluginW@8             10001caf f   ConEmuPlugin.obj
 0001:00000cdc       _ProcessEditorInputW@4     10001cdc f   ConEmuPlugin.obj
 0001:00000cec       _SetStartupInfoW@4         10001cec f   ConEmuPlugin.obj
 0001:00000d0e       ??0CPluginW1900@@QAE@XZ    10001d0e f   ConEmuPlugin1900.obj
 0001:00000e97       ??_ECPluginW1900@@UAEPAXI@Z 10001e97 f i ConEmuPlugin1900.obj
 0001:00000e97       ??_GCPluginW1900@@UAEPAXI@Z 10001e97 f i ConEmuPlugin1900.obj
 0001:00001214       ?CheckPanelExist@CPluginW1900@@UAE_NXZ 10002214 f   ConEmuPlugin1900.obj
 0001:00001237       ?Color2BgIndex@Far3Color@@SAXKHAAGPBK@Z 10002237 f i ConEmuPlugin1900.obj
 0001:00001312       ?Color2FgIndex@Far3Color@@SAXKAAGPBK@Z 10002312 f i ConEmuPlugin1900.obj
 0001:000013cc       ?ExecuteSynchroApi@CPluginW1900@@UAE_NXZ 100023cc f   ConEmuPlugin1900.obj
 0001:000013ef       ?ExitFar@CPluginW1900@@UAEXXZ 100023ef f   ConEmuPlugin1900.obj
 0001:00001456       ?FarColor_3_2@@YAEABUFarColor@@_N@Z 10002456 f i ConEmuPlugin1900.obj
 0001:00001501       ?GetActiveWindowType@CPluginW1900@@UAEHXZ 10002501 f   ConEmuPlugin1900.obj
 0001:0000157a       ?GetEditorModifiedState@CPluginW1900@@UAEKXZ 1000257a f   ConEmuPlugin1900.obj
 0001:000015b6       ?GetFarRect@CPluginW1900@@UAE_NAAU_SMALL_RECT@@@Z 100025b6 f   ConEmuPlugin1900.obj
 0001:00001643       ?GetMacroArea@CPluginW1900@@UAEHXZ 10002643 f   ConEmuPlugin1900.obj
 0001:00001657       ?GetMsg@CPluginW1900@@UAEPB_WHPA_WI@Z 10002657 f   ConEmuPlugin1900.obj
 0001:0000169d       ?GetPanelDir@CPluginW1900@@UAEPA_WKPA_WH@Z 1000269d f   ConEmuPlugin1900.obj
 0001:000017a2       ?GetPanelInfo@CPluginW1900@@UAE_NKPAUCEPanelInfo@@@Z 100027a2 f   ConEmuPlugin1900.obj
 0001:00001a09       ?GetPanelItemInfo@CPluginW1900@@UAE_NABUCEPanelInfo@@_NHAAU_WIN32_FIND_DATAW@@PAPA_W@Z 10002a09 f   ConEmuPlugin1900.obj
 0001:00001b63       ?GetPluginInfoPtr@CPluginW1900@@UAEXPAX@Z 10002b63 f   ConEmuPlugin1900.obj
 0001:00001bac       ?GetStdIndex@Far3Color@@SAHKPBK@Z 10002bac f i ConEmuPlugin1900.obj
 0001:00001bd1       ?GetWindowCount@CPluginW1900@@UAEHXZ 10002bd1 f   ConEmuPlugin1900.obj
 0001:00001bf2       ?GetWindowTypeName@CPluginW995@@UAEPB_WH@Z 10002bf2 f   ConEmuPlugin995.obj
 0001:00001bf2       ?GetWindowTypeName@CPluginW1900@@UAEPB_WH@Z 10002bf2 f   ConEmuPlugin1900.obj
 0001:00001bf2       ?GetWindowTypeName@CPluginAnsi@@UAEPB_WH@Z 10002bf2 f   ConEmuPluginA.obj
 0001:00001bf2       ?GetWindowTypeName@CPluginW2800@@UAEPB_WH@Z 10002bf2 f   ConEmuPlugin2800.obj
 0001:00001c49       ?GuiMacroDlg@CPluginW1900@@UAEXXZ 10002c49 f   ConEmuPlugin1900.obj
 0001:00001c4e       ?InputBox@CPluginW1900@@UAE_NPB_W000AAPA_W@Z 10002c4e f   ConEmuPlugin1900.obj
 0001:00001cd8       ?IsMacroActive@CPluginW1900@@UAE_NXZ 10002cd8 f   ConEmuPlugin1900.obj
 0001:00001d02       ?LoadFarColors@CPluginW1900@@UAEXAAY0BAA@E@Z 10002d02 f   ConEmuPlugin1900.obj
 0001:00001e59       ?LoadFarSettings@CPluginW1900@@UAEXPAUCEFarInterfaceSettings@@PAUCEFarPanelSettings@@@Z 10002e59 f   ConEmuPlugin1900.obj
 0001:00001f67       ?Open@CPluginW1900@@UAEPAXPBX@Z 10002f67 f   ConEmuPlugin1900.obj
 0001:00002033       ?OpenEditor@CPluginW1900@@UAE_NPB_W_N11HH@Z 10003033 f   ConEmuPlugin1900.obj
 0001:000020d4       ?PanelControlApi@CPluginW1900@@UAEHPAXHH0@Z 100030d4 f   ConEmuPlugin1900.obj
 0001:000020f1       ?PostMacroApi@CPluginW1900@@UAEXPB_WPAU_INPUT_RECORD@@_N@Z 100030f1 f   ConEmuPlugin1900.obj
 0001:000025d4       ?ProcessEditorEventPtr@CPluginW1900@@UAEHPAX@Z 100035d4 f   ConEmuPlugin1900.obj
 0001:000025d4       ?ProcessEditorEventPtr@CPluginW2800@@UAEHPAX@Z 100035d4 f   ConEmuPlugin2800.obj
 0001:000025e8       ?ProcessEditorInputPtr@CPluginW1900@@UAEHPBX@Z 100035e8 f   ConEmuPlugin1900.obj
 0001:00002606       ?ProcessSynchroEventPtr@CPluginW2800@@UAEHPAX@Z 10003606 f   ConEmuPlugin2800.obj
 0001:00002606       ?ProcessSynchroEventPtr@CPluginW1900@@UAEHPAX@Z 10003606 f   ConEmuPlugin1900.obj
 0001:00002622       ?ProcessViewerEventPtr@CPluginW2800@@UAEHPAX@Z 10003622 f   ConEmuPlugin2800.obj
 0001:00002622       ?ProcessViewerEventPtr@CPluginW1900@@UAEHPAX@Z 10003622 f   ConEmuPlugin1900.obj
 0001:00002636       ?RedrawAll@CPluginW1900@@UAEXXZ 10003636 f   ConEmuPlugin1900.obj
 0001:00002657       ?SetStartupInfoPtr@CPluginW1900@@UAEXPAX@Z 10003657 f   ConEmuPlugin1900.obj
 0001:00002758       ?SetWindow@CPluginW1900@@UAEXH@Z 10003758 f   ConEmuPlugin1900.obj
 0001:00002793       ?ShowMessage@CPluginW1900@@UAEHPB_WH_N@Z 10003793 f   ConEmuPlugin1900.obj
 0001:000027f8       ?ShowPluginMenu@CPluginW1900@@UAEHPAUConEmuPluginMenuItem@@HH@Z 100037f8 f   ConEmuPlugin1900.obj
 0001:00002938       ?ShowUserScreen@CPluginW1900@@UAEX_N@Z 10003938 f   ConEmuPlugin1900.obj
 0001:0000295d       ?WaitEndSynchro@CPluginAnsi@@UAEXXZ 1000395d f   ConEmuPluginA.obj
 0001:0000295d       ?ShutdownPluginStep@CPluginBase@@SAXPB_WHHHH@Z 1000395d f   ConEmuPluginBase.obj
 0001:0000295d       ?WaitEndSynchro@CPluginW1900@@UAEXXZ 1000395d f   ConEmuPlugin1900.obj
 0001:0000295d       ?StopWaitEndSynchro@CPluginW1900@@UAEXXZ 1000395d f   ConEmuPlugin1900.obj
 0001:0000295d       @_guard_check_icall_nop@4  1000395d f   LIBCMT:guard_support.obj
 0001:0000295d       ?StopWaitEndSynchro@CPluginAnsi@@UAEXXZ 1000395d f   ConEmuPluginA.obj
 0001:0000295d       ?PlugServerInit@@YAXXZ     1000395d f   PluginSrv.obj
 0001:0000295d       ?WaitEndSynchro@CPluginW2800@@UAEXXZ 1000395d f   ConEmuPlugin2800.obj
 0001:0000295d       ?StopWaitEndSynchro@CPluginW2800@@UAEXXZ 1000395d f   ConEmuPlugin2800.obj
 0001:0000295e       ?UpdateConEmuTabsApi@CPluginW1900@@UAE_NH@Z 1000395e f   ConEmuPlugin1900.obj
 0001:00002db3       ??0CPluginW2800@@QAE@XZ    10003db3 f   ConEmuPlugin2800.obj
 0001:00002f3c       ??1?$MArray@UWindowInfo@@@@QAE@XZ 10003f3c f i ConEmuPlugin2800.obj
 0001:00002f70       ??_GCPluginW2800@@UAEPAXI@Z 10003f70 f i ConEmuPlugin2800.obj
 0001:00002f70       ??_ECPluginW2800@@UAEPAXI@Z 10003f70 f i ConEmuPlugin2800.obj
 0001:00003304       ?CheckPanelExist@CPluginW2800@@UAE_NXZ 10004304 f   ConEmuPlugin2800.obj
 0001:00003327       ?ExecuteSynchroApi@CPluginW2800@@UAE_NXZ 10004327 f   ConEmuPlugin2800.obj
 0001:0000334a       ?ExitFar@CPluginW2800@@UAEXXZ 1000434a f   ConEmuPlugin2800.obj
 0001:000033c4       ?GetActiveWindowType@CPluginW2800@@UAEHXZ 100043c4 f   ConEmuPlugin2800.obj
 0001:00003443       ?GetEditorModifiedState@CPluginW2800@@UAEKXZ 10004443 f   ConEmuPlugin2800.obj
 0001:0000347f       ?GetFarRect@CPluginW2800@@UAE_NAAU_SMALL_RECT@@@Z 1000447f f   ConEmuPlugin2800.obj
 0001:0000350f       ?GetMacroArea@CPluginW2800@@UAEHXZ 1000450f f   ConEmuPlugin2800.obj
 0001:00003523       ?GetMsg@CPluginW2800@@UAEPB_WHPA_WI@Z 10004523 f   ConEmuPlugin2800.obj
 0001:00003569       ?GetPanelDir@CPluginW2800@@UAEPA_WKPA_WH@Z 10004569 f   ConEmuPlugin2800.obj
 0001:0000366e       ?GetPanelInfo@CPluginW2800@@UAE_NKPAUCEPanelInfo@@@Z 1000466e f   ConEmuPlugin2800.obj
 0001:000038d5       ?GetPanelItemInfo@CPluginW2800@@UAE_NABUCEPanelInfo@@_NHAAU_WIN32_FIND_DATAW@@PAPA_W@Z 100048d5 f   ConEmuPlugin2800.obj
 0001:00003a38       ?GetPluginInfoPtr@CPluginW2800@@UAEXPAX@Z 10004a38 f   ConEmuPlugin2800.obj
 0001:00003a81       ?GetWindowCount@CPluginW2800@@UAEHXZ 10004a81 f   ConEmuPlugin2800.obj
 0001:00003aa2       ?GuiMacroDlg@CPluginW2800@@UAEXXZ 10004aa2 f   ConEmuPlugin2800.obj
 0001:00003aa7       ?InputBox@CPluginW2800@@UAE_NPB_W000AAPA_W@Z 10004aa7 f   ConEmuPlugin2800.obj
 0001:00003b31       ?IsMacroActive@CPluginW2800@@UAE_NXZ 10004b31 f   ConEmuPlugin2800.obj
 0001:00003b5b       ?LoadFarColors@CPluginW2800@@UAEXAAY0BAA@E@Z 10004b5b f   ConEmuPlugin2800.obj
 0001:00003cb2       ?LoadFarSettings@CPluginW2800@@UAEXPAUCEFarInterfaceSettings@@PAUCEFarPanelSettings@@@Z 10004cb2 f   ConEmuPlugin2800.obj
 0001:00003dba       ?Open@CPluginW2800@@UAEPAXPBX@Z 10004dba f   ConEmuPlugin2800.obj
 0001:00003eda       ?OpenEditor@CPluginW2800@@UAE_NPB_W_N11HH@Z 10004eda f   ConEmuPlugin2800.obj
 0001:00003f7b       ?PanelControlApi@CPluginW2800@@UAEHPAXHH0@Z 10004f7b f   ConEmuPlugin2800.obj
 0001:00003f98       ?PostMacroApi@CPluginW2800@@UAEXPB_WPAU_INPUT_RECORD@@_N@Z 10004f98 f   ConEmuPlugin2800.obj
 0001:00004225       ?ProcessEditorInputPtr@CPluginW2800@@UAEHPBX@Z 10005225 f   ConEmuPlugin2800.obj
 0001:00004243       ?RedrawAll@CPluginW2800@@UAEXXZ 10005243 f   ConEmuPlugin2800.obj
 0001:00004264       ?SetStartupInfoPtr@CPluginW2800@@UAEXPAX@Z 10005264 f   ConEmuPlugin2800.obj
 0001:00004365       ?SetWindow@CPluginW2800@@UAEXH@Z 10005365 f   ConEmuPlugin2800.obj
 0001:00004433       ?ShowMessage@CPluginW2800@@UAEHPB_WH_N@Z 10005433 f   ConEmuPlugin2800.obj
 0001:00004498       ?ShowPluginMenu@CPluginW2800@@UAEHPAUConEmuPluginMenuItem@@HH@Z 10005498 f   ConEmuPlugin2800.obj
 0001:000045d8       ?ShowUserScreen@CPluginW2800@@UAEX_N@Z 100055d8 f   ConEmuPlugin2800.obj
 0001:000045fd       ?UpdateConEmuTabsApi@CPluginW2800@@UAE_NH@Z 100055fd f   ConEmuPlugin2800.obj
 0001:00004bcc       ?addsize@?$MArray@UWindowInfo@@@@QAE_NH@Z 10005bcc f i ConEmuPlugin2800.obj
 0001:00004bcc       ?addsize@?$MArray@UtagPROCESSENTRY32W@@@@QAE_NH@Z 10005bcc f i common-kernel32:MProcess.obj
 0001:00004c44       ?clear@?$MArray@UWindowInfo@@@@QAEXXZ 10005c44 f i ConEmuPlugin2800.obj
 0001:00004c44       ?clear@?$MArray@UtagPROCESSENTRY32W@@@@QAEXXZ 10005c44 f i common-kernel32:MProcess.obj
 0001:00004c64       ?erase@?$MArray@UWindowInfo@@@@QAEXH@Z 10005c64 f i ConEmuPlugin2800.obj
 0001:00004cb7       ?insert@?$MArray@UWindowInfo@@@@QAEXHABUWindowInfo@@@Z 10005cb7 f i ConEmuPlugin2800.obj
 0001:00004d32       ?push_back@?$MArray@UWindowInfo@@@@QAEHABUWindowInfo@@@Z 10005d32 f i ConEmuPlugin2800.obj
 0001:00004d84       _GetGlobalInfoW@4          10005d84 f   ConEmuPlugin2800.obj
 0001:00004e17       ??0CPluginW995@@QAE@XZ     10005e17 f   ConEmuPlugin995.obj
 0001:00004f9b       ??_GCPluginW995@@UAEPAXI@Z 10005f9b f i ConEmuPlugin995.obj
 0001:00004f9b       ??_ECPluginW995@@UAEPAXI@Z 10005f9b f i ConEmuPlugin995.obj
 0001:000052f0       ?CheckPanelExist@CPluginW995@@UAE_NXZ 100062f0 f   ConEmuPlugin995.obj
 0001:00005313       ?ExecuteSynchroApi@CPluginW995@@UAE_NXZ 10006313 f   ConEmuPlugin995.obj
 0001:00005332       ?ExitFar@CPluginW995@@UAEXXZ 10006332 f   ConEmuPlugin995.obj
 0001:00005399       ?GetActiveWindowType@CPluginW995@@UAEHXZ 10006399 f   ConEmuPlugin995.obj
 0001:00005439       ?GetEditorModifiedState@CPluginW995@@UAEKXZ 10006439 f   ConEmuPlugin995.obj
 0001:00005471       ?GetFarRect@CPluginW995@@UAE_NAAU_SMALL_RECT@@@Z 10006471 f   ConEmuPlugin995.obj
 0001:000054b4       ?GetMacroArea@CPluginW995@@UAEHXZ 100064b4 f   ConEmuPlugin995.obj
 0001:000054ec       ?GetMsg@CPluginW995@@UAEPB_WHPA_WI@Z 100064ec f   ConEmuPlugin995.obj
 0001:00005530       ?GetPanelDir@CPluginW995@@UAEPA_WKPA_WH@Z 10006530 f   ConEmuPlugin995.obj
 0001:000055fa       ?GetPanelInfo@CPluginW995@@UAE_NKPAUCEPanelInfo@@@Z 100065fa f   ConEmuPlugin995.obj
 0001:000057e4       ?GetPanelItemInfo@CPluginW995@@UAE_NABUCEPanelInfo@@_NHAAU_WIN32_FIND_DATAW@@PAPA_W@Z 100067e4 f   ConEmuPlugin995.obj
 0001:0000592f       ?GetPluginInfoPtr@CPluginW995@@UAEXPAX@Z 1000692f f   ConEmuPlugin995.obj
 0001:00005988       ?GetWindowCount@CPluginW995@@UAEHXZ 10006988 f   ConEmuPlugin995.obj
 0001:000059a5       ?GuiMacroDlg@CPluginW995@@UAEXXZ 100069a5 f   ConEmuPlugin995.obj
 0001:000059aa       ?InputBox@CPluginW995@@UAE_NPB_W000AAPA_W@Z 100069aa f   ConEmuPlugin995.obj
 0001:00005a28       ?IsMacroActive@CPluginW995@@UAE_NXZ 10006a28 f   ConEmuPlugin995.obj
 0001:00005a77       ?LoadFarColors@CPluginW995@@UAEXAAY0BAA@E@Z 10006a77 f   ConEmuPlugin995.obj
 0001:00005b2e       ?LoadFarSettings@CPluginW995@@UAEXPAUCEFarInterfaceSettings@@PAUCEFarPanelSettings@@@Z 10006b2e f   ConEmuPlugin995.obj
 0001:00005b65       ?Open@CPluginW995@@UAEPAXPBX@Z 10006b65 f i ConEmuPlugin995.obj
 0001:00005b65       ?Open@CPluginAnsi@@UAEPAXPBX@Z 10006b65 f i ConEmuPluginA.obj
 0001:00005b6e       ?OpenEditor@CPluginW995@@UAE_NPB_W_N11HH@Z 10006b6e f   ConEmuPlugin995.obj
 0001:00005c07       ?PanelControlApi@CPluginW995@@UAEHPAXHH0@Z 10006c07 f   ConEmuPlugin995.obj
 0001:00005c24       ?PostMacroApi@CPluginW995@@UAEXPB_WPAU_INPUT_RECORD@@_N@Z 10006c24 f   ConEmuPlugin995.obj
 0001:00005cc6       ?ProcessSynchroEventPtr@CPluginW995@@UAEHPAX@Z 10006cc6 f i ConEmuPlugin995.obj
 0001:00005cc6       ?ProcessViewerEventPtr@CPluginW995@@UAEHPAX@Z 10006cc6 f i ConEmuPlugin995.obj
 0001:00005cc6       ?ProcessViewerEventPtr@CPluginAnsi@@UAEHPAX@Z 10006cc6 f i ConEmuPluginA.obj
 0001:00005cc6       ?ProcessEditorEventPtr@CPluginW995@@UAEHPAX@Z 10006cc6 f i ConEmuPlugin995.obj
 0001:00005cc6       ?ProcessEditorInputPtr@CPluginAnsi@@UAEHPBX@Z 10006cc6 f i ConEmuPluginA.obj
 0001:00005cc6       ?ProcessEditorEventPtr@CPluginAnsi@@UAEHPAX@Z 10006cc6 f i ConEmuPluginA.obj
 0001:00005cc6       ?ProcessSynchroEventPtr@CPluginAnsi@@UAEHPAX@Z 10006cc6 f i ConEmuPluginA.obj
 0001:00005ccb       ?ProcessEditorInputPtr@CPluginW995@@UAEHPBX@Z 10006ccb f   ConEmuPlugin995.obj
 0001:00005ce5       ?RedrawAll@CPluginW995@@UAEXXZ 10006ce5 f   ConEmuPlugin995.obj
 0001:00005d02       ?SetStartupInfoPtr@CPluginW995@@UAEXPAX@Z 10006d02 f   ConEmuPlugin995.obj
 0001:00005df4       ?SetWindow@CPluginW995@@UAEXH@Z 10006df4 f   ConEmuPlugin995.obj
 0001:00005e28       ?ShowMessage@CPluginW995@@UAEHPB_WH_N@Z 10006e28 f   ConEmuPlugin995.obj
 0001:00005e71       ?ShowPluginMenu@CPluginW995@@UAEHPAUConEmuPluginMenuItem@@HH@Z 10006e71 f   ConEmuPlugin995.obj
 0001:00005f56       ?ShowUserScreen@CPluginW995@@UAEX_N@Z 10006f56 f   ConEmuPlugin995.obj
 0001:00005f7b       ?StopWaitEndSynchro@CPluginW995@@UAEXXZ 10006f7b f   ConEmuPlugin995.obj
 0001:00005f94       ?UpdateConEmuTabsApi@CPluginW995@@UAE_NH@Z 10006f94 f   ConEmuPlugin995.obj
 0001:000061db       ?WaitEndSynchro@CPluginW995@@UAEXXZ 100071db f   ConEmuPlugin995.obj
 0001:000062ed       ??0CPluginAnsi@@QAE@XZ     100072ed f   ConEmuPluginA.obj
 0001:00006441       ??_GCPluginAnsi@@UAEPAXI@Z 10007441 f i ConEmuPluginA.obj
 0001:00006441       ??_ECPluginAnsi@@UAEPAXI@Z 10007441 f i ConEmuPluginA.obj
 0001:000068ac       ?CheckPanelExist@CPluginAnsi@@UAE_NXZ 100078ac f   ConEmuPluginA.obj
 0001:000068d0       ?ExecuteSynchroApi@CPluginAnsi@@UAE_NXZ 100078d0 f i ConEmuPluginA.obj
 0001:000068d3       ?ExitFar@CPluginAnsi@@UAEXXZ 100078d3 f   ConEmuPluginA.obj
 0001:00006908       ?GetActiveWindowType@CPluginAnsi@@UAEHXZ 10007908 f   ConEmuPluginA.obj
 0001:00006979       ?GetEditorModifiedState@CPluginAnsi@@UAEKXZ 10007979 f   ConEmuPluginA.obj
 0001:000069b4       ?GetFarRect@CPluginAnsi@@UAE_NAAU_SMALL_RECT@@@Z 100079b4 f i ConEmuPluginA.obj
 0001:000069b9       __get_startup_argv_mode    100079b9 f   LIBCMT:argv_mode.obj
 0001:000069b9       ?GetMacroArea@CPluginAnsi@@UAEHXZ 100079b9 f   ConEmuPluginA.obj
 0001:000069bd       ?GetMsg@CPluginAnsi@@UAEPB_WHPA_WI@Z 100079bd f   ConEmuPluginA.obj
 0001:00006a2d       ?GetPanelDir@CPluginAnsi@@UAEPA_WKPA_WH@Z 10007a2d f   ConEmuPluginA.obj
 0001:00006aef       ?GetPanelInfo@CPluginAnsi@@UAE_NKPAUCEPanelInfo@@@Z 10007aef f   ConEmuPluginA.obj
 0001:00006cbf       ?GetPanelItemInfo@CPluginAnsi@@UAE_NABUCEPanelInfo@@_NHAAU_WIN32_FIND_DATAW@@PAPA_W@Z 10007cbf f   ConEmuPluginA.obj
 0001:00006dbb       ?GetPluginInfoPtr@CPluginAnsi@@UAEXPAX@Z 10007dbb f   ConEmuPluginA.obj
 0001:00006e28       ?GetWindowCount@CPluginAnsi@@UAEHXZ 10007e28 f   ConEmuPluginA.obj
 0001:00006e4b       ?GuiMacroDlg@CPluginAnsi@@UAEXXZ 10007e4b f   ConEmuPluginA.obj
 0001:00006e50       ?InputBox@CPluginAnsi@@UAE_NPB_W000AAPA_W@Z 10007e50 f   ConEmuPluginA.obj
 0001:00006f7b       ?IsMacroActive@CPluginAnsi@@UAE_NXZ 10007f7b f   ConEmuPluginA.obj
 0001:00006fd0       ?LoadFarColors@CPluginAnsi@@UAEXAAY0BAA@E@Z 10007fd0 f   ConEmuPluginA.obj
 0001:0000708d       ?LoadFarSettings@CPluginAnsi@@UAEXPAUCEFarInterfaceSettings@@PAUCEFarPanelSettings@@@Z 1000808d f   ConEmuPluginA.obj
 0001:000070d0       ?OpenEditor@CPluginAnsi@@UAE_NPB_W_N11HH@Z 100080d0 f   ConEmuPluginA.obj
 0001:000071ae       ?PanelControlApi@CPluginAnsi@@UAEHPAXHH0@Z 100081ae f   ConEmuPluginA.obj
 0001:000071d8       ?PostMacroApi@CPluginAnsi@@UAEXPB_WPAU_INPUT_RECORD@@_N@Z 100081d8 f   ConEmuPluginA.obj
 0001:00007278       ?RedrawAll@CPluginAnsi@@UAEXXZ 10008278 f   ConEmuPluginA.obj
 0001:0000729b       ?SetStartupInfoPtr@CPluginAnsi@@UAEXPAX@Z 1000829b f   ConEmuPluginA.obj
 0001:0000739c       ?SetWindow@CPluginAnsi@@UAEXH@Z 1000839c f   ConEmuPluginA.obj
 0001:000073dc       ?ShowMessage@CPluginAnsi@@UAEHPB_WH_N@Z 100083dc f   ConEmuPluginA.obj
 0001:00007466       ?ShowPluginMenu@CPluginAnsi@@UAEHPAUConEmuPluginMenuItem@@HH@Z 10008466 f   ConEmuPluginA.obj
 0001:0000758c       ?ShowUserScreen@CPluginAnsi@@UAEX_N@Z 1000858c f   ConEmuPluginA.obj
 0001:000075b2       ?UpdateConEmuTabsApi@CPluginAnsi@@UAE_NH@Z 100085b2 f   ConEmuPluginA.obj
 0001:0000781d       ??$swprintf_c@$0BAE@@@YAHAAY0BAE@_WPB_WZZ 1000881d f i ConEmuPluginBase.obj
 0001:00007836       ??$swprintf_c@$0DAM@@@YAHAAY0DAM@_WPB_WZZ 10008836 f i ConEmuPluginBase.obj
 0001:0000784f       ??$swprintf_c@$0EAA@@@YAHAAY0EAA@_WPB_WZZ 1000884f f i ConEmuPluginBase.obj
 0001:00007868       ??$swprintf_c@$0MI@@@YAHAAY0MI@_WPB_WZZ 10008868 f i ConEmuPluginBase.obj
 0001:00007881       ??0?$MFileMapping@UConEmuGuiMapping@@@@QAE@XZ 10008881 f i common-kernel32:ConEmuCheck.obj
 0001:00007881       ??0?$MFileMapping@UPanelViewSetMapping@@@@QAE@XZ 10008881 f i PluginBackground.obj
 0001:00007881       ??0?$MFileMapping@UCESERVER_CONSOLE_MAPPING_HDR@@@@QAE@XZ 10008881 f i ConEmuPluginBase.obj
 0001:000078a5       ??0CPluginBase@@QAE@XZ     100088a5 f   ConEmuPluginBase.obj
 0001:000079c3       ??0MWow64Disable@@QAE@XZ   100089c3 f i ConEmuPluginBase.obj
 0001:00007a08       ??1?$MFileMapping@UCESERVER_CONSOLE_MAPPING_HDR@@@@QAE@XZ 10008a08 f i ConEmuPluginBase.obj
 0001:00007a08       ??1?$MFileMapping@UPanelViewSetMapping@@@@QAE@XZ 10008a08 f i PluginBackground.obj
 0001:00007a08       ??1?$MFileMapping@UConEmuGuiMapping@@@@QAE@XZ 10008a08 f i common-user32:ConEmuCheckEx.obj
 0001:00007a12       ??1CPluginBase@@UAE@XZ     10008a12 f   ConEmuPluginBase.obj
 0001:00007a19       ??1MWow64Disable@@QAE@XZ   10008a19 f i ConEmuPluginBase.obj
 0001:00007a4d       ??_G?$MFileMapping@UCESERVER_CONSOLE_MAPPING_HDR@@@@QAEPAXI@Z 10008a4d f i ConEmuPluginBase.obj
 0001:00007a77       ??_ECPluginBase@@UAEPAXI@Z 10008a77 f i ConEmuPluginBase.obj
 0001:00007a77       ??_GCPluginBase@@UAEPAXI@Z 10008a77 f i ConEmuPluginBase.obj
 0001:00007a9d       ?ActivatePlugin@CPluginBase@@QAE_NKPAXK@Z 10008a9d f   ConEmuPluginBase.obj
 0001:00007c32       ?AddTab@CPluginBase@@QAE_NAAHH_N1HPB_W2HHHH@Z 10008c32 f   ConEmuPluginBase.obj
 0001:00007f13       ?AddTabFinish@CPluginBase@@QAEXH@Z 10008f13 f   ConEmuPluginBase.obj
 0001:00007f25       ?Attach2Gui@CPluginBase@@QAE_N_N@Z 10008f25 f   ConEmuPluginBase.obj
 0001:000082b5       ?BackgroundMacroError@CPluginBase@@SGKPAX@Z 100092b5 f   ConEmuPluginBase.obj
 0001:000082dc       ?CheckBufferEnabled@CPluginBase@@QAE_NXZ 100092dc f   ConEmuPluginBase.obj
 0001:00008335       ?CheckConEmuDetached@CPluginBase@@SAXXZ 10009335 f   ConEmuPluginBase.obj
 0001:000083d0       ?CheckResources@CPluginBase@@QAEX_N@Z 100093d0 f   ConEmuPluginBase.obj
 0001:00008570       ?CloseMap@?$MFileMapping@UCESERVER_CONSOLE_MAPPING_HDR@@@@QAEXXZ 10009570 f i ConEmuPluginBase.obj
 0001:00008570       ?CloseMap@?$MFileMapping@UConEmuGuiMapping@@@@QAEXXZ 10009570 f i common-kernel32:ConEmuCheck.obj
 0001:00008570       ?CloseMap@?$MFileMapping@UPanelViewSetMapping@@@@QAEXXZ 10009570 f i PluginBackground.obj
 0001:000085a3       ?ClosePtr@?$MFileMapping@UPanelViewSetMapping@@@@QAEXXZ 100095a3 f i PluginBackground.obj
 0001:000085a3       ?ClosePtr@?$MFileMapping@UConEmuGuiMapping@@@@QAEXXZ 100095a3 f i common-kernel32:ConEmuCheck.obj
 0001:000085a3       ?ClosePtr@?$MFileMapping@UCESERVER_CONSOLE_MAPPING_HDR@@@@QAEXXZ 100095a3 f i ConEmuPluginBase.obj
 0001:000085bb       ?CloseTabs@CPluginBase@@SAXXZ 100095bb f   ConEmuPluginBase.obj
 0001:00008643       ?CommonPluginStartup@CPluginBase@@QAEXXZ 10009643 f   ConEmuPluginBase.obj
 0001:0000872f       ?CreateTabs@CPluginBase@@SA_NH@Z 1000972f f   ConEmuPluginBase.obj
 0001:000087d9       ?Disable@MWow64Disable@@QAEXXZ 100097d9 f i ConEmuPluginBase.obj
 0001:000087f3       ?DllCheckUnique@CPluginBase@@KA_N_N@Z 100097f3 f   ConEmuPluginBase.obj
 0001:000089b8       ?DllMain_ProcessAttach@CPluginBase@@KAXPAUHINSTANCE__@@@Z 100099b8 f   ConEmuPluginBase.obj
 0001:00008aac       ?DllMain_ProcessDetach@CPluginBase@@KAXXZ 10009aac f   ConEmuPluginBase.obj
 0001:00008b7d       ?EditViewConsoleOutput@CPluginBase@@QAEX_N@Z 10009b7d f   ConEmuPluginBase.obj
 0001:00008c12       ?EmergencyShow@CPluginBase@@KAXXZ 10009c12 f   ConEmuPluginBase.obj
 0001:00008c5d       ?ExecuteSynchro@CPluginBase@@QAEXXZ 10009c5d f   ConEmuPluginBase.obj
 0001:00008cd3       ?ExitFarCommon@CPluginBase@@QAEX_N@Z 10009cd3 f   ConEmuPluginBase.obj
 0001:00008cf6       ?FarSetConsoleSize@CPluginBase@@SA_NFF@Z 10009cf6 f   ConEmuPluginBase.obj
 0001:00008dda       ?FillLoadedParm@CPluginBase@@SAXPAUConEmuLoadedArg@@PAUHINSTANCE__@@H@Z 10009dda f   ConEmuPluginBase.obj
 0001:00008e68       ?FillUpdateBackground@CPluginBase@@QAEXPAUPaintBackgroundArg@@@Z 10009e68 f   ConEmuPluginBase.obj
 0001:00008fa9       ?FindServerCmd@CPluginBase@@QAE_NKAAK_N@Z 10009fa9 f   ConEmuPluginBase.obj
 0001:0000908f       ?GetMainThreadId@CPluginBase@@SAKXZ 1000a08f f   ConEmuPluginBase.obj
 0001:0000911a       ?GetPanelInfo@CPluginBase@@QAE_NKPAUBkPanelInfo@@@Z 1000a11a f   ConEmuPluginBase.obj
 0001:0000919a       ?InitHWND@CPluginBase@@SAXXZ 1000a19a f   ConEmuPluginBase.obj
 0001:000093b8       ?InitName@?$MFileMapping@UCESERVER_CONSOLE_MAPPING_HDR@@@@QAEPB_WPB_WKK@Z 1000a3b8 f i ConEmuPluginBase.obj
 0001:000093b8       ?InitName@?$MFileMapping@UPanelViewSetMapping@@@@QAEPB_WPB_WKK@Z 1000a3b8 f i PluginBackground.obj
 0001:000093b8       ?InitName@?$MFileMapping@UConEmuGuiMapping@@@@QAEPB_WPB_WKK@Z 1000a3b8 f i common-kernel32:ConEmuCheck.obj
 0001:000093e9       ?InitResources@CPluginBase@@QAEXXZ 1000a3e9 f   ConEmuPluginBase.obj
 0001:000095a5       ?InitRootRegKey@CPluginBase@@IAEXXZ 1000a5a5 f   ConEmuPluginBase.obj
 0001:0000965e       ?InternalOpenCreate@?$MFileMapping@UCESERVER_CONSOLE_MAPPING_HDR@@@@IAEPAUCESERVER_CONSOLE_MAPPING_HDR@@HHH@Z 1000a65e f i ConEmuPluginBase.obj
 0001:00009778       ?IsCurrentTabModal@CPluginBase@@QAE_NXZ 1000a778 f   ConEmuPluginBase.obj
 0001:00009802       ?IsFarLua@FarVersion@@QBE_NXZ 1000a802 f i ConEmuPluginBase.obj
 0001:00009930       ?LoadFarVersion@CPluginBase@@SA_NXZ 1000a930 f   ConEmuPluginBase.obj
 0001:00009b75       ?LoadPanelTabsFromRegistry@CPluginBase@@IAEXXZ 1000ab75 f   ConEmuPluginBase.obj
 0001:00009c4b       ?MonitorThreadProcW@CPluginBase@@SGKPAX@Z 1000ac4b f   ConEmuPluginBase.obj
 0001:0000a011       ?NotifyConEmuUnloaded@CPluginBase@@SAXXZ 1000b011 f   ConEmuPluginBase.obj
 0001:0000a10c       ?OnConsoleDetaching@CPluginBase@@SGHPAUHookCallbackArg@@@Z 1000b10c f   ConEmuPluginBase.obj
 0001:0000a224       ?OnConsolePeekInput@CPluginBase@@SGHPAUHookCallbackArg@@@Z 1000b224 f   ConEmuPluginBase.obj
 0001:0000a283       ?OnConsolePeekInputPost@CPluginBase@@SGHPAUHookCallbackArg@@@Z 1000b283 f   ConEmuPluginBase.obj
 0001:0000a2b3       ?OnConsolePeekReadInput@CPluginBase@@SAX_N@Z 1000b2b3 f   ConEmuPluginBase.obj
 0001:0000a47c       ?OnConsoleReadInput@CPluginBase@@SGHPAUHookCallbackArg@@@Z 1000b47c f   ConEmuPluginBase.obj
 0001:0000a48c       ?OnConsoleReadInputPost@CPluginBase@@SGHPAUHookCallbackArg@@@Z 1000b48c f   ConEmuPluginBase.obj
 0001:0000a60e       ?OnConsoleReadInputWork@CPluginBase@@SAHPAUHookCallbackArg@@@Z 1000b60e f   ConEmuPluginBase.obj
 0001:0000a678       ?OnConsoleWasAttached@CPluginBase@@SGHPAUHookCallbackArg@@@Z 1000b678 f   ConEmuPluginBase.obj
 0001:0000a6ce       ?OnCurDirChanged@CPluginBase@@SGXXZ 1000b6ce f   ConEmuPluginBase.obj
 0001:0000a725       ?OnGetNumberOfConsoleInputEventsPost@CPluginBase@@SGHPAUHookCallbackArg@@@Z 1000b725 f   ConEmuPluginBase.obj
 0001:0000a76d       ?OnLibraryLoaded@CPluginBase@@SGXPAUHINSTANCE__@@@Z 1000b76d f   ConEmuPluginBase.obj
 0001:0000a7db       ?OnMainThreadActivated@CPluginBase@@QAEXXZ 1000b7db f   ConEmuPluginBase.obj
 0001:0000a945       ?OnPanelViewCallbacks@CPluginBase@@SA_NPAUHookCallbackArg@@P6GHPAXPAU_INPUT_RECORD@@KPAKPAH@Z5@Z 1000b945 f   ConEmuPluginBase.obj
 0001:0000a9e6       ?OnPostWriteConsoleOutput@CPluginBase@@SGHPAUHookCallbackArg@@@Z 1000b9e6 f   ConEmuPluginBase.obj
 0001:0000a9f1       ?OnShellExecuteExW_Except@CPluginBase@@SGHPAUHookCallbackArg@@@Z 1000b9f1 f   ConEmuPluginBase.obj
 0001:0000aa26       ?OnWriteConsoleOutput@CPluginBase@@SGHPAUHookCallbackArg@@@Z 1000ba26 f   ConEmuPluginBase.obj
 0001:0000aab3       ?OpenMapHeader@CPluginBase@@SAHXZ 1000bab3 f   ConEmuPluginBase.obj
 0001:0000ab80       ?OpenPluginCommon@CPluginBase@@QAEPAXHH_N@Z 1000bb80 f   ConEmuPluginBase.obj
 0001:0000adea       ?OutDataAlloc@CPluginBase@@SA_NK@Z 1000bdea f   ConEmuPluginBase.obj
 0001:0000ae39       ?OutDataRealloc@CPluginBase@@SA_NK@Z 1000be39 f   ConEmuPluginBase.obj
 0001:0000aed0       ?OutDataWrite@CPluginBase@@SA_NPAXK@Z 1000bed0 f   ConEmuPluginBase.obj
 0001:0000af4e       ?PanelControl@CPluginBase@@QAEHPAXHH0@Z 1000bf4e f   ConEmuPluginBase.obj
 0001:0000afb5       ?Plugin@@YAPAVCPluginBase@@XZ 1000bfb5 f   ConEmuPluginBase.obj
 0001:0000b08b       ?PostMacro@CPluginBase@@QAEXPB_WPAU_INPUT_RECORD@@_N@Z 1000c08b f   ConEmuPluginBase.obj
 0001:0000b0cc       ?PrintText@CPluginBase@@QAE_NPB_W@Z 1000c0cc f   ConEmuPluginBase.obj
 0001:0000b1b0       ?ProcessCommand@CPluginBase@@QAE_NKHPAXPAPAUCESERVER_REQ@@_N@Z 1000c1b0 f   ConEmuPluginBase.obj
 0001:0000b5c8       ?ProcessCommandLine@CPluginBase@@QAE_NPA_W@Z 1000c5c8 f   ConEmuPluginBase.obj
 0001:0000b601       ?ProcessDragFrom@CPluginBase@@QAEXXZ 1000c601 f   ConEmuPluginBase.obj
 0001:0000bb5d       ?ProcessDragTo@CPluginBase@@QAEXXZ 1000cb5d f   ConEmuPluginBase.obj
 0001:0000be7b       ?ProcessEditorInputInternal@CPluginBase@@QAEXABU_INPUT_RECORD@@@Z 1000ce7b f   ConEmuPluginBase.obj
 0001:0000bead       ?ProcessEditorViewerEvent@CPluginBase@@QAEHHH@Z 1000cead f   ConEmuPluginBase.obj
 0001:0000bf4a       ?ProcessSetWindowCommand@CPluginBase@@QAEXXZ 1000cf4a f   ConEmuPluginBase.obj
 0001:0000c011       ?ProcessSynchroEvent@CPluginBase@@QAEHHPAX@Z 1000d011 f   ConEmuPluginBase.obj
 0001:0000c083       ?ReloadFarInfo@CPluginBase@@QAE_N_N@Z 1000d083 f   ConEmuPluginBase.obj
 0001:0000c29c       ?ReloadFarInfoApi@CPluginBase@@IAE_NXZ 1000d29c f   ConEmuPluginBase.obj
 0001:0000c429       ?Restore@MWow64Disable@@QAEXXZ 1000d429 f i ConEmuPluginBase.obj
 0001:0000c440       ?RunExternalProgram@CPluginBase@@QAE_NPA_W@Z 1000d440 f   ConEmuPluginBase.obj
 0001:0000c57b       ?RunExternalProgramW@CPluginBase@@SA_NPA_W0_N@Z 1000d57b f   ConEmuPluginBase.obj
 0001:0000c74e       ?SendTabs@CPluginBase@@SAXH_N@Z 1000d74e f   ConEmuPluginBase.obj
 0001:0000c8d9       ?SetRootRegKey@CPluginBase@@IAEXPA_W@Z 1000d8d9 f   ConEmuPluginBase.obj
 0001:0000c963       ?ShowConsoleInfo@CPluginBase@@QAEXXZ 1000d963 f   ConEmuPluginBase.obj
 0001:0000cad5       ?ShowMessage@CPluginBase@@QAEHHH@Z 1000dad5 f   ConEmuPluginBase.obj
 0001:0000cb39       ?ShowMessageBox@CPluginBase@@KAHPB_WI@Z 1000db39 f   ConEmuPluginBase.obj
 0001:0000cbcd       ?ShowMessageGui@CPluginBase@@QAEHHH@Z 1000dbcd f   ConEmuPluginBase.obj
 0001:0000cc35       ?ShowPanelsList@CPluginBase@@QAEXXZ 1000dc35 f   ConEmuPluginBase.obj
 0001:0000cd35       ?ShowPluginMenu@CPluginBase@@QAEXW4PluginCallCommands@@@Z 1000dd35 f   ConEmuPluginBase.obj
 0001:0000ceea       ?ShowProtocolWarning@CPluginBase@@KAXXZ 1000deea f   ConEmuPluginBase.obj
 0001:0000d02a       ?ShowTabsList@CPluginBase@@QAEXXZ 1000e02a f   ConEmuPluginBase.obj
 0001:0000d24c       ?StartDebugger@CPluginBase@@QAE_NXZ 1000e24c f   ConEmuPluginBase.obj
 0001:0000d4ba       ?StopThread@CPluginBase@@QAEX_N@Z 1000e4ba f   ConEmuPluginBase.obj
 0001:0000d67d       ?StorePanelDirs@CPluginBase@@QAE_NPB_W0@Z 1000e67d f   ConEmuPluginBase.obj
 0001:0000d799       ?StringCchCatW@@YGJPA_WIPB_W@Z 1000e799 f i ConEmuPluginBase.obj
 0001:0000d8b9       ?SwitchTabCommand@CPluginBase@@QAEXW4PluginMenuCommands@@@Z 1000e8b9 f   ConEmuPluginBase.obj
 0001:0000d931       ?ToOem@CPluginBase@@SAPADPB_W@Z 1000e931 f   ConEmuPluginBase.obj
 0001:0000d96f       ?ToOem@CPluginBase@@SAXPB_WPADH@Z 1000e96f f   ConEmuPluginBase.obj
 0001:0000d996       ?ToUnicode@CPluginBase@@SAPA_WPBD@Z 1000e996 f   ConEmuPluginBase.obj
 0001:0000d9ed       ?UngetDummyMouseEvent@CPluginBase@@SA_N_NPAUHookCallbackArg@@@Z 1000e9ed f   ConEmuPluginBase.obj
 0001:0000db66       ?UpdateConEmuTabs@CPluginBase@@QAE_N_N@Z 1000eb66 f   ConEmuPluginBase.obj
 0001:0000dd5e       ?UpdatePanelDirs@CPluginBase@@QAEXXZ 1000ed5e f   ConEmuPluginBase.obj
 0001:0000ded6       ?WaitPluginActivation@CPluginBase@@SAKKPAPAXHK@Z 1000eed6 f   ConEmuPluginBase.obj
 0001:0000dfc0       ?cmd_CloseQSearch@CPluginBase@@QAEXXZ 1000efc0 f   ConEmuPluginBase.obj
 0001:0000dfea       ?cmd_ConSetFont@CPluginBase@@QAEXPAX@Z 1000efea f   ConEmuPluginBase.obj
 0001:0000e01c       ?cmd_EMenu@CPluginBase@@QAEXPAX@Z 1000f01c f   ConEmuPluginBase.obj
 0001:0000e0b7       ?cmd_ExternalCallback@CPluginBase@@QAE_NPAX@Z 1000f0b7 f   ConEmuPluginBase.obj
 0001:0000e0fa       ?cmd_GuiChanged@CPluginBase@@QAEXPAX@Z 1000f0fa f   ConEmuPluginBase.obj
 0001:0000e171       ?cmd_LeftClickSync@CPluginBase@@QAEXPAX@Z 1000f171 f   ConEmuPluginBase.obj
 0001:0000e23e       ?cmd_OpenEditorLine@CPluginBase@@QAE_NPAUCESERVER_REQ_FAREDITOR@@@Z 1000f23e f   ConEmuPluginBase.obj
 0001:0000e2d7       ?cmd_RedrawFarCall@CPluginBase@@QAE_NAAPAUCESERVER_REQ@@PAPAU2@@Z 1000f2d7 f   ConEmuPluginBase.obj
 0001:0000e36b       ?cmd_SetWindow@CPluginBase@@QAE_NPAX_N@Z 1000f36b f   ConEmuPluginBase.obj
 0001:0000e3db       ?isMacroActive@CPluginBase@@QAE_NAAH@Z 1000f3db f   ConEmuPluginBase.obj
 0001:0000e413       ?isModalEditorViewer@CPluginBase@@QAE_NXZ 1000f413 f   ConEmuPluginBase.obj
 0001:0000e43a       ?pcc_Disabled@CPluginBase@@SA_NW4PluginMenuCommands@@@Z 1000f43a f   ConEmuPluginBase.obj
 0001:0000e4a7       ?pcc_Selected@CPluginBase@@SA_NW4PluginMenuCommands@@@Z 1000f4a7 f   ConEmuPluginBase.obj
 0001:0000e4fa       _wmemcmp                   1000f4fa f i ConEmuPluginBase.obj
 0001:0000e530       ??0CPluginBackground@@QAE@XZ 1000f530 f   PluginBackground.obj
 0001:0000e6a1       ??1CPluginBackground@@QAE@XZ 1000f6a1 f   PluginBackground.obj
 0001:0000e80c       ?CheckPanelFolders@CPluginBackground@@IAEXH@Z 1000f80c f   PluginBackground.obj
 0001:0000e8b9       ?InternalOpenCreate@?$MFileMapping@UPanelViewSetMapping@@@@IAEPAUPanelViewSetMapping@@HHH@Z 1000f8b9 f i PluginBackground.obj
 0001:0000e9d3       ?IsParmChanged@CPluginBackground@@IAE_NPAUPaintBackgroundArg@@0@Z 1000f9d3 f   PluginBackground.obj
 0001:0000ebf4       ?LoadThSet@CPluginBackground@@IAEHH@Z 1000fbf4 f   PluginBackground.obj
 0001:0000ed6d       ?MonitorBackground@CPluginBackground@@QAEXXZ 1000fd6d f   PluginBackground.obj
 0001:0000edc5       ?OnMainThreadActivated@CPluginBackground@@QAEXHH@Z 1000fdc5 f   PluginBackground.obj
 0001:0000ee8d       ?ReallocItems@CPluginBackground@@IAEXH@Z 1000fe8d f   PluginBackground.obj
 0001:0000eed7       ?RegisterSubplugin@CPluginBackground@@QAEHPAURegisterBackgroundArg@@@Z 1000fed7 f   PluginBackground.obj
 0001:0000f0e5       ?SetDcPanelRect@CPluginBackground@@IAEXPAUtagRECT@@PAUBkPanelInfo@@PAUPaintBackgroundArg@@@Z 100100e5 f   PluginBackground.obj
 0001:0000f1c0       ?SetForceThLoad@CPluginBackground@@QAEXXZ 100101c0 f   PluginBackground.obj
 0001:0000f1d3       ?SetForceUpdate@CPluginBackground@@QAEX_N@Z 100101d3 f   PluginBackground.obj
 0001:0000f1f5       ?UpdateBackground@CPluginBackground@@IAEXXZ 100101f5 f   PluginBackground.obj
 0001:0000f950       ?UpdateBackground_Exec@CPluginBackground@@KAXPAURegisterBackgroundArg@@PAUPaintBackgroundArg@@@Z 10010950 f   PluginBackground.obj
 0001:0000f97a       ??$swprintf_c@$09@@YAHAAY09_WPB_WZZ 1001097a f i PluginSrv.obj
 0001:0000f990       ?AllocRequestBuf@PipeInst@?$PipeServer@UCESERVER_REQ@@@@QAEPAUCESERVER_REQ@@K@Z 10010990 f i PluginSrv.obj
 0001:0000f9cc       ?DumpError@?$PipeServer@UCESERVER_REQ@@@@IAEXPAUPipeInst@1@PB_WH@Z 100109cc f i PluginSrv.obj
 0001:0000fa9f       ?PipeServerRead@?$PipeServer@UCESERVER_REQ@@@@IAEHPAUPipeInst@1@@Z 10010a9f f i PluginSrv.obj
 0001:0000fd02       ?PipeServerThread@?$PipeServer@UCESERVER_REQ@@@@IAEKPAUPipeInst@1@@Z 10010d02 f i PluginSrv.obj
 0001:0000ff2f       ?PipeServerWrite@?$PipeServer@UCESERVER_REQ@@@@IAEHPAUPipeInst@1@PBXKPAKH@Z 10010f2f f i PluginSrv.obj
 0001:0001000b       ?PlugServerCommand@@YGHPAXPAUCESERVER_REQ@@AAPAU1@AAK3J@Z 1001100b f   PluginSrv.obj
 0001:00010496       ?PlugServerFree@@YGXPAUCESERVER_REQ@@J@Z 10011496 f   PluginSrv.obj
 0001:000104a7       ?PlugServerStart@@YA_NXZ   100114a7 f   PluginSrv.obj
 0001:00010556       ?PlugServerStop@@YAX_N@Z   10011556 f   PluginSrv.obj
 0001:0001058f       ?SetMaxCount@?$PipeServer@UCESERVER_REQ@@@@QAEXH@Z 1001158f f i PluginSrv.obj
 0001:000105b6       ?StartPipeInstance@?$PipeServer@UCESERVER_REQ@@@@IAE_NPAUPipeInst@1@@Z 100115b6 f i PluginSrv.obj
 0001:000106e5       ?StartPipeServer@?$PipeServer@UCESERVER_REQ@@@@QAE_N_NPB_WJPAU_SECURITY_ATTRIBUTES@@P6GHPAXPAUCESERVER_REQ@@AAPAU3@AAK6J@ZP6GX4J@ZP6GH3J@Z99@Z 100116e5 f i PluginSrv.obj
 0001:0001081a       ?StopPipeServer@?$PipeServer@UCESERVER_REQ@@@@QAEX_NAA_N@Z 1001181a f i PluginSrv.obj
 0001:00010af5       ?TerminatePipeThread@?$PipeServer@UCESERVER_REQ@@@@KAXAAPAXABUPipeInst@1@AA_N@Z 10011af5 f i PluginSrv.obj
 0001:00010b4b       ?WaitForClient@?$PipeServer@UCESERVER_REQ@@@@IAE_NPAUPipeInst@1@AAH1@Z 10011b4b f i PluginSrv.obj
 0001:00010ddd       ?WaitOverlapped@?$PipeServer@UCESERVER_REQ@@@@IAEHPAUPipeInst@1@PAK@Z 10011ddd f i PluginSrv.obj
 0001:00010f2c       ?WriteDummyAnswer@?$PipeServer@UCESERVER_REQ@@@@IAEHPAUPipeInst@1@@Z 10011f2c f i PluginSrv.obj
 0001:00010f84       ?_Disconnect@?$PipeServer@UCESERVER_REQ@@@@IAEXPAUPipeInst@1@_N11@Z 10011f84 f i PluginSrv.obj
 0001:00010fd8       ?_PipeServerThread@?$PipeServer@UCESERVER_REQ@@@@KGKPAX@Z 10011fd8 f i PluginSrv.obj
 0001:0001101f       ?cmd_FarSetChanged@@YAXPAUFAR_REQ_FARSETCHANGED@@@Z 1001201f f   PluginSrv.obj
 0001:0001106d       _GetFileVersionInfoSizeW@8 1001206d f   version:VERSION.dll
 0001:00011073       _GetFileVersionInfoW@16    10012073 f   version:VERSION.dll
 0001:00011079       _VerQueryValueW@16         10012079 f   version:VERSION.dll
 0001:0001107f       _CreateToolhelp32Snapshot@8 1001207f f   kernel32:KERNEL32.dll
 0001:00011085       _Thread32First@8           10012085 f   kernel32:KERNEL32.dll
 0001:0001108b       _Thread32Next@8            1001208b f   kernel32:KERNEL32.dll
 0001:00011091       _Module32FirstW@8          10012091 f   kernel32:KERNEL32.dll
 0001:00011097       _Module32NextW@8           10012097 f   kernel32:KERNEL32.dll
 0001:0001109d       ??2@YAPAXI@Z               1001209d f   common-kernel32:Memory.obj
 0001:000110c6       ??_V@YAXPAX@Z              100120c6 f   common-kernel32:Memory.obj
 0001:000110c6       ??3@YAXPAX@Z               100120c6 f   common-kernel32:Memory.obj
 0001:000110c6       ?xf_free@@YAXPAX@Z         100120c6 f   common-kernel32:Memory.obj
 0001:000110e6       ??_U@YAPAXI@Z              100120e6 f   common-kernel32:Memory.obj
 0001:000110e6       ?xf_malloc@@YAPAXI@Z       100120e6 f   common-kernel32:Memory.obj
 0001:000110fc       ?HeapDeinitialize@@YAXXZ   100120fc f   common-kernel32:Memory.obj
 0001:00011114       ?HeapInitialize@@YA_NXZ    10012114 f   common-kernel32:Memory.obj
 0001:00011136       ?xf_calloc@@YAPAXII@Z      10012136 f   common-kernel32:Memory.obj
 0001:00011151       ?xf_realloc@@YAPAXPAXI@Z   10012151 f   common-kernel32:Memory.obj
 0001:00011180       ?ExecuteCmd@@YAPAUCESERVER_REQ@@PB_WPAU1@KPAUHWND__@@HKH@Z 10012180 f   common-kernel32:ConEmuCheck.obj
 0001:0001133c       ?ExecuteFreeResult@@YAXAAPAUCESERVER_REQ@@@Z 1001233c f   common-kernel32:ConEmuCheck.obj
 0001:00011354       ?ExecuteGuiCmd@@YAPAUCESERVER_REQ@@PAUHWND__@@PAU1@0H@Z 10012354 f   common-kernel32:ConEmuCheck.obj
 0001:000113d5       ?ExecuteNewCmd@@YAPAUCESERVER_REQ@@KI@Z 100123d5 f   common-kernel32:ConEmuCheck.obj
 0001:00011413       ?ExecuteNewCmd@@YA_NAAPAUCESERVER_REQ@@AAKKI@Z 10012413 f   common-kernel32:ConEmuCheck.obj
 0001:0001147a       ?ExecuteOpenPipe@@YAPAXPB_WAAY0CAI@_W0KKHPAXH@Z 1001247a f   common-kernel32:ConEmuCheck.obj
 0001:000115b4       ?ExecutePrepareCmd@@YAXPAUCESERVER_REQ@@KI@Z 100125b4 f   common-kernel32:ConEmuCheck.obj
 0001:000115eb       ?ExecutePrepareCmd@@YAXPAUCESERVER_REQ_HDR@@KI@Z 100125eb f   common-kernel32:ConEmuCheck.obj
 0001:00011653       ?ExecuteSrvCmd@@YAPAUCESERVER_REQ@@KPAU1@PAUHWND__@@HKH@Z 10012653 f   common-kernel32:ConEmuCheck.obj
 0001:000116ea       ?GetConEmuHWND@@YAPAUHWND__@@H@Z 100126ea f   common-kernel32:ConEmuCheck.obj
 0001:000117f3       ?GuiMessageBox@@YAHPAUHWND__@@PB_W1H@Z 100127f3 f   common-kernel32:ConEmuCheck.obj
 0001:00011904       ?InternalOpenCreate@?$MFileMapping@UConEmuGuiMapping@@@@IAEPAUConEmuGuiMapping@@HHH@Z 10012904 f i common-kernel32:ConEmuCheck.obj
 0001:00011a1e       ?LoadSrvMapping@@YAHPAUHWND__@@AAUCESERVER_CONSOLE_MAPPING_HDR@@@Z 10012a1e f   common-kernel32:ConEmuCheck.obj
 0001:00011ad2       ?ModuleName@@YAPB_WPB_W@Z  10012ad2 f   common-kernel32:ConEmuCheck.obj
 0001:00011b68       ?StringCchCopyNW@@YGJPA_WIPB_WI@Z 10012b68 f i common-kernel32:ConEmuCheck.obj
 0001:00011bb4       ?isConsoleClass@@YA_NPB_W@Z 10012bb4 f   common-kernel32:ConEmuCheck.obj
 0001:00011bee       ?isConsoleWindow@@YA_NPAUHWND__@@@Z 10012bee f   common-kernel32:ConEmuCheck.obj
 0001:00011cb5       ?myGetConsoleWindow@@YAPAUHWND__@@XZ 10012cb5 f   common-kernel32:ConEmuCheck.obj
 0001:00011d27       ?StringCchVPrintfA@@YGJPADIPBD0@Z 10012d27 f i common-kernel32:MStrSafe.obj
 0001:00011d7c       ?lstrcmpni@@YAHPB_W0H@Z    10012d7c f   common-kernel32:MStrSafe.obj
 0001:00011e74       ?msprintf@@YAPB_WPA_WIPB_WZZ 10012e74 f   common-kernel32:MStrSafe.obj
 0001:0001228b       ?sprintf_c@@YAHPADHPBDZZ   1001328b f   common-kernel32:MStrSafe.obj
 0001:000122ae       ?swprintf_c@@YAHPA_WHPB_WZZ 100132ae f   common-kernel32:MStrSafe.obj
 0001:000122d1       __vsnprintf_l              100132d1 f i common-kernel32:MStrSafe.obj
 0001:00012303       ?IsFilePath@@YA_NPB_W_N@Z  10013303 f   common-kernel32:CmdLine.obj
 0001:0001242f       ?PointToExt@@YAPB_WPB_W@Z  1001342f f   common-kernel32:CmdLine.obj
 0001:0001244d       ?PointToName@@YAPB_WPB_W@Z 1001344d f   common-kernel32:CmdLine.obj
 0001:0001248f       ?Unquote@@YAPB_WPA_W_N@Z   1001348f f   common-kernel32:CmdLine.obj
 0001:000124da       ??$sprintf_c@$0CI@@@YAHAAY0CI@DPBDZZ 100134da f i common-kernel32:WThreads.obj
 0001:000124f0       ?SetThreadName@@YAXKPAD@Z  100134f0 f   common-kernel32:WThreads.obj
 0001:00012549       ?apiCreateThread@@YAPAXP6GKPAX@Z0PAKPBDH@Z 10013549 f   common-kernel32:WThreads.obj
 0001:00012641       ?apiTerminateThreadEx@@YAHPAXKPBDH@Z 10013641 f   common-kernel32:WThreads.obj
 0001:00012715       ?apiThreadHelper@@YGKPAX@Z 10013715 f   common-kernel32:WThreads.obj
 0001:000128a1       ?lstrdup@@YAPA_WPB_WI@Z    100138a1 f   common-kernel32:MStrDup.obj
 0001:000128ed       ?lstrmerge@@YAPA_WPB_W00000000@Z 100138ed f   common-kernel32:MStrDup.obj
 0001:000129e7       ?lstrmerge@@YA_NPAPA_WPB_W1111111@Z 100139e7 f   common-kernel32:MStrDup.obj
 0001:00012a30       ??$GetProcAddress@$$A6GHPAU_OSVERSIONINFOEXW@@K_K@Z@MModule@@QBE_NPBDAAP6GHPAU_OSVERSIONINFOEXW@@K_K@Z@Z 10013a30 f i common-kernel32:WObjects.obj
 0001:00012a57       ?ExpandEnvStr@@YAPA_WPB_W@Z 10013a57 f   common-kernel32:WObjects.obj
 0001:00012acf       ?FileExists@@YA_NPB_WPAK@Z 10013acf f   common-kernel32:WObjects.obj
 0001:00012bf7       ?GetEnvVar@@YAPA_WPB_W@Z   10013bf7 f   common-kernel32:WObjects.obj
 0001:00012c6a       ?IsWin6@@YA_NXZ            10013c6a f   common-kernel32:WObjects.obj
 0001:00012c98       ?IsWinVerOrHigher@@YA_NG@Z 10013c98 f   common-kernel32:WObjects.obj
 0001:00012d21       ?IsWindows64@@YA_NXZ       10013d21 f   common-kernel32:WObjects.obj
 0001:00012d91       ?_VerifyVersionInfo@@YA_NPAU_OSVERSIONINFOEXW@@K_K@Z 10013d91 f   common-kernel32:WObjects.obj
 0001:00012e0a       ?CommonShutdown@@YAXXZ     10013e0a f   common-kernel32:Common.obj
 0001:00012e19       ?IsEnvBlockVariableValid@@YA_NPB_WAAPB_W@Z 10013e19 f   common-kernel32:Common.obj
 0001:00012e69       ?SetCommand@CESERVER_REQ_NEWCMD@@QAEXPB_W@Z 10013e69 f   common-kernel32:Common.obj
 0001:00012ebf       ?SetEnvStrings@CESERVER_REQ_NEWCMD@@QAEXPB_WK@Z 10013ebf f   common-kernel32:Common.obj
 0001:00012f94       ??0MNullDesc@@QAE@XZ       10013f94 f i common-kernel32:MSecurity.obj
 0001:00012fb6       ??1MNullDesc@@QAE@XZ       10013fb6 f i common-kernel32:MSecurity.obj
 0001:00012fee       ?LoadAdvApi@MNullDesc@@IAEHXZ 10013fee f i common-kernel32:MSecurity.obj
 0001:00013141       ?LocalSecurity@@YAPAU_SECURITY_ATTRIBUTES@@XZ 10014141 f   common-kernel32:MSecurity.obj
 0001:0001316d       ?LocalSecurity@MNullDesc@@QAEPAU_SECURITY_ATTRIBUTES@@XZ 1001416d f i common-kernel32:MSecurity.obj
 0001:00013299       ?ShutdownSecurity@@YAXXZ   10014299 f   common-kernel32:MSecurity.obj
 0001:000132be       ??0CEStr@@QAE@$$QAPA_W@Z   100142be f   common-kernel32:CEStr.obj
 0001:00013307       ??0CEStr@@QAE@PB_W00000000@Z 10014307 f   common-kernel32:CEStr.obj
 0001:00013377       ??0CEStr@@QAE@XZ           10014377 f   common-kernel32:CEStr.obj
 0001:000133b0       ??1CEStr@@QAE@XZ           100143b0 f   common-kernel32:CEStr.obj
 0001:000133e8       ??BCEStr@@QBEPB_WXZ        100143e8 f   common-kernel32:CEStr.obj
 0001:000133eb       ?AttachInt@CEStr@@AAEPB_WAAPA_W@Z 100143eb f   common-kernel32:CEStr.obj
 0001:00013450       ?Empty@CEStr@@QAEXXZ       10014450 f   common-kernel32:CEStr.obj
 0001:00013471       ?GetBuffer@CEStr@@QAEPA_WH@Z 10014471 f   common-kernel32:CEStr.obj
 0001:000134ea       ?GetLen@CEStr@@QBEHXZ      100144ea f   common-kernel32:CEStr.obj
 0001:00013514       ?GetMaxCount@CEStr@@QAEHXZ 10014514 f   common-kernel32:CEStr.obj
 0001:00013530       ?SavePathVar@CEStr@@QAEXPB_W@Z 10014530 f   common-kernel32:CEStr.obj
 0001:0001355e       ?Set@CEStr@@QAEPB_WPB_WH@Z 1001455e f   common-kernel32:CEStr.obj
 0001:0001361f       ?Init@HkFunc@@QAE_NPB_WPAUHINSTANCE__@@@Z 1001461f f   common-kernel32:HkFunc.obj
 0001:0001367d       ?isConEmuHk@HkFunc@@QAE_NXZ 1001467d f   common-kernel32:HkFunc.obj
 0001:00013684       ??0?$MToolHelp@UtagPROCESSENTRY32W@@$1?Process32FirstW@@YGHPAXPAU1@@Z$1?Process32NextW@@YGH01@Z@@QAE@KK@Z 10014684 f i common-kernel32:MProcess.obj
 0001:000136e2       ??1?$MToolHelp@UtagPROCESSENTRY32W@@$1?Process32FirstW@@YGHPAXPAU1@@Z$1?Process32NextW@@YGH01@Z@@UAE@XZ 100146e2 f i common-kernel32:MProcess.obj
 0001:000136fe       ??_EMToolHelpProcess@@UAEPAXI@Z 100146fe f i common-kernel32:MProcess.obj
 0001:000136fe       ??_E?$MToolHelp@UtagPROCESSENTRY32W@@$1?Process32FirstW@@YGHPAXPAU1@@Z$1?Process32NextW@@YGH01@Z@@UAEPAXI@Z 100146fe f i common-kernel32:MProcess.obj
 0001:000136fe       ??_G?$MToolHelp@UtagPROCESSENTRY32W@@$1?Process32FirstW@@YGHPAXPAU1@@Z$1?Process32NextW@@YGH01@Z@@UAEPAXI@Z 100146fe f i common-kernel32:MProcess.obj
 0001:000136fe       ??_GMToolHelpProcess@@UAEPAXI@Z 100146fe f i common-kernel32:MProcess.obj
 0001:00013723       ?Close@?$MToolHelp@UtagPROCESSENTRY32W@@$1?Process32FirstW@@YGHPAXPAU1@@Z$1?Process32NextW@@YGH01@Z@@QAEX_N@Z 10014723 f i common-kernel32:MProcess.obj
 0001:00013771       ?Filter@?$MToolHelp@UtagPROCESSENTRY32W@@$1?Process32FirstW@@YGHPAXPAU1@@Z$1?Process32NextW@@YGH01@Z@@MAE_NPAUtagPROCESSENTRY32W@@@Z 10014771 f i common-kernel32:MProcess.obj
 0001:00013776       ?Find@?$MToolHelp@UtagPROCESSENTRY32W@@$1?Process32FirstW@@YGHPAXPAU1@@Z$1?Process32NextW@@YGH01@Z@@QAE_NP6A_NPAUtagPROCESSENTRY32W@@J@ZJ0@Z 10014776 f i common-kernel32:MProcess.obj
 0001:0001380b       ?Next@?$MToolHelp@UtagPROCESSENTRY32W@@$1?Process32FirstW@@YGHPAXPAU1@@Z$1?Process32NextW@@YGH01@Z@@QAE_NPAUtagPROCESSENTRY32W@@@Z 1001480b f i common-kernel32:MProcess.obj
 0001:00013856       ?Open@?$MToolHelp@UtagPROCESSENTRY32W@@$1?Process32FirstW@@YGHPAXPAU1@@Z$1?Process32NextW@@YGH01@Z@@QAE_NXZ 10014856 f i common-kernel32:MProcess.obj
 0001:00013898       ?getNext@?$MToolHelp@UtagPROCESSENTRY32W@@$1?Process32FirstW@@YGHPAXPAU1@@Z$1?Process32NextW@@YGH01@Z@@IAE_NXZ 10014898 f i common-kernel32:MProcess.obj
 0001:00013915       ?isTerminalMode@@YA_NXZ    10014915 f   common-kernel32:MProcess.obj
 0001:00013a1b       ?push_back@?$MArray@UtagPROCESSENTRY32W@@@@QAEHABUtagPROCESSENTRY32W@@@Z 10014a1b f i common-kernel32:MProcess.obj
 0001:00013a70       ??0MSection@@QAE@XZ        10014a70 f   common-kernel32:MSection.obj
 0001:00013acf       ??0MSectionLock@@QAE@XZ    10014acf f   common-kernel32:MSection.obj
 0001:00013adc       ??0MSectionThread@@QAE@PAVMSection@@@Z 10014adc f   common-kernel32:MSection.obj
 0001:00013af7       ??1MSection@@QAE@XZ        10014af7 f   common-kernel32:MSection.obj
 0001:00013b51       ??1MSectionLock@@QAE@XZ    10014b51 f   common-kernel32:MSection.obj
 0001:00013b6a       ??1MSectionThread@@QAE@XZ  10014b6a f   common-kernel32:MSection.obj
 0001:00013b80       ?AddRef@MSection@@IAEXK@Z  10014b80 f   common-kernel32:MSection.obj
 0001:00013be9       ?Lock@MSection@@IAEHHK@Z   10014be9 f   common-kernel32:MSection.obj
 0001:00013caf       ?Lock@MSectionLock@@QAEHPAVMSection@@HK@Z 10014caf f   common-kernel32:MSection.obj
 0001:00013cfa       ?MyEnterCriticalSection@MSection@@IAE_NK@Z 10014cfa f   common-kernel32:MSection.obj
 0001:00013de2       ?ReleaseRef@MSection@@IAEHK@Z 10014de2 f   common-kernel32:MSection.obj
 0001:00013e4f       ?ThreadTerminated@MSection@@QAEXK@Z 10014e4f f   common-kernel32:MSection.obj
 0001:00013e75       ?Unlock@MSection@@IAEXH@Z  10014e75 f   common-kernel32:MSection.obj
 0001:00013eb3       ?Unlock@MSectionLock@@QAEXXZ 10014eb3 f   common-kernel32:MSection.obj
 0001:00013ed0       ?WaitUnlocked@MSection@@IAEXKK@Z 10014ed0 f   common-kernel32:MSection.obj
 0001:00013f2b       ?CheckCallbackPtr@@YA_NPAUHINSTANCE__@@IPAP6GHXZHHH@Z 10014f2b f   common-kernel32:WModuleCheck.obj
 0001:00013ff8       ?IsModuleValid@@YA_NPAUHINSTANCE__@@H@Z 10014ff8 f   common-kernel32:WModuleCheck.obj
 0001:000140d0       ??0MModule@@QAE@PAUHINSTANCE__@@@Z 100150d0 f   common-kernel32:MModule.obj
 0001:000140e2       ??1MModule@@QAE@XZ         100150e2 f   common-kernel32:MModule.obj
 0001:000140e7       ?Free@MModule@@QAEXXZ      100150e7 f   common-kernel32:MModule.obj
 0001:00014109       ??0MSectionSimple@@QAE@_N@Z 10015109 f   common-kernel32:MSectionSimple.obj
 0001:0001413c       ??1MSectionSimple@@QAE@XZ  1001513c f   common-kernel32:MSectionSimple.obj
 0001:0001413c       ?Close@MSectionSimple@@QAEXXZ 1001513c f   common-kernel32:MSectionSimple.obj
 0001:00014152       ?Enter@MSectionSimple@@QAEXXZ 10015152 f   common-kernel32:MSectionSimple.obj
 0001:0001415a       ?Init@MSectionSimple@@QAEXXZ 1001515a f   common-kernel32:MSectionSimple.obj
 0001:00014170       ?Leave@MSectionSimple@@QAEXXZ 10015170 f   common-kernel32:MSectionSimple.obj
 0001:00014178       ?RecreateAndLock@MSectionSimple@@QAE_NXZ 10015178 f   common-kernel32:MSectionSimple.obj
 0001:000141bf       ?TryEnter@MSectionSimple@@QAE_NXZ 100151bf f   common-kernel32:MSectionSimple.obj
 0001:000141de       ??0CEnvStrings@@QAE@PA_W@Z 100151de f   common-user32:SetEnvVar.obj
 0001:00014227       ??1CEnvStrings@@QAE@XZ     10015227 f   common-user32:SetEnvVar.obj
 0001:0001423c       ?SetConEmuEnvHWND@@YAXPB_WPAUHWND__@@@Z 1001523c f   common-user32:SetEnvVar.obj
 0001:00014287       ?SetConEmuEnvVar@@YAXPAUHWND__@@@Z 10015287 f   common-user32:SetEnvVar.obj
 0001:000142f1       ?SetConEmuEnvVarChild@@YAXPAUHWND__@@0@Z 100152f1 f   common-user32:SetEnvVar.obj
 0001:00014313       ??$wcscpy_add@$0BAF@@@YAHPA_WAAY0BAF@_WPB_W@Z 10015313 f i common-user32:ConEmuCheckEx.obj
 0001:00014340       ?FindConEmuBaseDir@@YAHAAY0BAF@_W0PAUHINSTANCE__@@@Z 10015340 f   common-user32:ConEmuCheckEx.obj
 0001:0001481c       ?IsConEmuExeExist@@YAHPB_WAAY0BAF@_W@Z 1001581c f   common-user32:ConEmuCheckEx.obj
 0001:00014896       ??$swprintf_c@$0FA@@@YAHAAY0FA@_WPB_WZZ 10015896 f i common-user32:EmergencyShow.obj
 0001:000148ac       ?CorrectConsolePos@@YAXPAUHWND__@@@Z 100158ac f   common-user32:EmergencyShow.obj
 0001:00014981       ?EmergencyShow@@YAXPAUHWND__@@HH@Z 10015981 f   common-user32:EmergencyShow.obj
 0001:00014a72       ?EvaluateDefaultFontWidth@@YAHHPB_W@Z 10015a72 f   common-user32:EmergencyShow.obj
 0001:00014b62       ?SetUserFriendlyFont@@YAXPAUHWND__@@HH@Z 10015b62 f   common-user32:EmergencyShow.obj
 0001:00014ef2       ??0MSetter@@QAE@PAJ@Z      10015ef2 f   common-user32:MSetter.obj
 0001:00014f13       ??1MSetter@@QAE@XZ         10015f13 f   common-user32:MSetter.obj
 0001:00014f18       ?Unlock@MSetter@@QAEXXZ    10015f18 f   common-user32:MSetter.obj
 0001:00014f5b       ?IsDotsName@@YA_NPB_W@Z    10015f5b f   common-user32:WFiles.obj
 0001:00014f8b       ?SearchAppPaths@@YA_NPB_WAAUCEStr@@_NPAU1@@Z 10015f8b f   common-user32:WFiles.obj
 0001:000152e9       ??1ConsoleSectionHelper@@QAE@XZ 100162e9 f i common-user32:WConsoleEx.obj
 0001:00015311       ?CreateConsoleData@ConsoleSectionHelper@@QAEPAUCONSOLE_INFO@@XZ 10016311 f i common-user32:WConsoleEx.obj
 0001:00015336       ?CreateConsoleSection@ConsoleSectionHelper@@QAEPAXXZ 10016336 f i common-user32:WConsoleEx.obj
 0001:00015357       ?GetConsoleSizeInfo@@YAXPAUCONSOLE_INFO@@@Z 10016357 f   common-user32:WConsoleEx.obj
 0001:000153c9       ?SetConsoleFontSizeTo@@YAXPAUHWND__@@HHPB_WGG@Z 100163c9 f   common-user32:WConsoleEx.obj
 0001:000156e6       ?SetConsoleInfo@@YAHPAUHWND__@@PAUCONSOLE_INFO@@@Z 100166e6 f   common-user32:WConsoleEx.obj
 0001:000158aa       ?SetEnvVarExpanded@@YAXPB_W0@Z 100168aa f   common-user32:WUser.obj
 0001:00015956       ?UpdateComspec@@YAXPAUConEmuComspec@@_N@Z 10016956 f   common-user32:WUser.obj
 0001:00015b69       ?apiShowWindow@@YA_NPAUHWND__@@H@Z 10016b69 f   common-user32:WUser.obj
 0001:00015b7f       ?apiShowWindowAsync@@YA_NPAUHWND__@@H@Z 10016b7f f   common-user32:WUser.obj
 0001:00015b95       ?FindMonitorsWorkspace@@YGHPAUHMONITOR__@@PAUHDC__@@PAUtagRECT@@J@Z 10016b95 f   common-user32:Monitors.obj
 0001:00015bce       ?GetAllMonitorsWorkspace@@YA?AUtagRECT@@XZ 10016bce f   common-user32:Monitors.obj
 0001:00015c1e       @__security_check_cookie@4 10016c1e f   LIBCMT:_secchk_.obj
 0001:00015c2f       ??3@YAXPAXI@Z              10016c2f f   LIBCMT:delete_scalar_size.obj
 0001:00015c3d       __EH_epilog3               10016c3d f   LIBCMT:ehprolg3.obj
 0001:00015c52       __EH_epilog3_GS            10016c52 f   LIBCMT:ehprolg3.obj
 0001:00015c63       __EH_prolog3               10016c63 f   LIBCMT:ehprolg3.obj
 0001:00015c97       __EH_prolog3_GS            10016c97 f   LIBCMT:ehprolg3.obj
 0001:00015cce       __EH_prolog3_catch         10016cce f   LIBCMT:ehprolg3.obj
 0001:00015d10       __alloca_probe             10016d10 f   LIBCMT:chkstk.obj
 0001:00015d10       __chkstk                   10016d10 f   LIBCMT:chkstk.obj
 0001:00015d40       __aullshr                  10016d40 f   LIBCMT:ullshr.obj
 0001:00015d5f       ??_Gtype_info@@UAEPAXI@Z   10016d5f f i LIBCMT:std_type_info_static.obj
 0001:00015d5f       ??_Etype_info@@UAEPAXI@Z   10016d5f f i LIBCMT:std_type_info_static.obj
 0001:00015da9       ??$__crt_fast_encode_pointer@PAX@@YAPAXQAX@Z 10016da9 f i libvcruntime:winapi_downlevel.obj
 0001:00015da9       ??$__crt_fast_encode_pointer@P6GXPAU_RTL_CONDITION_VARIABLE@@@Z@@YAP6GXPAU_RTL_CONDITION_VARIABLE@@@ZQ6GX0@Z@Z 10016da9 f i LIBCMT:thread_safe_statics.obj
 0001:00015da9       ??$__crt_fast_encode_pointer@PAP6AXXZ@@YAPAP6AXXZQAP6AXXZ@Z 10016da9 f i LIBCMT:utility.obj
 0001:00015da9       ??$__crt_fast_encode_pointer@P6GHPAU_RTL_CONDITION_VARIABLE@@PAU_RTL_CRITICAL_SECTION@@K@Z@@YAP6GHPAU_RTL_CONDITION_VARIABLE@@PAU_RTL_CRITICAL_SECTION@@K@ZQ6GH01K@Z@Z 10016da9 f i LIBCMT:thread_safe_statics.obj
 0001:00015ed1       __Init_thread_footer       10016ed1 f   LIBCMT:thread_safe_statics.obj
 0001:00015f1b       __Init_thread_header       10016f1b f   LIBCMT:thread_safe_statics.obj
 0001:00015f6d       __Init_thread_notify       10016f6d f   LIBCMT:thread_safe_statics.obj
 0001:00015faf       __Init_thread_wait         10016faf f   LIBCMT:thread_safe_statics.obj
 0001:0001631b       __DllMainCRTStartup@12     1001731b f   LIBCMT:dll_dllmain.obj
 0001:00016340       __SEH_prolog4              10017340 f   LIBCMT:_sehprolg4_.obj
 0001:00016386       __SEH_epilog4              10017386 f   LIBCMT:_sehprolg4_.obj
 0001:000163df       ___scrt_acquire_startup_lock 100173df f   LIBCMT:utility.obj
 0001:00016411       ___scrt_dllmain_after_initialize_c 10017411 f   LIBCMT:utility.obj
 0001:0001643c       ___scrt_dllmain_before_initialize_c 1001743c f   LIBCMT:utility.obj
 0001:0001644a       ___scrt_dllmain_crt_thread_attach 1001744a f   LIBCMT:utility.obj
 0001:00016469       ___scrt_dllmain_crt_thread_detach 10017469 f   LIBCMT:utility.obj
 0001:00016476       ___scrt_dllmain_exception_filter 10017476 f   LIBCMT:utility.obj
 0001:000164aa       ___scrt_dllmain_uninitialize_c 100174aa f   LIBCMT:utility.obj
 0001:000164cd       ___scrt_dllmain_uninitialize_critical 100174cd f   LIBCMT:utility.obj
 0001:000164da       ___scrt_initialize_crt     100174da f   LIBCMT:utility.obj
 0001:00016513       ___scrt_initialize_onexit_tables 10017513 f   LIBCMT:utility.obj
 0001:000165bd       ___scrt_is_nonwritable_in_current_image 100175bd f   LIBCMT:utility.obj
 0001:00016647       ___scrt_release_startup_lock 10017647 f   LIBCMT:utility.obj
 0001:00016664       ___scrt_uninitialize_crt   10017664 f   LIBCMT:utility.obj
 0001:0001668c       __onexit                   1001768c f   LIBCMT:utility.obj
 0001:000166c7       _atexit                    100176c7 f   LIBCMT:utility.obj
 0001:000166dc       ___raise_securityfailure   100176dc f   LIBCMT:gs_report.obj
 0001:00016704       ___report_gsfailure        10017704 f   LIBCMT:gs_report.obj
 0001:000167ff       ___scrt_fastfail           100177ff f   LIBCMT:utility_desktop.obj
 0001:0001691b       __crt_debugger_hook        1001791b f   LIBCMT:utility_desktop.obj
 0001:00016972       ___security_init_cookie    10017972 f   LIBCMT:gs_support.obj
 0001:000169bd       ?__scrt_initialize_type_info@@YAXXZ 100179bd f   LIBCMT:tncleanup.obj
 0001:000169c9       ?__scrt_uninitialize_type_info@@YAXXZ 100179c9 f   LIBCMT:tncleanup.obj
 0001:000169d5       ___local_stdio_scanf_options 100179d5 f i LIBCMT:default_local_stdio_options.obj
 0001:000169db       ___scrt_initialize_default_local_stdio_options 100179db f   LIBCMT:default_local_stdio_options.obj
 0001:000169f8       ___scrt_get_dyn_tls_init_callback 100179f8 f   LIBCMT:dyn_tls_init.obj
 0001:000169fe       __RTC_Initialize           100179fe f   LIBCMT:_initsect_.obj
 0001:00016a2a       __RTC_Terminate            10017a2a f   LIBCMT:_initsect_.obj
 0001:00016a56       ___isa_available_init      10017a56 f   LIBCMT:_cpu_disp_.obj
 0001:00016bef       ___scrt_is_ucrt_dll_in_use 10017bef f   LIBCMT:ucrt_detection.obj
 0001:00016bfb       ?_CallCatchBlock2@@YAPAXPAUEHRegistrationNode@@PBU_s_FuncInfo@@PAXHK@Z 10017bfb f   libvcruntime:trnsctrl.obj
 0001:00016c5b       ?_CallSETranslator@@YAHPAUEHExceptionRecord@@PAUEHRegistrationNode@@PAX2PBU_s_FuncInfo@@H1@Z 10017c5b f   libvcruntime:trnsctrl.obj
 0001:00016d38       ?_GetRangeOfTrysToCheck@@YAPBU_s_TryBlockMapEntry@@PBU_s_FuncInfo@@HHPAI1@Z 10017d38 f   libvcruntime:trnsctrl.obj
 0001:00016db0       ?_JumpToContinuation@@YGXPAXPAUEHRegistrationNode@@@Z 10017db0 f   libvcruntime:trnsctrl.obj
 0001:00016de2       ?_UnwindNestedFrames@@YGXPAUEHRegistrationNode@@PAUEHExceptionRecord@@@Z 10017de2 f   libvcruntime:trnsctrl.obj
 0001:00016e37       __CatchGuardHandler        10017e37 f   libvcruntime:trnsctrl.obj
 0001:00016e68       __CreateFrameInfo          10017e68 f   libvcruntime:trnsctrl.obj
 0001:00016e8c       __FindAndUnlinkFrame       10017e8c f   libvcruntime:trnsctrl.obj
 0001:00016ed1       __TranslatorGuardHandler   10017ed1 f   libvcruntime:trnsctrl.obj
 0001:00016f70       ___CxxFrameHandler3        10017f70 f   libvcruntime:trnsctrl.obj
 0001:00016fa6       _wcschr                    10017fa6 f   libvcruntime:wcschr.obj
 0001:00017070       _wcsstr                    10018070 f   libvcruntime:wcsstr.obj
 0001:00017300       _memmove                   10018300 f   libvcruntime:memmove.obj
 0001:00017880       _memset                    10018880 f   libvcruntime:memset.obj
 0001:000179da       ___DestructExceptionObject 100189da f   libvcruntime:ehhelpers.obj
 0001:00017a70       ?_CallMemberFunction0@@YGXQAX0@Z 10018a70 f i libvcruntime:ehhelpers.obj
 0001:00017a7d       __IsExceptionObjectToBeDestroyed 10018a7d f   libvcruntime:ehhelpers.obj
 0001:00017aa3       ___AdjustPointer           10018aa3 f   libvcruntime:ehhelpers.obj
 0001:00017ac8       ___FrameUnwindFilter       10018ac8 f   libvcruntime:ehhelpers.obj
 0001:00017b0d       ___std_terminate           10018b0d f   libvcruntime:ehhelpers.obj
 0001:00017b12       __purecall                 10018b12 f   libvcruntime:purevirt.obj
 0001:00017b3b       _wcsrchr                   10018b3b f   libvcruntime:wcsrchr.obj
 0001:00017be0       _memcpy                    10018be0 f   libvcruntime:memcpy.obj
 0001:00018160       _strrchr                   10019160 f   libvcruntime:strrchr.obj
 0001:000182a0       _strchr                    100192a0 f   libvcruntime:strchr.obj
 0001:0001830e       ___from_strstr_to_strchr   1001930e     libvcruntime:strchr.obj
 0001:00018410       __except_handler4          10019410 f   libvcruntime:_chandler4_.obj
 0001:00018567       ___vcrt_initialize         10019567 f   libvcruntime:initialization.obj
 0001:00018590       ___vcrt_thread_attach      10019590 f   libvcruntime:initialization.obj
 0001:0001859b       ___vcrt_thread_detach      1001959b f   libvcruntime:initialization.obj
 0001:000185a6       ___vcrt_uninitialize       100195a6 f   libvcruntime:initialization.obj
 0001:000185c5       ___vcrt_uninitialize_critical 100195c5 f   libvcruntime:initialization.obj
 0001:000185cd       ___std_type_info_compare   100195cd f   libvcruntime:std_type_info.obj
 0001:00018609       ___std_type_info_destroy_list 10019609 f   libvcruntime:std_type_info.obj
 0001:0001862c       ___vcrt_freefls@4          1001962c f   libvcruntime:per_thread_data.obj
 0001:00018648       ___vcrt_freeptd            10019648 f   libvcruntime:per_thread_data.obj
 0001:0001868b       ___vcrt_getptd             1001968b f   libvcruntime:per_thread_data.obj
 0001:00018699       ___vcrt_getptd_noexit      10019699 f   libvcruntime:per_thread_data.obj
 0001:0001872b       ___vcrt_initialize_ptd     1001972b f   libvcruntime:per_thread_data.obj
 0001:0001876f       ___vcrt_uninitialize_ptd   1001976f f   libvcruntime:per_thread_data.obj
 0001:00018790       __CallSettingFrame@12      10019790 f   libvcruntime:lowhelpr.obj
 0001:000187b7       __NLG_Return               100197b7     libvcruntime:lowhelpr.obj
 0001:000187dc       ??0bad_exception@std@@QAE@ABV01@@Z 100197dc f i libvcruntime:frame.obj
 0001:000187f7       ??0bad_exception@std@@QAE@XZ 100197f7 f i libvcruntime:frame.obj
 0001:0001880f       ??0exception@std@@QAE@ABV01@@Z 1001980f f i libvcruntime:frame.obj
 0001:0001883b       ??1bad_exception@std@@UAE@XZ 1001983b f i libvcruntime:frame.obj
 0001:0001884c       ??8type_info@@QBE_NABV0@@Z 1001984c f i libvcruntime:frame.obj
 0001:0001886b       ??_Ebad_exception@std@@UAEPAXI@Z 1001986b f i libvcruntime:frame.obj
 0001:0001886b       ??_Gexception@std@@UAEPAXI@Z 1001986b f i libvcruntime:frame.obj
 0001:0001886b       ??_Eexception@std@@UAEPAXI@Z 1001986b f i libvcruntime:frame.obj
 0001:0001886b       ??_Gbad_exception@std@@UAEPAXI@Z 1001986b f i libvcruntime:frame.obj
 0001:00019089       ?_CallMemberFunction1@@YGXQAX00@Z 1001a089 f i libvcruntime:frame.obj
 0001:00019099       ?_CallMemberFunction2@@YGXQAX00H@Z 1001a099 f i libvcruntime:frame.obj
 0001:000190ac       ?what@exception@std@@UBEPBDXZ 1001a0ac f i libvcruntime:frame.obj
 0001:000190b9       ___BuildCatchObject        1001a0b9 f   libvcruntime:frame.obj
 0001:00019148       ___BuildCatchObjectHelper  1001a148 f   libvcruntime:frame.obj
 0001:0001927c       ___FrameUnwindToState      1001a27c f   libvcruntime:frame.obj
 0001:00019349       ___InternalCxxFrameHandler 1001a349 f   libvcruntime:frame.obj
 0001:00019446       ___TypeMatch               1001a446 f   libvcruntime:frame.obj
 0001:000194d4       ___except_validate_context_record 1001a4d4 f   libvcruntime:jbcxrval.obj
 0001:00019504       ___except_validate_jump_buffer 1001a504 f   libvcruntime:jbcxrval.obj
 0001:00019531       ___vcrt_initialize_pure_virtual_call_handler 1001a531 f   libvcruntime:purevirt_data.obj
 0001:00019540       __local_unwind4            1001a540 f   libvcruntime:_exsup4_.obj
 0001:00019618       __seh_longjmp_unwind4@4    1001a618 f   libvcruntime:_exsup4_.obj
 0001:00019640       @_EH4_CallFilterFunc@8     1001a640 f   libvcruntime:_exsup4_.obj
 0001:00019658       @_EH4_TransferToHandler@8  1001a658 f   libvcruntime:_exsup4_.obj
 0001:00019674       @_EH4_GlobalUnwind2@8      1001a674 f   libvcruntime:_exsup4_.obj
 0001:00019690       @_EH4_LocalUnwind@16       1001a690 f   libvcruntime:_exsup4_.obj
 0001:000196a7       ___vcrt_initialize_locks   1001a6a7 f   libvcruntime:locks.obj
 0001:000196e3       ___vcrt_uninitialize_locks 1001a6e3 f   libvcruntime:locks.obj
 0001:00019847       ___vcrt_FlsAlloc           1001a847 f   libvcruntime:winapi_downlevel.obj
 0001:00019882       ___vcrt_FlsFree            1001a882 f   libvcruntime:winapi_downlevel.obj
 0001:000198bd       ___vcrt_FlsGetValue        1001a8bd f   libvcruntime:winapi_downlevel.obj
 0001:000198f8       ___vcrt_FlsSetValue        1001a8f8 f   libvcruntime:winapi_downlevel.obj
 0001:00019936       ___vcrt_InitializeCriticalSectionEx 1001a936 f   libvcruntime:winapi_downlevel.obj
 0001:0001997d       ___vcrt_initialize_winapi_thunks 1001a97d f   libvcruntime:winapi_downlevel.obj
 0001:000199a6       ___vcrt_uninitialize_winapi_thunks 1001a9a6 f   libvcruntime:winapi_downlevel.obj
 0001:000199e0       __global_unwind2           1001a9e0 f   libvcruntime:_exsup_.obj
 0001:00019a46       __local_unwind2            1001aa46 f   libvcruntime:_exsup_.obj
 0001:00019aca       __abnormal_termination     1001aaca f   libvcruntime:_exsup_.obj
 0001:00019af0       __NLG_Notify1              1001aaf0 f   libvcruntime:_exsup_.obj
 0001:00019afc       __NLG_Notify               1001aafc f   libvcruntime:_exsup_.obj
 0001:00019b13       __NLG_Dispatch             1001ab13     libvcruntime:_exsup_.obj
 0001:00019b13       __NLG_Dispatch2            1001ab13     libvcruntime:_exsup_.obj
 0001:00019b1b       __NLG_Call                 1001ab1b f   libvcruntime:_exsup_.obj
 0001:00019b1d       __NLG_Return2              1001ab1d     libvcruntime:_exsup_.obj
 0001:00019b1e       _unexpected                1001ab1e f   libvcruntime:unexpected.obj
 0001:00019b3b       ___std_exception_copy      1001ab3b f   libvcruntime:std_exception.obj
 0001:00019b9e       ___std_exception_destroy   1001ab9e f   libvcruntime:std_exception.obj
 0001:00019bbd       __CxxThrowException@8      1001abbd f   libvcruntime:throw.obj
 0001:00019f2d       ??$count@D@formatting_buffer@__crt_stdio_output@@QBEIXZ 1001af2d f i libucrt:output.obj
 0001:00019f45       ??$ensure_buffer_is_big_enough@D@formatting_buffer@__crt_stdio_output@@QAE_NI@Z 1001af45 f i libucrt:output.obj
 0001:00019fcb       ??$is_wide_character_specifier@D@__crt_stdio_output@@YA_N_KDW4length_modifier@0@@Z 1001afcb f i libucrt:output.obj
 0001:0001a00b       ??$is_wide_character_specifier@_W@__crt_stdio_output@@YA_N_K_WW4length_modifier@0@@Z 1001b00b f i libucrt:output.obj
 0001:0001a05a       ??$scratch_data@D@formatting_buffer@__crt_stdio_output@@QAEPADXZ 1001b05a f i libucrt:output.obj
 0001:0001a078       ??$type_case_integer_parse_into_buffer@I@?$output_processor@_WV?$string_output_adapter@_W@__crt_stdio_output@@V?$standard_base@_WV?$string_output_adapter@_W@__crt_stdio_output@@@2@@__crt_stdio_output@@AAEXII_N@Z 1001b078 f i libucrt:output.obj
 0001:0001a078       ??$type_case_integer_parse_into_buffer@I@?$output_processor@DV?$string_output_adapter@D@__crt_stdio_output@@V?$standard_base@DV?$string_output_adapter@D@__crt_stdio_output@@@2@@__crt_stdio_output@@AAEXII_N@Z 1001b078 f i libucrt:output.obj
 0001:0001a0ed       ??$type_case_integer_parse_into_buffer@_K@?$output_processor@_WV?$string_output_adapter@_W@__crt_stdio_output@@V?$standard_base@_WV?$string_output_adapter@_W@__crt_stdio_output@@@2@@__crt_stdio_output@@AAEX_KI_N@Z 1001b0ed f i libucrt:output.obj
 0001:0001a0ed       ??$type_case_integer_parse_into_buffer@_K@?$output_processor@DV?$string_output_adapter@D@__crt_stdio_output@@V?$standard_base@DV?$string_output_adapter@D@__crt_stdio_output@@@2@@__crt_stdio_output@@AAEX_KI_N@Z 1001b0ed f i libucrt:output.obj
 0001:0001a175       ??$write_multiple_characters@V?$string_output_adapter@D@__crt_stdio_output@@D@__crt_stdio_output@@YAXABV?$string_output_adapter@D@0@DHQAH@Z 1001b175 f i libucrt:output.obj
 0001:0001a1a1       ??$write_multiple_characters@V?$string_output_adapter@_W@__crt_stdio_output@@D@__crt_stdio_output@@YAXABV?$string_output_adapter@_W@0@DHQAH@Z 1001b1a1 f i libucrt:output.obj
 0001:0001a1d2       ??0?$common_data@D@__crt_stdio_output@@IAE@XZ 1001b1d2 f i libucrt:output.obj
 0001:0001a219       ??0?$common_data@_W@__crt_stdio_output@@IAE@XZ 1001b219 f i libucrt:output.obj
 0001:0001a265       ??0?$output_adapter_data@DV?$string_output_adapter@D@__crt_stdio_output@@@__crt_stdio_output@@IAE@ABV?$string_output_adapter@D@1@_KQBDQAU__crt_locale_pointers@@QAD@Z 1001b265 f i libucrt:output.obj
 0001:0001a2a1       ??0?$output_adapter_data@_WV?$string_output_adapter@_W@__crt_stdio_output@@@__crt_stdio_output@@IAE@ABV?$string_output_adapter@_W@1@_KQB_WQAU__crt_locale_pointers@@QAD@Z 1001b2a1 f i libucrt:output.obj
 0001:0001a2dd       ??0?$output_processor@DV?$string_output_adapter@D@__crt_stdio_output@@V?$standard_base@DV?$string_output_adapter@D@__crt_stdio_output@@@2@@__crt_stdio_output@@QAE@ABV?$string_output_adapter@D@1@_KQBDQAU__crt_locale_pointers@@QAD@Z 1001b2dd f i libucrt:output.obj
 0001:0001a312       ??0?$output_processor@_WV?$string_output_adapter@_W@__crt_stdio_output@@V?$standard_base@_WV?$string_output_adapter@_W@__crt_stdio_output@@@2@@__crt_stdio_output@@QAE@ABV?$string_output_adapter@_W@1@_KQB_WQAU__crt_locale_pointers@@QAD@Z 1001b312 f i libucrt:output.obj
 0001:0001a347       ??0_LocaleUpdate@@QAE@QAU__crt_locale_pointers@@@Z 1001b347 f i libucrt:output.obj
 0001:0001a3ca       ??1formatting_buffer@__crt_stdio_output@@QAE@XZ 1001b3ca f i libucrt:output.obj
 0001:0001a3e4       ??4?$__crt_unique_heap_ptr@DU__crt_internal_free_policy@@@@QAEAAV0@$$QAV0@@Z 1001b3e4 f i libucrt:output.obj
 0001:0001a408       ?crop_zeroes@__crt_stdio_output@@YAXPADQAU__crt_locale_pointers@@@Z 1001b408 f i libucrt:output.obj
 0001:0001a45f       ?find_next_state@?$output_processor@DV?$string_output_adapter@D@__crt_stdio_output@@V?$standard_base@DV?$string_output_adapter@D@__crt_stdio_output@@@2@@__crt_stdio_output@@ABE?AW4state@2@DW432@@Z 1001b45f f i libucrt:output.obj
 0001:0001a491       ?find_next_state@?$output_processor@_WV?$string_output_adapter@_W@__crt_stdio_output@@V?$standard_base@_WV?$string_output_adapter@_W@__crt_stdio_output@@@2@@__crt_stdio_output@@ABE?AW4state@2@_WW432@@Z 1001b491 f i libucrt:output.obj
 0001:0001a4c5       ?force_decimal_point@__crt_stdio_output@@YAXPADQAU__crt_locale_pointers@@@Z 1001b4c5 f i libucrt:output.obj
 0001:0001a521       ?parse_int_from_format_string@?$output_processor@DV?$string_output_adapter@D@__crt_stdio_output@@V?$standard_base@DV?$string_output_adapter@D@__crt_stdio_output@@@2@@__crt_stdio_output@@AAE_NQAH@Z 1001b521 f i libucrt:output.obj
 0001:0001a57d       ?parse_int_from_format_string@?$output_processor@_WV?$string_output_adapter@_W@__crt_stdio_output@@V?$standard_base@_WV?$string_output_adapter@_W@__crt_stdio_output@@@2@@__crt_stdio_output@@AAE_NQAH@Z 1001b57d f i libucrt:output.obj
 0001:0001a5db       ?process@?$output_processor@DV?$string_output_adapter@D@__crt_stdio_output@@V?$standard_base@DV?$string_output_adapter@D@__crt_stdio_output@@@2@@__crt_stdio_output@@QAEHXZ 1001b5db f i libucrt:output.obj
 0001:0001a6f7       ?process@?$output_processor@_WV?$string_output_adapter@_W@__crt_stdio_output@@V?$standard_base@_WV?$string_output_adapter@_W@__crt_stdio_output@@@2@@__crt_stdio_output@@QAEHXZ 1001b6f7 f i libucrt:output.obj
 0001:0001a817       ?state_case_flag@?$output_processor@DV?$string_output_adapter@D@__crt_stdio_output@@V?$standard_base@DV?$string_output_adapter@D@__crt_stdio_output@@@2@@__crt_stdio_output@@AAE_NXZ 1001b817 f i libucrt:output.obj
 0001:0001a854       ?state_case_flag@?$output_processor@_WV?$string_output_adapter@_W@__crt_stdio_output@@V?$standard_base@_WV?$string_output_adapter@_W@__crt_stdio_output@@@2@@__crt_stdio_output@@AAE_NXZ 1001b854 f i libucrt:output.obj
 0001:0001a891       ?state_case_normal@?$output_processor@DV?$string_output_adapter@D@__crt_stdio_output@@V?$standard_base@DV?$string_output_adapter@D@__crt_stdio_output@@@2@@__crt_stdio_output@@AAE_NXZ 1001b891 f i libucrt:output.obj
 0001:0001a8b0       ?state_case_normal@?$output_processor@_WV?$string_output_adapter@_W@__crt_stdio_output@@V?$standard_base@_WV?$string_output_adapter@_W@__crt_stdio_output@@@2@@__crt_stdio_output@@AAE_NXZ 1001b8b0 f i libucrt:output.obj
 0001:0001a8cf       ?state_case_normal_common@?$output_processor@DV?$string_output_adapter@D@__crt_stdio_output@@V?$standard_base@DV?$string_output_adapter@D@__crt_stdio_output@@@2@@__crt_stdio_output@@AAE_NXZ 1001b8cf f i libucrt:output.obj
 0001:0001a8f9       ?state_case_normal_common@?$output_processor@_WV?$string_output_adapter@_W@__crt_stdio_output@@V?$standard_base@_WV?$string_output_adapter@_W@__crt_stdio_output@@@2@@__crt_stdio_output@@AAE_NXZ 1001b8f9 f i libucrt:output.obj
 0001:0001a914       ?state_case_normal_tchar@?$output_processor@DV?$string_output_adapter@D@__crt_stdio_output@@V?$standard_base@DV?$string_output_adapter@D@__crt_stdio_output@@@2@@__crt_stdio_output@@AAE_ND@Z 1001b914 f i libucrt:output.obj
 0001:0001a975       ?state_case_precision@?$output_processor@DV?$string_output_adapter@D@__crt_stdio_output@@V?$standard_base@DV?$string_output_adapter@D@__crt_stdio_output@@@2@@__crt_stdio_output@@AAE_NXZ 1001b975 f i libucrt:output.obj
 0001:0001a99d       ?state_case_precision@?$output_processor@_WV?$string_output_adapter@_W@__crt_stdio_output@@V?$standard_base@_WV?$string_output_adapter@_W@__crt_stdio_output@@@2@@__crt_stdio_output@@AAE_NXZ 1001b99d f i libucrt:output.obj
 0001:0001a9c6       ?state_case_size@?$output_processor@DV?$string_output_adapter@D@__crt_stdio_output@@V?$standard_base@DV?$string_output_adapter@D@__crt_stdio_output@@@2@@__crt_stdio_output@@AAE_NXZ 1001b9c6 f i libucrt:output.obj
 0001:0001ab2f       ?state_case_size@?$output_processor@_WV?$string_output_adapter@_W@__crt_stdio_output@@V?$standard_base@_WV?$string_output_adapter@_W@__crt_stdio_output@@@2@@__crt_stdio_output@@AAE_NXZ 1001bb2f f i libucrt:output.obj
 0001:0001acab       ?state_case_type@?$output_processor@DV?$string_output_adapter@D@__crt_stdio_output@@V?$standard_base@DV?$string_output_adapter@D@__crt_stdio_output@@@2@@__crt_stdio_output@@AAE_NXZ 1001bcab f i libucrt:output.obj
 0001:0001aeda       ?state_case_type@?$output_processor@_WV?$string_output_adapter@_W@__crt_stdio_output@@V?$standard_base@_WV?$string_output_adapter@_W@__crt_stdio_output@@@2@@__crt_stdio_output@@AAE_NXZ 1001beda f i libucrt:output.obj
 0001:0001b137       ?state_case_width@?$output_processor@DV?$string_output_adapter@D@__crt_stdio_output@@V?$standard_base@DV?$string_output_adapter@D@__crt_stdio_output@@@2@@__crt_stdio_output@@AAE_NXZ 1001c137 f i libucrt:output.obj
[...]
 0002:00009ff4       __ehfuncinfo$?UpdateBackground@CPluginBackground@@IAEXXZ 10032ff4     PluginBackground.obj
 0002:0000a018       __unwindtable$??0CPluginBackground@@QAE@XZ 10033018     PluginBackground.obj
 0002:0000a020       __ehfuncinfo$??0CPluginBackground@@QAE@XZ 10033020     PluginBackground.obj
 0002:0000a044       __unwindtable$?PlugServerCommand@@YGHPAXPAUCESERVER_REQ@@AAPAU1@AAK3J@Z 10033044     PluginSrv.obj
 0002:0000a054       __ehfuncinfo$?PlugServerCommand@@YGHPAXPAUCESERVER_REQ@@AAPAU1@AAK3J@Z 10033054     PluginSrv.obj
 0002:0000a078       __sehtable$?SetThreadName@@YAXKPAD@Z 10033078     common-kernel32:WThreads.obj
 0002:0000a094       __unwindtable$?FindConEmuBaseDir@@YAHAAY0BAF@_W0PAUHINSTANCE__@@@Z 10033094     common-user32:ConEmuCheckEx.obj
 0002:0000a0a4       __ehfuncinfo$?FindConEmuBaseDir@@YAHAAY0BAF@_W0PAUHINSTANCE__@@@Z 100330a4     common-user32:ConEmuCheckEx.obj
 0002:0000a0c8       __unwindtable$?SearchAppPaths@@YA_NPB_WAAUCEStr@@_NPAU1@@Z 100330c8     common-user32:WFiles.obj
 0002:0000a0d0       __ehfuncinfo$?SearchAppPaths@@YA_NPB_WAAUCEStr@@_NPAU1@@Z 100330d0     common-user32:WFiles.obj
 0002:0000a0f8       __sehtable$?dllmain_crt_process_attach@@YAHQAUHINSTANCE__@@QAX@Z 100330f8     LIBCMT:dll_dllmain.obj
 0002:0000a118       __sehtable$?dllmain_crt_process_detach@@YAH_N@Z 10033118     LIBCMT:dll_dllmain.obj
 0002:0000a138       __sehtable$?dllmain_dispatch@@YAHQAUHINSTANCE__@@KQAX@Z 10033138     LIBCMT:dll_dllmain.obj
 0002:0000a158       __sehtable$___scrt_is_nonwritable_in_current_image 10033158     LIBCMT:utility.obj
 0002:0000a178       __sehtable$___DestructExceptionObject 10033178     libvcruntime:ehhelpers.obj
 0002:0000a198       __sehtable$___BuildCatchObject 10033198     libvcruntime:frame.obj
 0002:0000a1b8       __sehtable$___FrameUnwindToState 100331b8     libvcruntime:frame.obj
 0002:0000a1e0       __sehtable$?CallCatchBlock@@YAPAXPAUEHExceptionRecord@@PAUEHRegistrationNode@@PAU_CONTEXT@@PBU_s_FuncInfo@@PAXHK@Z 100331e0     libvcruntime:frame.obj
 0002:0000a208       __catchsym$?CallUnexpected@@YAXPBU_s_ESTypeList@@@Z$2 10033208     libvcruntime:frame.obj
 0002:0000a218       __unwindtable$?CallUnexpected@@YAXPBU_s_ESTypeList@@@Z 10033218     libvcruntime:frame.obj
 0002:0000a228       __tryblocktable$?CallUnexpected@@YAXPBU_s_ESTypeList@@@Z 10033228     libvcruntime:frame.obj
 0002:0000a23c       __ehfuncinfo$?CallUnexpected@@YAXPBU_s_ESTypeList@@@Z 1003323c     libvcruntime:frame.obj
 0002:0000a260       __sehtable$___BuildCatchObjectHelper 10033260     libvcruntime:frame.obj
 0002:0000a2d0       __sehtable$?common_exit@@YAXHW4_crt_exit_cleanup_mode@@W4_crt_exit_return_mode@@@Z 100332d0     libucrt:exit.obj
 0002:0000a2f8       __sehtable$??$?RV<lambda_800076c951b434888f4765a74a194fcc>@@AAV<lambda_4e60a939b0d047cfe11ddc22648dfba9>@@V<lambda_6dbb1268764f43b569ce7b67e331d33a>@@@?$__crt_seh_guarded_call@H@@QAEH$$QAV<lambda_800076c951b434888f4765a74a194fcc>@@AAV<lambda_4e60a939b0d047cfe11ddc22648dfba9>@@$$QAV<lambda_6dbb1268764f43b569ce7b67e331d33a>@@@Z 100332f8     libucrt:onexit.obj
 0002:0000a318       __sehtable$??$?RV<lambda_995298e7d72eb4c2aab26c0585b3abe5>@@AAV<lambda_275893d493268fdec8709772e3fcec0e>@@V<lambda_293819299cbf9a7022e18b56a874bb5c>@@@?$__crt_seh_guarded_call@H@@QAEH$$QAV<lambda_995298e7d72eb4c2aab26c0585b3abe5>@@AAV<lambda_275893d493268fdec8709772e3fcec0e>@@$$QAV<lambda_293819299cbf9a7022e18b56a874bb5c>@@@Z 10033318     libucrt:onexit.obj
 0002:0000a338       __sehtable$_terminate      10033338     libucrt:terminate.obj
 0002:0000a358       __sehtable$??$?RV<lambda_9df27f884b057bc3edfc946cb5b7cf47>@@AAV<lambda_e69574bed617af4e071282c136b37893>@@V<lambda_cc0d902bcbbeb830f749456577db4721>@@@?$__crt_seh_guarded_call@X@@QAEX$$QAV<lambda_9df27f884b057bc3edfc946cb5b7cf47>@@AAV<lambda_e69574bed617af4e071282c136b37893>@@$$QAV<lambda_cc0d902bcbbeb830f749456577db4721>@@@Z 10033358     libucrt:per_thread_data.obj
 0002:0000a378       __sehtable$??$?RV<lambda_3518db117f0e7cdb002338c5d3c47b6c>@@AAV<lambda_b2ea41f6bbb362cd97d94c6828d90b61>@@V<lambda_abdedf541bb04549bc734292b4a045d4>@@@?$__crt_seh_guarded_call@X@@QAEX$$QAV<lambda_3518db117f0e7cdb002338c5d3c47b6c>@@AAV<lambda_b2ea41f6bbb362cd97d94c6828d90b61>@@$$QAV<lambda_abdedf541bb04549bc734292b4a045d4>@@@Z 10033378     libucrt:per_thread_data.obj
 0002:0000a398       __sehtable$??$?RV<lambda_51b6e8b1eb166f2a3faf91f424b38130>@@AAV<lambda_6250bd4b2a391816dd638c3bf72b0bcb>@@V<lambda_0b5a4a3e68152e1d9b943535f5f47bed>@@@?$__crt_seh_guarded_call@X@@QAEX$$QAV<lambda_51b6e8b1eb166f2a3faf91f424b38130>@@AAV<lambda_6250bd4b2a391816dd638c3bf72b0bcb>@@$$QAV<lambda_0b5a4a3e68152e1d9b943535f5f47bed>@@@Z 10033398     libucrt:per_thread_data.obj
 0002:0000a3b8       __sehtable$??$?RV<lambda_5b71d36f03204c0beab531769a5b5694>@@AAV<lambda_be2b3da3f62db62e9dad5dc70221a656>@@V<lambda_8f9ce462984622f9bf76b59e2aaaf805>@@@?$__crt_seh_guarded_call@X@@QAEX$$QAV<lambda_5b71d36f03204c0beab531769a5b5694>@@AAV<lambda_be2b3da3f62db62e9dad5dc70221a656>@@$$QAV<lambda_8f9ce462984622f9bf76b59e2aaaf805>@@@Z 100333b8     libucrt:per_thread_data.obj
 0002:0000a3d8       __sehtable$___acrt_uninitialize_locale 100333d8     libucrt:wsetlocale.obj
 0002:0000a3f8       __sehtable$___acrt_initialize_lowio 100333f8     libucrt:ioinit.obj
 0002:0000a418       __sehtable$___acrt_update_thread_multibyte_data 10033418     libucrt:mbctype.obj
 0002:0000a438       __sehtable$??$?RV<lambda_978dc153c237d78434369da87b74ff60>@@AAV<lambda_ad1ced32f4ac17aa236e5ef05d6b3b7c>@@V<lambda_4a8533e2866a575feecb8298ce776b0d>@@@?$__crt_seh_guarded_call@X@@QAEX$$QAV<lambda_978dc153c237d78434369da87b74ff60>@@AAV<lambda_ad1ced32f4ac17aa236e5ef05d6b3b7c>@@$$QAV<lambda_4a8533e2866a575feecb8298ce776b0d>@@@Z 10033438     libucrt:mbctype.obj
 0002:0000a458       __sehtable$__query_new_handler 10033458     libucrt:new_handler.obj
 0002:0000a478       __sehtable$_raise          10033478     libucrt:signal.obj
 0002:0000a498       __sehtable$??$?RV<lambda_a048d3beccc847880fc8490e18b82769>@@AAV<lambda_ec61778202f4f5fc7e7711acc23c3bca>@@V<lambda_f7496a158712204296dd6628a163878e>@@@?$__crt_seh_guarded_call@P6AXH@Z@@QAEP6AXH@Z$$QAV<lambda_a048d3beccc847880fc8490e18b82769>@@AAV<lambda_ec61778202f4f5fc7e7711acc23c3bca>@@$$QAV<lambda_f7496a158712204296dd6628a163878e>@@@Z 10033498     libucrt:signal.obj
 0002:0000a4b8       __sehtable$___acrt_update_thread_locale_data 100334b8     libucrt:locale_refcounting.obj
 0002:0000a4d8       __sehtable$__fcloseall     100334d8     libucrt:closeall.obj
 0002:0000a4f8       __sehtable$_common_flush_all 100334f8     libucrt:fflush.obj
 0002:0000a520       __sehtable$___acrt_lowio_ensure_fh_exists 10033520     libucrt:osfinfo.obj
 0002:0000a540       __sehtable$__write         10033540     libucrt:write.obj
 0002:0000a560       __sehtable$_fclose         10033560     libucrt:fclose.obj
 0002:0000a580       __sehtable$??$?RV<lambda_61cee617f5178ae960314fd4d05640a0>@@AAV<lambda_6978c1fb23f02e42e1d9e99668cc68aa>@@V<lambda_9cd88cf8ad10232537feb2133f08c833>@@@?$__crt_seh_guarded_call@H@@QAEH$$QAV<lambda_61cee617f5178ae960314fd4d05640a0>@@AAV<lambda_6978c1fb23f02e42e1d9e99668cc68aa>@@$$QAV<lambda_9cd88cf8ad10232537feb2133f08c833>@@@Z 10033580     libucrt:commit.obj
 0002:0000a5a0       __sehtable$??$?RV<lambda_123407a5e2ac06da108355a851863b7a>@@AAV<lambda_2fe9b910cf3cbf4a0ab98a02ba45b3ec>@@V<lambda_ae55bdf541ad94d75914d381c370e64d>@@@?$__crt_seh_guarded_call@H@@QAEH$$QAV<lambda_123407a5e2ac06da108355a851863b7a>@@AAV<lambda_2fe9b910cf3cbf4a0ab98a02ba45b3ec>@@$$QAV<lambda_ae55bdf541ad94d75914d381c370e64d>@@@Z 100335a0     libucrt:close.obj
 0002:0000a5c0       __sehtable$__IsNonwritableInCurrentImage 100335c0     LIBCMT:pesect.obj
 0002:0000a5e0       .edata                     100335e0     ConEmu.exp
 0002:0000a608       rgpv                       10033608     ConEmu.exp
 0002:0000a674       rgszName                   10033674     ConEmu.exp
 0002:0000a6e0       rgwOrd                     100336e0     ConEmu.exp
 0002:0000a716       szName                     10033716     ConEmu.exp
 0002:0000a721       $N00001                    10033721     ConEmu.exp
 0002:0000a731       $N00002                    10033731     ConEmu.exp
 0002:0000a739       $N00003                    10033739     ConEmu.exp
 0002:0000a745       $N00004                    10033745     ConEmu.exp
 0002:0000a750       $N00005                    10033750     ConEmu.exp
 0002:0000a75e       $N00006                    1003375e     ConEmu.exp
 0002:0000a76f       $N00007                    1003376f     ConEmu.exp
 0002:0000a77d       $N00008                    1003377d     ConEmu.exp
 0002:0000a78c       $N00009                    1003378c     ConEmu.exp
 0002:0000a79c       $N00010                    1003379c     ConEmu.exp
 0002:0000a7a7       $N00011                    100337a7     ConEmu.exp
 0002:0000a7ad       $N00012                    100337ad     ConEmu.exp
 0002:0000a7c0       $N00013                    100337c0     ConEmu.exp
 0002:0000a7d3       $N00014                    100337d3     ConEmu.exp
 0002:0000a7e6       $N00015                    100337e6     ConEmu.exp
 0002:0000a7f9       $N00016                    100337f9     ConEmu.exp
 0002:0000a80b       $N00017                    1003380b     ConEmu.exp
 0002:0000a81a       $N00018                    1003381a     ConEmu.exp
 0002:0000a826       $N00019                    10033826     ConEmu.exp
 0002:0000a82f       $N00020                    1003382f     ConEmu.exp
 0002:0000a83e       $N00021                    1003383e     ConEmu.exp
 0002:0000a850       $N00022                    10033850     ConEmu.exp
 0002:0000a85c       $N00023                    1003385c     ConEmu.exp
 0002:0000a870       $N00024                    10033870     ConEmu.exp
 0002:0000a884       $N00025                    10033884     ConEmu.exp
 0002:0000a899       $N00026                    10033899     ConEmu.exp
 0002:0000a8ad       $N00027                    100338ad     ConEmu.exp
 0002:0000acae       .idata$6                   10033cae     version:VERSION.dll
 0002:0000b208       .idata$6                   10034208     kernel32:KERNEL32.dll
 0002:0000b314       .idata$6                   10034314     user32:USER32.dll
 0002:0000b3b4       .idata$6                   100343b4     gdi32:GDI32.dll
 0002:0000b3f0       .idata$6                   100343f0     advapi32:ADVAPI32.dll
 0003:00000100       ?rc@?CE@??Open@CPluginW2800@@UAEPAXPBX@Z@4UFarMacroCall@@A 10035100     ConEmuPlugin2800.obj
 0003:00000118       ?val@?CE@??Open@CPluginW2800@@UAEPAXPBX@Z@4UFarMacroValue@@A 10035118     ConEmuPlugin2800.obj
 0003:00000250       ?__vcrt_flsindex@@3KA      10035250     libvcruntime:per_thread_data.obj
 0003:00000280       _errno_no_memory           10035280     libucrt:errno.obj
 0003:00000284       _doserrno_no_memory        10035284     libucrt:errno.obj
 0003:00000288       ___acrt_flsindex           10035288     libucrt:per_thread_data.obj
 0003:00000400       ___rgctypeflag             10035400     libucrt:mbctype.obj
 0003:00000408       ___rgcode_page_info        10035408     libucrt:mbctype.obj
 0003:00000b48       ?store@?M@??GetPanelInfo@CPluginW1900@@UAE_NKPAUCEPanelInfo@@@Z@4UPanelInfo@@A 10035b48     ConEmuPlugin1900.obj
 0003:00000b98       ?szMenu@?1??GetPluginInfoPtr@CPluginW1900@@UAEXPAX@Z@4PAPA_WA 10035b98     ConEmuPlugin1900.obj
 0003:00000ba0       ?szMenu1@?1??GetPluginInfoPtr@CPluginW1900@@UAEXPAX@Z@4PA_WA 10035ba0     ConEmuPlugin1900.obj
 0003:00000da0       ?WLastActive@?1??UpdateConEmuTabsApi@CPluginW1900@@UAE_NH@Z@4UWindowInfo@@A 10035da0     ConEmuPlugin1900.obj
 0003:00000dd0       ?pwList@@3PAV?$MArray@UWindowInfo@@@@A 10035dd0     ConEmuPlugin2800.obj
 0003:00000dd8       ?store@?M@??GetPanelInfo@CPluginW2800@@UAE_NKPAUCEPanelInfo@@@Z@4UPanelInfo@@A 10035dd8     ConEmuPlugin2800.obj
 0003:00000e28       ?szMenu@?1??GetPluginInfoPtr@CPluginW2800@@UAEXPAX@Z@4PAPA_WA 10035e28     ConEmuPlugin2800.obj
 0003:00000e30       ?szMenu1@?1??GetPluginInfoPtr@CPluginW2800@@UAEXPAX@Z@4PA_WA 10035e30     ConEmuPlugin2800.obj
 0003:00001030       ?WLastActive@?1??UpdateConEmuTabsApi@CPluginW2800@@UAE_NH@Z@4UWindowInfo@@A 10036030     ConEmuPlugin2800.obj
 0003:00001060       ?ghSyncDlg@@3PAXA          10036060     ConEmuPlugin995.obj
 0003:00001068       ?store@?M@??GetPanelInfo@CPluginW995@@UAE_NKPAUCEPanelInfo@@@Z@4UPanelInfo@@A 10036068     ConEmuPlugin995.obj
 0003:000010ac       ?szMenu@?1??GetPluginInfoPtr@CPluginW995@@UAEXPAX@Z@4PAPA_WA 100360ac     ConEmuPlugin995.obj
 0003:000010b0       ?szMenu1@?1??GetPluginInfoPtr@CPluginW995@@UAEXPAX@Z@4PA_WA 100360b0     ConEmuPlugin995.obj
 0003:000012b8       ?store@?M@??GetPanelInfo@CPluginAnsi@@UAE_NKPAUCEPanelInfo@@@Z@4UPanelInfo@@A 100362b8     ConEmuPluginA.obj
 0003:000014a8       ?szMenu@?1??GetPluginInfoPtr@CPluginAnsi@@UAEXPAX@Z@4PAPADA 100364a8     ConEmuPluginA.obj
 0003:000014b0       ?szMenu1@?1??GetPluginInfoPtr@CPluginAnsi@@UAEXPAX@Z@4PADA 100364b0     ConEmuPluginA.obj
 0003:00002790       ?gbTryOpenMapHeader@@3HA   10037790     ConEmuPluginBase.obj
 0003:00002794       ?gbStartupHooksAfterMap@@3HA 10037794     ConEmuPluginBase.obj
 0003:00002798       ?siEnabled@?1??CheckBufferEnabled@CPluginBase@@QAE_NXZ@4HA 10037798     ConEmuPluginBase.obj
 0003:0000279c       ?dwLastTickCount@?7??CheckResources@CPluginBase@@QAEX_N@Z@4KA 1003779c     ConEmuPluginBase.obj
 0003:000027a0       ?$TSS0@?7??CheckResources@CPluginBase@@QAEX_N@Z@4HA 100377a0     ConEmuPluginBase.obj
 0003:000027a4       ?dwLastTickCount@?9??OnConsolePeekReadInput@CPluginBase@@SAX_N@Z@4KA 100377a4     ConEmuPluginBase.obj
 0003:00002a00       ?szFile@?1??ModuleName@@YAPB_WPB_W@Z@4PA_WA 10037a00     common-kernel32:ConEmuCheck.obj
 0003:00002a44       ?gh_UnknownTerminatedThread@@3PAXA 10037a44     common-kernel32:WThreads.obj
 0003:00002a48       ?g_Threads@@3PAUConEmuThreadInfo@@A 10037a48     common-kernel32:WThreads.obj
 0003:0000a24c       ?rtlVerifyVersionInfo@?1??_VerifyVersionInfo@@YA_NPAU_OSVERSIONINFOEXW@@K_K@Z@4P6GH0K1@ZA 1003f24c     common-kernel32:WObjects.obj
 0003:0000a250       ?hasRtl@?1??_VerifyVersionInfo@@YA_NPAU_OSVERSIONINFOEXW@@K_K@Z@4HA 1003f250     common-kernel32:WObjects.obj
 0003:0000a254       ?ibIsWin6@?1??IsWin6@@YA_NXZ@4HA 1003f254     common-kernel32:WObjects.obj
 0003:0000a258       ?is64bitOs@?1??IsWindows64@@YA_NXZ@4_NA 1003f258     common-kernel32:WObjects.obj
 0003:0000a259       ?isOsChecked@?1??IsWindows64@@YA_NXZ@4_NA 1003f259     common-kernel32:WObjects.obj
 0003:0000a260       ?szNil@?1??GetCommand@CESERVER_REQ_NEWCMD@@QAEPA_WXZ@4PA_WA 1003f260     common-kernel32:Common.obj
 0003:0000a26c       ?TerminalMode@?1??isTerminalMode@@YA_NXZ@4_NA 1003f26c     common-kernel32:MProcess.obj
 0003:0000a26d       ?TerminalChecked@?1??isTerminalMode@@YA_NXZ@4_NA 1003f26d     common-kernel32:MProcess.obj
 0003:0000a26e       ?bSysInfoRetrieved@?1??IsModuleValid@@YA_NPAUHINSTANCE__@@H@Z@4_NA 1003f26e     common-kernel32:WModuleCheck.obj
 0003:0000a270       ?si@?1??IsModuleValid@@YA_NPAUHINSTANCE__@@H@Z@4U_SYSTEM_INFO@@A 1003f270     common-kernel32:WModuleCheck.obj
 0003:0000a2a0       ?_Tss_mutex@@3U_RTL_CRITICAL_SECTION@@A 1003f2a0     LIBCMT:thread_safe_statics.obj
 0003:0000a2b8       ?_Tss_cv@@3U_RTL_CONDITION_VARIABLE@@A 1003f2b8     LIBCMT:thread_safe_statics.obj
 0003:0000a2bc       ?_Tss_event@@3PAXA         1003f2bc     LIBCMT:thread_safe_statics.obj
 0003:0000a2c0       ?encoded_sleep_condition_variable_cs@@3P6GHPAU_RTL_CONDITION_VARIABLE@@PAU_RTL_CRITICAL_SECTION@@K@ZA 1003f2c0     LIBCMT:thread_safe_statics.obj
 0003:0000a2c4       ?encoded_wake_all_condition_variable@@3P6GXPAU_RTL_CONDITION_VARIABLE@@@ZA 1003f2c4     LIBCMT:thread_safe_statics.obj
 0003:0000a2c8       ?__proc_attached@@3HA      1003f2c8     LIBCMT:dll_dllmain.obj
 0003:0000a2cc       ?module_local_atexit_table@@3U_onexit_table_t@@A 1003f2cc     LIBCMT:utility.obj
 0003:0000a2d8       ?module_local_at_quick_exit_table@@3U_onexit_table_t@@A 1003f2d8     LIBCMT:utility.obj
 0003:0000a2e4       ?module_local_atexit_table_initialized@@3_NA 1003f2e4     LIBCMT:utility.obj
 0003:0000a2f0       ?is_initialized_as_dll@@3_NA 1003f2f0     LIBCMT:utility.obj
 0003:0000a2f8       _GS_ExceptionRecord        1003f2f8     LIBCMT:gs_report.obj
 0003:0000a348       _GS_ContextRecord          1003f348     LIBCMT:gs_report.obj
 0003:0000a634       ?__vcrt_startup_thread_ptd@@3U__vcrt_ptd@@A 1003f634     libvcruntime:per_thread_data.obj
 0003:0000a660       ___vcrt_lock_table         1003f660     libvcruntime:locks.obj
 0003:0000a678       ___vcrt_locks_initialized  1003f678     libvcruntime:locks.obj
 0003:0000a67c       ?module_handles@@3PAPAUHINSTANCE__@@A 1003f67c     libvcruntime:winapi_downlevel.obj
 0003:0000a688       ?encoded_function_pointers@@3PAPAXA 1003f688     libvcruntime:winapi_downlevel.obj
 0003:0000a6c4       ?heap@@3V_HeapManager@@A   1003f6c4     libvcruntime:undname.obj
 0003:0000a6d8       _c_termination_complete    1003f6d8     libucrt:exit.obj
 0003:0000a6dc       _thread_local_exit_callback_func 1003f6dc     libucrt:exit.obj
 0003:0000a6e0       ?c_exit_complete@?5??common_exit@@YAXHW4_crt_exit_cleanup_mode@@W4_crt_exit_return_mode@@@Z@4_NA 1003f6e0     libucrt:exit.obj
 0003:0000a6e8       ?program_name@?5???$common_configure_argv@D@@YAHW4_crt_argv_mode@@@Z@4PADA 1003f6e8     libucrt:argv_parsing.obj
 0003:0000a818       ___acrt_invalid_parameter_handler 1003f818     libucrt:invalid_parameter.obj
 0003:0000a824       _enable_percent_n          1003f824     libucrt:printf_count_output.obj
 0003:0000aa40       ___acrt_lock_table         1003fa40     libucrt:locks.obj
 0003:0000ab78       ___acrt_locks_initialized  1003fb78     libucrt:locks.obj
 0003:0000ab80       _module_handles            1003fb80     libucrt:winapi_thunks.obj
 0003:0000abd0       _encoded_function_pointers 1003fbd0     libucrt:winapi_thunks.obj
 0003:0000ac50       ?state_cache@?1??__acrt_is_packaged_app@@9@4JA 1003fc50     libucrt:winapi_thunks.obj
 0003:0000ac6c       _fSystemSet                1003fc6c     libucrt:mbctype.obj
 0003:0000ac70       ?initialized@?1??__acrt_initialize_multibyte@@9@4_NA 1003fc70     libucrt:mbctype.obj
 0003:0000ac90       ___acrt_new_handler        1003fc90     libucrt:new_handler.obj
 0003:0000ac94       _ctrlc_action              1003fc94     libucrt:signal.obj
 0003:0000ac98       _ctrlbreak_action          1003fc98     libucrt:signal.obj
 0003:0000ac9c       _abort_action              1003fc9c     libucrt:signal.obj
 0003:0000aca0       _term_action               1003fca0     libucrt:signal.obj
 0003:0000aca4       _user_matherr              1003fca4     libucrt:matherr.obj
 0003:0000aca8       ___acrt_global_new_mode    1003fca8     libucrt:new_mode.obj
 0003:0000acb4       ___acrt_app_type           1003fcb4     libucrt:report_runtime_error.obj
 0003:0000acbc       __pmatherr_set             1003fcbc     libucrt:libm_error.obj
 0003:0000ad14       ?gbPauseConsoleWasRequested@@3_NA 1003fd14     common-kernel32:WConsole.obj
 0003:0000ad18       ?GetCurrentConsoleFontEx@?1??apiGetCurrentConsoleFontEx@@YAHPAXHPAUMY_CONSOLE_FONT_INFOEX@@@Z@4P6GH0H1@ZA 1003fd18     common-kernel32:WConsole.obj
 0003:0000ad1c       ?bFuncChecked@?1??apiGetCurrentConsoleFontEx@@YAHPAXHPAUMY_CONSOLE_FONT_INFOEX@@@Z@4_NA 1003fd1c     common-kernel32:WConsole.obj
 0003:0000ad20       ?SetCurrentConsoleFontEx@?1??apiSetCurrentConsoleFontEx@@YAHPAXHPAUMY_CONSOLE_FONT_INFOEX@@@Z@4P6GH0H1@ZA 1003fd20     common-kernel32:WConsole.obj
 0003:0000ad24       ?bFuncChecked@?1??apiSetCurrentConsoleFontEx@@YAHPAXHPAUMY_CONSOLE_FONT_INFOEX@@@Z@4_NA 1003fd24     common-kernel32:WConsole.obj
 0004:000000a0       $R000000                   100400a0     ConEmu.res
 0004:000003a8       $R000308                   100403a8     ConEmu.res
