 gdi+

 Timestamp is 5b32b115 (Wed Jun 27 00:33:09 2018)

 Preferred load address is 0000000180000000

 Start         Length     Name                   Class
 0001:00000000 00010210H .text$mn                CODE
 0001:00010210 00000020H .text$mn$00             CODE
 0001:00010230 00000270H .text$x                 CODE
 0002:00000000 00000310H .idata$5                DATA
 0002:00000310 00000010H .00cfg                  DATA
 0002:00000320 00000008H .CRT$XCA                DATA
 0002:00000328 00000008H .CRT$XCZ                DATA
 0002:00000330 00000008H .CRT$XIA                DATA
 0002:00000338 00000018H .CRT$XIC                DATA
 0002:00000350 00000008H .CRT$XIZ                DATA
 0002:00000358 00000008H .CRT$XPA                DATA
 0002:00000360 00000010H .CRT$XPX                DATA
 0002:00000370 00000008H .CRT$XPXA               DATA
 0002:00000378 00000008H .CRT$XPZ                DATA
 0002:00000380 00000008H .CRT$XTA                DATA
 0002:00000388 00000008H .CRT$XTZ                DATA
 0002:00000390 00000000H .gfids$x                DATA
 0002:00000390 00000000H .gfids$y                DATA
 0002:00000390 00007db0H .rdata                  DATA
 0002:00008140 00000000H .rdata$r                DATA
 0002:00008140 00000300H .rdata$zzzdbg           DATA
 0002:00008440 00000008H .rtc$IAA                DATA
 0002:00008448 00000008H .rtc$IZZ                DATA
 0002:00008450 00000008H .rtc$TAA                DATA
 0002:00008458 00000008H .rtc$TZZ                DATA
 0002:00008460 00000d30H .xdata                  DATA
 0002:00009190 00000000H .xdata$x                DATA
 0002:00009190 00000094H .edata                  DATA
 0002:00009224 00000050H .idata$2                DATA
 0002:00009274 00000014H .idata$3                DATA
 0002:00009288 00000310H .idata$4                DATA
 0002:00009598 000006b8H .idata$6                DATA
 0003:00000000 00000900H .data                   DATA
 0003:00000900 00000000H .data$r                 DATA
 0003:00000900 000099b8H .bss                    DATA
 0004:00000000 00000ffcH .pdata                  DATA
 0005:00000000 000000a0H .rsrc$01                DATA
 0005:000000a0 00000490H .rsrc$02                DATA

  Address         Publics by Value              Rva+Base               Lib:Object

 0000:00000000       __guard_iat_table          0000000000000000     <absolute>
 0000:00000000       __dynamic_value_reloc_table 0000000000000000     <absolute>
 0000:00000000       __hybrid_code_map          0000000000000000     <absolute>
 0000:00000000       __hybrid_code_map_count    0000000000000000     <absolute>
 0000:00000000       __guard_iat_count          0000000000000000     <absolute>
 0000:00000000       __hybrid_auxiliary_iat     0000000000000000     <absolute>
 0000:00000000       __guard_longjmp_table      0000000000000000     <absolute>
 0000:00000000       __guard_longjmp_count      0000000000000000     <absolute>
 0000:00000000       __guard_fids_count         0000000000000000     <absolute>
 0000:00000000       __enclave_config           0000000000000000     <absolute>
 0000:00000000       ___safe_se_handler_table   0000000000000000     <absolute>
 0000:00000000       ___safe_se_handler_count   0000000000000000     <absolute>
 0000:00000000       __guard_fids_table         0000000000000000     <absolute>
 0000:00000100       __guard_flags              0000000000000100     <absolute>
 0000:00000000       __ImageBase                0000000180000000     <linker-defined>
 0001:00000000       ?CET_Cancel@@YAXPEAX@Z     0000000180001000 f   gdip.obj
 0001:00000018       ?CET_Done@@YAXPEAUCET_Init@@@Z 0000000180001018 f   gdip.obj
 0001:00000040       ?CET_Free@@YAXPEAUCET_LoadInfo@@@Z 0000000180001040 f   gdip.obj
 0001:000000e4       ?CET_Init@@YAHPEAU0@@Z     00000001800010e4 f   gdip.obj
 0001:00000174       ?CET_Load@@YAHPEAUCET_LoadInfo@@@Z 0000000180001174 f   gdip.obj
 0001:00000430       ?CalculateShowSize@GDIPlusImage@@QEAAXAEAH0000@Z 0000000180001430 f i gdip.obj
 0001:000005b0       ?Close@GDIPlusDecoder@@QEAAXXZ 00000001800015b0 f i gdip.obj
 0001:00000680       ?Close@GDIPlusImage@@QEAAXXZ 0000000180001680 f i gdip.obj
 0001:00000700       ?DrawImageAbortCallback@GDIPlusImage@@SAHPEAUGDIPlusDecoder@@@Z 0000000180001700 f i gdip.obj
 0001:0000070c       ?FreeThreadProc@GDIPlusDecoder@@SAKPEAX@Z 000000018000170c f i gdip.obj
 0001:0000072c       ?GetExifTagValueAsInt@GDIPlusImage@@QEAA_NKAEAH@Z 000000018000172c f i gdip.obj
 0001:0000080c       ?GetPageBits@GDIPlusImage@@QEAA_NPEAUCET_LoadInfo@@@Z 000000018000180c f i gdip.obj
 0001:00000d18       ?Init@GDIPlusDecoder@@QEAA_NPEAUCET_Init@@@Z 0000000180001d18 f i gdip.obj
 0001:00001024       ?Open@GDIPlusImage@@QEAA_N_NPEB_WPEBE_JU_COORD@@@Z 0000000180002024 f i gdip.obj
 0001:000013ec       ?SelectPage@GDIPlusImage@@QEAA_NI@Z 00000001800023ec f i gdip.obj
 0001:000014b8       ??2@YAPEAX_K@Z             00000001800024b8 f   common-kernel64:Memory.obj
 0001:000014ec       ??3@YAXPEAX@Z              00000001800024ec f   common-kernel64:Memory.obj
 0001:000014ec       ??_V@YAXPEAX@Z             00000001800024ec f   common-kernel64:Memory.obj
 0001:00001514       ??_U@YAPEAX_K@Z            0000000180002514 f   common-kernel64:Memory.obj
 0001:00001528       ?HeapDeinitialize@@YAXXZ   0000000180002528 f   common-kernel64:Memory.obj
 0001:0000154c       ?HeapInitialize@@YA_NXZ    000000018000254c f   common-kernel64:Memory.obj
 0001:00001580       ??$sprintf_c@$0CI@@@YAHAEAY0CI@DPEBDZZ 0000000180002580 f i common-kernel64:WThreads.obj
 0001:000015ac       ?SetThreadName@@YAXKPEAD@Z 00000001800025ac f   common-kernel64:WThreads.obj
 0001:000015e4       ?StringCchVPrintfA@@YAJPEAD_KPEBD0@Z 00000001800025e4 f i common-kernel64:WThreads.obj
 0001:0000168c       ?apiCreateThread@@YAPEAXP6AKPEAX@Z0PEAKPEBDH@Z 000000018000268c f   common-kernel64:WThreads.obj
 0001:000017e0       ?apiTerminateThreadEx@@YAHPEAXKPEBDH@Z 00000001800027e0 f   common-kernel64:WThreads.obj
 0001:000018e8       ?apiThreadHelper@@YAKPEAX@Z 00000001800028e8 f   common-kernel64:WThreads.obj
 0001:00001af4       __local_stdio_printf_options 0000000180002af4 f i common-kernel64:WThreads.obj
 0001:00001afc       ?sprintf_c@@YAHPEAD_JPEBDZZ 0000000180002afc f   common-kernel64:MStrSafe.obj
 0001:00001b3c       __raise_securityfailure    0000000180002b3c f   LIBCMT:gs_report.obj
 0001:00001b70       __report_gsfailure         0000000180002b70 f   LIBCMT:gs_report.obj
 0001:00001c44       __report_rangecheckfailure 0000000180002c44 f   LIBCMT:gs_report.obj
 0001:00001c58       __report_securityfailure   0000000180002c58 f   LIBCMT:gs_report.obj
 0001:00001dd8       __GSHandlerCheck           0000000180002dd8 f   LIBCMT:_gshandler_.obj
 0001:00001df8       __GSHandlerCheckCommon     0000000180002df8 f   LIBCMT:_gshandler_.obj
 0001:00001e70       __security_check_cookie    0000000180002e70 f   LIBCMT:_amdsecgs_.obj
 0001:000021b4       _DllMainCRTStartup         00000001800031b4 f   LIBCMT:dll_dllmain.obj
 0001:000021f4       ??3@YAXPEAX_K@Z            00000001800031f4 f   LIBCMT:delete_scalar_size.obj
 0001:000021fc       __security_init_cookie     00000001800031fc f   LIBCMT:gs_support.obj
 0001:000022ac       DllMain                    00000001800032ac f   LIBCMT:dll_dllmain_stub.obj
 0001:000022ac       _get_startup_argv_mode     00000001800032ac f   LIBCMT:argv_mode.obj
 0001:000022b4       ?__scrt_initialize_type_info@@YAXXZ 00000001800032b4 f   LIBCMT:tncleanup.obj
 0001:000022c4       ?__scrt_uninitialize_type_info@@YAXXZ 00000001800032c4 f   LIBCMT:tncleanup.obj
 0001:000022d0       __local_stdio_scanf_options 00000001800032d0 f i LIBCMT:default_local_stdio_options.obj
 0001:000022d8       __scrt_initialize_default_local_stdio_options 00000001800032d8 f   LIBCMT:default_local_stdio_options.obj
 0001:000022f4       __scrt_acquire_startup_lock 00000001800032f4 f   LIBCMT:utility.obj
 0001:00002330       __scrt_dllmain_after_initialize_c 0000000180003330 f   LIBCMT:utility.obj
 0001:00002364       __scrt_dllmain_before_initialize_c 0000000180003364 f   LIBCMT:utility.obj
 0001:0000237c       __scrt_dllmain_crt_thread_attach 000000018000337c f   LIBCMT:utility.obj
 0001:000023a4       __scrt_dllmain_crt_thread_detach 00000001800033a4 f   LIBCMT:utility.obj
 0001:000023bc       __scrt_dllmain_exception_filter 00000001800033bc f   LIBCMT:utility.obj
 0001:0000241c       __scrt_dllmain_uninitialize_c 000000018000341c f   LIBCMT:utility.obj
 0001:0000244c       __scrt_dllmain_uninitialize_critical 000000018000344c f   LIBCMT:utility.obj
 0001:00002460       __scrt_initialize_crt      0000000180003460 f   LIBCMT:utility.obj
 0001:000024ac       __scrt_initialize_onexit_tables 00000001800034ac f   LIBCMT:utility.obj
 0001:00002588       __scrt_is_nonwritable_in_current_image 0000000180003588 f   LIBCMT:utility.obj
 0001:00002624       __scrt_release_startup_lock 0000000180003624 f   LIBCMT:utility.obj
 0001:00002648       __scrt_uninitialize_crt    0000000180003648 f   LIBCMT:utility.obj
 0001:00002674       __scrt_get_dyn_tls_init_callback 0000000180003674 f   LIBCMT:dyn_tls_init.obj
 0001:0000267c       __crt_debugger_hook        000000018000367c f   LIBCMT:utility_desktop.obj
 0001:00002684       __scrt_fastfail            0000000180003684 f   LIBCMT:utility_desktop.obj
 0001:000027d0       _RTC_Initialize            00000001800037d0 f   LIBCMT:_initsect_.obj
 0001:0000280c       _RTC_Terminate             000000018000380c f   LIBCMT:_initsect_.obj
 0001:00002848       _guard_check_icall_nop     0000000180003848 f i LIBCMT:guard_support.obj
 0001:0000284c       __isa_available_init       000000018000384c f   LIBCMT:_cpu_disp_.obj
 0001:00002a08       __scrt_is_ucrt_dll_in_use  0000000180003a08 f   LIBCMT:ucrt_detection.obj
 0001:00002a20       wcsrchr                    0000000180003a20 f   libvcruntime:wcsrchr.obj
 0001:00002af0       memset                     0000000180003af0 f   libvcruntime:memset.obj
 0001:00002ca0       strchr                     0000000180003ca0 f   libvcruntime:strchr.obj
 0001:00002d2c       strrchr                    0000000180003d2c f   libvcruntime:strrchr.obj
 0001:00002e78       __C_specific_handler       0000000180003e78 f   libvcruntime:_riscchandler_.obj
 0001:00003084       __std_type_info_destroy_list 0000000180004084 f   libvcruntime:std_type_info.obj
 0001:000030b0       __vcrt_initialize          00000001800040b0 f   libvcruntime:initialization.obj
 0001:000030e4       __vcrt_thread_attach       00000001800040e4 f   libvcruntime:initialization.obj
 0001:000030f8       __vcrt_thread_detach       00000001800040f8 f   libvcruntime:initialization.obj
 0001:0000310c       __vcrt_uninitialize        000000018000410c f   libvcruntime:initialization.obj
 0001:0000312c       __vcrt_uninitialize_critical 000000018000412c f   libvcruntime:initialization.obj
 0001:00003150       _local_unwind              0000000180004150 f   libvcruntime:_jmpuwind_.obj
 0001:00003180       _NLG_Notify                0000000180004180 f   libvcruntime:_jmpuwind_.obj
 0001:000031a0       __NLG_Dispatch2            00000001800041a0 f   libvcruntime:_jmpuwind_.obj
 0001:000031b0       __NLG_Return2              00000001800041b0 f   libvcruntime:_jmpuwind_.obj
 0001:000031b4       __except_validate_context_record 00000001800041b4 f   libvcruntime:jbcxrval.obj
 0001:000031ec       __vcrt_freefls             00000001800041ec f   libvcruntime:per_thread_data.obj
 0001:0000320c       __vcrt_freeptd             000000018000420c f   libvcruntime:per_thread_data.obj
 0001:0000325c       __vcrt_getptd_noexit       000000018000425c f   libvcruntime:per_thread_data.obj
 0001:00003314       __vcrt_initialize_ptd      0000000180004314 f   libvcruntime:per_thread_data.obj
 0001:00003364       __vcrt_uninitialize_ptd    0000000180004364 f   libvcruntime:per_thread_data.obj
 0001:00003388       __vcrt_initialize_locks    0000000180004388 f   libvcruntime:locks.obj
 0001:000033d0       __vcrt_uninitialize_locks  00000001800043d0 f   libvcruntime:locks.obj
 0001:000035e0       __vcrt_FlsAlloc            00000001800045e0 f   libvcruntime:winapi_downlevel.obj
 0001:00003628       __vcrt_FlsFree             0000000180004628 f   libvcruntime:winapi_downlevel.obj
 0001:00003670       __vcrt_FlsGetValue         0000000180004670 f   libvcruntime:winapi_downlevel.obj
 0001:000036b8       __vcrt_FlsSetValue         00000001800046b8 f   libvcruntime:winapi_downlevel.obj
 0001:0000370c       __vcrt_InitializeCriticalSectionEx 000000018000470c f   libvcruntime:winapi_downlevel.obj
 0001:00003770       __vcrt_initialize_winapi_thunks 0000000180004770 f   libvcruntime:winapi_downlevel.obj
 0001:000037a0       __vcrt_uninitialize_winapi_thunks 00000001800047a0 f   libvcruntime:winapi_downlevel.obj
 0001:000037e0       __vcrt_initialize_pure_virtual_call_handler 00000001800047e0 f   libvcruntime:purevirt_data.obj
 0001:00003800       memmove                    0000000180004800 f   libvcruntime:memcpy.obj
 0001:00003800       memcpy                     0000000180004800 f   libvcruntime:memcpy.obj
 0001:00003c60       _CallSettingFrame          0000000180004c60 f   libvcruntime:handlers.obj
 0001:00003ca0       __DestructExceptionObject  0000000180004ca0 f   libvcruntime:ehhelpers.obj
 0001:00003d14       ?_CallMemberFunction0@@YAXQEAX0@Z 0000000180004d14 f i libvcruntime:ehhelpers.obj
 0001:00003d18       ??$ensure_buffer_is_big_enough@D@formatting_buffer@__crt_stdio_output@@QEAA_N_K@Z 0000000180004d18 f i libucrt:output.obj
 0001:00003dc4       ??$is_wide_character_specifier@D@__crt_stdio_output@@YA_N_KDW4length_modifier@0@@Z 0000000180004dc4 f i libucrt:output.obj
 0001:00003df4       ??$type_case_integer_parse_into_buffer@I@?$output_processor@DV?$string_output_adapter@D@__crt_stdio_output@@V?$standard_base@DV?$string_output_adapter@D@__crt_stdio_output@@@2@@__crt_stdio_output@@AEAAXII_N@Z 0000000180004df4 f i libucrt:output.obj
 0001:00003e90       ??$type_case_integer_parse_into_buffer@_K@?$output_processor@DV?$string_output_adapter@D@__crt_stdio_output@@V?$standard_base@DV?$string_output_adapter@D@__crt_stdio_output@@@2@@__crt_stdio_output@@AEAAX_KI_N@Z 0000000180004e90 f i libucrt:output.obj
 0001:00003f2c       ??$write_multiple_characters@V?$string_output_adapter@D@__crt_stdio_output@@D@__crt_stdio_output@@YAXAEBV?$string_output_adapter@D@0@DHQEAH@Z 0000000180004f2c f i libucrt:output.obj
 0001:00003f88       ??0?$output_processor@DV?$string_output_adapter@D@__crt_stdio_output@@V?$standard_base@DV?$string_output_adapter@D@__crt_stdio_output@@@2@@__crt_stdio_output@@QEAA@AEBV?$string_output_adapter@D@1@_KQEBDQEAU__crt_locale_pointers@@QEAD@Z 0000000180004f88 f i libucrt:output.obj
 0001:00004004       ??0_LocaleUpdate@@QEAA@QEAU__crt_locale_pointers@@@Z 0000000180005004 f i libucrt:output.obj
 0001:00004094       ?force_decimal_point@__crt_stdio_output@@YAXPEADQEAU__crt_locale_pointers@@@Z 0000000180005094 f i libucrt:output.obj
 0001:00004104       ?parse_int_from_format_string@?$output_processor@DV?$string_output_adapter@D@__crt_stdio_output@@V?$standard_base@DV?$string_output_adapter@D@__crt_stdio_output@@@2@@__crt_stdio_output@@AEAA_NQEAH@Z 0000000180005104 f i libucrt:output.obj
 0001:00004188       ?process@?$output_processor@DV?$string_output_adapter@D@__crt_stdio_output@@V?$standard_base@DV?$string_output_adapter@D@__crt_stdio_output@@@2@@__crt_stdio_output@@QEAAHXZ 0000000180005188 f i libucrt:output.obj
 0001:0000438c       ?state_case_normal@?$output_processor@DV?$string_output_adapter@D@__crt_stdio_output@@V?$standard_base@DV?$string_output_adapter@D@__crt_stdio_output@@@2@@__crt_stdio_output@@AEAA_NXZ 000000018000538c f i libucrt:output.obj
 0001:00004400       ?state_case_normal_tchar@?$output_processor@DV?$string_output_adapter@D@__crt_stdio_output@@V?$standard_base@DV?$string_output_adapter@D@__crt_stdio_output@@@2@@__crt_stdio_output@@AEAA_ND@Z 0000000180005400 f i libucrt:output.obj
 0001:00004498       ?state_case_size@?$output_processor@DV?$string_output_adapter@D@__crt_stdio_output@@V?$standard_base@DV?$string_output_adapter@D@__crt_stdio_output@@@2@@__crt_stdio_output@@AEAA_NXZ 0000000180005498 f i libucrt:output.obj
 0001:00004614       ?state_case_type@?$output_processor@DV?$string_output_adapter@D@__crt_stdio_output@@V?$standard_base@DV?$string_output_adapter@D@__crt_stdio_output@@@2@@__crt_stdio_output@@AEAA_NXZ 0000000180005614 f i libucrt:output.obj
 0001:00004890       ?type_case_Z@?$output_processor@DV?$string_output_adapter@D@__crt_stdio_output@@V?$standard_base@DV?$string_output_adapter@D@__crt_stdio_output@@@2@@__crt_stdio_output@@AEAA_NXZ 0000000180005890 f i libucrt:output.obj
 0001:00004910       ?type_case_a@?$output_processor@DV?$string_output_adapter@D@__crt_stdio_output@@V?$standard_base@DV?$string_output_adapter@D@__crt_stdio_output@@@2@@__crt_stdio_output@@AEAA_NXZ 0000000180005910 f i libucrt:output.obj
 0001:00004b2c       ?type_case_c_tchar@?$output_processor@DV?$string_output_adapter@D@__crt_stdio_output@@V?$standard_base@DV?$string_output_adapter@D@__crt_stdio_output@@@2@@__crt_stdio_output@@AEAA_ND@Z 0000000180005b2c f i libucrt:output.obj
 0001:00004be0       ?type_case_integer@?$output_processor@DV?$string_output_adapter@D@__crt_stdio_output@@V?$standard_base@DV?$string_output_adapter@D@__crt_stdio_output@@@2@@__crt_stdio_output@@AEAA_NI_N@Z 0000000180005be0 f i libucrt:output.obj
 0001:00004d80       ?type_case_n@?$output_processor@DV?$string_output_adapter@D@__crt_stdio_output@@V?$standard_base@DV?$string_output_adapter@D@__crt_stdio_output@@@2@@__crt_stdio_output@@AEAA_NXZ 0000000180005d80 f i libucrt:output.obj
 0001:00004e5c       ?type_case_s@?$output_processor@DV?$string_output_adapter@D@__crt_stdio_output@@V?$standard_base@DV?$string_output_adapter@D@__crt_stdio_output@@@2@@__crt_stdio_output@@AEAA_NXZ 0000000180005e5c f i libucrt:output.obj
 0001:00004eec       ?write_stored_string_tchar@?$output_processor@DV?$string_output_adapter@D@__crt_stdio_output@@V?$standard_base@DV?$string_output_adapter@D@__crt_stdio_output@@@2@@__crt_stdio_output@@AEAA_ND@Z 0000000180005eec f i libucrt:output.obj
 0001:00004fc4       ?write_string@?$string_output_adapter@D@__crt_stdio_output@@QEBAXQEBDHQEAH1@Z 0000000180005fc4 f i libucrt:output.obj
 0001:00005080       __stdio_common_vsprintf    0000000180006080 f   libucrt:output.obj
 0001:000052b4       wcsncmp                    00000001800062b4 f   libucrt:wcsncmp.obj
 0001:000052e0       _initterm                  00000001800062e0 f   libucrt:initterm.obj
 0001:00005358       _initterm_e                0000000180006358 f   libucrt:initterm.obj
 0001:000053a4       _seh_filter_dll            00000001800063a4 f   libucrt:exception_filter.obj
 0001:000053b8       _seh_filter_exe            00000001800063b8 f   libucrt:exception_filter.obj
 0001:00005778       __acrt_initialize_thread_local_exit_callback 0000000180006778 f   libucrt:exit.obj
 0001:00005780       _cexit                     0000000180006780 f   libucrt:exit.obj
 0001:00005790       _exit                      0000000180006790 f   libucrt:exit.obj
 0001:0000579c       _is_c_termination_complete 000000018000679c f   libucrt:exit.obj
 0001:00005960       __acrt_allocate_buffer_for_argv 0000000180006960 f   libucrt:argv_parsing.obj
 0001:000059c4       _configure_narrow_argv     00000001800069c4 f   libucrt:argv_parsing.obj
 0001:00005d20       __dcrt_uninitialize_environments_nolock 0000000180006d20 f   libucrt:environment_initialization.obj
 0001:00005d58       _initialize_narrow_environment 0000000180006d58 f   libucrt:environment_initialization.obj
 0001:00005d60       ??$?RV<lambda_e24bbb7b643b32fcea6fa61b31d4c984>@@AEAV<lambda_275893d493268fdec8709772e3fcec0e>@@V<lambda_9d71df4d7cf3f480f8d633942495c3b0>@@@?$__crt_seh_guarded_call@H@@QEAAH$$QEAV<lambda_e24bbb7b643b32fcea6fa61b31d4c984>@@AEAV<lambda_275893d493268fdec8709772e3fcec0e>@@$$QEAV<lambda_9d71df4d7cf3f480f8d633942495c3b0>@@@Z 0000000180006d60 f i libucrt:onexit.obj
 0001:00005f00       _execute_onexit_table      0000000180006f00 f   libucrt:onexit.obj
 0001:00005f3c       _initialize_onexit_table   0000000180006f3c f   libucrt:onexit.obj
 0001:00005fb4       __acrt_uninitialize_command_line 0000000180006fb4 f   libucrt:argv_data.obj
 0001:000060b4       __acrt_initialize          00000001800070b4 f   libucrt:initialization.obj
 0001:000060c8       __acrt_thread_attach       00000001800070c8 f   libucrt:initialization.obj
 0001:000060dc       __acrt_thread_detach       00000001800070dc f   libucrt:initialization.obj
 0001:000060ec       __acrt_uninitialize        00000001800070ec f   libucrt:initialization.obj
 0001:00006100       __acrt_uninitialize_critical 0000000180007100 f   libucrt:initialization.obj
 0001:00006110       terminate                  0000000180007110 f   libucrt:terminate.obj
 0001:00006138       free                       0000000180007138 f   libucrt:free.obj
 0001:00006140       strcpy_s                   0000000180007140 f   libucrt:strcpy_s.obj
 0001:000061a0       ??$is_overflow_condition@K@__crt_strtox@@YA_NIK@Z 00000001800071a0 f i libucrt:atox.obj
 0001:000061cc       ??$parse_integer@KV?$c_string_character_source@D@__crt_strtox@@@__crt_strtox@@YAKQEAU__crt_locale_pointers@@V?$c_string_character_source@D@0@H_N@Z 00000001800071cc f i libucrt:atox.obj
 0001:000064f0       strncmp                    00000001800074f0 f   libucrt:strncmp.obj
 0001:00006570       abort                      0000000180007570 f   libucrt:abort.obj
 0001:000065c8       calloc                     00000001800075c8 f   libucrt:calloc.obj
 0001:000065d0       __acrt_call_reportfault    00000001800075d0 f   libucrt:invalid_parameter.obj
 0001:0000672c       __acrt_initialize_invalid_parameter_handler 000000018000772c f   libucrt:invalid_parameter.obj
 0001:00006734       _invalid_parameter         0000000180007734 f   libucrt:invalid_parameter.obj
 0001:000067dc       _invalid_parameter_noinfo  00000001800077dc f   libucrt:invalid_parameter.obj
 0001:000067fc       _invoke_watson             00000001800077fc f   libucrt:invalid_parameter.obj
 0001:00006844       isdigit                    0000000180007844 f i libucrt:_ctype.obj
 0001:00006908       _tolower_l                 0000000180007908 f   libucrt:tolower_toupper.obj
 0001:00006a48       tolower                    0000000180007a48 f   libucrt:tolower_toupper.obj
 0001:00006a74       __acrt_errno_from_os_error 0000000180007a74 f   libucrt:errno.obj
 0001:00006abc       __acrt_errno_map_os_error  0000000180007abc f   libucrt:errno.obj
 0001:00006b0c       __doserrno                 0000000180007b0c f   libucrt:errno.obj
 0001:00006b2c       _errno                     0000000180007b2c f   libucrt:errno.obj
 0001:00006b4c       _free_base                 0000000180007b4c f   libucrt:free_base.obj
 0001:00006b8c       _malloc_base               0000000180007b8c f   libucrt:malloc_base.obj
 0001:00006bec       ??$make_c_string_character_source@DPEAPEAD@__crt_strtox@@YA?AV?$c_string_character_source@D@0@QEBDQEAPEAD@Z 0000000180007bec f i libucrt:strtox.obj
 0001:00006c00       strtol                     0000000180007c00 f   libucrt:strtox.obj
 0001:00006c30       _mbtowc_l                  0000000180007c30 f   libucrt:mbtowc.obj
 0001:00006d78       mbtowc                     0000000180007d78 f   libucrt:mbtowc.obj
 0001:00006d80       _wctomb_s_l                0000000180007d80 f   libucrt:wctomb.obj
 0001:00006f04       wctomb_s                   0000000180007f04 f   libucrt:wctomb.obj
 0001:00006f18       strnlen                    0000000180007f18 f   libucrt:strnlen.obj
 0001:00007074       wcsnlen                    0000000180008074 f   libucrt:strnlen.obj
 0001:00007264       ??$?RV<lambda_46352004c1216016012b18bd6f87e700>@@AEAV<lambda_3bd07e1a1191394380780325891bf33f>@@V<lambda_334532d3f185bcaa59b5be82d7d22bff>@@@?$__crt_seh_guarded_call@X@@QEAAX$$QEAV<lambda_46352004c1216016012b18bd6f87e700>@@AEAV<lambda_3bd07e1a1191394380780325891bf33f>@@$$QEAV<lambda_334532d3f185bcaa59b5be82d7d22bff>@@@Z 0000000180008264 f i libucrt:per_thread_data.obj
 0001:000072c4       ??$?RV<lambda_5e887d1dcbef67a5eb4283622ba103bf>@@AEAV<lambda_4466841279450cc726390878d4a41900>@@V<lambda_341c25c0346d94847f1f3c463c57e077>@@@?$__crt_seh_guarded_call@X@@QEAAX$$QEAV<lambda_5e887d1dcbef67a5eb4283622ba103bf>@@AEAV<lambda_4466841279450cc726390878d4a41900>@@$$QEAV<lambda_341c25c0346d94847f1f3c463c57e077>@@@Z 00000001800082c4 f i libucrt:per_thread_data.obj
 0001:0000730c       ??$?RV<lambda_72d1df2b273a38828b1ce30cbf4cdab5>@@AEAV<lambda_876a65b173b8412d3a47c70a915b0cf4>@@V<lambda_41932305e351933ebe8f8be3ed8bb5dc>@@@?$__crt_seh_guarded_call@X@@QEAAX$$QEAV<lambda_72d1df2b273a38828b1ce30cbf4cdab5>@@AEAV<lambda_876a65b173b8412d3a47c70a915b0cf4>@@$$QEAV<lambda_41932305e351933ebe8f8be3ed8bb5dc>@@@Z 000000018000830c f i libucrt:per_thread_data.obj
 0001:0000734c       ??$?RV<lambda_fb3a7dec4e47f37f22dae91bb15c9095>@@AEAV<lambda_698284760c8add0bfb0756c19673e34b>@@V<lambda_dfb8eca1e75fef3034a8fb18dd509707>@@@?$__crt_seh_guarded_call@X@@QEAAX$$QEAV<lambda_fb3a7dec4e47f37f22dae91bb15c9095>@@AEAV<lambda_698284760c8add0bfb0756c19673e34b>@@$$QEAV<lambda_dfb8eca1e75fef3034a8fb18dd509707>@@@Z 000000018000834c f i libucrt:per_thread_data.obj
 0001:000075dc       __acrt_freeptd             00000001800085dc f   libucrt:per_thread_data.obj
 0001:00007620       __acrt_getptd              0000000180008620 f   libucrt:per_thread_data.obj
 0001:000076b4       __acrt_getptd_noexit       00000001800086b4 f   libucrt:per_thread_data.obj
 0001:00007754       __acrt_initialize_ptd      0000000180008754 f   libucrt:per_thread_data.obj
 0001:00007790       __acrt_uninitialize_ptd    0000000180008790 f   libucrt:per_thread_data.obj
 0001:000077b4       __acrt_update_locale_info  00000001800087b4 f   libucrt:locale_update.obj
 0001:000077e8       __acrt_update_multibyte_info 00000001800087e8 f   libucrt:locale_update.obj
 0001:0000781c       ?__acrt_fp_classify@@YA?AW4__acrt_fp_class@@AEBN@Z 000000018000881c f i libucrt:cvt.obj
 0001:00008254       __acrt_fp_format           0000000180009254 f   libucrt:cvt.obj
 0001:00008498       _fileno                    0000000180009498 f   libucrt:fileno.obj
 0001:000084c0       __acrt_initialize_stdio    00000001800094c0 f   libucrt:_file.obj
 0001:000085e0       __acrt_uninitialize_stdio  00000001800095e0 f   libucrt:_file.obj
 0001:0000863c       _lock_file                 000000018000963c f   libucrt:_file.obj
 0001:00008648       _unlock_file               0000000180009648 f   libucrt:_file.obj
 0001:00008654       _get_printf_count_output   0000000180009654 f   libucrt:printf_count_output.obj
 0001:0000866c       __acrt_set_locale_changed  000000018000966c f   libucrt:wsetlocale.obj
 0001:00008678       __acrt_uninitialize_locale 0000000180009678 f   libucrt:wsetlocale.obj
 0001:000088a8       __acrt_initialize_lowio    00000001800098a8 f   libucrt:ioinit.obj
 0001:000088e4       __acrt_uninitialize_lowio  00000001800098e4 f   libucrt:ioinit.obj
 0001:00008924       __acrt_initialize_locks    0000000180009924 f   libucrt:locks.obj
 0001:0000896c       __acrt_lock                000000018000996c f   libucrt:locks.obj
 0001:00008988       __acrt_uninitialize_locks  0000000180009988 f   libucrt:locks.obj
 0001:000089c0       __acrt_unlock              00000001800099c0 f   libucrt:locks.obj
 0001:00008b7c       __acrt_FlsAlloc            0000000180009b7c f   libucrt:winapi_thunks.obj
 0001:00008bd4       __acrt_FlsFree             0000000180009bd4 f   libucrt:winapi_thunks.obj
 0001:00008c2c       __acrt_FlsGetValue         0000000180009c2c f   libucrt:winapi_thunks.obj
 0001:00008c84       __acrt_FlsSetValue         0000000180009c84 f   libucrt:winapi_thunks.obj
 0001:00008cec       __acrt_InitializeCriticalSectionEx 0000000180009cec f   libucrt:winapi_thunks.obj
 0001:00008d64       __acrt_LCMapStringEx       0000000180009d64 f   libucrt:winapi_thunks.obj
 0001:00008e54       __acrt_LocaleNameToLCID    0000000180009e54 f   libucrt:winapi_thunks.obj
 0001:00008ebc       __acrt_initialize_winapi_thunks 0000000180009ebc f   libucrt:winapi_thunks.obj
 0001:00008ef4       __acrt_is_packaged_app     0000000180009ef4 f   libucrt:winapi_thunks.obj
 0001:00008f7c       __acrt_uninitialize_winapi_thunks 0000000180009f7c f   libucrt:winapi_thunks.obj
 0001:00008fc0       _calloc_base               0000000180009fc0 f   libucrt:calloc_base.obj
 0001:00009514       ?expand_if_necessary@?$argument_list@D@?A0xca0879c4@@AEAAHXZ 000000018000a514 f i libucrt:argv_wildcards.obj
 0001:000095dc       __acrt_expand_narrow_argv_wildcards 000000018000a5dc f   libucrt:argv_wildcards.obj
 0001:000095e4       ??$?RV<lambda_99476a1ad63dd22509b5d3e65b0ffc95>@@AEAV<lambda_ad1ced32f4ac17aa236e5ef05d6b3b7c>@@V<lambda_f7424dd8d45958661754dc4f2697e9c3>@@@?$__crt_seh_guarded_call@X@@QEAAX$$QEAV<lambda_99476a1ad63dd22509b5d3e65b0ffc95>@@AEAV<lambda_ad1ced32f4ac17aa236e5ef05d6b3b7c>@@$$QEAV<lambda_f7424dd8d45958661754dc4f2697e9c3>@@@Z 000000018000a5e4 f i libucrt:mbctype.obj
 0001:00009ce0       __acrt_initialize_multibyte 000000018000ace0 f   libucrt:mbctype.obj
 0001:00009d08       __acrt_update_thread_multibyte_data 000000018000ad08 f   libucrt:mbctype.obj
 0001:00009dc8       _setmbcp_nolock            000000018000adc8 f   libucrt:mbctype.obj
 0001:0000a0e8       _ismbblead                 000000018000b0e8 f   libucrt:ismbbyte.obj
 0001:0000a0fc       __acrt_initialize_command_line 000000018000b0fc f   libucrt:argv_data.obj
 0001:0000a124       __dcrt_get_narrow_environment_from_os 000000018000b124 f   libucrt:get_environment_from_os.obj
 0001:0000a228       _recalloc                  000000018000b228 f   libucrt:recalloc.obj
 0001:0000a230       _recalloc_base             000000018000b230 f   libucrt:recalloc.obj
 0001:0000a2c8       __acrt_initialize_heap     000000018000b2c8 f   libucrt:heap_handle.obj
 0001:0000a2e4       __acrt_uninitialize_heap   000000018000b2e4 f   libucrt:heap_handle.obj
 0001:0000a2f0       __acrt_execute_initializers 000000018000b2f0 f   libucrt:shared_initialization.obj
 0001:0000a384       __acrt_execute_uninitializers 000000018000b384 f   libucrt:shared_initialization.obj
 0001:0000a3d4       __acrt_initialize_new_handler 000000018000b3d4 f   libucrt:new_handler.obj
 0001:0000a3dc       _callnewh                  000000018000b3dc f   libucrt:new_handler.obj
 0001:0000a41c       _query_new_handler         000000018000b41c f   libucrt:new_handler.obj
 0001:0000a450       ??$?RV<lambda_c36588078e9f5dfd39652860aa6b3aaf>@@AEAV<lambda_ec61778202f4f5fc7e7711acc23c3bca>@@V<lambda_dc9d2797ccde5d239b4a0efae8ebd7db>@@@?$__crt_seh_guarded_call@P6AXH@Z@@QEAAP6AXH@Z$$QEAV<lambda_c36588078e9f5dfd39652860aa6b3aaf>@@AEAV<lambda_ec61778202f4f5fc7e7711acc23c3bca>@@$$QEAV<lambda_dc9d2797ccde5d239b4a0efae8ebd7db>@@@Z 000000018000b450 f i libucrt:signal.obj
 0001:0000a498       __acrt_get_sigabrt_handler 000000018000b498 f   libucrt:signal.obj
 0001:0000a4c8       __acrt_initialize_signal_handlers 000000018000b4c8 f   libucrt:signal.obj
 0001:0000a4e8       raise                      000000018000b4e8 f   libucrt:signal.obj
 0001:0000a784       __acrt_has_user_matherr    000000018000b784 f   libucrt:matherr.obj
 0001:0000a7a4       __acrt_initialize_user_matherr 000000018000b7a4 f   libucrt:matherr.obj
 0001:0000a7ac       __acrt_invoke_user_matherr 000000018000b7ac f   libucrt:matherr.obj
 0001:0000a7f4       __pctype_func              000000018000b7f4 f   libucrt:ctype.obj
 0001:0000a824       _isctype_l                 000000018000b824 f   libucrt:isctype.obj
 0001:0000a934       _isleadbyte_l              000000018000b934 f i libucrt:_wctype.obj
 0001:0000acd0       __acrt_LCMapStringA        000000018000bcd0 f   libucrt:lcmapstringa.obj
 0001:0000ad68       _query_new_mode            000000018000bd68 f   libucrt:new_mode.obj
 0001:0000ad70       __acrt_add_locale_ref      000000018000bd70 f   libucrt:locale_refcounting.obj
 0001:0000adfc       __acrt_free_locale         000000018000bdfc f   libucrt:locale_refcounting.obj
 0001:0000af74       __acrt_locale_add_lc_time_reference 000000018000bf74 f   libucrt:locale_refcounting.obj
 0001:0000af9c       __acrt_locale_free_lc_time_if_unreferenced 000000018000bf9c f   libucrt:locale_refcounting.obj
 0001:0000afd4       __acrt_locale_release_lc_time_reference 000000018000bfd4 f   libucrt:locale_refcounting.obj
 0001:0000affc       __acrt_release_locale_ref  000000018000bffc f   libucrt:locale_refcounting.obj
 0001:0000b0a4       __acrt_update_thread_locale_data 000000018000c0a4 f   libucrt:locale_refcounting.obj
 0001:0000b114       _updatetlocinfoEx_nolock   000000018000c114 f   libucrt:locale_refcounting.obj
 0001:0000b17c       __acrt_fp_strflt_to_string 000000018000c17c f   libucrt:_fptostr.obj
 0001:0000b240       ?divide@__crt_strtox@@YA_KAEAUbig_integer@1@AEBU21@@Z 000000018000c240 f i libucrt:cfout.obj
 0001:0000b710       __acrt_fltout              000000018000c710 f   libucrt:cfout.obj
 0001:0000cb04       _fcloseall                 000000018000db04 f   libucrt:closeall.obj
 0001:0000cbb8       __acrt_stdio_flush_nolock  000000018000dbb8 f   libucrt:fflush.obj
 0001:0000cc30       _fflush_nolock             000000018000dc30 f   libucrt:fflush.obj
 0001:0000cc7c       _flushall                  000000018000dc7c f   libucrt:fflush.obj
 0001:0000cd6c       __acrt_stdio_free_buffer_nolock 000000018000dd6c f   libucrt:_freebuf.obj
 0001:0000cdac       _isatty                    000000018000ddac f   libucrt:isatty.obj
 0001:0000ce0c       __acrt_locale_free_monetary 000000018000de0c f   libucrt:initmon.obj
 0001:0000cf18       __acrt_locale_free_numeric 000000018000df18 f   libucrt:initnum.obj
 0001:0000cfdc       __acrt_locale_free_time    000000018000dfdc f   libucrt:inittime.obj
 0001:0000d0e4       __acrt_GetStringTypeA      000000018000e0e4 f   libucrt:getstringtypea.obj
 0001:0000d298       __acrt_lowio_create_handle_array 000000018000e298 f   libucrt:osfinfo.obj
 0001:0000d330       __acrt_lowio_destroy_handle_array 000000018000e330 f   libucrt:osfinfo.obj
 0001:0000d380       __acrt_lowio_ensure_fh_exists 000000018000e380 f   libucrt:osfinfo.obj
 0001:0000d438       __acrt_lowio_lock_fh       000000018000e438 f   libucrt:osfinfo.obj
 0001:0000d45c       __acrt_lowio_unlock_fh     000000018000e45c f   libucrt:osfinfo.obj
 0001:0000d480       _free_osfhnd               000000018000e480 f   libucrt:osfinfo.obj
 0001:0000d53c       _get_osfhandle             000000018000e53c f   libucrt:osfinfo.obj
 0001:0000d67c       __acrt_DownlevelLocaleNameToLCID 000000018000e67c f   libucrt:lcidtoname_downlevel.obj
 0001:0000d780       qsort                      000000018000e780 f   libucrt:qsort.obj
 0001:0000dab4       strncpy_s                  000000018000eab4 f   libucrt:strncpy_s.obj
 0001:0000db88       strpbrk                    000000018000eb88 f   libucrt:strpbrk.obj
 0001:0000dc28       _mbsdec                    000000018000ec28 f   libucrt:mbsdec.obj
 0001:0000dc30       _mbsdec_l                  000000018000ec30 f   libucrt:mbsdec.obj
 0001:0000dce0       _msize                     000000018000ece0 f   libucrt:msize.obj
 0001:0000dd1c       _realloc_base              000000018000ed1c f   libucrt:realloc_base.obj
 0001:0000dda0       __strncnt                  000000018000eda0 f   libucrt:strncnt.obj
 0001:0000ddb8       fegetenv                   000000018000edb8 f   libucrt:fegetenv.obj
 0001:0000ddd8       fesetenv                   000000018000edd8 f   libucrt:fesetenv.obj
 0001:0000de24       feholdexcept               000000018000ee24 f   libucrt:feholdexcept.obj
 0001:0000de74       ceil                       000000018000ee74 f   libucrt:ceil.obj
 0001:0000df40       log10                      000000018000ef40 f   libucrt:log10.obj
 0001:0000ea8c       _write                     000000018000fa8c f   libucrt:write.obj
 0001:0000eb78       _write_nolock              000000018000fb78 f   libucrt:write.obj
 0001:0000eef8       _lseeki64_nolock           000000018000fef8 f   libucrt:lseek.obj
 0001:0000ef00       _fclose_nolock             000000018000ff00 f   libucrt:fclose.obj
 0001:0000ef84       fclose                     000000018000ff84 f   libucrt:fclose.obj
 0001:0000eff0       ??$?RV<lambda_b521505b218e5242e90febf6bfebc422>@@AEAV<lambda_6978c1fb23f02e42e1d9e99668cc68aa>@@V<lambda_314360699dd331753a4119843814e9a7>@@@?$__crt_seh_guarded_call@H@@QEAAH$$QEAV<lambda_b521505b218e5242e90febf6bfebc422>@@AEAV<lambda_6978c1fb23f02e42e1d9e99668cc68aa>@@$$QEAV<lambda_314360699dd331753a4119843814e9a7>@@@Z 000000018000fff0 f i libucrt:commit.obj
 0001:0000f07c       _commit                    000000018001007c f   libucrt:commit.obj
 0001:0000f110       _query_app_type            0000000180010110 f   libucrt:report_runtime_error.obj
 0001:0000f118       _getfpcontrolword          0000000180010118 f   libucrt:_fenvutils.obj
 0001:0000f130       _getfpstatusword           0000000180010130 f   libucrt:_fenvutils.obj
 0001:0000f144       _setfpcontrolword          0000000180010144 f   libucrt:_fenvutils.obj
 0001:0000f150       _setfpstatusword           0000000180010150 f   libucrt:_fenvutils.obj
 0001:0000f1a0       _clearfp                   00000001800101a0 f   libucrt:ieee.obj
 0001:0000f1f4       _controlfp                 00000001800101f4 f   libucrt:ieee.obj
 0001:0000f200       _statusfp                  0000000180010200 f   libucrt:ieee.obj
 0001:0000f604       _handle_error              0000000180010604 f   libucrt:libm_error.obj
 0001:0000f72c       _handle_nan                000000018001072c f   libucrt:libm_error.obj
 0001:0000f750       __acrt_initialize_fma3     0000000180010750 f   libucrt:fma3_available.obj
 0001:0000f7c0       _log10_special             00000001800107c0 f   libucrt:log_special.obj
 0001:0000f878       _putwch_nolock             0000000180010878 f   libucrt:putwch.obj
 0001:0000f8d4       ??$?RV<lambda_bfedae4ebbf01fab1bb6dcc6a9e276e0>@@AEAV<lambda_2fe9b910cf3cbf4a0ab98a02ba45b3ec>@@V<lambda_237c231691f317818eb88cc1d5d642d6>@@@?$__crt_seh_guarded_call@H@@QEAAH$$QEAV<lambda_bfedae4ebbf01fab1bb6dcc6a9e276e0>@@AEAV<lambda_2fe9b910cf3cbf4a0ab98a02ba45b3ec>@@$$QEAV<lambda_237c231691f317818eb88cc1d5d642d6>@@@Z 00000001800108d4 f i libucrt:close.obj
 0001:0000f948       _close                     0000000180010948 f   libucrt:close.obj
 0001:0000f9ec       _close_nolock              00000001800109ec f   libucrt:close.obj
 0001:0000faa8       ?__acrt_stdio_free_stream@@YAXV__crt_stdio_stream@@@Z 0000000180010aa8 f   libucrt:stream.obj
 0001:0000fb00       _get_fpsr                  0000000180010b00 f   libucrt:fpsr.obj
 0001:0000fb10       _set_fpsr                  0000000180010b10 f   libucrt:fpsr.obj
 0001:0000fb1a       _fclrf                     0000000180010b1a f   libucrt:fpsr.obj
 0001:0000fb2e       _frnd                      0000000180010b2e f   libucrt:fpsr.obj
 0001:0000fb50       _raise_exc                 0000000180010b50 f   libucrt:fpexcept.obj
 0001:0000fb78       _raise_exc_ex              0000000180010b78 f   libucrt:fpexcept.obj
 0001:0000fe80       _set_errno_from_matherr    0000000180010e80 f   libucrt:fpexcept.obj
 0001:0000feb0       _clrfp                     0000000180010eb0 f   libucrt:fpctrl.obj
 0001:0000fed0       _ctrlfp                    0000000180010ed0 f   libucrt:fpctrl.obj
 0001:0000ff4c       _set_statfp                0000000180010f4c f   libucrt:fpctrl.obj
 0001:0000ff6c       _statfp                    0000000180010f6c f   libucrt:fpctrl.obj
 0001:0000ff80       __dcrt_lowio_initialize_console_output 0000000180010f80 f   libucrt:initcon.obj
 0001:0000ffbc       __dcrt_terminate_console_output 0000000180010fbc f   libucrt:initcon.obj
 0001:0000ffdc       IsProcessorFeaturePresent  0000000180010fdc f   kernel32:KERNEL32.dll
 0001:0000ffe2       RtlUnwindEx                0000000180010fe2 f   kernel32:KERNEL32.dll
 0001:0000fff0       _FindPESection             0000000180010ff0 f   LIBCMT:pesect.obj
 0001:00010040       _IsNonwritableInCurrentImage 0000000180011040 f   LIBCMT:pesect.obj
 0001:00010090       _ValidateImageBase         0000000180011090 f   LIBCMT:pesect.obj
 0001:000100d0       _alloca_probe              00000001800110d0 f   LIBCMT:_chkstk_.obj
 0001:000100d0       __chkstk                   00000001800110d0 f   LIBCMT:_chkstk_.obj
 0001:00010140       memcmp                     0000000180011140 f   libvcruntime:memcmp.obj
 0001:00010220       _guard_dispatch_icall_nop  0000000180011220 f   LIBCMT:_guard_dispatch_.obj
 0002:00000000       __imp_SelectObject         0000000180012000     gdi32:GDI32.dll
 0002:00000008       __imp_DeleteObject         0000000180012008     gdi32:GDI32.dll
 0002:00000010       __imp_DeleteDC             0000000180012010     gdi32:GDI32.dll
 0002:00000018       __imp_CreateSolidBrush     0000000180012018     gdi32:GDI32.dll
 0002:00000020       __imp_CreateCompatibleDC   0000000180012020     gdi32:GDI32.dll
 0002:00000028       __imp_CreateDIBSection     0000000180012028     gdi32:GDI32.dll
 0002:00000030       \177GDI32_NULL_THUNK_DATA  0000000180012030     gdi32:GDI32.dll
 0002:00000038       __imp_WriteFile            0000000180012038     kernel32:KERNEL32.dll
 0002:00000040       __imp_CloseHandle          0000000180012040     kernel32:KERNEL32.dll
 0002:00000048       __imp_lstrcpynW            0000000180012048     kernel32:KERNEL32.dll
 0002:00000050       __imp_lstrcpyW             0000000180012050     kernel32:KERNEL32.dll
 0002:00000058       __imp_lstrcatW             0000000180012058     kernel32:KERNEL32.dll
 0002:00000060       __imp_lstrlenW             0000000180012060     kernel32:KERNEL32.dll
 0002:00000068       __imp_LoadLibraryW         0000000180012068     kernel32:KERNEL32.dll
 0002:00000070       __imp_WaitForSingleObject  0000000180012070     kernel32:KERNEL32.dll
 0002:00000078       __imp_GetTempFileNameW     0000000180012078     kernel32:KERNEL32.dll
 0002:00000080       __imp_CreateFileW          0000000180012080     kernel32:KERNEL32.dll
 0002:00000088       __imp_DeleteFileW          0000000180012088     kernel32:KERNEL32.dll
 0002:00000090       __imp_WriteConsoleW        0000000180012090     kernel32:KERNEL32.dll
 0002:00000098       __imp_FlushFileBuffers     0000000180012098     kernel32:KERNEL32.dll
 0002:000000a0       __imp_SetFilePointerEx     00000001800120a0     kernel32:KERNEL32.dll
 0002:000000a8       __imp_GetLastError         00000001800120a8     kernel32:KERNEL32.dll
 0002:000000b0       __imp_GetProcessHeap       00000001800120b0     kernel32:KERNEL32.dll
 0002:000000b8       __imp_HeapFree             00000001800120b8     kernel32:KERNEL32.dll
 0002:000000c0       __imp_HeapAlloc            00000001800120c0     kernel32:KERNEL32.dll
 0002:000000c8       __imp_GetProcAddress       00000001800120c8     kernel32:KERNEL32.dll
 0002:000000d0       __imp_GetTempPathW         00000001800120d0     kernel32:KERNEL32.dll
 0002:000000d8       __imp_FreeLibrary          00000001800120d8     kernel32:KERNEL32.dll
 0002:000000e0       __imp_GetConsoleMode       00000001800120e0     kernel32:KERNEL32.dll
 0002:000000e8       __imp_GetConsoleCP         00000001800120e8     kernel32:KERNEL32.dll
 0002:000000f0       __imp_HeapSize             00000001800120f0     kernel32:KERNEL32.dll
 0002:000000f8       __imp_HeapCreate           00000001800120f8     kernel32:KERNEL32.dll
 0002:00000100       __imp_HeapDestroy          0000000180012100     kernel32:KERNEL32.dll
 0002:00000108       __imp_HeapReAlloc          0000000180012108     kernel32:KERNEL32.dll
 0002:00000110       __imp_RaiseException       0000000180012110     kernel32:KERNEL32.dll
 0002:00000118       __imp_CreateThread         0000000180012118     kernel32:KERNEL32.dll
 0002:00000120       __imp_GetCurrentThreadId   0000000180012120     kernel32:KERNEL32.dll
 0002:00000128       __imp_TerminateThread      0000000180012128     kernel32:KERNEL32.dll
 0002:00000130       __imp_SetLastError         0000000180012130     kernel32:KERNEL32.dll
 0002:00000138       __imp_ResumeThread         0000000180012138     kernel32:KERNEL32.dll
 0002:00000140       __imp_IsDebuggerPresent    0000000180012140     kernel32:KERNEL32.dll
 0002:00000148       __imp_GetTickCount         0000000180012148     kernel32:KERNEL32.dll
 0002:00000150       __imp_lstrcpynA            0000000180012150     kernel32:KERNEL32.dll
 0002:00000158       __imp_DebugBreak           0000000180012158     kernel32:KERNEL32.dll
 0002:00000160       __imp_RtlCaptureContext    0000000180012160     kernel32:KERNEL32.dll
 0002:00000168       __imp_RtlLookupFunctionEntry 0000000180012168     kernel32:KERNEL32.dll
 0002:00000170       __imp_RtlVirtualUnwind     0000000180012170     kernel32:KERNEL32.dll
 0002:00000178       __imp_UnhandledExceptionFilter 0000000180012178     kernel32:KERNEL32.dll
 0002:00000180       __imp_SetUnhandledExceptionFilter 0000000180012180     kernel32:KERNEL32.dll
 0002:00000188       __imp_GetCurrentProcess    0000000180012188     kernel32:KERNEL32.dll
 0002:00000190       __imp_TerminateProcess     0000000180012190     kernel32:KERNEL32.dll
 0002:00000198       __imp_IsProcessorFeaturePresent 0000000180012198     kernel32:KERNEL32.dll
 0002:000001a0       __imp_QueryPerformanceCounter 00000001800121a0     kernel32:KERNEL32.dll
 0002:000001a8       __imp_GetCurrentProcessId  00000001800121a8     kernel32:KERNEL32.dll
 0002:000001b0       __imp_GetSystemTimeAsFileTime 00000001800121b0     kernel32:KERNEL32.dll
 0002:000001b8       __imp_InitializeSListHead  00000001800121b8     kernel32:KERNEL32.dll
 0002:000001c0       __imp_GetStartupInfoW      00000001800121c0     kernel32:KERNEL32.dll
 0002:000001c8       __imp_GetModuleHandleW     00000001800121c8     kernel32:KERNEL32.dll
 0002:000001d0       __imp_RtlUnwindEx          00000001800121d0     kernel32:KERNEL32.dll
 0002:000001d8       __imp_InterlockedFlushSList 00000001800121d8     kernel32:KERNEL32.dll
 0002:000001e0       __imp_EnterCriticalSection 00000001800121e0     kernel32:KERNEL32.dll
 0002:000001e8       __imp_LeaveCriticalSection 00000001800121e8     kernel32:KERNEL32.dll
 0002:000001f0       __imp_DeleteCriticalSection 00000001800121f0     kernel32:KERNEL32.dll
 0002:000001f8       __imp_InitializeCriticalSectionAndSpinCount 00000001800121f8     kernel32:KERNEL32.dll
 0002:00000200       __imp_TlsAlloc             0000000180012200     kernel32:KERNEL32.dll
 0002:00000208       __imp_TlsGetValue          0000000180012208     kernel32:KERNEL32.dll
 0002:00000210       __imp_TlsSetValue          0000000180012210     kernel32:KERNEL32.dll
 0002:00000218       __imp_TlsFree              0000000180012218     kernel32:KERNEL32.dll
 0002:00000220       __imp_LoadLibraryExW       0000000180012220     kernel32:KERNEL32.dll
 0002:00000228       __imp_ExitProcess          0000000180012228     kernel32:KERNEL32.dll
 0002:00000230       __imp_GetModuleHandleExW   0000000180012230     kernel32:KERNEL32.dll
 0002:00000238       __imp_GetModuleFileNameA   0000000180012238     kernel32:KERNEL32.dll
 0002:00000240       __imp_MultiByteToWideChar  0000000180012240     kernel32:KERNEL32.dll
 0002:00000248       __imp_WideCharToMultiByte  0000000180012248     kernel32:KERNEL32.dll
 0002:00000250       __imp_GetACP               0000000180012250     kernel32:KERNEL32.dll
 0002:00000258       __imp_GetStdHandle         0000000180012258     kernel32:KERNEL32.dll
 0002:00000260       __imp_GetFileType          0000000180012260     kernel32:KERNEL32.dll
 0002:00000268       __imp_LCMapStringW         0000000180012268     kernel32:KERNEL32.dll
 0002:00000270       __imp_FindClose            0000000180012270     kernel32:KERNEL32.dll
 0002:00000278       __imp_FindFirstFileExA     0000000180012278     kernel32:KERNEL32.dll
 0002:00000280       __imp_FindNextFileA        0000000180012280     kernel32:KERNEL32.dll
 0002:00000288       __imp_IsValidCodePage      0000000180012288     kernel32:KERNEL32.dll
 0002:00000290       __imp_GetOEMCP             0000000180012290     kernel32:KERNEL32.dll
 0002:00000298       __imp_GetCPInfo            0000000180012298     kernel32:KERNEL32.dll
 0002:000002a0       __imp_GetCommandLineA      00000001800122a0     kernel32:KERNEL32.dll
 0002:000002a8       __imp_GetCommandLineW      00000001800122a8     kernel32:KERNEL32.dll
 0002:000002b0       __imp_GetEnvironmentStringsW 00000001800122b0     kernel32:KERNEL32.dll
 0002:000002b8       __imp_FreeEnvironmentStringsW 00000001800122b8     kernel32:KERNEL32.dll
 0002:000002c0       __imp_GetStringTypeW       00000001800122c0     kernel32:KERNEL32.dll
 0002:000002c8       __imp_SetStdHandle         00000001800122c8     kernel32:KERNEL32.dll
 0002:000002d0       \177KERNEL32_NULL_THUNK_DATA 00000001800122d0     kernel32:KERNEL32.dll
 0002:000002d8       __imp_wsprintfW            00000001800122d8     user32:USER32.dll
 0002:000002e0       __imp_CharLowerBuffW       00000001800122e0     user32:USER32.dll
 0002:000002e8       __imp_FillRect             00000001800122e8     user32:USER32.dll
 0002:000002f0       \177USER32_NULL_THUNK_DATA 00000001800122f0     user32:USER32.dll
 0002:000002f8       __imp_CoUninitialize       00000001800122f8     ole32:ole32.dll
 0002:00000300       __imp_CoInitialize         0000000180012300     ole32:ole32.dll
 0002:00000308       \177ole32_NULL_THUNK_DATA  0000000180012308     ole32:ole32.dll
 0002:00000310       __guard_check_icall_fptr   0000000180012310     LIBCMT:guard_support.obj
 0002:00000318       __guard_dispatch_icall_fptr 0000000180012318     LIBCMT:guard_support.obj
 0002:00000320       __xc_a                     0000000180012320     LIBCMT:initializers.obj
 0002:00000328       __xc_z                     0000000180012328     LIBCMT:initializers.obj
 0002:00000330       __xi_a                     0000000180012330     LIBCMT:initializers.obj
 0002:00000338       __acrt_stdio_initializer   0000000180012338     libucrt:stdio_initializer.obj
 0002:00000340       __acrt_multibyte_initializer 0000000180012340     libucrt:multibyte_initializer.obj
 0002:00000348       __acrt_tran_fma3_initializer 0000000180012348     libucrt:fma3_initializer.obj
 0002:00000350       __xi_z                     0000000180012350     LIBCMT:initializers.obj
 0002:00000358       __xp_a                     0000000180012358     LIBCMT:initializers.obj
 0002:00000360       __acrt_locale_terminator   0000000180012360     libucrt:locale_initializer.obj
 0002:00000368       __dcrt_console_output_terminator 0000000180012368     libucrt:console_output_initializer.obj
 0002:00000370       __acrt_stdio_terminator    0000000180012370     libucrt:stdio_initializer.obj
 0002:00000378       __xp_z                     0000000180012378     LIBCMT:initializers.obj
 0002:00000380       __xt_a                     0000000180012380     LIBCMT:initializers.obj
 0002:00000388       __xt_z                     0000000180012388     LIBCMT:initializers.obj
 0002:00000390       FrameDimensionTime         0000000180012390     gdip.obj
 0002:000003a0       FrameDimensionPage         00000001800123a0     gdip.obj
 0002:000003b0       ??_C@_1BI@LOJECBFD@?$AAG?$AAd?$AAi?$AAP?$AAl?$AAu?$AAs?$AA?4?$AAd?$AAl?$AAl?$AA?$AA@ 00000001800123b0     gdip.obj
 0002:000003c8       ??_C@_0P@NIGHOHPH@GdiplusStartup?$AA@ 00000001800123c8     gdip.obj
 0002:000003d8       ??_C@_0BA@OMKIAPCJ@GdiplusShutdown?$AA@ 00000001800123d8     gdip.obj
 0002:000003e8       ??_C@_0BJ@IPKMAACN@GdipCreateBitmapFromFile?$AA@ 00000001800123e8     gdip.obj
 0002:00000408       ??_C@_0BG@OPKFAGML@GdipGetImageThumbnail?$AA@ 0000000180012408     gdip.obj
 0002:00000420       ??_C@_0BC@DPLNHGNM@GdipGetImageWidth?$AA@ 0000000180012420     gdip.obj
 0002:00000438       ??_C@_0BD@JIGBIPOH@GdipGetImageHeight?$AA@ 0000000180012438     gdip.obj
 0002:00000450       ??_C@_0BI@DDNLFBKI@GdipGetImagePixelFormat?$AA@ 0000000180012450     gdip.obj
 0002:00000468       ??_C@_0BB@MGCHKKMH@GdipDisposeImage?$AA@ 0000000180012468     gdip.obj
 0002:00000480       ??_C@_0BH@PCHOHMFI@GdipImageGetFrameCount?$AA@ 0000000180012480     gdip.obj
 0002:00000498       ??_C@_0BL@FLMDGKNM@GdipImageSelectActiveFrame?$AA@ 0000000180012498     gdip.obj
 0002:000004b8       ??_C@_0BI@PFDIBLKB@GdipGetPropertyItemSize?$AA@ 00000001800124b8     gdip.obj
 0002:000004d0       ??_C@_0BE@JLBHAGMH@GdipGetPropertyItem?$AA@ 00000001800124d0     gdip.obj
 0002:000004e8       ??_C@_0BE@HNMMICFD@GdipImageRotateFlip?$AA@ 00000001800124e8     gdip.obj
 0002:00000500       ??_C@_0BG@BONHLFMI@GdipGetImageRawFormat?$AA@ 0000000180012500     gdip.obj
 0002:00000518       ??_C@_0BC@PACDIGJN@GdipCreateFromHDC?$AA@ 0000000180012518     gdip.obj
 0002:00000530       ??_C@_0BD@MFGJCODH@GdipDeleteGraphics?$AA@ 0000000180012530     gdip.obj
 0002:00000548       ??_C@_0BH@MHAPNLKM@GdipDrawImageRectRectI?$AA@ 0000000180012548     gdip.obj
 0002:00000560       ??_C@_0BF@OBPAMLNN@gdip?3?3FreeThreadProc?$AA@ 0000000180012560     gdip.obj
 0002:00000580       ??_C@_0EA@GIECIGNA@t?3?2vcproject?2maximus5?2conemu?2src@ 0000000180012580     gdip.obj
 0002:000005c0       ??_C@_17CGDFOGLC@?$AAC?$AAE?$AAT?$AA?$AA@ 00000001800125c0     gdip.obj
 0002:000005c8       ??_C@_19JJJNAIHN@?$AAJ?$AAP?$AAE?$AAG?$AA?$AA@ 00000001800125c8     gdip.obj
 0002:000005d8       ??_C@_19PNCGIGON@?$AAT?$AAI?$AAF?$AAF?$AA?$AA@ 00000001800125d8     gdip.obj
 0002:000005e8       ??_C@_19HEANOPFL@?$AAE?$AAX?$AAI?$AAF?$AA?$AA@ 00000001800125e8     gdip.obj
 0002:000005f8       ??_C@_1CA@KKEPPKFF@?$AA?$CF?$AAi?$AA?5?$AAx?$AA?5?$AA?$CF?$AAi?$AA?5?$AAx?$AA?5?$AA?$CF?$AAi?$AAb?$AAp?$AAp?$AA?$AA@ 00000001800125f8     gdip.obj
 0002:00000618       ??_C@_1M@HKOFHKAI@?$AA?5?$AA?$FL?$AA?$CF?$AAi?$AA?$FN?$AA?$AA@ 0000000180012618     gdip.obj
 0002:00000624       ??_C@_13HOIJIPNN@?$AA?5?$AA?$AA@ 0000000180012624     gdip.obj
 0002:00000628       ??_C@_05LCABBMOG@?$CFs?3?$CFi?$AA@ 0000000180012628     common-kernel64:WThreads.obj
 0002:00000640       _pRawDllMain               0000000180012640     LIBCMT:dll_dllmain.obj
 0002:00000640       _pDefaultRawDllMain        0000000180012640     LIBCMT:dll_dllmain.obj
 0002:00000980       ??_C@_08EHJDFFNH@__based?$CI?$AA@ 0000000180012980     libvcruntime:undname.obj
 0002:00000990       ??_C@_07KOLFKCDI@__cdecl?$AA@ 0000000180012990     libvcruntime:undname.obj
 0002:00000998       ??_C@_08GHMPAG@__pascal?$AA@ 0000000180012998     libvcruntime:undname.obj
 0002:000009a8       ??_C@_09IFJBGAPI@__stdcall?$AA@ 00000001800129a8     libvcruntime:undname.obj
 0002:000009b8       ??_C@_0L@NPHFGOKO@__thiscall?$AA@ 00000001800129b8     libvcruntime:undname.obj
 0002:000009c8       ??_C@_0L@JMKHOMEK@__fastcall?$AA@ 00000001800129c8     libvcruntime:undname.obj
 0002:000009d8       ??_C@_0N@BCKKPABJ@__vectorcall?$AA@ 00000001800129d8     libvcruntime:undname.obj
 0002:000009e8       ??_C@_09HIJEGCPM@__clrcall?$AA@ 00000001800129e8     libvcruntime:undname.obj
 0002:000009f4       ??_C@_06GHPCKEAG@__eabi?$AA@ 00000001800129f4     libvcruntime:undname.obj
 0002:00000a00       ??_C@_07EECFKIPL@__swift?$AA@ 0000000180012a00     libvcruntime:undname.obj
 0002:00000a08       ??_C@_07JOMMBBKO@__ptr64?$AA@ 0000000180012a08     libvcruntime:undname.obj
 0002:00000a10       ??_C@_0L@PILCLIHE@__restrict?$AA@ 0000000180012a10     libvcruntime:undname.obj
 0002:00000a20       ??_C@_0M@GFIIJFMG@__unaligned?$AA@ 0000000180012a20     libvcruntime:undname.obj
 0002:00000a30       ??_C@_09DHDLOLLB@restrict?$CI?$AA@ 0000000180012a30     libvcruntime:undname.obj
 0002:00000a3a       ??_C@_00CNPNBAHC@?$AA@     0000000180012a3a     libvcruntime:undname.obj
 0002:00000a3c       ??_C@_04NIHEBCM@?5new?$AA@ 0000000180012a3c     libvcruntime:undname.obj
 0002:00000a48       ??_C@_07FPCDHGMM@?5delete?$AA@ 0000000180012a48     libvcruntime:undname.obj
 0002:00000a50       ??_C@_01NEMOKFLO@?$DN?$AA@ 0000000180012a50     libvcruntime:undname.obj
 0002:00000a54       ??_C@_02GPIOPFAK@?$DO?$DO?$AA@ 0000000180012a54     libvcruntime:undname.obj
 0002:00000a58       ??_C@_02FODMEDOG@?$DM?$DM?$AA@ 0000000180012a58     libvcruntime:undname.obj
 0002:00000a5c       ??_C@_01DCLJPIOD@?$CB?$AA@ 0000000180012a5c     libvcruntime:undname.obj
 0002:00000a60       ??_C@_02EGOFBIJA@?$DN?$DN?$AA@ 0000000180012a60     libvcruntime:undname.obj
 0002:00000a64       ??_C@_02FDNJECIE@?$CB?$DN?$AA@ 0000000180012a64     libvcruntime:undname.obj
 0002:00000a68       ??_C@_02GPECMEKF@?$FL?$FN?$AA@ 0000000180012a68     libvcruntime:undname.obj
 0002:00000a70       ??_C@_08LHJFAFGD@operator?$AA@ 0000000180012a70     libvcruntime:undname.obj
 0002:00000a7c       ??_C@_02HBOOOICD@?9?$DO?$AA@ 0000000180012a7c     libvcruntime:undname.obj
 0002:00000a80       ??_C@_01NBENCBCI@?$CK?$AA@ 0000000180012a80     libvcruntime:undname.obj
 0002:00000a84       ??_C@_02ECNGHCIF@?$CL?$CL?$AA@ 0000000180012a84     libvcruntime:undname.obj
 0002:00000a88       ??_C@_02BAABKJLB@?9?9?$AA@ 0000000180012a88     libvcruntime:undname.obj
 0002:00000a8c       ??_C@_01JOAMLHOP@?9?$AA@   0000000180012a8c     libvcruntime:undname.obj
 0002:00000a90       ??_C@_01MIFGBAGJ@?$CL?$AA@ 0000000180012a90     libvcruntime:undname.obj
 0002:00000a94       ??_C@_01HNPIGOCE@?$CG?$AA@ 0000000180012a94     libvcruntime:undname.obj
 0002:00000a98       ??_C@_03MNHNFDLC@?9?$DO?$CK?$AA@ 0000000180012a98     libvcruntime:undname.obj
 0002:00000a9c       ??_C@_01KMDKNFGN@?1?$AA@   0000000180012a9c     libvcruntime:undname.obj
 0002:00000aa0       ??_C@_01FGNFDNOH@?$CF?$AA@ 0000000180012aa0     libvcruntime:undname.obj
 0002:00000aa4       ??_C@_01MNNFJEPP@?$DM?$AA@ 0000000180012aa4     libvcruntime:undname.obj
 0002:00000aa8       ??_C@_02EHCHHCKH@?$DM?$DN?$AA@ 0000000180012aa8     libvcruntime:undname.obj
 0002:00000aac       ??_C@_01PPODPGHN@?$DO?$AA@ 0000000180012aac     libvcruntime:undname.obj
 0002:00000ab0       ??_C@_02EEKDKGMJ@?$DO?$DN?$AA@ 0000000180012ab0     libvcruntime:undname.obj
 0002:00000ab4       ??_C@_01IHBHIGKO@?0?$AA@   0000000180012ab4     libvcruntime:undname.obj
 0002:00000ab8       ??_C@_02HCKGKOFO@?$CI?$CJ?$AA@ 0000000180012ab8     libvcruntime:undname.obj
 0002:00000abc       ??_C@_01PJKLJHI@?$HO?$AA@  0000000180012abc     libvcruntime:undname.obj
 0002:00000ac0       ??_C@_01JKBOJNNK@?$FO?$AA@ 0000000180012ac0     libvcruntime:undname.obj
 0002:00000ac4       ??_C@_01DNKMNLPK@?$HM?$AA@ 0000000180012ac4     libvcruntime:undname.obj
 0002:00000ac8       ??_C@_02PPKAJPJL@?$CG?$CG?$AA@ 0000000180012ac8     libvcruntime:undname.obj
 0002:00000acc       ??_C@_02NONPIBCD@?$HM?$HM?$AA@ 0000000180012acc     libvcruntime:undname.obj
 0002:00000ad0       ??_C@_02FPIMKNGF@?$CK?$DN?$AA@ 0000000180012ad0     libvcruntime:undname.obj
 0002:00000ad4       ??_C@_02FOEOMHFC@?$CL?$DN?$AA@ 0000000180012ad4     libvcruntime:undname.obj
 0002:00000ad8       ??_C@_02FKMDLLOA@?9?$DN?$AA@ 0000000180012ad8     libvcruntime:undname.obj
 0002:00000adc       ??_C@_02FJEHGPIO@?1?$DN?$AA@ 0000000180012adc     libvcruntime:undname.obj
 0002:00000ae0       ??_C@_02FENAOKFI@?$CF?$DN?$AA@ 0000000180012ae0     libvcruntime:undname.obj
 0002:00000ae4       ??_C@_03IKFCCPFF@?$DO?$DO?$DN?$AA@ 0000000180012ae4     libvcruntime:undname.obj
 0002:00000ae8       ??_C@_03CDNPDDLA@?$DM?$DM?$DN?$AA@ 0000000180012ae8     libvcruntime:undname.obj
 0002:00000aec       ??_C@_02FGJGFEAB@?$CG?$DN?$AA@ 0000000180012aec     libvcruntime:undname.obj
 0002:00000af0       ??_C@_02DHLNPPGH@?$HM?$DN?$AA@ 0000000180012af0     libvcruntime:undname.obj
 0002:00000af4       ??_C@_02MHEGNOJ@?$FO?$DN?$AA@ 0000000180012af4     libvcruntime:undname.obj
 0002:00000af8       ??_C@_09IFPLHPGF@?$GAvftable?8?$AA@ 0000000180012af8     libvcruntime:undname.obj
 0002:00000b08       ??_C@_09BLBHBJP@?$GAvbtable?8?$AA@ 0000000180012b08     libvcruntime:undname.obj
 0002:00000b18       ??_C@_07FEEIOKP@?$GAvcall?8?$AA@ 0000000180012b18     libvcruntime:undname.obj
 0002:00000b20       ??_C@_08LLFFHHDJ@?$GAtypeof?8?$AA@ 0000000180012b20     libvcruntime:undname.obj
 0002:00000b30       ??_C@_0BF@KDPPACIK@?$GAlocal?5static?5guard?8?$AA@ 0000000180012b30     libvcruntime:undname.obj
 0002:00000b48       ??_C@_08OBABFOLI@?$GAstring?8?$AA@ 0000000180012b48     libvcruntime:undname.obj
 0002:00000b58       ??_C@_0BD@JDLKDPAB@?$GAvbase?5destructor?8?$AA@ 0000000180012b58     libvcruntime:undname.obj
 0002:00000b70       ??_C@_0BN@DEGPLNFK@?$GAvector?5deleting?5destructor?8?$AA@ 0000000180012b70     libvcruntime:undname.obj
 0002:00000b90       ??_C@_0BO@OBMKPJIG@?$GAdefault?5constructor?5closure?8?$AA@ 0000000180012b90     libvcruntime:undname.obj
 0002:00000bb0       ??_C@_0BN@IMDCHIKM@?$GAscalar?5deleting?5destructor?8?$AA@ 0000000180012bb0     libvcruntime:undname.obj
 0002:00000bd0       ??_C@_0BO@PFGOCPJJ@?$GAvector?5constructor?5iterator?8?$AA@ 0000000180012bd0     libvcruntime:undname.obj
 0002:00000bf0       ??_C@_0BN@LFPFMEDL@?$GAvector?5destructor?5iterator?8?$AA@ 0000000180012bf0     libvcruntime:undname.obj
 0002:00000c10       ??_C@_0CE@IKBNEHA@?$GAvector?5vbase?5constructor?5iterat@ 0000000180012c10     libvcruntime:undname.obj
 0002:00000c38       ??_C@_0BL@NILFHHPC@?$GAvirtual?5displacement?5map?8?$AA@ 0000000180012c38     libvcruntime:undname.obj
 0002:00000c58       ??_C@_0CB@JONCMFFK@?$GAeh?5vector?5constructor?5iterator?8@ 0000000180012c58     libvcruntime:undname.obj
 0002:00000c80       ??_C@_0CA@GCEOPDGL@?$GAeh?5vector?5destructor?5iterator?8?$AA@ 0000000180012c80     libvcruntime:undname.obj
 0002:00000ca0       ??_C@_0CH@OOJPLCPH@?$GAeh?5vector?5vbase?5constructor?5ite@ 0000000180012ca0     libvcruntime:undname.obj
 0002:00000cc8       ??_C@_0BL@LLKPOHJI@?$GAcopy?5constructor?5closure?8?$AA@ 0000000180012cc8     libvcruntime:undname.obj
 0002:00000ce8       ??_C@_0BA@KBCDOMBN@?$GAudt?5returning?8?$AA@ 0000000180012ce8     libvcruntime:undname.obj
 0002:00000cf8       ??_C@_03KLGMFNMG@?$GAEH?$AA@ 0000000180012cf8     libvcruntime:undname.obj
 0002:00000cfc       ??_C@_05KHLCHHI@?$GARTTI?$AA@ 0000000180012cfc     libvcruntime:undname.obj
 0002:00000d08       ??_C@_0BA@KKLDJDLB@?$GAlocal?5vftable?8?$AA@ 0000000180012d08     libvcruntime:undname.obj
 0002:00000d18       ??_C@_0CE@IIHCMGGL@?$GAlocal?5vftable?5constructor?5closu@ 0000000180012d18     libvcruntime:undname.obj
 0002:00000d3c       ??_C@_06FHBGPFGH@?5new?$FL?$FN?$AA@ 0000000180012d3c     libvcruntime:undname.obj
 0002:00000d48       ??_C@_09LBNFPBCA@?5delete?$FL?$FN?$AA@ 0000000180012d48     libvcruntime:undname.obj
 0002:00000d58       ??_C@_0P@HJKNJFNN@?$GAomni?5callsig?8?$AA@ 0000000180012d58     libvcruntime:undname.obj
 0002:00000d68       ??_C@_0BL@CNOONJFP@?$GAplacement?5delete?5closure?8?$AA@ 0000000180012d68     libvcruntime:undname.obj
 0002:00000d88       ??_C@_0BN@CKNJLHMB@?$GAplacement?5delete?$FL?$FN?5closure?8?$AA@ 0000000180012d88     libvcruntime:undname.obj
 0002:00000da8       ??_C@_0CG@CFDHKGGD@?$GAmanaged?5vector?5constructor?5iter@ 0000000180012da8     libvcruntime:undname.obj
 0002:00000dd0       ??_C@_0CF@IMGKMJNO@?$GAmanaged?5vector?5destructor?5itera@ 0000000180012dd0     libvcruntime:undname.obj
 0002:00000df8       ??_C@_0CG@HLDDJMAG@?$GAeh?5vector?5copy?5constructor?5iter@ 0000000180012df8     libvcruntime:undname.obj
 0002:00000e20       ??_C@_0CM@FCBBDIGB@?$GAeh?5vector?5vbase?5copy?5constructo@ 0000000180012e20     libvcruntime:undname.obj
 0002:00000e50       ??_C@_0BL@CLIPGLGB@?$GAdynamic?5initializer?5for?5?8?$AA@ 0000000180012e50     libvcruntime:undname.obj
 0002:00000e70       ??_C@_0CB@PDBIFEP@?$GAdynamic?5atexit?5destructor?5for?5?8@ 0000000180012e70     libvcruntime:undname.obj
 0002:00000e98       ??_C@_0CD@CGAJBKEJ@?$GAvector?5copy?5constructor?5iterato@ 0000000180012e98     libvcruntime:undname.obj
 0002:00000ec0       ??_C@_0CJ@GJELGAMM@?$GAvector?5vbase?5copy?5constructor?5i@ 0000000180012ec0     libvcruntime:undname.obj
 0002:00000ef0       ??_C@_0CL@FGIJHLCE@?$GAmanaged?5vector?5copy?5constructor@ 0000000180012ef0     libvcruntime:undname.obj
 0002:00000f20       ??_C@_0BM@PMGGMLDN@?$GAlocal?5static?5thread?5guard?8?$AA@ 0000000180012f20     libvcruntime:undname.obj
 0002:00000f40       ??_C@_0N@BDNMDMOL@operator?5?$CC?$CC?5?$AA@ 0000000180012f40     libvcruntime:undname.obj
 0002:00000f50       ??_C@_0BC@GGEBGALA@operator?5co_await?$AA@ 0000000180012f50     libvcruntime:undname.obj
 0002:00000f68       ??_C@_0BC@DAFEJGAK@?5Type?5Descriptor?8?$AA@ 0000000180012f68     libvcruntime:undname.obj
 0002:00000f80       ??_C@_0BM@LDKODKLH@?5Base?5Class?5Descriptor?5at?5?$CI?$AA@ 0000000180012f80     libvcruntime:undname.obj
 0002:00000fa0       ??_C@_0BD@LGICGFMM@?5Base?5Class?5Array?8?$AA@ 0000000180012fa0     libvcruntime:undname.obj
 0002:00000fb8       ??_C@_0BN@MECKDCOJ@?5Class?5Hierarchy?5Descriptor?8?$AA@ 0000000180012fb8     libvcruntime:undname.obj
 0002:00000fd8       ??_C@_0BK@CFCOFLF@?5Complete?5Object?5Locator?8?$AA@ 0000000180012fd8     libvcruntime:undname.obj
 0002:00001010       ??_C@_1DM@KHCHBNEB@?$AAa?$AAp?$AAi?$AA?9?$AAm?$AAs?$AA?9?$AAw?$AAi?$AAn?$AA?9?$AAc?$AAo?$AAr?$AAe?$AA?9?$AAf?$AAi?$AAb?$AAe?$AAr?$AAs?$AA?9?$AAl?$AA1?$AA?9?$AA1?$AA?9?$AA1?$AA?$AA@ 0000000180013010     libvcruntime:winapi_downlevel.obj
 0002:00001050       ??_C@_1DK@LPPGFMPP@?$AAa?$AAp?$AAi?$AA?9?$AAm?$AAs?$AA?9?$AAw?$AAi?$AAn?$AA?9?$AAc?$AAo?$AAr?$AAe?$AA?9?$AAs?$AAy?$AAn?$AAc?$AAh?$AA?9?$AAl?$AA1?$AA?9?$AA2?$AA?9?$AA0?$AA?$AA@ 0000000180013050     libvcruntime:winapi_downlevel.obj
 0002:00001090       ??_C@_1BC@GDMECMAK@?$AAk?$AAe?$AAr?$AAn?$AAe?$AAl?$AA3?$AA2?$AA?$AA@ 0000000180013090     libvcruntime:winapi_downlevel.obj
 0002:000010a8       ??_C@_1BA@PFFKHIOG@?$AAa?$AAp?$AAi?$AA?9?$AAm?$AAs?$AA?9?$AA?$AA@ 00000001800130a8     libvcruntime:winapi_downlevel.obj
 0002:000010b8       ??_C@_1BA@IAIFMGEF@?$AAe?$AAx?$AAt?$AA?9?$AAm?$AAs?$AA?9?$AA?$AA@ 00000001800130b8     libvcruntime:winapi_downlevel.obj
 0002:000010d0       ??_C@_08KNHFBNJ@FlsAlloc?$AA@ 00000001800130d0     libvcruntime:winapi_downlevel.obj
 0002:000010e8       ??_C@_07PEJMOBNF@FlsFree?$AA@ 00000001800130e8     libvcruntime:winapi_downlevel.obj
 0002:000010f8       ??_C@_0M@GDNOONDI@FlsGetValue?$AA@ 00000001800130f8     libvcruntime:winapi_downlevel.obj
 0002:00001110       ??_C@_0M@JCPCPOEF@FlsSetValue?$AA@ 0000000180013110     libvcruntime:winapi_downlevel.obj
 0002:00001128       ??_C@_0BM@HCFOFFN@InitializeCriticalSectionEx?$AA@ 0000000180013128     libvcruntime:winapi_downlevel.obj
 0002:00001148       _pDestructExceptionObject  0000000180013148     libvcruntime:ehhelpers.obj
 0002:00001150       standard_lookup_table      0000000180013150     libucrt:output.obj
 0002:000011ac       ??_C@_06OJHGLDPL@?$CInull?$CJ?$AA@ 00000001800131ac     libucrt:output.obj
 0002:000011b8       ??_C@_1O@CEDCILHN@?$AA?$CI?$AAn?$AAu?$AAl?$AAl?$AA?$CJ?$AA?$AA@ 00000001800131b8     libucrt:output.obj
 0002:000011d0       __acrt_exception_action_table 00000001800131d0     libucrt:exception_filter.obj
 0002:00001290       __acrt_signal_action_table_count 0000000180013290     libucrt:exception_filter.obj
 0002:00001298       __acrt_signal_action_first_fpe_index 0000000180013298     libucrt:exception_filter.obj
 0002:000012a0       __acrt_signal_action_fpe_count 00000001800132a0     libucrt:exception_filter.obj
 0002:000012a8       ??_C@_1BI@BGOHAHKC@?$AAm?$AAs?$AAc?$AAo?$AAr?$AAe?$AAe?$AA?4?$AAd?$AAl?$AAl?$AA?$AA@ 00000001800132a8     libucrt:exit.obj
 0002:000012c0       ??_C@_0P@MIGLKIOC@CorExitProcess?$AA@ 00000001800132c0     libucrt:exit.obj
 0002:00001528       ??_C@_03OEIAHPBN@INF?$AA@  0000000180013528     libucrt:cvt.obj
 0002:0000152c       ??_C@_03OJHLLCGB@inf?$AA@  000000018001352c     libucrt:cvt.obj
 0002:00001530       ??_C@_03LKNCIKJB@NAN?$AA@  0000000180013530     libucrt:cvt.obj
 0002:00001534       ??_C@_03LHCJEHON@nan?$AA@  0000000180013534     libucrt:cvt.obj
 0002:00001538       ??_C@_09OFJJIMPC@NAN?$CISNAN?$CJ?$AA@ 0000000180013538     libucrt:cvt.obj
 0002:00001548       ??_C@_09IPFBKMDL@nan?$CIsnan?$CJ?$AA@ 0000000180013548     libucrt:cvt.obj
 0002:00001558       ??_C@_08IKHNHAJ@NAN?$CIIND?$CJ?$AA@ 0000000180013558     libucrt:cvt.obj
 0002:00001568       ??_C@_08OFCDMILK@nan?$CIind?$CJ?$AA@ 0000000180013568     libucrt:cvt.obj
 0002:00001574       ??_C@_05KLBDPFGC@e?$CL000?$AA@ 0000000180013574     libucrt:cvt.obj
 0002:00001580       __lc_time_c                0000000180013580     libucrt:nlsdata.obj
 0002:00001840       ??_C@_03KOEHGMDN@Sun?$AA@  0000000180013840     libucrt:nlsdata.obj
 0002:00001844       ??_C@_03PDAGKDH@Mon?$AA@   0000000180013844     libucrt:nlsdata.obj
 0002:00001848       ??_C@_03NAGEINEP@Tue?$AA@  0000000180013848     libucrt:nlsdata.obj
 0002:0000184c       ??_C@_03MHOMLAJA@Wed?$AA@  000000018001384c     libucrt:nlsdata.obj
 0002:00001850       ??_C@_03IOFIKPDN@Thu?$AA@  0000000180013850     libucrt:nlsdata.obj
 0002:00001854       ??_C@_03IDIOELNC@Fri?$AA@  0000000180013854     libucrt:nlsdata.obj
 0002:00001858       ??_C@_03FEFJNEK@Sat?$AA@   0000000180013858     libucrt:nlsdata.obj
 0002:0000185c       ??_C@_06OOPIFAJ@Sunday?$AA@ 000000018001385c     libucrt:nlsdata.obj
 0002:00001864       ??_C@_06JLEDEDGH@Monday?$AA@ 0000000180013864     libucrt:nlsdata.obj
 0002:00001870       ??_C@_07BAAGCFCM@Tuesday?$AA@ 0000000180013870     libucrt:nlsdata.obj
 0002:00001878       ??_C@_09DLIGFAKA@Wednesday?$AA@ 0000000180013878     libucrt:nlsdata.obj
 0002:00001888       ??_C@_08HACCIKIA@Thursday?$AA@ 0000000180013888     libucrt:nlsdata.obj
 0002:00001894       ??_C@_06JECMNKMI@Friday?$AA@ 0000000180013894     libucrt:nlsdata.obj
 0002:000018a0       ??_C@_08INBOOONO@Saturday?$AA@ 00000001800138a0     libucrt:nlsdata.obj
 0002:000018ac       ??_C@_03JIHJHPIE@Jan?$AA@  00000001800138ac     libucrt:nlsdata.obj
 0002:000018b0       ??_C@_03HJBDCHOM@Feb?$AA@  00000001800138b0     libucrt:nlsdata.obj
 0002:000018b4       ??_C@_03ODNJBKGA@Mar?$AA@  00000001800138b4     libucrt:nlsdata.obj
 0002:000018b8       ??_C@_03LEOLGMJP@Apr?$AA@  00000001800138b8     libucrt:nlsdata.obj
 0002:000018bc       ??_C@_03CNMDKL@May?$AA@    00000001800138bc     libucrt:nlsdata.obj
 0002:000018c0       ??_C@_03IDFGHECI@Jun?$AA@  00000001800138c0     libucrt:nlsdata.obj
 0002:000018c4       ??_C@_03LBGABGKK@Jul?$AA@  00000001800138c4     libucrt:nlsdata.obj
 0002:000018c8       ??_C@_03IFJFEIGA@Aug?$AA@  00000001800138c8     libucrt:nlsdata.obj
 0002:000018cc       ??_C@_03GGCAPAJC@Sep?$AA@  00000001800138cc     libucrt:nlsdata.obj
 0002:000018d0       ??_C@_03BMAOKBAD@Oct?$AA@  00000001800138d0     libucrt:nlsdata.obj
 0002:000018d4       ??_C@_03JPJOFNIA@Nov?$AA@  00000001800138d4     libucrt:nlsdata.obj
 0002:000018d8       ??_C@_03MKABNOCG@Dec?$AA@  00000001800138d8     libucrt:nlsdata.obj
 0002:000018e0       ??_C@_07CGJPFGJA@January?$AA@ 00000001800138e0     libucrt:nlsdata.obj
 0002:000018e8       ??_C@_08GNJGEPFN@February?$AA@ 00000001800138e8     libucrt:nlsdata.obj
 0002:000018f4       ??_C@_05HPCKOFNC@March?$AA@ 00000001800138f4     libucrt:nlsdata.obj
 0002:000018fc       ??_C@_05DMJDNLEJ@April?$AA@ 00000001800138fc     libucrt:nlsdata.obj
 0002:00001904       ??_C@_04CNLMGBGM@June?$AA@ 0000000180013904     libucrt:nlsdata.obj
 0002:0000190c       ??_C@_04MIEPOIFP@July?$AA@ 000000018001390c     libucrt:nlsdata.obj
 0002:00001914       ??_C@_06LBBHFDDG@August?$AA@ 0000000180013914     libucrt:nlsdata.obj
 0002:00001920       ??_C@_09BHHEALKD@September?$AA@ 0000000180013920     libucrt:nlsdata.obj
 0002:00001930       ??_C@_07JJNFCEND@October?$AA@ 0000000180013930     libucrt:nlsdata.obj
 0002:00001938       ??_C@_08HCHEGEOA@November?$AA@ 0000000180013938     libucrt:nlsdata.obj
 0002:00001948       ??_C@_08EDHMEBNP@December?$AA@ 0000000180013948     libucrt:nlsdata.obj
 0002:00001954       ??_C@_02DEDBPAFC@AM?$AA@   0000000180013954     libucrt:nlsdata.obj
 0002:00001958       ??_C@_02CJNFDJBF@PM?$AA@   0000000180013958     libucrt:nlsdata.obj
 0002:00001960       ??_C@_08BPBNCDIB@MM?1dd?1yy?$AA@ 0000000180013960     libucrt:nlsdata.obj
 0002:00001970       ??_C@_0BE@CKGJFCPC@dddd?0?5MMMM?5dd?0?5yyyy?$AA@ 0000000180013970     libucrt:nlsdata.obj
 0002:00001988       ??_C@_08JCCMCCIL@HH?3mm?3ss?$AA@ 0000000180013988     libucrt:nlsdata.obj
 0002:00001998       ??_C@_17MBGCMIPB@?$AAS?$AAu?$AAn?$AA?$AA@ 0000000180013998     libucrt:nlsdata.obj
 0002:000019a0       ??_C@_17KBOMKBF@?$AAM?$AAo?$AAn?$AA?$AA@ 00000001800139a0     libucrt:nlsdata.obj
 0002:000019a8       ??_C@_17BMKGEGOJ@?$AAT?$AAu?$AAe?$AA?$AA@ 00000001800139a8     libucrt:nlsdata.obj
 0002:000019b0       ??_C@_17CJEDCEPE@?$AAW?$AAe?$AAd?$AA?$AA@ 00000001800139b0     libucrt:nlsdata.obj
 0002:000019b8       ??_C@_17PDPHAADD@?$AAT?$AAh?$AAu?$AA?$AA@ 00000001800139b8     libucrt:nlsdata.obj
 0002:000019c0       ??_C@_17HFOLPPLP@?$AAF?$AAr?$AAi?$AA?$AA@ 00000001800139c0     libucrt:nlsdata.obj
 0002:000019c8       ??_C@_17GGIBDPIH@?$AAS?$AAa?$AAt?$AA?$AA@ 00000001800139c8     libucrt:nlsdata.obj
 0002:000019d0       ??_C@_1O@IHNHDHPB@?$AAS?$AAu?$AAn?$AAd?$AAa?$AAy?$AA?$AA@ 00000001800139d0     libucrt:nlsdata.obj
 0002:000019e0       ??_C@_1O@MMNBFLIA@?$AAM?$AAo?$AAn?$AAd?$AAa?$AAy?$AA?$AA@ 00000001800139e0     libucrt:nlsdata.obj
 0002:000019f0       ??_C@_1BA@ENFBFFEK@?$AAT?$AAu?$AAe?$AAs?$AAd?$AAa?$AAy?$AA?$AA@ 00000001800139f0     libucrt:nlsdata.obj
 0002:00001a00       ??_C@_1BE@EBOGMDOH@?$AAW?$AAe?$AAd?$AAn?$AAe?$AAs?$AAd?$AAa?$AAy?$AA?$AA@ 0000000180013a00     libucrt:nlsdata.obj
 0002:00001a18       ??_C@_1BC@HHMNLIHE@?$AAT?$AAh?$AAu?$AAr?$AAs?$AAd?$AAa?$AAy?$AA?$AA@ 0000000180013a18     libucrt:nlsdata.obj
 0002:00001a30       ??_C@_1O@PDICJHAG@?$AAF?$AAr?$AAi?$AAd?$AAa?$AAy?$AA?$AA@ 0000000180013a30     libucrt:nlsdata.obj
 0002:00001a40       ??_C@_1BC@ENMNNPAJ@?$AAS?$AAa?$AAt?$AAu?$AAr?$AAd?$AAa?$AAy?$AA?$AA@ 0000000180013a40     libucrt:nlsdata.obj
 0002:00001a58       ??_C@_17DKNBKCHM@?$AAJ?$AAa?$AAn?$AA?$AA@ 0000000180013a58     libucrt:nlsdata.obj
 0002:00001a60       ??_C@_17LMDJEKJN@?$AAF?$AAe?$AAb?$AA?$AA@ 0000000180013a60     libucrt:nlsdata.obj
 0002:00001a68       ??_C@_17CKNLEDEC@?$AAM?$AAa?$AAr?$AA?$AA@ 0000000180013a68     libucrt:nlsdata.obj
 0002:00001a70       ??_C@_17LFPOIHDD@?$AAA?$AAp?$AAr?$AA?$AA@ 0000000180013a70     libucrt:nlsdata.obj
 0002:00001a78       ??_C@_17PNNKMEED@?$AAM?$AAa?$AAy?$AA?$AA@ 0000000180013a78     libucrt:nlsdata.obj
 0002:00001a80       ??_C@_17KCJGOCPB@?$AAJ?$AAu?$AAn?$AA?$AA@ 0000000180013a80     libucrt:nlsdata.obj
 0002:00001a88       ??_C@_17IJPCKHK@?$AAJ?$AAu?$AAl?$AA?$AA@ 0000000180013a88     libucrt:nlsdata.obj
 0002:00001a90       ??_C@_17ICPELBCN@?$AAA?$AAu?$AAg?$AA?$AA@ 0000000180013a90     libucrt:nlsdata.obj
 0002:00001a98       ??_C@_17HCHCOKMG@?$AAS?$AAe?$AAp?$AA?$AA@ 0000000180013a98     libucrt:nlsdata.obj
 0002:00001aa0       ??_C@_17FNLKOI@?$AAO?$AAc?$AAt?$AA?$AA@ 0000000180013aa0     libucrt:nlsdata.obj
 0002:00001aa8       ??_C@_17BBDMLCIG@?$AAN?$AAo?$AAv?$AA?$AA@ 0000000180013aa8     libucrt:nlsdata.obj
 0002:00001ab0       ??_C@_17EGKACKIF@?$AAD?$AAe?$AAc?$AA?$AA@ 0000000180013ab0     libucrt:nlsdata.obj
 0002:00001ab8       ??_C@_1BA@EFMEIEBA@?$AAJ?$AAa?$AAn?$AAu?$AAa?$AAr?$AAy?$AA?$AA@ 0000000180013ab8     libucrt:nlsdata.obj
 0002:00001ac8       ??_C@_1BC@JGDDFFAM@?$AAF?$AAe?$AAb?$AAr?$AAu?$AAa?$AAr?$AAy?$AA?$AA@ 0000000180013ac8     libucrt:nlsdata.obj
 0002:00001ae0       ??_C@_1M@IKEENEDF@?$AAM?$AAa?$AAr?$AAc?$AAh?$AA?$AA@ 0000000180013ae0     libucrt:nlsdata.obj
 0002:00001af0       ??_C@_1M@GJNLMHFD@?$AAA?$AAp?$AAr?$AAi?$AAl?$AA?$AA@ 0000000180013af0     libucrt:nlsdata.obj
 0002:00001b00       ??_C@_19EPFLPGAP@?$AAJ?$AAu?$AAn?$AAe?$AA?$AA@ 0000000180013b00     libucrt:nlsdata.obj
 0002:00001b10       ??_C@_19BIFMLPCD@?$AAJ?$AAu?$AAl?$AAy?$AA?$AA@ 0000000180013b10     libucrt:nlsdata.obj
 0002:00001b20       ??_C@_1O@PAHLKOAC@?$AAA?$AAu?$AAg?$AAu?$AAs?$AAt?$AA?$AA@ 0000000180013b20     libucrt:nlsdata.obj
 0002:00001b30       ??_C@_1BE@DKAAMBJL@?$AAS?$AAe?$AAp?$AAt?$AAe?$AAm?$AAb?$AAe?$AAr?$AA?$AA@ 0000000180013b30     libucrt:nlsdata.obj
 0002:00001b48       ??_C@_1BA@EPANDLNG@?$AAO?$AAc?$AAt?$AAo?$AAb?$AAe?$AAr?$AA?$AA@ 0000000180013b48     libucrt:nlsdata.obj
 0002:00001b58       ??_C@_1BC@BGLIFPF@?$AAN?$AAo?$AAv?$AAe?$AAm?$AAb?$AAe?$AAr?$AA?$AA@ 0000000180013b58     libucrt:nlsdata.obj
 0002:00001b70       ??_C@_1BC@FEMKIFH@?$AAD?$AAe?$AAc?$AAe?$AAm?$AAb?$AAe?$AAr?$AA?$AA@ 0000000180013b70     libucrt:nlsdata.obj
 0002:00001b84       ??_C@_15ODEHAHHF@?$AAA?$AAM?$AA?$AA@ 0000000180013b84     libucrt:nlsdata.obj
 0002:00001b8c       ??_C@_15CLMNNGEL@?$AAP?$AAM?$AA?$AA@ 0000000180013b8c     libucrt:nlsdata.obj
 0002:00001b98       ??_C@_1BC@IEBCMHCM@?$AAM?$AAM?$AA?1?$AAd?$AAd?$AA?1?$AAy?$AAy?$AA?$AA@ 0000000180013b98     libucrt:nlsdata.obj
 0002:00001bb0       ??_C@_1CI@KNAKOEBC@?$AAd?$AAd?$AAd?$AAd?$AA?0?$AA?5?$AAM?$AAM?$AAM?$AAM?$AA?5?$AAd?$AAd?$AA?0?$AA?5?$AAy?$AAy?$AAy?$AAy?$AA?$AA@ 0000000180013bb0     libucrt:nlsdata.obj
 0002:00001bd8       ??_C@_1BC@GDGBMEMK@?$AAH?$AAH?$AA?3?$AAm?$AAm?$AA?3?$AAs?$AAs?$AA?$AA@ 0000000180013bd8     libucrt:nlsdata.obj
 0002:00001bf0       ??_C@_1M@BMHNFIME@?$AAe?$AAn?$AA?9?$AAU?$AAS?$AA?$AA@ 0000000180013bf0     libucrt:nlsdata.obj
 0002:00001ca0       ??_C@_1EG@CNNIPFIM@?$AAa?$AAp?$AAi?$AA?9?$AAm?$AAs?$AA?9?$AAw?$AAi?$AAn?$AA?9?$AAa?$AAp?$AAp?$AAm?$AAo?$AAd?$AAe?$AAl?$AA?9?$AAr?$AAu?$AAn?$AAt?$AAi?$AAm?$AAe?$AA?9?$AAl?$AA1?$AA?9?$AA1@ 0000000180013ca0     libucrt:winapi_thunks.obj
 0002:00001cf0       ??_C@_1EA@JGEFHKEI@?$AAa?$AAp?$AAi?$AA?9?$AAm?$AAs?$AA?9?$AAw?$AAi?$AAn?$AA?9?$AAc?$AAo?$AAr?$AAe?$AA?9?$AAd?$AAa?$AAt?$AAe?$AAt?$AAi?$AAm?$AAe?$AA?9?$AAl?$AA1?$AA?9?$AA1?$AA?9?$AA1?$AA?$AA@ 0000000180013cf0     libucrt:winapi_thunks.obj
 0002:00001d30       ??_C@_1DI@GCIAAENM@?$AAa?$AAp?$AAi?$AA?9?$AAm?$AAs?$AA?9?$AAw?$AAi?$AAn?$AA?9?$AAc?$AAo?$AAr?$AAe?$AA?9?$AAf?$AAi?$AAl?$AAe?$AA?9?$AAl?$AA2?$AA?9?$AA1?$AA?9?$AA1?$AA?$AA@ 0000000180013d30     libucrt:winapi_thunks.obj
 0002:00001d70       ??_C@_1EI@MPIAOHOC@?$AAa?$AAp?$AAi?$AA?9?$AAm?$AAs?$AA?9?$AAw?$AAi?$AAn?$AA?9?$AAc?$AAo?$AAr?$AAe?$AA?9?$AAl?$AAo?$AAc?$AAa?$AAl?$AAi?$AAz?$AAa?$AAt?$AAi?$AAo?$AAn?$AA?9?$AAl?$AA1?$AA?9@ 0000000180013d70     libucrt:winapi_thunks.obj
 0002:00001dc0       ??_C@_1FK@FPHCKFIE@?$AAa?$AAp?$AAi?$AA?9?$AAm?$AAs?$AA?9?$AAw?$AAi?$AAn?$AA?9?$AAc?$AAo?$AAr?$AAe?$AA?9?$AAl?$AAo?$AAc?$AAa?$AAl?$AAi?$AAz?$AAa?$AAt?$AAi?$AAo?$AAn?$AA?9?$AAo?$AAb?$AAs@ 0000000180013dc0     libucrt:winapi_thunks.obj
 0002:00001e20       ??_C@_1EM@DILCGIIO@?$AAa?$AAp?$AAi?$AA?9?$AAm?$AAs?$AA?9?$AAw?$AAi?$AAn?$AA?9?$AAc?$AAo?$AAr?$AAe?$AA?9?$AAp?$AAr?$AAo?$AAc?$AAe?$AAs?$AAs?$AAt?$AAh?$AAr?$AAe?$AAa?$AAd?$AAs?$AA?9?$AAl@ 0000000180013e20     libucrt:winapi_thunks.obj
 0002:00001e70       ??_C@_1DM@LNCGDDPN@?$AAa?$AAp?$AAi?$AA?9?$AAm?$AAs?$AA?9?$AAw?$AAi?$AAn?$AA?9?$AAc?$AAo?$AAr?$AAe?$AA?9?$AAs?$AAt?$AAr?$AAi?$AAn?$AAg?$AA?9?$AAl?$AA1?$AA?9?$AA1?$AA?9?$AA0?$AA?$AA@ 0000000180013e70     libucrt:winapi_thunks.obj
 0002:00001eb0       ??_C@_1DO@FPAPJEMD@?$AAa?$AAp?$AAi?$AA?9?$AAm?$AAs?$AA?9?$AAw?$AAi?$AAn?$AA?9?$AAc?$AAo?$AAr?$AAe?$AA?9?$AAs?$AAy?$AAs?$AAi?$AAn?$AAf?$AAo?$AA?9?$AAl?$AA1?$AA?9?$AA2?$AA?9?$AA1?$AA?$AA@ 0000000180013eb0     libucrt:winapi_thunks.obj
 0002:00001ef0       ??_C@_1DK@NDHNAHIO@?$AAa?$AAp?$AAi?$AA?9?$AAm?$AAs?$AA?9?$AAw?$AAi?$AAn?$AA?9?$AAc?$AAo?$AAr?$AAe?$AA?9?$AAw?$AAi?$AAn?$AAr?$AAt?$AA?9?$AAl?$AA1?$AA?9?$AA1?$AA?9?$AA0?$AA?$AA@ 0000000180013ef0     libucrt:winapi_thunks.obj
 0002:00001f30       ??_C@_1DM@KGHDGBCM@?$AAa?$AAp?$AAi?$AA?9?$AAm?$AAs?$AA?9?$AAw?$AAi?$AAn?$AA?9?$AAc?$AAo?$AAr?$AAe?$AA?9?$AAx?$AAs?$AAt?$AAa?$AAt?$AAe?$AA?9?$AAl?$AA2?$AA?9?$AA1?$AA?9?$AA0?$AA?$AA@ 0000000180013f30     libucrt:winapi_thunks.obj
[...]
 0004:00000858       $pdata$?fin$0@?0???$?RV<lambda_99476a1ad63dd22509b5d3e65b0ffc95>@@AEAV<lambda_ad1ced32f4ac17aa236e5ef05d6b3b7c>@@V<lambda_f7424dd8d45958661754dc4f2697e9c3>@@@?$__crt_seh_guarded_call@X@@QEAAX$$QEAV<lambda_99476a1ad63dd22509b5d3e65b0ffc95>@@AEAV<lambda_ad1ced32f4ac17aa236e5ef05d6b3b7c>@@$$QEAV<lambda_f7424dd8d45958661754dc4f2697e9c3>@@@Z@4HA 0000000180027858     libucrt:mbctype.obj
 0004:00000864       $pdata$??$?RV<lambda_5e887d1dcbef67a5eb4283622ba103bf>@@AEAV<lambda_4466841279450cc726390878d4a41900>@@V<lambda_341c25c0346d94847f1f3c463c57e077>@@@?$__crt_seh_guarded_call@X@@QEAAX$$QEAV<lambda_5e887d1dcbef67a5eb4283622ba103bf>@@AEAV<lambda_4466841279450cc726390878d4a41900>@@$$QEAV<lambda_341c25c0346d94847f1f3c463c57e077>@@@Z 0000000180027864     libucrt:per_thread_data.obj
 0004:00000870       $pdata$??$?RV<lambda_46352004c1216016012b18bd6f87e700>@@AEAV<lambda_3bd07e1a1191394380780325891bf33f>@@V<lambda_334532d3f185bcaa59b5be82d7d22bff>@@@?$__crt_seh_guarded_call@X@@QEAAX$$QEAV<lambda_46352004c1216016012b18bd6f87e700>@@AEAV<lambda_3bd07e1a1191394380780325891bf33f>@@$$QEAV<lambda_334532d3f185bcaa59b5be82d7d22bff>@@@Z 0000000180027870     libucrt:per_thread_data.obj
 0004:0000087c       $pdata$??$?RV<lambda_fb3a7dec4e47f37f22dae91bb15c9095>@@AEAV<lambda_698284760c8add0bfb0756c19673e34b>@@V<lambda_dfb8eca1e75fef3034a8fb18dd509707>@@@?$__crt_seh_guarded_call@X@@QEAAX$$QEAV<lambda_fb3a7dec4e47f37f22dae91bb15c9095>@@AEAV<lambda_698284760c8add0bfb0756c19673e34b>@@$$QEAV<lambda_dfb8eca1e75fef3034a8fb18dd509707>@@@Z 000000018002787c     libucrt:per_thread_data.obj
 0004:00000888       $pdata$__acrt_update_locale_info 0000000180027888     libucrt:locale_update.obj
 0004:00000894       $pdata$__acrt_update_multibyte_info 0000000180027894     libucrt:locale_update.obj
 0004:000008a0       $pdata$__acrt_fp_format    00000001800278a0     libucrt:cvt.obj
 0004:000008ac       $pdata$?fp_format_nan_or_infinity@@YAHW4__acrt_fp_class@@_NPEAD_K1@Z 00000001800278ac     libucrt:cvt.obj
 0004:000008b8       $pdata$?fp_format_e_internal@@YAHQEAD_KH_NIQEAU_strflt@@2QEAU__crt_locale_pointers@@@Z 00000001800278b8     libucrt:cvt.obj
 0004:000008c4       $pdata$?fp_format_e@@YAHQEBNQEAD_K12H_NIQEAU__crt_locale_pointers@@@Z 00000001800278c4     libucrt:cvt.obj
 0004:000008d0       $pdata$?fp_format_a@@YAHQEBNPEAD_KQEAD2H_NIQEAU__crt_locale_pointers@@@Z 00000001800278d0     libucrt:cvt.obj
 0004:000008dc       $pdata$?fp_format_f_internal@@YAHQEAD_KHQEAU_strflt@@_NQEAU__crt_locale_pointers@@@Z 00000001800278dc     libucrt:cvt.obj
 0004:000008e8       $pdata$?fp_format_g@@YAHQEBNQEAD_K12H_NIQEAU__crt_locale_pointers@@@Z 00000001800278e8     libucrt:cvt.obj
 0004:000008f4       $pdata$_fileno             00000001800278f4     libucrt:fileno.obj
 0004:00000900       $pdata$__acrt_initialize_stdio 0000000180027900     libucrt:_file.obj
 0004:0000090c       $pdata$__acrt_uninitialize_stdio 000000018002790c     libucrt:_file.obj
 0004:00000918       $pdata$__acrt_uninitialize_locale 0000000180027918     libucrt:wsetlocale.obj
 0004:00000924       $pdata$__acrt_uninitialize_locale$fin$0 0000000180027924     libucrt:wsetlocale.obj
 0004:00000924       $pdata$__acrt_update_thread_locale_data$fin$0 0000000180027924     libucrt:locale_refcounting.obj
 0004:00000930       $pdata$__acrt_initialize_lowio 0000000180027930     libucrt:ioinit.obj
 0004:0000093c       $pdata$__acrt_initialize_lowio$fin$0 000000018002793c     libucrt:ioinit.obj
 0004:0000093c       $pdata$__acrt_lowio_ensure_fh_exists$fin$0 000000018002793c     libucrt:osfinfo.obj
 0004:00000948       $pdata$__acrt_uninitialize_lowio 0000000180027948     libucrt:ioinit.obj
 0004:00000954       $pdata$?initialize_inherited_file_handles_nolock@@YAXXZ 0000000180027954     libucrt:ioinit.obj
 0004:00000960       $pdata$?initialize_stdio_handles_nolock@@YAXXZ 0000000180027960     libucrt:ioinit.obj
 0004:0000096c       $pdata$__acrt_initialize_locks 000000018002796c     libucrt:locks.obj
 0004:00000978       $pdata$__acrt_uninitialize_locks 0000000180027978     libucrt:locks.obj
 0004:00000984       $pdata$__acrt_FlsAlloc     0000000180027984     libucrt:winapi_thunks.obj
 0004:00000990       $pdata$__acrt_FlsFree      0000000180027990     libucrt:winapi_thunks.obj
 0004:0000099c       $pdata$__acrt_FlsGetValue  000000018002799c     libucrt:winapi_thunks.obj
 0004:000009a8       $pdata$__acrt_FlsSetValue  00000001800279a8     libucrt:winapi_thunks.obj
 0004:000009b4       $pdata$__acrt_initialize_winapi_thunks 00000001800279b4     libucrt:winapi_thunks.obj
 0004:000009c0       $pdata$__acrt_uninitialize_winapi_thunks 00000001800279c0     libucrt:winapi_thunks.obj
 0004:000009cc       $pdata$__acrt_InitializeCriticalSectionEx 00000001800279cc     libucrt:winapi_thunks.obj
 0004:000009d8       $pdata$__acrt_LCMapStringEx 00000001800279d8     libucrt:winapi_thunks.obj
 0004:000009e4       $pdata$__acrt_LocaleNameToLCID 00000001800279e4     libucrt:winapi_thunks.obj
 0004:000009f0       $pdata$__acrt_is_packaged_app 00000001800279f0     libucrt:winapi_thunks.obj
 0004:000009fc       $pdata$?try_get_function@@YAPEAXW4function_id@?A0x63058377@@QEBDQEBW4module_id@2@2@Z 00000001800279fc     libucrt:winapi_thunks.obj
 0004:00000a08       $pdata$_calloc_base        0000000180027a08     libucrt:calloc_base.obj
 0004:00000a14       $pdata$??$common_expand_argv_wildcards@D@@YAHQEAPEADQEAPEAPEAD@Z 0000000180027a14     libucrt:argv_wildcards.obj
 0004:00000a20       $pdata$?expand_if_necessary@?$argument_list@D@?A0xca0879c4@@AEAAHXZ 0000000180027a20     libucrt:argv_wildcards.obj
 0004:00000a2c       $pdata$??$copy_and_add_argument_to_buffer@D@@YAHQEBD0_KAEAV?$argument_list@D@?A0xca0879c4@@@Z 0000000180027a2c     libucrt:argv_wildcards.obj
 0004:00000a38       $pdata$??$expand_argument_wildcards@D@@YAHQEAD0AEAV?$argument_list@D@?A0xca0879c4@@@Z 0000000180027a38     libucrt:argv_wildcards.obj
 0004:00000a44       $pdata$__acrt_update_thread_multibyte_data 0000000180027a44     libucrt:mbctype.obj
 0004:00000a50       $pdata$__acrt_update_thread_multibyte_data$fin$0 0000000180027a50     libucrt:mbctype.obj
 0004:00000a5c       $pdata$__acrt_initialize_multibyte 0000000180027a5c     libucrt:mbctype.obj
 0004:00000a68       $pdata$_setmbcp_nolock     0000000180027a68     libucrt:mbctype.obj
 0004:00000a74       $pdata$?getSystemCP@@YAHH@Z 0000000180027a74     libucrt:mbctype.obj
 0004:00000a80       $pdata$?setSBCS@@YAXPEAU__crt_multibyte_data@@@Z 0000000180027a80     libucrt:mbctype.obj
 0004:00000a8c       $pdata$?setSBUpLow@@YAXPEAU__crt_multibyte_data@@@Z 0000000180027a8c     libucrt:mbctype.obj
 0004:00000a98       $pdata$?setmbcp_internal@@YAHH_N@Z 0000000180027a98     libucrt:mbctype.obj
 0004:00000aa4       $pdata$??R<lambda_ad1ced32f4ac17aa236e5ef05d6b3b7c>@@QEBAXXZ 0000000180027aa4     libucrt:mbctype.obj
 0004:00000ab0       $pdata$??$?RV<lambda_99476a1ad63dd22509b5d3e65b0ffc95>@@AEAV<lambda_ad1ced32f4ac17aa236e5ef05d6b3b7c>@@V<lambda_f7424dd8d45958661754dc4f2697e9c3>@@@?$__crt_seh_guarded_call@X@@QEAAX$$QEAV<lambda_99476a1ad63dd22509b5d3e65b0ffc95>@@AEAV<lambda_ad1ced32f4ac17aa236e5ef05d6b3b7c>@@$$QEAV<lambda_f7424dd8d45958661754dc4f2697e9c3>@@@Z 0000000180027ab0     libucrt:mbctype.obj
 0004:00000abc       $pdata$?x_ismbbtype_l@@YAHPEAU__crt_locale_pointers@@IHH@Z 0000000180027abc     libucrt:ismbbyte.obj
 0004:00000ac8       $pdata$__acrt_initialize_command_line 0000000180027ac8     libucrt:argv_data.obj
 0004:00000ad4       $pdata$__dcrt_get_narrow_environment_from_os 0000000180027ad4     libucrt:get_environment_from_os.obj
 0004:00000ae0       $pdata$_recalloc_base      0000000180027ae0     libucrt:recalloc.obj
 0004:00000aec       $pdata$__acrt_initialize_heap 0000000180027aec     libucrt:heap_handle.obj
 0004:00000af8       $pdata$__acrt_execute_initializers 0000000180027af8     libucrt:shared_initialization.obj
 0004:00000b04       $pdata$__acrt_execute_uninitializers 0000000180027b04     libucrt:shared_initialization.obj
 0004:00000b10       $pdata$_callnewh           0000000180027b10     libucrt:new_handler.obj
 0004:00000b1c       $pdata$_query_new_handler  0000000180027b1c     libucrt:new_handler.obj
 0004:00000b28       $pdata$_query_new_handler$fin$0 0000000180027b28     libucrt:new_handler.obj
 0004:00000b34       $pdata$__acrt_get_sigabrt_handler 0000000180027b34     libucrt:signal.obj
 0004:00000b40       $pdata$raise               0000000180027b40     libucrt:signal.obj
 0004:00000b4c       $pdata$raise$fin$0         0000000180027b4c     libucrt:signal.obj
 0004:00000b58       $pdata$??$?RV<lambda_c36588078e9f5dfd39652860aa6b3aaf>@@AEAV<lambda_ec61778202f4f5fc7e7711acc23c3bca>@@V<lambda_dc9d2797ccde5d239b4a0efae8ebd7db>@@@?$__crt_seh_guarded_call@P6AXH@Z@@QEAAP6AXH@Z$$QEAV<lambda_c36588078e9f5dfd39652860aa6b3aaf>@@AEAV<lambda_ec61778202f4f5fc7e7711acc23c3bca>@@$$QEAV<lambda_dc9d2797ccde5d239b4a0efae8ebd7db>@@@Z 0000000180027b58     libucrt:signal.obj
 0004:00000b64       $pdata$__acrt_invoke_user_matherr 0000000180027b64     libucrt:matherr.obj
 0004:00000b70       $pdata$__pctype_func       0000000180027b70     libucrt:ctype.obj
 0004:00000b7c       $pdata$_isctype_l          0000000180027b7c     libucrt:isctype.obj
 0004:00000b88       $pdata$_isleadbyte_l       0000000180027b88     libucrt:_wctype.obj
 0004:00000b94       $pdata$__acrt_LCMapStringA 0000000180027b94     libucrt:lcmapstringa.obj
 0004:00000ba0       $pdata$?__acrt_LCMapStringA_stat@@YAHPEAU__crt_locale_pointers@@PEB_WKPEBDHPEADHHH@Z 0000000180027ba0     libucrt:lcmapstringa.obj
 0004:00000bac       $pdata$__acrt_release_locale_ref 0000000180027bac     libucrt:locale_refcounting.obj
 0004:00000bb8       $pdata$__acrt_free_locale  0000000180027bb8     libucrt:locale_refcounting.obj
 0004:00000bc4       $pdata$__acrt_locale_free_lc_time_if_unreferenced 0000000180027bc4     libucrt:locale_refcounting.obj
 0004:00000bd0       $pdata$__acrt_update_thread_locale_data 0000000180027bd0     libucrt:locale_refcounting.obj
 0004:00000bdc       $pdata$_updatetlocinfoEx_nolock 0000000180027bdc     libucrt:locale_refcounting.obj
 0004:00000be8       $pdata$__acrt_fp_strflt_to_string 0000000180027be8     libucrt:_fptostr.obj
 0004:00000bf4       $pdata$memcpy_s            0000000180027bf4     libucrt:cfout.obj
 0004:00000c00       $pdata$__acrt_fltout       0000000180027c00     libucrt:cfout.obj
 0004:00000c0c       $pdata$?divide@__crt_strtox@@YA_KAEAUbig_integer@1@AEBU21@@Z 0000000180027c0c     libucrt:cfout.obj
 0004:00000c18       $pdata$5$?divide@__crt_strtox@@YA_KAEAUbig_integer@1@AEBU21@@Z 0000000180027c18     libucrt:cfout.obj
 0004:00000c24       $pdata$6$?divide@__crt_strtox@@YA_KAEAUbig_integer@1@AEBU21@@Z 0000000180027c24     libucrt:cfout.obj
 0004:00000c30       $pdata$_fcloseall          0000000180027c30     libucrt:closeall.obj
 0004:00000c3c       $pdata$_fcloseall$fin$0    0000000180027c3c     libucrt:closeall.obj
 0004:00000c48       $pdata$_fflush_nolock      0000000180027c48     libucrt:fflush.obj
 0004:00000c54       $pdata$__acrt_stdio_flush_nolock 0000000180027c54     libucrt:fflush.obj
 0004:00000c60       $pdata$common_flush_all    0000000180027c60     libucrt:fflush.obj
 0004:00000c6c       $pdata$common_flush_all$fin$0 0000000180027c6c     libucrt:fflush.obj
 0004:00000c78       $pdata$common_flush_all$fin$1 0000000180027c78     libucrt:fflush.obj
 0004:00000c84       $pdata$__acrt_stdio_free_buffer_nolock 0000000180027c84     libucrt:_freebuf.obj
 0004:00000c90       $pdata$_isatty             0000000180027c90     libucrt:isatty.obj
 0004:00000c9c       $pdata$__acrt_locale_free_monetary 0000000180027c9c     libucrt:initmon.obj
 0004:00000ca8       $pdata$__acrt_locale_free_numeric 0000000180027ca8     libucrt:initnum.obj
 0004:00000cb4       $pdata$__acrt_locale_free_time 0000000180027cb4     libucrt:inittime.obj
 0004:00000cc0       $pdata$?free_crt_array_internal@@YAXQEAPEBX_K@Z 0000000180027cc0     libucrt:inittime.obj
 0004:00000ccc       $pdata$__acrt_GetStringTypeA 0000000180027ccc     libucrt:getstringtypea.obj
 0004:00000cd8       $pdata$_get_osfhandle      0000000180027cd8     libucrt:osfinfo.obj
 0004:00000ce4       $pdata$_free_osfhnd        0000000180027ce4     libucrt:osfinfo.obj
 0004:00000cf0       $pdata$__acrt_lowio_create_handle_array 0000000180027cf0     libucrt:osfinfo.obj
 0004:00000cfc       $pdata$__acrt_lowio_destroy_handle_array 0000000180027cfc     libucrt:osfinfo.obj
 0004:00000d08       $pdata$__acrt_lowio_ensure_fh_exists 0000000180027d08     libucrt:osfinfo.obj
 0004:00000d14       $pdata$__acrt_DownlevelLocaleNameToLCID 0000000180027d14     libucrt:lcidtoname_downlevel.obj
 0004:00000d20       $pdata$?GetTableIndexFromLocaleName@@YAHPEB_W@Z 0000000180027d20     libucrt:lcidtoname_downlevel.obj
 0004:00000d2c       $pdata$qsort               0000000180027d2c     libucrt:qsort.obj
 0004:00000d38       $pdata$4$qsort             0000000180027d38     libucrt:qsort.obj
 0004:00000d44       $pdata$5$qsort             0000000180027d44     libucrt:qsort.obj
 0004:00000d50       $pdata$?shortsort@@YAXPEAD0_KP6AHPEBX2@Z@Z 0000000180027d50     libucrt:qsort.obj
 0004:00000d5c       $pdata$2$?shortsort@@YAXPEAD0_KP6AHPEBX2@Z@Z 0000000180027d5c     libucrt:qsort.obj
 0004:00000d68       $pdata$3$?shortsort@@YAXPEAD0_KP6AHPEBX2@Z@Z 0000000180027d68     libucrt:qsort.obj
 0004:00000d74       $pdata$strncpy_s           0000000180027d74     libucrt:strncpy_s.obj
 0004:00000d80       $pdata$strpbrk             0000000180027d80     libucrt:strpbrk.obj
 0004:00000d8c       $pdata$_mbsdec_l           0000000180027d8c     libucrt:mbsdec.obj
 0004:00000d98       $pdata$?initialize_multibyte@@YAHXZ 0000000180027d98     libucrt:multibyte_initializer.obj
 0004:00000da4       $pdata$_msize              0000000180027da4     libucrt:msize.obj
 0004:00000db0       $pdata$_realloc_base       0000000180027db0     libucrt:realloc_base.obj
 0004:00000dbc       $pdata$fegetenv            0000000180027dbc     libucrt:fegetenv.obj
 0004:00000dc8       $pdata$fesetenv            0000000180027dc8     libucrt:fesetenv.obj
 0004:00000dd4       $pdata$feholdexcept        0000000180027dd4     libucrt:feholdexcept.obj
 0004:00000dec       $pdata$_write              0000000180027dec     libucrt:write.obj
 0004:00000df8       $pdata$_write$fin$0        0000000180027df8     libucrt:write.obj
 0004:00000e04       $pdata$_write_nolock       0000000180027e04     libucrt:write.obj
 0004:00000e10       $pdata$?write_double_translated_ansi_nolock@@YA?AUwrite_result@?A0x9c548279@@HQEBDI@Z 0000000180027e10     libucrt:write.obj
 0004:00000e1c       $pdata$?write_text_ansi_nolock@@YA?AUwrite_result@?A0x9c548279@@HQEBDI@Z 0000000180027e1c     libucrt:write.obj
 0004:00000e28       $pdata$?write_text_utf16le_nolock@@YA?AUwrite_result@?A0x9c548279@@HQEBDI@Z 0000000180027e28     libucrt:write.obj
 0004:00000e34       $pdata$?write_text_utf8_nolock@@YA?AUwrite_result@?A0x9c548279@@HQEBDI@Z 0000000180027e34     libucrt:write.obj
 0004:00000e40       $pdata$??$common_lseek_nolock@_J@@YA_JH_JH@Z 0000000180027e40     libucrt:lseek.obj
 0004:00000e4c       $pdata$fclose              0000000180027e4c     libucrt:fclose.obj
 0004:00000e58       $pdata$fclose$fin$0        0000000180027e58     libucrt:fclose.obj
 0004:00000e64       $pdata$_fclose_nolock      0000000180027e64     libucrt:fclose.obj
 0004:00000e70       $pdata$_commit             0000000180027e70     libucrt:commit.obj
 0004:00000e7c       $pdata$??$?RV<lambda_b521505b218e5242e90febf6bfebc422>@@AEAV<lambda_6978c1fb23f02e42e1d9e99668cc68aa>@@V<lambda_314360699dd331753a4119843814e9a7>@@@?$__crt_seh_guarded_call@H@@QEAAH$$QEAV<lambda_b521505b218e5242e90febf6bfebc422>@@AEAV<lambda_6978c1fb23f02e42e1d9e99668cc68aa>@@$$QEAV<lambda_314360699dd331753a4119843814e9a7>@@@Z 0000000180027e7c     libucrt:commit.obj
 0004:00000e88       $pdata$?fin$0@?0???$?RV<lambda_b521505b218e5242e90febf6bfebc422>@@AEAV<lambda_6978c1fb23f02e42e1d9e99668cc68aa>@@V<lambda_314360699dd331753a4119843814e9a7>@@@?$__crt_seh_guarded_call@H@@QEAAH$$QEAV<lambda_b521505b218e5242e90febf6bfebc422>@@AEAV<lambda_6978c1fb23f02e42e1d9e99668cc68aa>@@$$QEAV<lambda_314360699dd331753a4119843814e9a7>@@@Z@4HA 0000000180027e88     libucrt:commit.obj
 0004:00000e88       $pdata$?fin$0@?0???$?RV<lambda_bfedae4ebbf01fab1bb6dcc6a9e276e0>@@AEAV<lambda_2fe9b910cf3cbf4a0ab98a02ba45b3ec>@@V<lambda_237c231691f317818eb88cc1d5d642d6>@@@?$__crt_seh_guarded_call@H@@QEAAH$$QEAV<lambda_bfedae4ebbf01fab1bb6dcc6a9e276e0>@@AEAV<lambda_2fe9b910cf3cbf4a0ab98a02ba45b3ec>@@$$QEAV<lambda_237c231691f317818eb88cc1d5d642d6>@@@Z@4HA 0000000180027e88     libucrt:close.obj
 0004:00000e94       $pdata$_setfpstatusword    0000000180027e94     libucrt:_fenvutils.obj
 0004:00000ea0       $pdata$_getfpcontrolword   0000000180027ea0     libucrt:_fenvutils.obj
 0004:00000eac       $pdata$_getfpstatusword    0000000180027eac     libucrt:_fenvutils.obj
 0004:00000eb8       $pdata$_clearfp            0000000180027eb8     libucrt:ieee.obj
 0004:00000ec4       $pdata$common_control87    0000000180027ec4     libucrt:ieee.obj
 0004:00000ed0       $pdata$_ctrlfp$filt$0      0000000180027ed0     libucrt:fpctrl.obj
 0004:00000ed0       $pdata$common_control87$filt$0 0000000180027ed0     libucrt:ieee.obj
 0004:00000edc       $pdata$_call_matherr       0000000180027edc     libucrt:libm_error.obj
 0004:00000ee8       $pdata$_exception_enabled  0000000180027ee8     libucrt:libm_error.obj
 0004:00000ef4       $pdata$_handle_error       0000000180027ef4     libucrt:libm_error.obj
 0004:00000f00       $pdata$__acrt_initialize_fma3 0000000180027f00     libucrt:fma3_available.obj
 0004:00000f0c       $pdata$_log_special_common 0000000180027f0c     libucrt:log_special.obj
 0004:00000f18       $pdata$_log10_special      0000000180027f18     libucrt:log_special.obj
 0004:00000f24       $pdata$_putwch_nolock      0000000180027f24     libucrt:putwch.obj
 0004:00000f30       $pdata$_close              0000000180027f30     libucrt:close.obj
 0004:00000f3c       $pdata$_close_nolock       0000000180027f3c     libucrt:close.obj
 0004:00000f48       $pdata$??$?RV<lambda_bfedae4ebbf01fab1bb6dcc6a9e276e0>@@AEAV<lambda_2fe9b910cf3cbf4a0ab98a02ba45b3ec>@@V<lambda_237c231691f317818eb88cc1d5d642d6>@@@?$__crt_seh_guarded_call@H@@QEAAH$$QEAV<lambda_bfedae4ebbf01fab1bb6dcc6a9e276e0>@@AEAV<lambda_2fe9b910cf3cbf4a0ab98a02ba45b3ec>@@$$QEAV<lambda_237c231691f317818eb88cc1d5d642d6>@@@Z 0000000180027f48     libucrt:close.obj
 0004:00000f60       $pdata$_set_errno_from_matherr 0000000180027f60     libucrt:fpexcept.obj
 0004:00000f6c       $pdata$_raise_exc          0000000180027f6c     libucrt:fpexcept.obj
 0004:00000f78       $pdata$_raise_exc_ex       0000000180027f78     libucrt:fpexcept.obj
 0004:00000f84       $pdata$_clrfp              0000000180027f84     libucrt:fpctrl.obj
 0004:00000f90       $pdata$_ctrlfp             0000000180027f90     libucrt:fpctrl.obj
 0004:00000f9c       $pdata$_statfp             0000000180027f9c     libucrt:fpctrl.obj
 0004:00000fa8       $pdata$_set_statfp         0000000180027fa8     libucrt:fpctrl.obj
 0004:00000fb4       $pdata$__dcrt_lowio_initialize_console_output 0000000180027fb4     libucrt:initcon.obj
 0004:00000fc0       $pdata$__dcrt_terminate_console_output 0000000180027fc0     libucrt:initcon.obj
 0004:00000fcc       $pdata$_IsNonwritableInCurrentImage 0000000180027fcc     LIBCMT:pesect.obj
 0004:00000fd8       $pdata$_IsNonwritableInCurrentImage$filt$0 0000000180027fd8     LIBCMT:pesect.obj
 0005:000000a0       $R000000                   00000001800280a0     gdip.res
 0005:000003b0       $R000310                   00000001800283b0     gdip.res
