 ico

 Timestamp is 5b32b119 (Wed Jun 27 00:33:13 2018)

 Preferred load address is 10000000

 Start         Length     Name                   Class
 0001:00000000 0000fe5bH .text$mn                CODE
 0001:0000fe5b 00000000H .text$x                 CODE
 0002:00000000 00000150H .idata$5                DATA
 0002:00000150 00000004H .00cfg                  DATA
 0002:00000154 00000004H .CRT$XCA                DATA
 0002:00000158 00000004H .CRT$XCZ                DATA
 0002:0000015c 00000004H .CRT$XIA                DATA
 0002:00000160 0000000cH .CRT$XIC                DATA
 0002:0000016c 00000004H .CRT$XIZ                DATA
 0002:00000170 00000004H .CRT$XPA                DATA
 0002:00000174 00000008H .CRT$XPX                DATA
 0002:0000017c 00000004H .CRT$XPXA               DATA
 0002:00000180 00000004H .CRT$XPZ                DATA
 0002:00000184 00000004H .CRT$XTA                DATA
 0002:00000188 00000008H .CRT$XTZ                DATA
 0002:0000018c 00000000H .gfids$x                DATA
 0002:0000018c 00000000H .gfids$y                DATA
 0002:00000190 00005738H .rdata                  DATA
 0002:000058c8 00000238H .rdata$r                DATA
 0002:00005b00 0000000cH .rdata$sxdata           DATA
 0002:00005b0c 00000308H .rdata$zzzdbg           DATA
 0002:00005e14 00000004H .rtc$IAA                DATA
 0002:00005e18 00000004H .rtc$IZZ                DATA
 0002:00005e1c 00000004H .rtc$TAA                DATA
 0002:00005e20 00000008H .rtc$TZZ                DATA
 0002:00005e28 00000398H .xdata$x                DATA
 0002:000061c0 00000094H .edata                  DATA
 0002:00006254 0000003cH .idata$2                DATA
 0002:00006290 00000014H .idata$3                DATA
 0002:000062a4 00000150H .idata$4                DATA
 0002:000063f4 00000612H .idata$6                DATA
 0003:00000000 00000760H .data                   DATA
 0003:00000760 000000e0H .data$r                 DATA
 0003:00000840 00000a20H .bss                    DATA
 0004:00000000 000000a0H .rsrc$01                DATA
 0004:000000a0 00000488H .rsrc$02                DATA

  Address         Publics by Value              Rva+Base       Lib:Object

 0000:00000000       ___guard_fids_count        00000000     <absolute>
 0000:00000000       ___enclave_config          00000000     <absolute>
 0000:00000000       ___guard_longjmp_count     00000000     <absolute>
 0000:00000000       ___guard_longjmp_table     00000000     <absolute>
 0000:00000000       __except_list              00000000     <absolute>
 0000:00000000       ___guard_iat_table         00000000     <absolute>
 0000:00000000       ___guard_iat_count         00000000     <absolute>
 0000:00000000       ___hybrid_auxiliary_iat    00000000     <absolute>
 0000:00000000       ___hybrid_code_map         00000000     <absolute>
 0000:00000000       ___guard_fids_table        00000000     <absolute>
 0000:00000000       ___hybrid_code_map_count   00000000     <absolute>
 0000:00000000       ___dynamic_value_reloc_table 00000000     <absolute>
 0000:00000003       ___safe_se_handler_count   00000003     <absolute>
 0000:00000100       ___guard_flags             00000100     <absolute>
 0000:00000000       ___ImageBase               10000000     <linker-defined>
 0001:00000000       ??$swprintf_c@$0IA@@@YAHAAY0IA@_WPB_WZZ 10001000 f i ico.obj
 0001:00000019       ??0Bitmap@Gdiplus@@QAE@PAUIStream@@H@Z 10001019 f i ico.obj
 0001:00000053       ??1MStream@@UAE@XZ         10001053 f i ico.obj
 0001:0000008a       ??_GImage@Gdiplus@@UAEPAXI@Z 1000108a f i ico.obj
 0001:0000008a       ??_EBitmap@Gdiplus@@UAEPAXI@Z 1000108a f i ico.obj
 0001:0000008a       ??_EImage@Gdiplus@@UAEPAXI@Z 1000108a f i ico.obj
 0001:0000008a       ??_GBitmap@Gdiplus@@UAEPAXI@Z 1000108a f i ico.obj
 0001:000000c3       ??_EMStream@@UAEPAXI@Z     100010c3 f i ico.obj
 0001:000000c3       ??_GMStream@@UAEPAXI@Z     100010c3 f i ico.obj
 0001:000000e5       ?AddRef@MStream@@UAGKXZ    100010e5 f i ico.obj
 0001:000000fe       ?CET_Cancel@@YGXPAX@Z      100010fe f   ico.obj
 0001:0000011b       ?CET_Done@@YGXPAUCET_Init@@@Z 1000111b f   ico.obj
 0001:00000142       ?CET_Free@@YGXPAUCET_LoadInfo@@@Z 10001142 f   ico.obj
 0001:0000017b       ?CET_Init@@YGHPAU0@@Z      1000117b f   ico.obj
 0001:000001ec       ?CET_Load@@YGHPAUCET_LoadInfo@@@Z 100011ec f   ico.obj
 0001:00000322       ?Clone@Image@Gdiplus@@UAEPAV12@XZ 10001322 f i ico.obj
 0001:00000364       ?Clone@MStream@@UAGJPAPAUIStream@@@Z 10001364 f i ico.obj
 0001:0000036c       ?Close@ICODecoder@@QAEXXZ  1000136c f i ico.obj
 0001:000003a3       ?Close@ICOImage@@QAEXXZ    100013a3 f i ico.obj
 0001:000003f1       ?Commit@MStream@@UAGJK@Z   100013f1 f i ico.obj
 0001:00000403       ?CopyTo@MStream@@UAGJPAUIStream@@T_ULARGE_INTEGER@@PAT3@2@Z 10001403 f i ico.obj
 0001:00000403       ?UnlockRegion@MStream@@UAGJT_ULARGE_INTEGER@@0K@Z 10001403 f i ico.obj
 0001:00000403       ?LockRegion@MStream@@UAGJT_ULARGE_INTEGER@@0K@Z 10001403 f i ico.obj
 0001:0000040b       ?Decode1BPP@@YAPAEIIPAUtagRGBQUAD@@PAE1AAK@Z 1000140b f   ico.obj
 0001:000004cc       ?Decode24BPP@@YAPAEAAIIPAE1AAK@Z 100014cc f   ico.obj
 0001:00000680       ?Decode32BPP@@YAPAEAAIIPAE1AAK@Z 10001680 f   ico.obj
 0001:0000074b       ?Decode4BPP@@YAPAEIIPAUtagRGBQUAD@@PAE1AAK@Z 1000174b f   ico.obj
 0001:00000828       ?Decode8BPP@@YAPAEAAIIPAUtagRGBQUAD@@PAE2AAK@Z 10001828 f   ico.obj
 0001:000008f2       ?DecodeDummy@@YAPAEIIAAK@Z 100018f2 f   ico.obj
 0001:00000931       ?FromStream@Bitmap@Gdiplus@@SAPAV12@PAUIStream@@H@Z 10001931 f i ico.obj
 0001:00000952       ?GetPageBits@ICOImage@@QAEHPAUCET_LoadInfo@@@Z 10001952 f i ico.obj
 0001:00000aa5       ?Init@ICODecoder@@QAEHPAUCET_Init@@@Z 10001aa5 f i ico.obj
 0001:00000b05       ?LoadPageInfo@@YAKPAUICONCONTEXT@@HAAI111PAPB_W@Z 10001b05 f   ico.obj
 0001:00000c41       ?Open@ICOImage@@QAEH_NPB_WPBEKU_COORD@@@Z 10001c41 f i ico.obj
 0001:00000df5       ?PageDecode@ICOImage@@QAEHPAUCET_LoadInfo@@@Z 10001df5 f i ico.obj
 0001:0000114d       ?QueryInterface@MStream@@UAGJABU_GUID@@PAPAX@Z 1000214d f i ico.obj
 0001:000011b5       ?Read@MStream@@UAGJPAXKPAK@Z 100021b5 f i ico.obj
 0001:0000120a       ?Release@MStream@@UAGKXZ   1000220a f i ico.obj
 0001:00001231       ?Revert@MStream@@UAGJXZ    10002231 f i ico.obj
 0001:00001239       ?Seek@MStream@@UAGJT_LARGE_INTEGER@@KPAT_ULARGE_INTEGER@@@Z 10002239 f i ico.obj
 0001:000012b3       ?SetData@MStream@@QAEXPBXK@Z 100022b3 f i ico.obj
 0001:000012f2       ?SetSize@MStream@@UAGJT_ULARGE_INTEGER@@@Z 100022f2 f i ico.obj
 0001:00001365       ?Stat@MStream@@UAGJPAUtagSTATSTG@@K@Z 10002365 f i ico.obj
 0001:000013dd       ?StringCchVPrintfW@@YGJPA_WIPB_WPAD@Z 100023dd f i ico.obj
 0001:00001434       ?Write@MStream@@UAGJPBXKPAK@Z 10002434 f i ico.obj
 0001:000014c8       ?__empty_global_delete@@YAXPAXI@Z 100024c8 f i ico.obj
 0001:000014c8       ?__global_delete@@YAXPAXI@Z 100024c8 f i ico.obj
 0001:000014c8       @_guard_check_icall_nop@4  100024c8 f i LIBCMT:guard_support.obj
 0001:000014c9       ___local_stdio_printf_options 100024c9 f i ico.obj
 0001:000014cf       __vsnwprintf_l             100024cf f i ico.obj
 0001:00001501       ??3@YAXPAX@Z               10002501 f   common-kernel32:Memory.obj
 0001:00001521       ?HeapDeinitialize@@YAXXZ   10002521 f   common-kernel32:Memory.obj
 0001:00001539       ?HeapInitialize@@YA_NXZ    10002539 f   common-kernel32:Memory.obj
 0001:0000155b       _GdipAlloc@4               1000255b f   gdiplus:gdiplus.dll
 0001:00001561       _GdipFree@4                10002561 f   gdiplus:gdiplus.dll
 0001:00001567       _GdiplusStartup@12         10002567 f   gdiplus:gdiplus.dll
 0001:0000156d       _GdiplusShutdown@4         1000256d f   gdiplus:gdiplus.dll
 0001:00001573       _GdipCloneImage@8          10002573 f   gdiplus:gdiplus.dll
 0001:00001579       _GdipDisposeImage@4        10002579 f   gdiplus:gdiplus.dll
 0001:0000157f       _GdipGetImagePixelFormat@8 1000257f f   gdiplus:gdiplus.dll
 0001:00001585       _GdipCreateBitmapFromStream@8 10002585 f   gdiplus:gdiplus.dll
 0001:0000158b       _GdipCreateBitmapFromStreamICM@8 1000258b f   gdiplus:gdiplus.dll
 0001:00001591       _GdipBitmapLockBits@20     10002591 f   gdiplus:gdiplus.dll
 0001:00001597       _GdipBitmapUnlockBits@8    10002597 f   gdiplus:gdiplus.dll
 0001:0000159d       ??3@YAXPAXI@Z              1000259d f   LIBCMT:delete_scalar_size.obj
 0001:000015ab       @__security_check_cookie@4 100025ab f   LIBCMT:_secchk_.obj
 0001:000015bc       ??_Etype_info@@UAEPAXI@Z   100025bc f i LIBCMT:std_type_info_static.obj
 0001:000015bc       ??_Gtype_info@@UAEPAXI@Z   100025bc f i LIBCMT:std_type_info_static.obj
 0001:000018eb       __DllMainCRTStartup@12     100028eb f   LIBCMT:dll_dllmain.obj
 0001:0000190e       ___raise_securityfailure   1000290e f   LIBCMT:gs_report.obj
 0001:00001936       ___report_gsfailure        10002936 f   LIBCMT:gs_report.obj
 0001:00001a80       ___security_init_cookie    10002a80 f   LIBCMT:gs_support.obj
 0001:00001acb       _DllMain@12                10002acb f   LIBCMT:dll_dllmain_stub.obj
 0001:00001ad1       ?__scrt_initialize_type_info@@YAXXZ 10002ad1 f   LIBCMT:tncleanup.obj
 0001:00001add       ?__scrt_uninitialize_type_info@@YAXXZ 10002add f   LIBCMT:tncleanup.obj
 0001:00001ae9       ___local_stdio_scanf_options 10002ae9 f i LIBCMT:default_local_stdio_options.obj
 0001:00001aef       ___scrt_initialize_default_local_stdio_options 10002aef f   LIBCMT:default_local_stdio_options.obj
 0001:00001b50       ___scrt_acquire_startup_lock 10002b50 f   LIBCMT:utility.obj
 0001:00001b82       ___scrt_dllmain_after_initialize_c 10002b82 f   LIBCMT:utility.obj
 0001:00001bad       ___scrt_dllmain_before_initialize_c 10002bad f   LIBCMT:utility.obj
 0001:00001bbb       ___scrt_dllmain_crt_thread_attach 10002bbb f   LIBCMT:utility.obj
 0001:00001bda       ___scrt_dllmain_crt_thread_detach 10002bda f   LIBCMT:utility.obj
 0001:00001be7       ___scrt_dllmain_exception_filter 10002be7 f   LIBCMT:utility.obj
 0001:00001c1b       ___scrt_dllmain_uninitialize_c 10002c1b f   LIBCMT:utility.obj
 0001:00001c3e       ___scrt_dllmain_uninitialize_critical 10002c3e f   LIBCMT:utility.obj
 0001:00001c4b       ___scrt_initialize_crt     10002c4b f   LIBCMT:utility.obj
 0001:00001c84       ___scrt_initialize_onexit_tables 10002c84 f   LIBCMT:utility.obj
 0001:00001d2e       ___scrt_is_nonwritable_in_current_image 10002d2e f   LIBCMT:utility.obj
 0001:00001db8       ___scrt_release_startup_lock 10002db8 f   LIBCMT:utility.obj
 0001:00001dd5       ___scrt_uninitialize_crt   10002dd5 f   LIBCMT:utility.obj
 0001:00001dfd       ___scrt_get_dyn_tls_init_callback 10002dfd f   LIBCMT:dyn_tls_init.obj
 0001:00001e03       ___scrt_fastfail           10002e03 f   LIBCMT:utility_desktop.obj
 0001:00001f1f       __crt_debugger_hook        10002f1f f   LIBCMT:utility_desktop.obj
 0001:00001f27       __RTC_Initialize           10002f27 f   LIBCMT:_initsect_.obj
 0001:00001f53       __RTC_Terminate            10002f53 f   LIBCMT:_initsect_.obj
 0001:00001f80       __SEH_prolog4              10002f80 f   LIBCMT:_sehprolg4_.obj
 0001:00001fc6       __SEH_epilog4              10002fc6 f   LIBCMT:_sehprolg4_.obj
 0001:00001fdb       ___isa_available_init      10002fdb f   LIBCMT:_cpu_disp_.obj
 0001:00002174       __get_startup_argv_mode    10003174 f   LIBCMT:argv_mode.obj
 0001:00002178       ___scrt_is_ucrt_dll_in_use 10003178 f   LIBCMT:ucrt_detection.obj
 0001:00002190       _memmove                   10003190 f   libvcruntime:memmove.obj
 0001:00002710       _memset                    10003710 f   libvcruntime:memset.obj
 0001:000028b0       __except_handler4          100038b0 f   libvcruntime:_chandler4_.obj
 0001:00002a07       ___std_type_info_destroy_list 10003a07 f   libvcruntime:std_type_info.obj
 0001:00002a2a       ___vcrt_initialize         10003a2a f   libvcruntime:initialization.obj
 0001:00002a53       ___vcrt_thread_attach      10003a53 f   libvcruntime:initialization.obj
 0001:00002a5e       ___vcrt_thread_detach      10003a5e f   libvcruntime:initialization.obj
 0001:00002a69       ___vcrt_uninitialize       10003a69 f   libvcruntime:initialization.obj
 0001:00002a88       ___vcrt_uninitialize_critical 10003a88 f   libvcruntime:initialization.obj
 0001:00002a90       __local_unwind4            10003a90 f   libvcruntime:_exsup4_.obj
 0001:00002b68       __seh_longjmp_unwind4@4    10003b68 f   libvcruntime:_exsup4_.obj
 0001:00002b90       @_EH4_CallFilterFunc@8     10003b90 f   libvcruntime:_exsup4_.obj
 0001:00002ba8       @_EH4_TransferToHandler@8  10003ba8 f   libvcruntime:_exsup4_.obj
 0001:00002bc4       @_EH4_GlobalUnwind2@8      10003bc4 f   libvcruntime:_exsup4_.obj
 0001:00002be0       @_EH4_LocalUnwind@16       10003be0 f   libvcruntime:_exsup4_.obj
 0001:00002bf7       ___except_validate_context_record 10003bf7 f   libvcruntime:jbcxrval.obj
 0001:00002c27       ___except_validate_jump_buffer 10003c27 f   libvcruntime:jbcxrval.obj
 0001:00002c54       ___vcrt_freefls@4          10003c54 f   libvcruntime:per_thread_data.obj
 0001:00002c70       ___vcrt_freeptd            10003c70 f   libvcruntime:per_thread_data.obj
 0001:00002cb3       ___vcrt_getptd_noexit      10003cb3 f   libvcruntime:per_thread_data.obj
 0001:00002d45       ___vcrt_initialize_ptd     10003d45 f   libvcruntime:per_thread_data.obj
 0001:00002d89       ___vcrt_uninitialize_ptd   10003d89 f   libvcruntime:per_thread_data.obj
 0001:00002da4       ___vcrt_initialize_locks   10003da4 f   libvcruntime:locks.obj
 0001:00002de0       ___vcrt_uninitialize_locks 10003de0 f   libvcruntime:locks.obj
 0001:00002e0f       ??$__crt_fast_encode_pointer@PAX@@YAPAXQAX@Z 10003e0f f i libvcruntime:winapi_downlevel.obj
 0001:00002f61       ___vcrt_FlsAlloc           10003f61 f   libvcruntime:winapi_downlevel.obj
 0001:00002f9c       ___vcrt_FlsFree            10003f9c f   libvcruntime:winapi_downlevel.obj
 0001:00002fd7       ___vcrt_FlsGetValue        10003fd7 f   libvcruntime:winapi_downlevel.obj
 0001:00003012       ___vcrt_FlsSetValue        10004012 f   libvcruntime:winapi_downlevel.obj
 0001:00003050       ___vcrt_InitializeCriticalSectionEx 10004050 f   libvcruntime:winapi_downlevel.obj
 0001:00003097       ___vcrt_initialize_winapi_thunks 10004097 f   libvcruntime:winapi_downlevel.obj
 0001:000030c0       ___vcrt_uninitialize_winapi_thunks 100040c0 f   libvcruntime:winapi_downlevel.obj
 0001:000030f2       ___vcrt_initialize_pure_virtual_call_handler 100040f2 f   libvcruntime:purevirt_data.obj
 0001:00003100       __global_unwind2           10004100 f   libvcruntime:_exsup_.obj
 0001:00003166       __local_unwind2            10004166 f   libvcruntime:_exsup_.obj
 0001:000031ea       __abnormal_termination     100041ea f   libvcruntime:_exsup_.obj
 0001:00003210       __NLG_Notify1              10004210 f   libvcruntime:_exsup_.obj
 0001:0000321c       __NLG_Notify               1000421c f   libvcruntime:_exsup_.obj
 0001:00003233       __NLG_Dispatch             10004233     libvcruntime:_exsup_.obj
 0001:00003233       __NLG_Dispatch2            10004233     libvcruntime:_exsup_.obj
 0001:0000323b       __NLG_Call                 1000423b f   libvcruntime:_exsup_.obj
 0001:0000323d       __NLG_Return2              1000423d     libvcruntime:_exsup_.obj
 0001:00003240       _memcpy                    10004240 f   libvcruntime:memcpy.obj
 0001:000037c0       __CallSettingFrame@12      100047c0 f   libvcruntime:lowhelpr.obj
 0001:000037e7       __NLG_Return               100047e7     libvcruntime:lowhelpr.obj
 0001:0000380c       ___DestructExceptionObject 1000480c f   libvcruntime:ehhelpers.obj
 0001:000038a2       ?_CallMemberFunction0@@YGXQAX0@Z 100048a2 f i libvcruntime:ehhelpers.obj
 0001:00003a34       ??$count@D@formatting_buffer@__crt_stdio_output@@QBEIXZ 10004a34 f i libucrt:output.obj
 0001:00003a4c       ??$ensure_buffer_is_big_enough@D@formatting_buffer@__crt_stdio_output@@QAE_NI@Z 10004a4c f i libucrt:output.obj
 0001:00003ad2       ??$is_wide_character_specifier@_W@__crt_stdio_output@@YA_N_K_WW4length_modifier@0@@Z 10004ad2 f i libucrt:output.obj
 0001:00003b21       ??$scratch_data@D@formatting_buffer@__crt_stdio_output@@QAEPADXZ 10004b21 f i libucrt:output.obj
 0001:00003b3f       ??$type_case_integer_parse_into_buffer@I@?$output_processor@_WV?$string_output_adapter@_W@__crt_stdio_output@@V?$standard_base@_WV?$string_output_adapter@_W@__crt_stdio_output@@@2@@__crt_stdio_output@@AAEXII_N@Z 10004b3f f i libucrt:output.obj
 0001:00003bb4       ??$type_case_integer_parse_into_buffer@_K@?$output_processor@_WV?$string_output_adapter@_W@__crt_stdio_output@@V?$standard_base@_WV?$string_output_adapter@_W@__crt_stdio_output@@@2@@__crt_stdio_output@@AAEX_KI_N@Z 10004bb4 f i libucrt:output.obj
 0001:00003c3c       ??$write_multiple_characters@V?$string_output_adapter@_W@__crt_stdio_output@@D@__crt_stdio_output@@YAXABV?$string_output_adapter@_W@0@DHQAH@Z 10004c3c f i libucrt:output.obj
 0001:00003c6d       ??0?$common_data@_W@__crt_stdio_output@@IAE@XZ 10004c6d f i libucrt:output.obj
 0001:00003cb9       ??0?$output_adapter_data@_WV?$string_output_adapter@_W@__crt_stdio_output@@@__crt_stdio_output@@IAE@ABV?$string_output_adapter@_W@1@_KQB_WQAU__crt_locale_pointers@@QAD@Z 10004cb9 f i libucrt:output.obj
 0001:00003cf5       ??0?$output_processor@_WV?$string_output_adapter@_W@__crt_stdio_output@@V?$standard_base@_WV?$string_output_adapter@_W@__crt_stdio_output@@@2@@__crt_stdio_output@@QAE@ABV?$string_output_adapter@_W@1@_KQB_WQAU__crt_locale_pointers@@QAD@Z 10004cf5 f i libucrt:output.obj
 0001:00003d2a       ??0_LocaleUpdate@@QAE@QAU__crt_locale_pointers@@@Z 10004d2a f i libucrt:output.obj
 0001:00003dad       ??1formatting_buffer@__crt_stdio_output@@QAE@XZ 10004dad f i libucrt:output.obj
 0001:00003dc7       ??4?$__crt_unique_heap_ptr@DU__crt_internal_free_policy@@@@QAEAAV0@$$QAV0@@Z 10004dc7 f i libucrt:output.obj
 0001:00003deb       ?crop_zeroes@__crt_stdio_output@@YAXPADQAU__crt_locale_pointers@@@Z 10004deb f i libucrt:output.obj
 0001:00003e42       ?find_next_state@?$output_processor@_WV?$string_output_adapter@_W@__crt_stdio_output@@V?$standard_base@_WV?$string_output_adapter@_W@__crt_stdio_output@@@2@@__crt_stdio_output@@ABE?AW4state@2@_WW432@@Z 10004e42 f i libucrt:output.obj
 0001:00003e76       ?force_decimal_point@__crt_stdio_output@@YAXPADQAU__crt_locale_pointers@@@Z 10004e76 f i libucrt:output.obj
 0001:00003ed2       ?parse_int_from_format_string@?$output_processor@_WV?$string_output_adapter@_W@__crt_stdio_output@@V?$standard_base@_WV?$string_output_adapter@_W@__crt_stdio_output@@@2@@__crt_stdio_output@@AAE_NQAH@Z 10004ed2 f i libucrt:output.obj
 0001:00003f30       ?process@?$output_processor@_WV?$string_output_adapter@_W@__crt_stdio_output@@V?$standard_base@_WV?$string_output_adapter@_W@__crt_stdio_output@@@2@@__crt_stdio_output@@QAEHXZ 10004f30 f i libucrt:output.obj
 0001:00004050       ?state_case_flag@?$output_processor@_WV?$string_output_adapter@_W@__crt_stdio_output@@V?$standard_base@_WV?$string_output_adapter@_W@__crt_stdio_output@@@2@@__crt_stdio_output@@AAE_NXZ 10005050 f i libucrt:output.obj
 0001:0000408d       ?state_case_normal@?$output_processor@_WV?$string_output_adapter@_W@__crt_stdio_output@@V?$standard_base@_WV?$string_output_adapter@_W@__crt_stdio_output@@@2@@__crt_stdio_output@@AAE_NXZ 1000508d f i libucrt:output.obj
 0001:000040ac       ?state_case_normal_common@?$output_processor@_WV?$string_output_adapter@_W@__crt_stdio_output@@V?$standard_base@_WV?$string_output_adapter@_W@__crt_stdio_output@@@2@@__crt_stdio_output@@AAE_NXZ 100050ac f i libucrt:output.obj
 0001:000040c7       ?state_case_precision@?$output_processor@_WV?$string_output_adapter@_W@__crt_stdio_output@@V?$standard_base@_WV?$string_output_adapter@_W@__crt_stdio_output@@@2@@__crt_stdio_output@@AAE_NXZ 100050c7 f i libucrt:output.obj
 0001:000040f0       ?state_case_size@?$output_processor@_WV?$string_output_adapter@_W@__crt_stdio_output@@V?$standard_base@_WV?$string_output_adapter@_W@__crt_stdio_output@@@2@@__crt_stdio_output@@AAE_NXZ 100050f0 f i libucrt:output.obj
 0001:0000426c       ?state_case_type@?$output_processor@_WV?$string_output_adapter@_W@__crt_stdio_output@@V?$standard_base@_WV?$string_output_adapter@_W@__crt_stdio_output@@@2@@__crt_stdio_output@@AAE_NXZ 1000526c f i libucrt:output.obj
 0001:000044c9       ?state_case_width@?$output_processor@_WV?$string_output_adapter@_W@__crt_stdio_output@@V?$standard_base@_WV?$string_output_adapter@_W@__crt_stdio_output@@@2@@__crt_stdio_output@@AAE_NXZ 100054c9 f i libucrt:output.obj
 0001:000044f5       ?to_integer_size@__crt_stdio_output@@YAIW4length_modifier@1@@Z 100054f5 f i libucrt:output.obj
 0001:00004551       ?type_case_Z@?$output_processor@_WV?$string_output_adapter@_W@__crt_stdio_output@@V?$standard_base@_WV?$string_output_adapter@_W@__crt_stdio_output@@@2@@__crt_stdio_output@@AAE_NXZ 10005551 f i libucrt:output.obj
 0001:000045b4       ?type_case_a@?$output_processor@_WV?$string_output_adapter@_W@__crt_stdio_output@@V?$standard_base@_WV?$string_output_adapter@_W@__crt_stdio_output@@@2@@__crt_stdio_output@@AAE_NXZ 100055b4 f i libucrt:output.obj
 0001:00004726       ?type_case_c_tchar@?$output_processor@_WV?$string_output_adapter@_W@__crt_stdio_output@@V?$standard_base@_WV?$string_output_adapter@_W@__crt_stdio_output@@@2@@__crt_stdio_output@@AAE_N_W@Z 10005726 f i libucrt:output.obj
 0001:000047be       ?type_case_integer@?$output_processor@_WV?$string_output_adapter@_W@__crt_stdio_output@@V?$standard_base@_WV?$string_output_adapter@_W@__crt_stdio_output@@@2@@__crt_stdio_output@@AAE_NI_N@Z 100057be f i libucrt:output.obj
 0001:00004908       ?type_case_n@?$output_processor@_WV?$string_output_adapter@_W@__crt_stdio_output@@V?$standard_base@_WV?$string_output_adapter@_W@__crt_stdio_output@@@2@@__crt_stdio_output@@AAE_NXZ 10005908 f i libucrt:output.obj
 0001:0000497c       ?type_case_o@?$output_processor@_WV?$string_output_adapter@_W@__crt_stdio_output@@V?$standard_base@_WV?$string_output_adapter@_W@__crt_stdio_output@@@2@@__crt_stdio_output@@AAE_NXZ 1000597c f i libucrt:output.obj
 0001:0000499b       ?type_case_p@?$output_processor@_WV?$string_output_adapter@_W@__crt_stdio_output@@V?$standard_base@_WV?$string_output_adapter@_W@__crt_stdio_output@@@2@@__crt_stdio_output@@AAE_NXZ 1000599b f i libucrt:output.obj
 0001:000049b3       ?type_case_s@?$output_processor@_WV?$string_output_adapter@_W@__crt_stdio_output@@V?$standard_base@_WV?$string_output_adapter@_W@__crt_stdio_output@@@2@@__crt_stdio_output@@AAE_NXZ 100059b3 f i libucrt:output.obj
 0001:00004a27       ?type_case_s_compute_narrow_string_length@?$output_processor@_WV?$string_output_adapter@_W@__crt_stdio_output@@V?$standard_base@_WV?$string_output_adapter@_W@__crt_stdio_output@@@2@@__crt_stdio_output@@ABEHH_W@Z 10005a27 f i libucrt:output.obj
 0001:00004a67       ?validate@?$c_string_character_source@_W@__crt_strtox@@QBE_NXZ 10005a67 f i libucrt:atox.obj
 0001:00004a67       ?validate@?$string_output_adapter@_W@__crt_stdio_output@@QBE_NXZ 10005a67 f i libucrt:output.obj
 0001:00004a82       ?write_character@?$string_output_adapter@_W@__crt_stdio_output@@QBE_N_WQAH@Z 10005a82 f i libucrt:output.obj
 0001:00004ac7       ?write_stored_string_tchar@?$output_processor@_WV?$string_output_adapter@_W@__crt_stdio_output@@V?$standard_base@_WV?$string_output_adapter@_W@__crt_stdio_output@@@2@@__crt_stdio_output@@AAE_N_W@Z 10005ac7 f i libucrt:output.obj
 0001:00004b52       ?write_string@?$string_output_adapter@_W@__crt_stdio_output@@QBEXQB_WHQAH1@Z 10005b52 f i libucrt:output.obj
 0001:00004bec       ___stdio_common_vswprintf  10005bec f   libucrt:output.obj
 0001:00004c10       __initterm                 10005c10 f   libucrt:initterm.obj
 0001:00004c6c       __initterm_e               10005c6c f   libucrt:initterm.obj
 0001:00004cb1       __seh_filter_dll           10005cb1 f   libucrt:exception_filter.obj
 0001:00004cd1       __seh_filter_exe           10005cd1 f   libucrt:exception_filter.obj
 0001:00005062       ___acrt_initialize_thread_local_exit_callback 10006062 f   libucrt:exit.obj
 0001:00005071       __cexit                    10006071 f   libucrt:exit.obj
 0001:00005080       __exit                     10006080 f   libucrt:exit.obj
 0001:00005096       __is_c_termination_complete 10006096 f   libucrt:exit.obj
 0001:00005335       ___acrt_allocate_buffer_for_argv 10006335 f   libucrt:argv_parsing.obj
 0001:0000538a       __configure_narrow_argv    1000638a f   libucrt:argv_parsing.obj
 0001:000054ee       ??$uninitialize@A6AXAAPAPA_W@Z@?$dual_state_global@PAPA_W@__crt_state_management@@QAEXA6AXAAPAPA_W@Z@Z 100064ee f i libucrt:environment_initialization.obj
 0001:000054ee       ??$uninitialize@A6AXAAPAPAD@Z@?$dual_state_global@PAPAD@__crt_state_management@@QAEXA6AXAAPAPAD@Z@Z 100064ee f i libucrt:environment_initialization.obj
 0001:00005564       ?initialize@?$dual_state_global@P6AHI@Z@__crt_state_management@@QAEXQ6AHI@Z@Z 10006564 f i libucrt:new_handler.obj
 0001:00005564       ?initialize@?$dual_state_global@PAU__crt_locale_data@@@__crt_state_management@@QAEXQAU__crt_locale_data@@@Z 10006564 f i libucrt:initialization.obj
 0001:00005564       ?initialize@?$dual_state_global@P6AHPAU_exception@@@Z@__crt_state_management@@QAEXQ6AHPAU_exception@@@Z@Z 10006564 f i libucrt:matherr.obj
 0001:00005564       ?initialize@?$dual_state_global@P6AXPB_W00II@Z@__crt_state_management@@QAEXQ6AXPB_W00II@Z@Z 10006564 f i libucrt:invalid_parameter.obj
 0001:00005564       ?initialize@?$dual_state_global@P6AXH@Z@__crt_state_management@@QAEXQ6AXH@Z@Z 10006564 f i libucrt:signal.obj
 0001:00005564       ?initialize@?$dual_state_global@PAPAD@__crt_state_management@@QAEXQAPAD@Z 10006564 f i libucrt:environment_initialization.obj
 0001:00005595       ___dcrt_uninitialize_environments_nolock 10006595 f   libucrt:environment_initialization.obj
 0001:000055cc       __initialize_narrow_environment 100065cc f   libucrt:environment_initialization.obj
 0001:000055d1       ??$?RV<lambda_995298e7d72eb4c2aab26c0585b3abe5>@@AAV<lambda_275893d493268fdec8709772e3fcec0e>@@V<lambda_293819299cbf9a7022e18b56a874bb5c>@@@?$__crt_seh_guarded_call@H@@QAEH$$QAV<lambda_995298e7d72eb4c2aab26c0585b3abe5>@@AAV<lambda_275893d493268fdec8709772e3fcec0e>@@$$QAV<lambda_293819299cbf9a7022e18b56a874bb5c>@@@Z 100065d1 f i libucrt:onexit.obj
 0001:00005622       ??$__acrt_lock_and_call@V<lambda_275893d493268fdec8709772e3fcec0e>@@@@YAHW4__acrt_lock_id@@$$QAV<lambda_275893d493268fdec8709772e3fcec0e>@@@Z 10006622 f i libucrt:onexit.obj
 0001:0000576a       __execute_onexit_table     1000676a f   libucrt:onexit.obj
 0001:00005787       __initialize_onexit_table  10006787 f   libucrt:onexit.obj
 0001:000057f0       ___acrt_uninitialize_command_line 100067f0 f   libucrt:argv_data.obj
 0001:000058b8       ___acrt_initialize         100068b8 f   libucrt:initialization.obj
 0001:000058ca       ___acrt_thread_attach      100068ca f   libucrt:initialization.obj
 0001:000058d5       ___acrt_thread_detach      100068d5 f   libucrt:initialization.obj
 0001:000058dd       ___acrt_uninitialize       100068dd f   libucrt:initialization.obj
 0001:000058ef       ___acrt_uninitialize_critical 100068ef f   libucrt:initialization.obj
 0001:00005901       _terminate                 10006901 f   libucrt:terminate.obj
 0001:0000593d       _free                      1000693d f   libucrt:free.obj
 0001:00005942       _strcpy_s                  10006942 f   libucrt:strcpy_s.obj
 0001:0000599c       ??$is_overflow_condition@K@__crt_strtox@@YA_NIK@Z 1000699c f i libucrt:atox.obj
 0001:000059cf       ??$parse_integer@KV?$c_string_character_source@_W@__crt_strtox@@@__crt_strtox@@YAKQAU__crt_locale_pointers@@V?$c_string_character_source@_W@0@H_N@Z 100069cf f i libucrt:atox.obj
 0001:000060b4       ?unget@?$c_string_character_source@_W@__crt_strtox@@QAEX_W@Z 100070b4 f i libucrt:atox.obj
 0001:000060e0       __chvalidchk_l             100070e0 f i libucrt:atox.obj
 0001:0000610a       __ischartype_l             1000710a f i libucrt:atox.obj
 0001:00006140       _strncmp                   10007140 f   libucrt:strncmp.obj
 0001:000061b8       _abort                     100071b8 f   libucrt:abort.obj
 0001:000061fb       _calloc                    100071fb f   libucrt:calloc.obj
 0001:00006206       _wcsncmp                   10007206 f   libucrt:wcsncmp.obj
 0001:00006240       ___acrt_call_reportfault   10007240 f   libucrt:invalid_parameter.obj
 0001:0000637b       ___acrt_initialize_invalid_parameter_handler 1000737b f   libucrt:invalid_parameter.obj
 0001:0000638f       __invalid_parameter        1000738f f   libucrt:invalid_parameter.obj
 0001:0000640a       __invalid_parameter_noinfo 1000740a f   libucrt:invalid_parameter.obj
 0001:0000641a       __invoke_watson            1000741a f   libucrt:invalid_parameter.obj
 0001:0000644d       __isdigit_l                1000744d f i libucrt:_ctype.obj
 0001:00006485       _isdigit                   10007485 f i libucrt:_ctype.obj
 0001:00006619       __tolower_l                10007619 f   libucrt:tolower_toupper.obj
 0001:00006633       _tolower                   10007633 f   libucrt:tolower_toupper.obj
 0001:00006663       ___acrt_errno_from_os_error 10007663 f   libucrt:errno.obj
 0001:000066a6       ___acrt_errno_map_os_error 100076a6 f   libucrt:errno.obj
 0001:000066c9       ___doserrno                100076c9 f   libucrt:errno.obj
 0001:000066dc       __errno                    100076dc f   libucrt:errno.obj
 0001:000066ef       __free_base                100076ef f   libucrt:free_base.obj
 0001:00006729       __malloc_base              10007729 f   libucrt:malloc_base.obj
 0001:00006777       ??$make_c_string_character_source@_WPAPA_W@__crt_strtox@@YA?AV?$c_string_character_source@_W@0@QB_WQAPA_W@Z 10007777 f i libucrt:strtox.obj
 0001:00006792       _wcstol                    10007792 f   libucrt:strtox.obj
 0001:000067be       __mbtowc_l                 100077be f   libucrt:mbtowc.obj
 0001:000068b8       _mbtowc                    100078b8 f   libucrt:mbtowc.obj
 0001:000068d2       _wcsnlen                   100078d2 f   libucrt:strnlen.obj
 0001:00006a89       ??$?RV<lambda_3518db117f0e7cdb002338c5d3c47b6c>@@AAV<lambda_b2ea41f6bbb362cd97d94c6828d90b61>@@V<lambda_abdedf541bb04549bc734292b4a045d4>@@@?$__crt_seh_guarded_call@X@@QAEX$$QAV<lambda_3518db117f0e7cdb002338c5d3c47b6c>@@AAV<lambda_b2ea41f6bbb362cd97d94c6828d90b61>@@$$QAV<lambda_abdedf541bb04549bc734292b4a045d4>@@@Z 10007a89 f i libucrt:per_thread_data.obj
 0001:00006ad9       ??$?RV<lambda_51b6e8b1eb166f2a3faf91f424b38130>@@AAV<lambda_6250bd4b2a391816dd638c3bf72b0bcb>@@V<lambda_0b5a4a3e68152e1d9b943535f5f47bed>@@@?$__crt_seh_guarded_call@X@@QAEX$$QAV<lambda_51b6e8b1eb166f2a3faf91f424b38130>@@AAV<lambda_6250bd4b2a391816dd638c3bf72b0bcb>@@$$QAV<lambda_0b5a4a3e68152e1d9b943535f5f47bed>@@@Z 10007ad9 f i libucrt:per_thread_data.obj
 0001:00006b3a       ??$?RV<lambda_5b71d36f03204c0beab531769a5b5694>@@AAV<lambda_be2b3da3f62db62e9dad5dc70221a656>@@V<lambda_8f9ce462984622f9bf76b59e2aaaf805>@@@?$__crt_seh_guarded_call@X@@QAEX$$QAV<lambda_5b71d36f03204c0beab531769a5b5694>@@AAV<lambda_be2b3da3f62db62e9dad5dc70221a656>@@$$QAV<lambda_8f9ce462984622f9bf76b59e2aaaf805>@@@Z 10007b3a f i libucrt:per_thread_data.obj
 0001:00006b85       ??$?RV<lambda_9df27f884b057bc3edfc946cb5b7cf47>@@AAV<lambda_e69574bed617af4e071282c136b37893>@@V<lambda_cc0d902bcbbeb830f749456577db4721>@@@?$__crt_seh_guarded_call@X@@QAEX$$QAV<lambda_9df27f884b057bc3edfc946cb5b7cf47>@@AAV<lambda_e69574bed617af4e071282c136b37893>@@$$QAV<lambda_cc0d902bcbbeb830f749456577db4721>@@@Z 10007b85 f i libucrt:per_thread_data.obj
 0001:00006bcd       ??$__acrt_lock_and_call@V<lambda_6250bd4b2a391816dd638c3bf72b0bcb>@@@@YAXW4__acrt_lock_id@@$$QAV<lambda_6250bd4b2a391816dd638c3bf72b0bcb>@@@Z 10007bcd f i libucrt:per_thread_data.obj
 0001:00006bf5       ??$__acrt_lock_and_call@V<lambda_b2ea41f6bbb362cd97d94c6828d90b61>@@@@YAXW4__acrt_lock_id@@$$QAV<lambda_b2ea41f6bbb362cd97d94c6828d90b61>@@@Z 10007bf5 f i libucrt:per_thread_data.obj
 0001:00006c1d       ??$__acrt_lock_and_call@V<lambda_be2b3da3f62db62e9dad5dc70221a656>@@@@YAXW4__acrt_lock_id@@$$QAV<lambda_be2b3da3f62db62e9dad5dc70221a656>@@@Z 10007c1d f i libucrt:per_thread_data.obj
 0001:00006c45       ??$__acrt_lock_and_call@V<lambda_e69574bed617af4e071282c136b37893>@@@@YAXW4__acrt_lock_id@@$$QAV<lambda_e69574bed617af4e071282c136b37893>@@@Z 10007c45 f i libucrt:per_thread_data.obj
 0001:00006dfb       ___acrt_freeptd            10007dfb f   libucrt:per_thread_data.obj
 0001:00006e27       ___acrt_getptd             10007e27 f   libucrt:per_thread_data.obj
 0001:00006eab       ___acrt_getptd_noexit      10007eab f   libucrt:per_thread_data.obj
 0001:00006f30       ___acrt_initialize_ptd     10007f30 f   libucrt:per_thread_data.obj
 0001:00006f5c       ___acrt_uninitialize_ptd   10007f5c f   libucrt:per_thread_data.obj
 0001:00006f76       ___acrt_update_locale_info 10007f76 f   libucrt:locale_update.obj
 0001:00006fa3       ___acrt_update_multibyte_info 10007fa3 f   libucrt:locale_update.obj
 0001:00006fd0       ?__acrt_fp_classify@@YA?AW4__acrt_fp_class@@ABN@Z 10007fd0 f i libucrt:cvt.obj
 0001:0000703c       ?__acrt_fp_is_negative@@YA_NABN@Z 1000803c f i libucrt:cvt.obj
 0001:0000789b       ___acrt_fp_format          1000889b f   libucrt:cvt.obj
 0001:000079e5       __fileno                   100089e5 f   libucrt:fileno.obj
 0001:00007a0b       ___acrt_initialize_stdio   10008a0b f   libucrt:_file.obj
 0001:00007ad3       ___acrt_uninitialize_stdio 10008ad3 f   libucrt:_file.obj
 0001:00007b1f       __lock_file                10008b1f f   libucrt:_file.obj
 0001:00007b33       __unlock_file              10008b33 f   libucrt:_file.obj
 0001:00007b47       __get_printf_count_output  10008b47 f   libucrt:printf_count_output.obj
 0001:00007b5c       ___acrt_set_locale_changed 10008b5c f   libucrt:wsetlocale.obj
 0001:00007b67       ___acrt_uninitialize_locale 10008b67 f   libucrt:wsetlocale.obj
 0001:00007d25       ___acrt_initialize_lowio   10008d25 f   libucrt:ioinit.obj
 0001:00007d7b       ___acrt_uninitialize_lowio 10008d7b f   libucrt:ioinit.obj
 0001:00007da7       ___acrt_initialize_locks   10008da7 f   libucrt:locks.obj
 0001:00007de8       ___acrt_lock               10008de8 f   libucrt:locks.obj
 0001:00007dff       ___acrt_uninitialize_locks 10008dff f   libucrt:locks.obj
 0001:00007e30       ___acrt_unlock             10008e30 f   libucrt:locks.obj
 0001:00007f5e       ___acrt_FlsAlloc@4         10008f5e f   libucrt:winapi_thunks.obj
 0001:00007fb4       ___acrt_FlsFree@4          10008fb4 f   libucrt:winapi_thunks.obj
 0001:0000800a       ___acrt_FlsGetValue@4      1000900a f   libucrt:winapi_thunks.obj
 0001:00008060       ___acrt_FlsSetValue@8      10009060 f   libucrt:winapi_thunks.obj
 0001:000080b9       ___acrt_InitializeCriticalSectionEx@12 100090b9 f   libucrt:winapi_thunks.obj
 0001:0000811b       ___acrt_LCMapStringEx@36   1000911b f   libucrt:winapi_thunks.obj
 0001:000081a3       ___acrt_LocaleNameToLCID@8 100091a3 f   libucrt:winapi_thunks.obj
 0001:000081ff       ___acrt_initialize_winapi_thunks 100091ff f   libucrt:winapi_thunks.obj
 0001:00008225       ___acrt_is_packaged_app    10009225 f   libucrt:winapi_thunks.obj
 0001:000082ac       ___acrt_uninitialize_winapi_thunks 100092ac f   libucrt:winapi_thunks.obj
 0001:000082e2       __calloc_base              100092e2 f   libucrt:calloc_base.obj
 0001:00008701       ??1?$argument_list@D@?A0xb0e4b824@@QAE@XZ 10009701 f i libucrt:argv_wildcards.obj
 0001:00008726       ?append@?$argument_list@D@?A0xb0e4b824@@QAEHQAD@Z 10009726 f i libucrt:argv_wildcards.obj
 0001:0000875b       ?expand_if_necessary@?$argument_list@D@?A0xb0e4b824@@AAEHXZ 1000975b f i libucrt:argv_wildcards.obj
 0001:000087e2       ___acrt_expand_narrow_argv_wildcards 100097e2 f   libucrt:argv_wildcards.obj
 0001:000087ed       ??$?RV<lambda_978dc153c237d78434369da87b74ff60>@@AAV<lambda_ad1ced32f4ac17aa236e5ef05d6b3b7c>@@V<lambda_4a8533e2866a575feecb8298ce776b0d>@@@?$__crt_seh_guarded_call@X@@QAEX$$QAV<lambda_978dc153c237d78434369da87b74ff60>@@AAV<lambda_ad1ced32f4ac17aa236e5ef05d6b3b7c>@@$$QAV<lambda_4a8533e2866a575feecb8298ce776b0d>@@@Z 100097ed f i libucrt:mbctype.obj
 0001:00008830       ??$__acrt_lock_and_call@V<lambda_ad1ced32f4ac17aa236e5ef05d6b3b7c>@@@@YAXW4__acrt_lock_id@@$$QAV<lambda_ad1ced32f4ac17aa236e5ef05d6b3b7c>@@@Z 10009830 f i libucrt:mbctype.obj
 0001:00008cc7       ___acrt_initialize_multibyte 10009cc7 f   libucrt:mbctype.obj
 0001:00008ce5       ___acrt_update_thread_multibyte_data 10009ce5 f   libucrt:mbctype.obj
 0001:00008d87       __setmbcp_nolock           10009d87 f   libucrt:mbctype.obj
 0001:00009052       __ismbblead                1000a052 f   libucrt:ismbbyte.obj
 0001:0000906a       ___acrt_initialize_command_line 1000a06a f   libucrt:argv_data.obj
 0001:000090ba       ___dcrt_get_narrow_environment_from_os 1000a0ba f   libucrt:get_environment_from_os.obj
 0001:0000913d       __recalloc                 1000a13d f   libucrt:recalloc.obj
 0001:00009148       __recalloc_base            1000a148 f   libucrt:recalloc.obj
 0001:000091b5       ___acrt_initialize_heap    1000a1b5 f   libucrt:heap_handle.obj
 0001:000091c6       ___acrt_uninitialize_heap  1000a1c6 f   libucrt:heap_handle.obj
 0001:000091d0       ___acrt_execute_initializers 1000a1d0 f   libucrt:shared_initialization.obj
 0001:00009253       ___acrt_execute_uninitializers 1000a253 f   libucrt:shared_initialization.obj
 0001:000092a0       ___acrt_initialize_new_handler 1000a2a0 f   libucrt:new_handler.obj
 0001:000092b4       __callnewh                 1000a2b4 f   libucrt:new_handler.obj
 0001:000092f8       __query_new_handler        1000a2f8 f   libucrt:new_handler.obj
 0001:0000934a       ??$?RV<lambda_a048d3beccc847880fc8490e18b82769>@@AAV<lambda_ec61778202f4f5fc7e7711acc23c3bca>@@V<lambda_f7496a158712204296dd6628a163878e>@@@?$__crt_seh_guarded_call@P6AXH@Z@@QAEP6AXH@Z$$QAV<lambda_a048d3beccc847880fc8490e18b82769>@@AAV<lambda_ec61778202f4f5fc7e7711acc23c3bca>@@$$QAV<lambda_f7496a158712204296dd6628a163878e>@@@Z 1000a34a f i libucrt:signal.obj
 0001:000093a4       ??$__acrt_lock_and_call@V<lambda_ec61778202f4f5fc7e7711acc23c3bca>@@@@YAP6AXH@ZW4__acrt_lock_id@@$$QAV<lambda_ec61778202f4f5fc7e7711acc23c3bca>@@@Z 1000a3a4 f i libucrt:signal.obj
 0001:00009436       ___acrt_get_sigabrt_handler 1000a436 f   libucrt:signal.obj
 0001:0000944d       ___acrt_initialize_signal_handlers 1000a44d f   libucrt:signal.obj
 0001:00009488       ___fpecode                 1000a488 f   libucrt:signal.obj
 0001:00009491       _raise                     1000a491 f   libucrt:signal.obj
 0001:00009699       ___acrt_has_user_matherr   1000a699 f   libucrt:matherr.obj
 0001:000096b2       ___acrt_initialize_user_matherr 1000a6b2 f   libucrt:matherr.obj
 0001:000096c6       ___acrt_invoke_user_matherr 1000a6c6 f   libucrt:matherr.obj
 0001:0000970f       ___pctype_func             1000a70f f   libucrt:ctype.obj
 0001:00009735       _iswctype                  1000a735 f   libucrt:iswctype.obj
 0001:00009794       __isctype_l                1000a794 f   libucrt:isctype.obj
 0001:00009866       __isleadbyte_l             1000a866 f i libucrt:_wctype.obj
 0001:00009abc       ___acrt_LCMapStringA       1000aabc f   libucrt:lcmapstringa.obj
 0001:00009b07       __freea_crt                1000ab07 f i libucrt:lcmapstringa.obj
 0001:00009b27       __query_new_mode           1000ab27 f   libucrt:new_mode.obj
 0001:00009b2d       ___acrt_add_locale_ref     1000ab2d f   libucrt:locale_refcounting.obj
 0001:00009baa       ___acrt_free_locale        1000abaa f   libucrt:locale_refcounting.obj
 0001:00009cf4       ___acrt_locale_add_lc_time_reference 1000acf4 f   libucrt:locale_refcounting.obj
 0001:00009d1d       ___acrt_locale_free_lc_time_if_unreferenced 1000ad1d f   libucrt:locale_refcounting.obj
 0001:00009d4d       ___acrt_locale_release_lc_time_reference 1000ad4d f   libucrt:locale_refcounting.obj
 0001:00009d76       ___acrt_release_locale_ref 1000ad76 f   libucrt:locale_refcounting.obj
 0001:00009df7       ___acrt_update_thread_locale_data 1000adf7 f   libucrt:locale_refcounting.obj
 0001:00009e6e       __updatetlocinfoEx_nolock  1000ae6e f   libucrt:locale_refcounting.obj
 0001:00009ebe       ___acrt_fp_strflt_to_string 1000aebe f   libucrt:_fptostr.obj
 0001:00009f7a       ??0scoped_fp_state_reset@?A0x48fbfdd4@@QAE@XZ 1000af7a f i libucrt:cfout.obj
 0001:00009fb0       ?divide@__crt_strtox@@YA_KAAUbig_integer@1@ABU21@@Z 1000afb0 f i libucrt:cfout.obj
 0001:0000a45e       ___acrt_fltout             1000b45e f   libucrt:cfout.obj
 0001:0000b7fa       __fcloseall                1000c7fa f   libucrt:closeall.obj
 0001:0000b89a       ___acrt_stdio_flush_nolock 1000c89a f   libucrt:fflush.obj
 0001:0000b900       __fflush_nolock            1000c900 f   libucrt:fflush.obj
 0001:0000b947       __flushall                 1000c947 f   libucrt:fflush.obj
 0001:0000ba28       ___acrt_stdio_free_buffer_nolock 1000ca28 f   libucrt:_freebuf.obj
 0001:0000ba66       __isatty                   1000ca66 f   libucrt:isatty.obj
 0001:0000babc       ___acrt_locale_free_monetary 1000cabc f   libucrt:initmon.obj
 0001:0000bbba       ___acrt_locale_free_numeric 1000cbba f   libucrt:initnum.obj
 0001:0000bc5f       ___acrt_locale_free_time   1000cc5f f   libucrt:inittime.obj
 0001:0000bd43       ___acrt_GetStringTypeA     1000cd43 f   libucrt:getstringtypea.obj
 0001:0000be60       ___acrt_lowio_create_handle_array 1000ce60 f   libucrt:osfinfo.obj
 0001:0000beda       ___acrt_lowio_destroy_handle_array 1000ceda f   libucrt:osfinfo.obj
 0001:0000bf0f       ___acrt_lowio_ensure_fh_exists 1000cf0f f   libucrt:osfinfo.obj
 0001:0000bfa7       ___acrt_lowio_lock_fh      1000cfa7 f   libucrt:osfinfo.obj
 0001:0000bfca       ___acrt_lowio_unlock_fh    1000cfca f   libucrt:osfinfo.obj
 0001:0000bfef       __free_osfhnd              1000cfef f   libucrt:osfinfo.obj
 0001:0000c080       __get_osfhandle            1000d080 f   libucrt:osfinfo.obj
 0001:0000c1a6       ___acrt_DownlevelLocaleNameToLCID 1000d1a6 f   libucrt:lcidtoname_downlevel.obj
 0001:0000c2c0       _qsort                     1000d2c0 f   libucrt:qsort.obj
 0001:0000c70b       _strncpy_s                 1000d70b f   libucrt:strncpy_s.obj
 0001:0000c720       _strpbrk                   1000d720 f   libucrt:strpbrk.obj
 0001:0000c760       __mbsdec                   1000d760 f   libucrt:mbsdec.obj
 0001:0000c777       __mbsdec_l                 1000d777 f   libucrt:mbsdec.obj
 0001:0000c813       __msize                    1000d813 f   libucrt:msize.obj
 0001:0000c846       __realloc_base             1000d846 f   libucrt:realloc_base.obj
 0001:0000c8af       ___strncnt                 1000d8af f   libucrt:strncnt.obj
 0001:0000c8cb       _fegetenv                  1000d8cb f   libucrt:fegetenv.obj
 0001:0000c8e8       _fesetenv                  1000d8e8 f   libucrt:fesetenv.obj
 0001:0000c931       _feholdexcept              1000d931 f   libucrt:feholdexcept.obj
 0001:0000c980       _log10                     1000d980 f   libucrt:log10.obj
 0001:0000c9c0       __CIlog10                  1000d9c0 f   libucrt:log10.obj
 0001:0000c9fb       __CIlog10_default          1000d9fb f   libucrt:log10.obj
 0001:0000ca0f       __log10_default            1000da0f     libucrt:log10.obj
 0001:0000cad0       _ceil                      1000dad0 f   libucrt:ceil_pentium4.obj
 0001:0000cb10       __ceil_pentium4            1000db10 f   libucrt:ceil_pentium4.obj
 0001:0000d17d       __write                    1000e17d f   libucrt:write.obj
 0001:0000d268       __write_nolock             1000e268 f   libucrt:write.obj
 0001:0000d4f2       __lseeki64_nolock          1000e4f2 f   libucrt:lseek.obj
 0001:0000d50d       __fclose_nolock            1000e50d f   libucrt:fclose.obj
 0001:0000d583       _fclose                    1000e583 f   libucrt:fclose.obj
 0001:0000d603       ??$?RV<lambda_61cee617f5178ae960314fd4d05640a0>@@AAV<lambda_6978c1fb23f02e42e1d9e99668cc68aa>@@V<lambda_9cd88cf8ad10232537feb2133f08c833>@@@?$__crt_seh_guarded_call@H@@QAEH$$QAV<lambda_61cee617f5178ae960314fd4d05640a0>@@AAV<lambda_6978c1fb23f02e42e1d9e99668cc68aa>@@$$QAV<lambda_9cd88cf8ad10232537feb2133f08c833>@@@Z 1000e603 f i libucrt:commit.obj
 0001:0000d69b       ??$__acrt_lowio_lock_fh_and_call@V<lambda_6978c1fb23f02e42e1d9e99668cc68aa>@@@@YAHH$$QAV<lambda_6978c1fb23f02e42e1d9e99668cc68aa>@@@Z 1000e69b f i libucrt:commit.obj
 0001:0000d6c3       __commit                   1000e6c3 f   libucrt:commit.obj
 0001:0000d732       __query_app_type           1000e732 f   libucrt:report_runtime_error.obj
 0001:0000d9db       __getfpcontrolword         1000e9db f   libucrt:_fenvutils.obj
 0001:0000da1e       __getfpstatusword          1000ea1e f   libucrt:_fenvutils.obj
 0001:0000dac6       __setfpcontrolword         1000eac6 f   libucrt:_fenvutils.obj
 0001:0000db46       __setfpstatusword          1000eb46 f   libucrt:_fenvutils.obj
 0001:0000dbc6       __clearfp                  1000ebc6 f   libucrt:ieee87.obj
 0001:0000dca4       ___acrt_initialize_sse2    1000eca4 f   libucrt:mathfcns.obj
 0001:0000dcc0       __CIlog10_pentium4         1000ecc0 f   libucrt:log10_pentium4.obj
 0001:0000dcd8       __log10_pentium4           1000ecd8     libucrt:log10_pentium4.obj
 0001:0000df61       __fFEXP                    1000ef61     libucrt:87tran.obj
 0001:0000dfb8       __rtinfpopse               1000efb8     libucrt:87tran.obj
 0001:0000dfba       __rtinfnpopse              1000efba     libucrt:87tran.obj
 0001:0000dfca       __fFLN                     1000efca     libucrt:87tran.obj
 0001:0000e07f       __rtinfpop                 1000f07f     libucrt:87tran.obj
 0001:0000e081       __rtinfnpop                1000f081     libucrt:87tran.obj
 0001:0000e09e       __ffexpm1                  1000f09e     libucrt:87tran.obj
 0001:0000e150       __trandisp1                1000f150 f   libucrt:87disp.obj
 0001:0000e1b7       __trandisp2                1000f1b7 f   libucrt:87disp.obj
 0001:0000e243       __rttospopde               1000f243     libucrt:87disp.obj
 0001:0000e248       __rttospop                 1000f248     libucrt:87disp.obj
 0001:0000e24a       __rtnospop                 1000f24a     libucrt:87disp.obj
 0001:0000e24c       __rttosnpop                1000f24c     libucrt:87disp.obj
 0001:0000e24d       __rtnospopde               1000f24d     libucrt:87disp.obj
 0001:0000e254       __rtzeropop                1000f254     libucrt:87disp.obj
 0001:0000e256       __rtzeronpop               1000f256     libucrt:87disp.obj
 0001:0000e25b       __rtzerospop               1000f25b     libucrt:87disp.obj
 0001:0000e268       __rtonepop                 1000f268     libucrt:87disp.obj
 0001:0000e26a       __rtonenpop                1000f26a     libucrt:87disp.obj
 0001:0000e26f       __tosnan1                  1000f26f     libucrt:87disp.obj
 0001:0000e29a       __nosnan2                  1000f29a     libucrt:87disp.obj
 0001:0000e29c       __tosnan2                  1000f29c     libucrt:87disp.obj
 0001:0000e2c4       __nan2                     1000f2c4     libucrt:87disp.obj
 0001:0000e303       __rtindfpop                1000f303     libucrt:87disp.obj
 0001:0000e305       __rtindfnpop               1000f305     libucrt:87disp.obj
 0001:0000e316       __rttosnpopde              1000f316     libucrt:87disp.obj
 0001:0000e320       __rtatan2inf               1000f320     libucrt:87disp.obj
 0001:0000e33d       __rtchsifneg               1000f33d     libucrt:87disp.obj
 0001:0000e350       __twoToTOS                 1000f350 f   libucrt:common.obj
 0001:0000e365       __load_CW                  1000f365 f   libucrt:common.obj
 0001:0000e37c       __convertTOStoQNaN         1000f37c f   libucrt:common.obj
 0001:0000e395       __fload_withFB             1000f395 f   libucrt:common.obj
 0001:0000e3d8       __checkTOS_withFB          1000f3d8 f   libucrt:common.obj
 0001:0000e3ee       __fast_exit                1000f3ee f   libucrt:common.obj
 0001:0000e3fb       __math_exit                1000f3fb f   libucrt:common.obj
 0001:0000e425       __check_overflow_exit      1000f425 f   libucrt:common.obj
 0001:0000e439       __check_range_exit         1000f439 f   libucrt:common.obj
 0001:0000e4e0       __startTwoArgErrorHandling 1000f4e0 f   libucrt:genexcep.obj
 0001:0000e4f7       __startOneArgErrorHandling 1000f4f7 f   libucrt:genexcep.obj
 0001:0000e533       ___libm_error_support      1000f533 f   libucrt:libm_error.obj
 0001:0000e74b       __ceil_default             1000f74b f   libucrt:ceil.obj
 0001:0000e804       __putwch_nolock            1000f804 f   libucrt:putwch.obj
 0001:0000e849       ??$?RV<lambda_123407a5e2ac06da108355a851863b7a>@@AAV<lambda_2fe9b910cf3cbf4a0ab98a02ba45b3ec>@@V<lambda_ae55bdf541ad94d75914d381c370e64d>@@@?$__crt_seh_guarded_call@H@@QAEH$$QAV<lambda_123407a5e2ac06da108355a851863b7a>@@AAV<lambda_2fe9b910cf3cbf4a0ab98a02ba45b3ec>@@$$QAV<lambda_ae55bdf541ad94d75914d381c370e64d>@@@Z 1000f849 f i libucrt:close.obj
 0001:0000e8cb       ??$__acrt_lowio_lock_fh_and_call@V<lambda_2fe9b910cf3cbf4a0ab98a02ba45b3ec>@@@@YAHH$$QAV<lambda_2fe9b910cf3cbf4a0ab98a02ba45b3ec>@@@Z 1000f8cb f i libucrt:close.obj
 0001:0000e8f3       __close                    1000f8f3 f   libucrt:close.obj
 0001:0000e972       __close_nolock             1000f972 f   libucrt:close.obj
 0001:0000ea0e       ?__acrt_stdio_free_stream@@YAXV__crt_stdio_stream@@@Z 1000fa0e f   libucrt:stream.obj
 0001:0000ea50       ___ascii_strnicmp          1000fa50 f   libucrt:_strnicm.obj
 0001:0000eab1       __clrfp                    1000fab1 f   libucrt:fpctrl.obj
 0001:0000eac4       __ctrlfp                   1000fac4 f   libucrt:fpctrl.obj
 0001:0000eaf0       __set_statfp               1000faf0 f   libucrt:fpctrl.obj
 0001:0000eb4b       __statfp                   1000fb4b f   libucrt:fpctrl.obj
 0001:0000eb5d       __d_inttype                1000fb5d f   libucrt:powhlp.obj
 0001:0000ebc7       __powhlp                   1000fbc7 f   libucrt:powhlp.obj
 0001:0000ecf2       __87except                 1000fcf2 f   libucrt:87except.obj
 0001:0000edfd       __frnd                     1000fdfd f   libucrt:frnd.obj
 0001:0000ee13       __errcode                  1000fe13 f   libucrt:fpexcept.obj
 0001:0000ee47       __except1                  1000fe47 f   libucrt:fpexcept.obj
 0001:0000ef15       __handle_exc               1000ff15 f   libucrt:fpexcept.obj
 0001:0000f0f5       __raise_exc                100100f5 f   libucrt:fpexcept.obj
 0001:0000f118       __raise_exc_ex             10010118 f   libucrt:fpexcept.obj
 0001:0000f409       __set_errno_from_matherr   10010409 f   libucrt:fpexcept.obj
 0001:0000f438       __umatherr                 10010438 f   libucrt:fpexcept.obj
 0001:0000f4da       __decomp                   100104da f   libucrt:util.obj
 0001:0000f5ae       __set_exp                  100105ae f   libucrt:util.obj
 0001:0000f5dd       __sptype                   100105dd f   libucrt:util.obj
 0001:0000f63b       ___dcrt_lowio_initialize_console_output 1001063b f   libucrt:initcon.obj
 0001:0000f65a       ___dcrt_terminate_console_output 1001065a f   libucrt:initcon.obj
 0001:0000f671       __fpclass                  10010671 f   libucrt:ieeemisc.obj
 0001:0000f715       _IsProcessorFeaturePresent@4 10010715 f   kernel32:KERNEL32.dll
 0001:0000f720       __FindPESection            10010720 f   LIBCMT:pesect.obj
 0001:0000f770       __IsNonwritableInCurrentImage 10010770 f   LIBCMT:pesect.obj
 0001:0000f830       __ValidateImageBase        10010830 f   LIBCMT:pesect.obj
 0001:0000f870       __aulldvrm                 10010870 f   LIBCMT:ulldvrm.obj
 0001:0000f910       __SEH_prolog4_GS           10010910 f   LIBCMT:_sehprolg4gs_.obj
 0001:0000f959       __SEH_epilog4_GS           10010959 f   LIBCMT:_sehprolg4gs_.obj
 0001:0000f970       __allmul                   10010970 f   LIBCMT:llmul.obj
 0001:0000f9b0       __alldvrm                  100109b0 f   LIBCMT:lldvrm.obj
 0001:0000fa90       __aullshr                  10010a90 f   LIBCMT:ullshr.obj
 0001:0000fab0       __alloca_probe_16          10010ab0 f   LIBCMT:alloca16.obj
 0001:0000fac6       __alloca_probe_8           10010ac6     LIBCMT:alloca16.obj
 0001:0000fae0       __allshl                   10010ae0 f   LIBCMT:llshl.obj
 0001:0000fb00       __ftol2_sse                10010b00 f   LIBCMT:_ftol2_.obj
 0001:0000fb09       __ftol2_pentium4           10010b09 f   LIBCMT:_ftol2_.obj
 0001:0000fb1c       __ftol2_sse_excpt          10010b1c f   LIBCMT:_ftol2_.obj
 0001:0000fb40       __ftol2                    10010b40 f   LIBCMT:_ftol2_.obj
 0001:0000fbc0       __alloca_probe             10010bc0 f   LIBCMT:chkstk.obj
 0001:0000fbc0       __chkstk                   10010bc0 f   LIBCMT:chkstk.obj
 0001:0000fbf0       _strrchr                   10010bf0 f   libvcruntime:strrchr.obj
 0001:0000fd30       _strchr                    10010d30 f   libvcruntime:strchr.obj
 0001:0000fd9e       ___from_strstr_to_strchr   10010d9e     libvcruntime:strchr.obj
 0002:00000000       __imp__HeapAlloc@12        10011000     kernel32:KERNEL32.dll
 0002:00000004       __imp__HeapReAlloc@16      10011004     kernel32:KERNEL32.dll
 0002:00000008       __imp__HeapFree@12         10011008     kernel32:KERNEL32.dll
 0002:0000000c       __imp__GetProcessHeap@0    1001100c     kernel32:KERNEL32.dll
 0002:00000010       __imp__GetLocalTime@4      10011010     kernel32:KERNEL32.dll
 0002:00000014       __imp__SystemTimeToFileTime@8 10011014     kernel32:KERNEL32.dll
 0002:00000018       __imp__CloseHandle@4       10011018     kernel32:KERNEL32.dll
 0002:0000001c       __imp__WriteConsoleW@20    1001101c     kernel32:KERNEL32.dll
 0002:00000020       __imp__DecodePointer@4     10011020     kernel32:KERNEL32.dll
 0002:00000024       __imp__FlushFileBuffers@4  10011024     kernel32:KERNEL32.dll
 0002:00000028       __imp__SetFilePointerEx@20 10011028     kernel32:KERNEL32.dll
 0002:0000002c       __imp__GetConsoleMode@8    1001102c     kernel32:KERNEL32.dll
 0002:00000030       __imp__GetConsoleCP@0      10011030     kernel32:KERNEL32.dll
 0002:00000034       __imp__WriteFile@20        10011034     kernel32:KERNEL32.dll
 0002:00000038       __imp__HeapSize@12         10011038     kernel32:KERNEL32.dll
 0002:0000003c       __imp__SetStdHandle@8      1001103c     kernel32:KERNEL32.dll
 0002:00000040       __imp__GetStringTypeW@16   10011040     kernel32:KERNEL32.dll
 0002:00000044       __imp__HeapCreate@12       10011044     kernel32:KERNEL32.dll
 0002:00000048       __imp__HeapDestroy@4       10011048     kernel32:KERNEL32.dll
 0002:0000004c       __imp__UnhandledExceptionFilter@4 1001104c     kernel32:KERNEL32.dll
 0002:00000050       __imp__SetUnhandledExceptionFilter@4 10011050     kernel32:KERNEL32.dll
 0002:00000054       __imp__GetCurrentProcess@0 10011054     kernel32:KERNEL32.dll
 0002:00000058       __imp__TerminateProcess@8  10011058     kernel32:KERNEL32.dll
 0002:0000005c       __imp__IsProcessorFeaturePresent@4 1001105c     kernel32:KERNEL32.dll
 0002:00000060       __imp__QueryPerformanceCounter@4 10011060     kernel32:KERNEL32.dll
 0002:00000064       __imp__GetCurrentProcessId@0 10011064     kernel32:KERNEL32.dll
 0002:00000068       __imp__GetCurrentThreadId@0 10011068     kernel32:KERNEL32.dll
 0002:0000006c       __imp__GetSystemTimeAsFileTime@4 1001106c     kernel32:KERNEL32.dll
 0002:00000070       __imp__InitializeSListHead@4 10011070     kernel32:KERNEL32.dll
 0002:00000074       __imp__IsDebuggerPresent@0 10011074     kernel32:KERNEL32.dll
 0002:00000078       __imp__GetStartupInfoW@4   10011078     kernel32:KERNEL32.dll
 0002:0000007c       __imp__GetModuleHandleW@4  1001107c     kernel32:KERNEL32.dll
 0002:00000080       __imp__InterlockedFlushSList@4 10011080     kernel32:KERNEL32.dll
 0002:00000084       __imp__RtlUnwind@16        10011084     kernel32:KERNEL32.dll
 0002:00000088       __imp__GetLastError@0      10011088     kernel32:KERNEL32.dll
 0002:0000008c       __imp__SetLastError@4      1001108c     kernel32:KERNEL32.dll
 0002:00000090       __imp__EnterCriticalSection@4 10011090     kernel32:KERNEL32.dll
 0002:00000094       __imp__LeaveCriticalSection@4 10011094     kernel32:KERNEL32.dll
 0002:00000098       __imp__DeleteCriticalSection@4 10011098     kernel32:KERNEL32.dll
 0002:0000009c       __imp__InitializeCriticalSectionAndSpinCount@8 1001109c     kernel32:KERNEL32.dll
 0002:000000a0       __imp__TlsAlloc@0          100110a0     kernel32:KERNEL32.dll
 0002:000000a4       __imp__TlsGetValue@4       100110a4     kernel32:KERNEL32.dll
 0002:000000a8       __imp__TlsSetValue@8       100110a8     kernel32:KERNEL32.dll
 0002:000000ac       __imp__TlsFree@4           100110ac     kernel32:KERNEL32.dll
 0002:000000b0       __imp__FreeLibrary@4       100110b0     kernel32:KERNEL32.dll
 0002:000000b4       __imp__GetProcAddress@8    100110b4     kernel32:KERNEL32.dll
 0002:000000b8       __imp__LoadLibraryExW@12   100110b8     kernel32:KERNEL32.dll
 0002:000000bc       __imp__RaiseException@16   100110bc     kernel32:KERNEL32.dll
 0002:000000c0       __imp__ExitProcess@4       100110c0     kernel32:KERNEL32.dll
 0002:000000c4       __imp__GetModuleHandleExW@12 100110c4     kernel32:KERNEL32.dll
 0002:000000c8       __imp__GetModuleFileNameA@12 100110c8     kernel32:KERNEL32.dll
 0002:000000cc       __imp__MultiByteToWideChar@24 100110cc     kernel32:KERNEL32.dll
 0002:000000d0       __imp__WideCharToMultiByte@32 100110d0     kernel32:KERNEL32.dll
 0002:000000d4       __imp__GetACP@0            100110d4     kernel32:KERNEL32.dll
 0002:000000d8       __imp__GetStdHandle@4      100110d8     kernel32:KERNEL32.dll
 0002:000000dc       __imp__GetFileType@4       100110dc     kernel32:KERNEL32.dll
 0002:000000e0       __imp__LCMapStringW@24     100110e0     kernel32:KERNEL32.dll
 0002:000000e4       __imp__FindClose@4         100110e4     kernel32:KERNEL32.dll
 0002:000000e8       __imp__FindFirstFileExA@24 100110e8     kernel32:KERNEL32.dll
 0002:000000ec       __imp__FindNextFileA@8     100110ec     kernel32:KERNEL32.dll
 0002:000000f0       __imp__IsValidCodePage@4   100110f0     kernel32:KERNEL32.dll
 0002:000000f4       __imp__GetOEMCP@0          100110f4     kernel32:KERNEL32.dll
 0002:000000f8       __imp__GetCPInfo@8         100110f8     kernel32:KERNEL32.dll
 0002:000000fc       __imp__GetCommandLineA@0   100110fc     kernel32:KERNEL32.dll
 0002:00000100       __imp__GetCommandLineW@0   10011100     kernel32:KERNEL32.dll
 0002:00000104       __imp__GetEnvironmentStringsW@0 10011104     kernel32:KERNEL32.dll
 0002:00000108       __imp__FreeEnvironmentStringsW@4 10011108     kernel32:KERNEL32.dll
 0002:0000010c       __imp__CreateFileW@28      1001110c     kernel32:KERNEL32.dll
 0002:00000110       \177KERNEL32_NULL_THUNK_DATA 10011110     kernel32:KERNEL32.dll
 0002:00000114       __imp__GdipBitmapLockBits@20 10011114     gdiplus:gdiplus.dll
 0002:00000118       __imp__GdipCreateBitmapFromStreamICM@8 10011118     gdiplus:gdiplus.dll
 0002:0000011c       __imp__GdipCreateBitmapFromStream@8 1001111c     gdiplus:gdiplus.dll
 0002:00000120       __imp__GdipGetImagePixelFormat@8 10011120     gdiplus:gdiplus.dll
 0002:00000124       __imp__GdipBitmapUnlockBits@8 10011124     gdiplus:gdiplus.dll
 0002:00000128       __imp__GdipCloneImage@8    10011128     gdiplus:gdiplus.dll
 0002:0000012c       __imp__GdiplusShutdown@4   1001112c     gdiplus:gdiplus.dll
 0002:00000130       __imp__GdiplusStartup@12   10011130     gdiplus:gdiplus.dll
 0002:00000134       __imp__GdipFree@4          10011134     gdiplus:gdiplus.dll
 0002:00000138       __imp__GdipAlloc@4         10011138     gdiplus:gdiplus.dll
 0002:0000013c       __imp__GdipDisposeImage@4  1001113c     gdiplus:gdiplus.dll
 0002:00000140       \177gdiplus_NULL_THUNK_DATA 10011140     gdiplus:gdiplus.dll
 0002:00000144       __imp__CoInitialize@4      10011144     ole32:ole32.dll
 0002:00000148       __imp__CoUninitialize@0    10011148     ole32:ole32.dll
 0002:0000014c       \177ole32_NULL_THUNK_DATA  1001114c     ole32:ole32.dll
 0002:00000150       ___guard_check_icall_fptr  10011150     LIBCMT:guard_support.obj
 0002:00000154       ___xc_a                    10011154     LIBCMT:initializers.obj
 0002:00000158       ___xc_z                    10011158     LIBCMT:initializers.obj
 0002:0000015c       ___xi_a                    1001115c     LIBCMT:initializers.obj
 0002:00000160       ___acrt_stdio_initializer  10011160     libucrt:stdio_initializer.obj
 0002:00000164       ___acrt_multibyte_initializer 10011164     libucrt:multibyte_initializer.obj
 0002:00000168       ___acrt_tran_sse2_initializer 10011168     libucrt:sse2_initializer.obj
 0002:0000016c       ___xi_z                    1001116c     LIBCMT:initializers.obj
 0002:00000170       ___xp_a                    10011170     LIBCMT:initializers.obj
 0002:00000174       ___acrt_locale_terminator  10011174     libucrt:locale_initializer.obj
 0002:00000178       ___dcrt_console_output_terminator 10011178     libucrt:console_output_initializer.obj
 0002:0000017c       ___acrt_stdio_terminator   1001117c     libucrt:stdio_initializer.obj
 0002:00000180       ___xp_z                    10011180     LIBCMT:initializers.obj
 0002:00000184       ___xt_a                    10011184     LIBCMT:initializers.obj
 0002:00000188       ___xt_z                    10011188     LIBCMT:initializers.obj
 0002:00000190       ??_C@_11LOCGONAA@?$AA?$AA@ 10011190     ico.obj
 0002:00000198       ??_7Image@Gdiplus@@6B@     10011198     ico.obj
 0002:000001a4       ??_7Bitmap@Gdiplus@@6B@    100111a4     ico.obj
 0002:000001b0       ??_7MStream@@6B@           100111b0     ico.obj
 0002:000001ec       ??_C@_1BA@KIENHNBI@?$AAI?$AAC?$AAO?$AA?4?$AAP?$AAN?$AAG?$AA?$AA@ 100111ec     ico.obj
 0002:000001fc       ??_C@_1BA@HKGHICED@?$AAI?$AAC?$AAO?$AA?4?$AAD?$AAI?$AAB?$AA?$AA@ 100111fc     ico.obj
 0002:0000020c       ??_C@_1O@PALLNO@?$AA?5?$AA?$FL?$AAP?$AAN?$AAG?$AA?$FN?$AA?$AA@ 1001120c     ico.obj
 0002:0000021c       ??_C@_17OGLEMJPJ@?$AAI?$AAC?$AAO?$AA?$AA@ 1001121c     ico.obj
 0002:00000224       ??_C@_17IILLPF@?$AAC?$AAU?$AAR?$AA?$AA@ 10011224     ico.obj
 0002:0000022c       ??_C@_1DE@JEFKLGFF@?$AA?$CF?$AAi?$AA?5?$AAx?$AA?5?$AA?$CF?$AAi?$AA?5?$AAx?$AA?5?$AA?$CF?$AAi?$AAb?$AAp?$AAp?$AA?5?$AA?$FL?$AA?$CF?$AAi?$AA?$FN?$AA?5?$AA?$CF?$AAs?$AA?$CF?$AAs?$AA?$AA@ 1001122c     ico.obj
 0002:00000260       _IID_IUnknown              10011260     uuid:unknwn_i.obj
 0002:00000270       _IID_ISequentialStream     10011270     uuid:objidl_i.obj
 0002:00000280       _IID_IStream               10011280     uuid:objidl_i.obj
 0002:00000294       ??_7type_info@@6B@         10011294     LIBCMT:std_type_info_static.obj
 0002:00000298       __pDefaultRawDllMain       10011298     LIBCMT:dll_dllmain.obj
 0002:00000298       __pRawDllMain              10011298     LIBCMT:dll_dllmain.obj
 0002:00000440       ??_C@_08EHJDFFNH@__based?$CI?$AA@ 10011440     libvcruntime:undname.obj
 0002:0000044c       ??_C@_07KOLFKCDI@__cdecl?$AA@ 1001144c     libvcruntime:undname.obj
 0002:00000454       ??_C@_08GHMPAG@__pascal?$AA@ 10011454     libvcruntime:undname.obj
 0002:00000460       ??_C@_09IFJBGAPI@__stdcall?$AA@ 10011460     libvcruntime:undname.obj
 0002:0000046c       ??_C@_0L@NPHFGOKO@__thiscall?$AA@ 1001146c     libvcruntime:undname.obj
 0002:00000478       ??_C@_0L@JMKHOMEK@__fastcall?$AA@ 10011478     libvcruntime:undname.obj
 0002:00000484       ??_C@_0N@BCKKPABJ@__vectorcall?$AA@ 10011484     libvcruntime:undname.obj
 0002:00000494       ??_C@_09HIJEGCPM@__clrcall?$AA@ 10011494     libvcruntime:undname.obj
 0002:000004a0       ??_C@_06GHPCKEAG@__eabi?$AA@ 100114a0     libvcruntime:undname.obj
 0002:000004a8       ??_C@_07EECFKIPL@__swift?$AA@ 100114a8     libvcruntime:undname.obj
 0002:000004b0       ??_C@_07JOMMBBKO@__ptr64?$AA@ 100114b0     libvcruntime:undname.obj
 0002:000004b8       ??_C@_0L@PILCLIHE@__restrict?$AA@ 100114b8     libvcruntime:undname.obj
 0002:000004c4       ??_C@_0M@GFIIJFMG@__unaligned?$AA@ 100114c4     libvcruntime:undname.obj
 0002:000004d0       ??_C@_09DHDLOLLB@restrict?$CI?$AA@ 100114d0     libvcruntime:undname.obj
 0002:000004da       ??_C@_00CNPNBAHC@?$AA@     100114da     libvcruntime:undname.obj
 0002:000004dc       ??_C@_04NIHEBCM@?5new?$AA@ 100114dc     libvcruntime:undname.obj
 0002:000004e4       ??_C@_07FPCDHGMM@?5delete?$AA@ 100114e4     libvcruntime:undname.obj
 0002:000004ec       ??_C@_01NEMOKFLO@?$DN?$AA@ 100114ec     libvcruntime:undname.obj
 0002:000004f0       ??_C@_02GPIOPFAK@?$DO?$DO?$AA@ 100114f0     libvcruntime:undname.obj
 0002:000004f4       ??_C@_02FODMEDOG@?$DM?$DM?$AA@ 100114f4     libvcruntime:undname.obj
 0002:000004f8       ??_C@_01DCLJPIOD@?$CB?$AA@ 100114f8     libvcruntime:undname.obj
 0002:000004fc       ??_C@_02EGOFBIJA@?$DN?$DN?$AA@ 100114fc     libvcruntime:undname.obj
 0002:00000500       ??_C@_02FDNJECIE@?$CB?$DN?$AA@ 10011500     libvcruntime:undname.obj
 0002:00000504       ??_C@_02GPECMEKF@?$FL?$FN?$AA@ 10011504     libvcruntime:undname.obj
 0002:00000508       ??_C@_08LHJFAFGD@operator?$AA@ 10011508     libvcruntime:undname.obj
 0002:00000514       ??_C@_02HBOOOICD@?9?$DO?$AA@ 10011514     libvcruntime:undname.obj
 0002:00000518       ??_C@_01NBENCBCI@?$CK?$AA@ 10011518     libvcruntime:undname.obj
 0002:0000051c       ??_C@_02ECNGHCIF@?$CL?$CL?$AA@ 1001151c     libvcruntime:undname.obj
 0002:00000520       ??_C@_02BAABKJLB@?9?9?$AA@ 10011520     libvcruntime:undname.obj
 0002:00000524       ??_C@_01JOAMLHOP@?9?$AA@   10011524     libvcruntime:undname.obj
 0002:00000528       ??_C@_01MIFGBAGJ@?$CL?$AA@ 10011528     libvcruntime:undname.obj
 0002:0000052c       ??_C@_01HNPIGOCE@?$CG?$AA@ 1001152c     libvcruntime:undname.obj
 0002:00000530       ??_C@_03MNHNFDLC@?9?$DO?$CK?$AA@ 10011530     libvcruntime:undname.obj
 0002:00000534       ??_C@_01KMDKNFGN@?1?$AA@   10011534     libvcruntime:undname.obj
 0002:00000538       ??_C@_01FGNFDNOH@?$CF?$AA@ 10011538     libvcruntime:undname.obj
 0002:0000053c       ??_C@_01MNNFJEPP@?$DM?$AA@ 1001153c     libvcruntime:undname.obj
 0002:00000540       ??_C@_02EHCHHCKH@?$DM?$DN?$AA@ 10011540     libvcruntime:undname.obj
 0002:00000544       ??_C@_01PPODPGHN@?$DO?$AA@ 10011544     libvcruntime:undname.obj
 0002:00000548       ??_C@_02EEKDKGMJ@?$DO?$DN?$AA@ 10011548     libvcruntime:undname.obj
 0002:0000054c       ??_C@_01IHBHIGKO@?0?$AA@   1001154c     libvcruntime:undname.obj
 0002:00000550       ??_C@_02HCKGKOFO@?$CI?$CJ?$AA@ 10011550     libvcruntime:undname.obj
 0002:00000554       ??_C@_01PJKLJHI@?$HO?$AA@  10011554     libvcruntime:undname.obj
 0002:00000558       ??_C@_01JKBOJNNK@?$FO?$AA@ 10011558     libvcruntime:undname.obj
 0002:0000055c       ??_C@_01DNKMNLPK@?$HM?$AA@ 1001155c     libvcruntime:undname.obj
 0002:00000560       ??_C@_02PPKAJPJL@?$CG?$CG?$AA@ 10011560     libvcruntime:undname.obj
 0002:00000564       ??_C@_02NONPIBCD@?$HM?$HM?$AA@ 10011564     libvcruntime:undname.obj
 0002:00000568       ??_C@_02FPIMKNGF@?$CK?$DN?$AA@ 10011568     libvcruntime:undname.obj
 0002:0000056c       ??_C@_02FOEOMHFC@?$CL?$DN?$AA@ 1001156c     libvcruntime:undname.obj
 0002:00000570       ??_C@_02FKMDLLOA@?9?$DN?$AA@ 10011570     libvcruntime:undname.obj
 0002:00000574       ??_C@_02FJEHGPIO@?1?$DN?$AA@ 10011574     libvcruntime:undname.obj
 0002:00000578       ??_C@_02FENAOKFI@?$CF?$DN?$AA@ 10011578     libvcruntime:undname.obj
 0002:0000057c       ??_C@_03IKFCCPFF@?$DO?$DO?$DN?$AA@ 1001157c     libvcruntime:undname.obj
 0002:00000580       ??_C@_03CDNPDDLA@?$DM?$DM?$DN?$AA@ 10011580     libvcruntime:undname.obj
 0002:00000584       ??_C@_02FGJGFEAB@?$CG?$DN?$AA@ 10011584     libvcruntime:undname.obj
 0002:00000588       ??_C@_02DHLNPPGH@?$HM?$DN?$AA@ 10011588     libvcruntime:undname.obj
 0002:0000058c       ??_C@_02MHEGNOJ@?$FO?$DN?$AA@ 1001158c     libvcruntime:undname.obj
 0002:00000590       ??_C@_09IFPLHPGF@?$GAvftable?8?$AA@ 10011590     libvcruntime:undname.obj
 0002:0000059c       ??_C@_09BLBHBJP@?$GAvbtable?8?$AA@ 1001159c     libvcruntime:undname.obj
 0002:000005a8       ??_C@_07FEEIOKP@?$GAvcall?8?$AA@ 100115a8     libvcruntime:undname.obj
 0002:000005b0       ??_C@_08LLFFHHDJ@?$GAtypeof?8?$AA@ 100115b0     libvcruntime:undname.obj
 0002:000005bc       ??_C@_0BF@KDPPACIK@?$GAlocal?5static?5guard?8?$AA@ 100115bc     libvcruntime:undname.obj
 0002:000005d4       ??_C@_08OBABFOLI@?$GAstring?8?$AA@ 100115d4     libvcruntime:undname.obj
 0002:000005e0       ??_C@_0BD@JDLKDPAB@?$GAvbase?5destructor?8?$AA@ 100115e0     libvcruntime:undname.obj
 0002:000005f4       ??_C@_0BN@DEGPLNFK@?$GAvector?5deleting?5destructor?8?$AA@ 100115f4     libvcruntime:undname.obj
 0002:00000614       ??_C@_0BO@OBMKPJIG@?$GAdefault?5constructor?5closure?8?$AA@ 10011614     libvcruntime:undname.obj
 0002:00000634       ??_C@_0BN@IMDCHIKM@?$GAscalar?5deleting?5destructor?8?$AA@ 10011634     libvcruntime:undname.obj
 0002:00000654       ??_C@_0BO@PFGOCPJJ@?$GAvector?5constructor?5iterator?8?$AA@ 10011654     libvcruntime:undname.obj
 0002:00000674       ??_C@_0BN@LFPFMEDL@?$GAvector?5destructor?5iterator?8?$AA@ 10011674     libvcruntime:undname.obj
 0002:00000694       ??_C@_0CE@IKBNEHA@?$GAvector?5vbase?5constructor?5iterat@ 10011694     libvcruntime:undname.obj
 0002:000006b8       ??_C@_0BL@NILFHHPC@?$GAvirtual?5displacement?5map?8?$AA@ 100116b8     libvcruntime:undname.obj
 0002:000006d4       ??_C@_0CB@JONCMFFK@?$GAeh?5vector?5constructor?5iterator?8@ 100116d4     libvcruntime:undname.obj
 0002:000006f8       ??_C@_0CA@GCEOPDGL@?$GAeh?5vector?5destructor?5iterator?8?$AA@ 100116f8     libvcruntime:undname.obj
 0002:00000718       ??_C@_0CH@OOJPLCPH@?$GAeh?5vector?5vbase?5constructor?5ite@ 10011718     libvcruntime:undname.obj
 0002:00000740       ??_C@_0BL@LLKPOHJI@?$GAcopy?5constructor?5closure?8?$AA@ 10011740     libvcruntime:undname.obj
 0002:0000075c       ??_C@_0BA@KBCDOMBN@?$GAudt?5returning?8?$AA@ 1001175c     libvcruntime:undname.obj
 0002:0000076c       ??_C@_03KLGMFNMG@?$GAEH?$AA@ 1001176c     libvcruntime:undname.obj
 0002:00000770       ??_C@_05KHLCHHI@?$GARTTI?$AA@ 10011770     libvcruntime:undname.obj
 0002:00000778       ??_C@_0BA@KKLDJDLB@?$GAlocal?5vftable?8?$AA@ 10011778     libvcruntime:undname.obj
 0002:00000788       ??_C@_0CE@IIHCMGGL@?$GAlocal?5vftable?5constructor?5closu@ 10011788     libvcruntime:undname.obj
 0002:000007ac       ??_C@_06FHBGPFGH@?5new?$FL?$FN?$AA@ 100117ac     libvcruntime:undname.obj
 0002:000007b4       ??_C@_09LBNFPBCA@?5delete?$FL?$FN?$AA@ 100117b4     libvcruntime:undname.obj
 0002:000007c0       ??_C@_0P@HJKNJFNN@?$GAomni?5callsig?8?$AA@ 100117c0     libvcruntime:undname.obj
 0002:000007d0       ??_C@_0BL@CNOONJFP@?$GAplacement?5delete?5closure?8?$AA@ 100117d0     libvcruntime:undname.obj
 0002:000007ec       ??_C@_0BN@CKNJLHMB@?$GAplacement?5delete?$FL?$FN?5closure?8?$AA@ 100117ec     libvcruntime:undname.obj
 0002:0000080c       ??_C@_0CG@CFDHKGGD@?$GAmanaged?5vector?5constructor?5iter@ 1001180c     libvcruntime:undname.obj
 0002:00000834       ??_C@_0CF@IMGKMJNO@?$GAmanaged?5vector?5destructor?5itera@ 10011834     libvcruntime:undname.obj
 0002:0000085c       ??_C@_0CG@HLDDJMAG@?$GAeh?5vector?5copy?5constructor?5iter@ 1001185c     libvcruntime:undname.obj
 0002:00000884       ??_C@_0CM@FCBBDIGB@?$GAeh?5vector?5vbase?5copy?5constructo@ 10011884     libvcruntime:undname.obj
 0002:000008b0       ??_C@_0BL@CLIPGLGB@?$GAdynamic?5initializer?5for?5?8?$AA@ 100118b0     libvcruntime:undname.obj
 0002:000008cc       ??_C@_0CB@PDBIFEP@?$GAdynamic?5atexit?5destructor?5for?5?8@ 100118cc     libvcruntime:undname.obj
 0002:000008f0       ??_C@_0CD@CGAJBKEJ@?$GAvector?5copy?5constructor?5iterato@ 100118f0     libvcruntime:undname.obj
 0002:00000914       ??_C@_0CJ@GJELGAMM@?$GAvector?5vbase?5copy?5constructor?5i@ 10011914     libvcruntime:undname.obj
 0002:00000940       ??_C@_0CL@FGIJHLCE@?$GAmanaged?5vector?5copy?5constructor@ 10011940     libvcruntime:undname.obj
 0002:0000096c       ??_C@_0BM@PMGGMLDN@?$GAlocal?5static?5thread?5guard?8?$AA@ 1001196c     libvcruntime:undname.obj
 0002:00000988       ??_C@_0N@BDNMDMOL@operator?5?$CC?$CC?5?$AA@ 10011988     libvcruntime:undname.obj
 0002:00000998       ??_C@_0BC@GGEBGALA@operator?5co_await?$AA@ 10011998     libvcruntime:undname.obj
 0002:000009ac       ??_C@_0BC@DAFEJGAK@?5Type?5Descriptor?8?$AA@ 100119ac     libvcruntime:undname.obj
 0002:000009c0       ??_C@_0BM@LDKODKLH@?5Base?5Class?5Descriptor?5at?5?$CI?$AA@ 100119c0     libvcruntime:undname.obj
 0002:000009dc       ??_C@_0BD@LGICGFMM@?5Base?5Class?5Array?8?$AA@ 100119dc     libvcruntime:undname.obj
 0002:000009f0       ??_C@_0BN@MECKDCOJ@?5Class?5Hierarchy?5Descriptor?8?$AA@ 100119f0     libvcruntime:undname.obj
 0002:00000a10       ??_C@_0BK@CFCOFLF@?5Complete?5Object?5Locator?8?$AA@ 10011a10     libvcruntime:undname.obj
 0002:00000a38       ??_C@_1DM@KHCHBNEB@?$AAa?$AAp?$AAi?$AA?9?$AAm?$AAs?$AA?9?$AAw?$AAi?$AAn?$AA?9?$AAc?$AAo?$AAr?$AAe?$AA?9?$AAf?$AAi?$AAb?$AAe?$AAr?$AAs?$AA?9?$AAl?$AA1?$AA?9?$AA1?$AA?9?$AA1?$AA?$AA@ 10011a38     libvcruntime:winapi_downlevel.obj
 0002:00000a74       ??_C@_1DK@LPPGFMPP@?$AAa?$AAp?$AAi?$AA?9?$AAm?$AAs?$AA?9?$AAw?$AAi?$AAn?$AA?9?$AAc?$AAo?$AAr?$AAe?$AA?9?$AAs?$AAy?$AAn?$AAc?$AAh?$AA?9?$AAl?$AA1?$AA?9?$AA2?$AA?9?$AA0?$AA?$AA@ 10011a74     libvcruntime:winapi_downlevel.obj
 0002:00000ab0       ??_C@_1BC@GDMECMAK@?$AAk?$AAe?$AAr?$AAn?$AAe?$AAl?$AA3?$AA2?$AA?$AA@ 10011ab0     libvcruntime:winapi_downlevel.obj
 0002:00000ac4       ??_C@_1BA@PFFKHIOG@?$AAa?$AAp?$AAi?$AA?9?$AAm?$AAs?$AA?9?$AA?$AA@ 10011ac4     libvcruntime:winapi_downlevel.obj
 0002:00000ad4       ??_C@_1BA@IAIFMGEF@?$AAe?$AAx?$AAt?$AA?9?$AAm?$AAs?$AA?9?$AA?$AA@ 10011ad4     libvcruntime:winapi_downlevel.obj
 0002:00000aec       ??_C@_08KNHFBNJ@FlsAlloc?$AA@ 10011aec     libvcruntime:winapi_downlevel.obj
 0002:00000b00       ??_C@_07PEJMOBNF@FlsFree?$AA@ 10011b00     libvcruntime:winapi_downlevel.obj
 0002:00000b10       ??_C@_0M@GDNOONDI@FlsGetValue?$AA@ 10011b10     libvcruntime:winapi_downlevel.obj
 0002:00000b24       ??_C@_0M@JCPCPOEF@FlsSetValue?$AA@ 10011b24     libvcruntime:winapi_downlevel.obj
 0002:00000b38       ??_C@_0BM@HCFOFFN@InitializeCriticalSectionEx?$AA@ 10011b38     libvcruntime:winapi_downlevel.obj
 0002:00000b54       __pDestructExceptionObject 10011b54     libvcruntime:ehhelpers.obj
 0002:00000b58       _standard_lookup_table     10011b58     libucrt:output.obj
 0002:00000bb4       ??_C@_06OJHGLDPL@?$CInull?$CJ?$AA@ 10011bb4     libucrt:output.obj
 0002:00000bbc       ??_C@_1O@CEDCILHN@?$AA?$CI?$AAn?$AAu?$AAl?$AAl?$AA?$CJ?$AA?$AA@ 10011bbc     libucrt:output.obj
 0002:00000bd0       ___acrt_exception_action_table 10011bd0     libucrt:exception_filter.obj
 0002:00000c60       ___acrt_signal_action_table_count 10011c60     libucrt:exception_filter.obj
 0002:00000c64       ___acrt_signal_action_first_fpe_index 10011c64     libucrt:exception_filter.obj
 0002:00000c68       ___acrt_signal_action_fpe_count 10011c68     libucrt:exception_filter.obj
 0002:00000c6c       ??_C@_1BI@BGOHAHKC@?$AAm?$AAs?$AAc?$AAo?$AAr?$AAe?$AAe?$AA?4?$AAd?$AAl?$AAl?$AA?$AA@ 10011c6c     libucrt:exit.obj
 0002:00000c84       ??_C@_0P@MIGLKIOC@CorExitProcess?$AA@ 10011c84     libucrt:exit.obj
 0002:00000e78       ??_C@_03OEIAHPBN@INF?$AA@  10011e78     libucrt:cvt.obj
 0002:00000e7c       ??_C@_03OJHLLCGB@inf?$AA@  10011e7c     libucrt:cvt.obj
 0002:00000e80       ??_C@_03LKNCIKJB@NAN?$AA@  10011e80     libucrt:cvt.obj
 0002:00000e84       ??_C@_03LHCJEHON@nan?$AA@  10011e84     libucrt:cvt.obj
 0002:00000e88       ??_C@_09OFJJIMPC@NAN?$CISNAN?$CJ?$AA@ 10011e88     libucrt:cvt.obj
 0002:00000e94       ??_C@_09IPFBKMDL@nan?$CIsnan?$CJ?$AA@ 10011e94     libucrt:cvt.obj
 0002:00000ea0       ??_C@_08IKHNHAJ@NAN?$CIIND?$CJ?$AA@ 10011ea0     libucrt:cvt.obj
 0002:00000eac       ??_C@_08OFCDMILK@nan?$CIind?$CJ?$AA@ 10011eac     libucrt:cvt.obj
 0002:00000eb8       ??_C@_05KLBDPFGC@e?$CL000?$AA@ 10011eb8     libucrt:cvt.obj
 0002:00000ec0       ??_C@_03KOEHGMDN@Sun?$AA@  10011ec0     libucrt:nlsdata.obj
 0002:00000ec4       ??_C@_03PDAGKDH@Mon?$AA@   10011ec4     libucrt:nlsdata.obj
 0002:00000ec8       ??_C@_03NAGEINEP@Tue?$AA@  10011ec8     libucrt:nlsdata.obj
 0002:00000ecc       ??_C@_03MHOMLAJA@Wed?$AA@  10011ecc     libucrt:nlsdata.obj
 0002:00000ed0       ??_C@_03IOFIKPDN@Thu?$AA@  10011ed0     libucrt:nlsdata.obj
 0002:00000ed4       ??_C@_03IDIOELNC@Fri?$AA@  10011ed4     libucrt:nlsdata.obj
 0002:00000ed8       ??_C@_03FEFJNEK@Sat?$AA@   10011ed8     libucrt:nlsdata.obj
 0002:00000edc       ??_C@_06OOPIFAJ@Sunday?$AA@ 10011edc     libucrt:nlsdata.obj
 0002:00000ee4       ??_C@_06JLEDEDGH@Monday?$AA@ 10011ee4     libucrt:nlsdata.obj
 0002:00000eec       ??_C@_07BAAGCFCM@Tuesday?$AA@ 10011eec     libucrt:nlsdata.obj
 0002:00000ef4       ??_C@_09DLIGFAKA@Wednesday?$AA@ 10011ef4     libucrt:nlsdata.obj
 0002:00000f00       ??_C@_08HACCIKIA@Thursday?$AA@ 10011f00     libucrt:nlsdata.obj
 0002:00000f0c       ??_C@_06JECMNKMI@Friday?$AA@ 10011f0c     libucrt:nlsdata.obj
 0002:00000f14       ??_C@_08INBOOONO@Saturday?$AA@ 10011f14     libucrt:nlsdata.obj
 0002:00000f20       ??_C@_03JIHJHPIE@Jan?$AA@  10011f20     libucrt:nlsdata.obj
 0002:00000f24       ??_C@_03HJBDCHOM@Feb?$AA@  10011f24     libucrt:nlsdata.obj
 0002:00000f28       ??_C@_03ODNJBKGA@Mar?$AA@  10011f28     libucrt:nlsdata.obj
 0002:00000f2c       ??_C@_03LEOLGMJP@Apr?$AA@  10011f2c     libucrt:nlsdata.obj
 0002:00000f30       ??_C@_03CNMDKL@May?$AA@    10011f30     libucrt:nlsdata.obj
 0002:00000f34       ??_C@_03IDFGHECI@Jun?$AA@  10011f34     libucrt:nlsdata.obj
 0002:00000f38       ??_C@_03LBGABGKK@Jul?$AA@  10011f38     libucrt:nlsdata.obj
 0002:00000f3c       ??_C@_03IFJFEIGA@Aug?$AA@  10011f3c     libucrt:nlsdata.obj
 0002:00000f40       ??_C@_03GGCAPAJC@Sep?$AA@  10011f40     libucrt:nlsdata.obj
 0002:00000f44       ??_C@_03BMAOKBAD@Oct?$AA@  10011f44     libucrt:nlsdata.obj
 0002:00000f48       ??_C@_03JPJOFNIA@Nov?$AA@  10011f48     libucrt:nlsdata.obj
 0002:00000f4c       ??_C@_03MKABNOCG@Dec?$AA@  10011f4c     libucrt:nlsdata.obj
 0002:00000f50       ??_C@_07CGJPFGJA@January?$AA@ 10011f50     libucrt:nlsdata.obj
 0002:00000f58       ??_C@_08GNJGEPFN@February?$AA@ 10011f58     libucrt:nlsdata.obj
 0002:00000f64       ??_C@_05HPCKOFNC@March?$AA@ 10011f64     libucrt:nlsdata.obj
 0002:00000f6c       ??_C@_05DMJDNLEJ@April?$AA@ 10011f6c     libucrt:nlsdata.obj
 0002:00000f74       ??_C@_04CNLMGBGM@June?$AA@ 10011f74     libucrt:nlsdata.obj
 0002:00000f7c       ??_C@_04MIEPOIFP@July?$AA@ 10011f7c     libucrt:nlsdata.obj
 0002:00000f84       ??_C@_06LBBHFDDG@August?$AA@ 10011f84     libucrt:nlsdata.obj
 0002:00000f8c       ??_C@_09BHHEALKD@September?$AA@ 10011f8c     libucrt:nlsdata.obj
 0002:00000f98       ??_C@_07JJNFCEND@October?$AA@ 10011f98     libucrt:nlsdata.obj
 0002:00000fa0       ??_C@_08HCHEGEOA@November?$AA@ 10011fa0     libucrt:nlsdata.obj
 0002:00000fac       ??_C@_08EDHMEBNP@December?$AA@ 10011fac     libucrt:nlsdata.obj
 0002:00000fb8       ??_C@_02DEDBPAFC@AM?$AA@   10011fb8     libucrt:nlsdata.obj
 0002:00000fbc       ??_C@_02CJNFDJBF@PM?$AA@   10011fbc     libucrt:nlsdata.obj
 0002:00000fc0       ??_C@_08BPBNCDIB@MM?1dd?1yy?$AA@ 10011fc0     libucrt:nlsdata.obj
 0002:00000fcc       ??_C@_0BE@CKGJFCPC@dddd?0?5MMMM?5dd?0?5yyyy?$AA@ 10011fcc     libucrt:nlsdata.obj
 0002:00000fe0       ??_C@_08JCCMCCIL@HH?3mm?3ss?$AA@ 10011fe0     libucrt:nlsdata.obj
 0002:00000fec       ??_C@_17MBGCMIPB@?$AAS?$AAu?$AAn?$AA?$AA@ 10011fec     libucrt:nlsdata.obj
 0002:00000ff4       ??_C@_17KBOMKBF@?$AAM?$AAo?$AAn?$AA?$AA@ 10011ff4     libucrt:nlsdata.obj
 0002:00000ffc       ??_C@_17BMKGEGOJ@?$AAT?$AAu?$AAe?$AA?$AA@ 10011ffc     libucrt:nlsdata.obj
[...]
 0001:000093cc       ?get_global_action_nolock@@YAPAP6AXH@ZH@Z 1000a3cc f   libucrt:signal.obj
 0001:0000940e       ?siglookup@@YAPAU__crt_signal_action_t@@HQAU1@@Z 1000a40e f   libucrt:signal.obj
 0001:0000989f       ?__acrt_LCMapStringA_stat@@YAHPAU__crt_locale_pointers@@PB_WKPBDHPADHHH@Z 1000a89f f   libucrt:lcmapstringa.obj
 0001:0000b950       _common_flush_all          1000c950 f   libucrt:fflush.obj
 0001:0000bc23       ?free_crt_array_internal@@YAXQAPBXI@Z 1000cc23 f   libucrt:inittime.obj
 0001:0000c0ea       ?GetTableIndexFromLocaleName@@YAHPB_W@Z 1000d0ea f   libucrt:lcidtoname_downlevel.obj
 0001:0000c1e0       ?shortsort@@YAXPAD0IP6AHPBX1@Z@Z 1000d1e0 f   libucrt:qsort.obj
 0001:0000c280       ?swap@@YAXPAD0I@Z          1000d280 f   libucrt:qsort.obj
 0001:0000c65a       ??$common_tcsncpy_s@D@@YAHQADIQBDI@Z 1000d65a f   libucrt:strncpy_s.obj
 0001:0000c720       $$000000                   1000d720     libucrt:strpbrk.obj
 0001:0000c804       ?initialize_multibyte@@YAHXZ 1000d804 f   libucrt:multibyte_initializer.obj
 0001:0000c980       $$000000                   1000d980     libucrt:log10.obj
 0001:0000cad0       $$000000                   1000dad0     libucrt:ceil_pentium4.obj
 0001:0000cbed       ?write_double_translated_ansi_nolock@@YA?AUwrite_result@?A0x47fa6670@@HQBDI@Z 1000dbed f   libucrt:write.obj
 0001:0000cda0       ?write_double_translated_unicode_nolock@@YA?AUwrite_result@?A0x47fa6670@@QBDI@Z 1000dda0 f   libucrt:write.obj
 0001:0000ce0d       ?write_requires_double_translation_nolock@@YA_NH@Z 1000de0d f   libucrt:write.obj
 0001:0000ce83       ?write_text_ansi_nolock@@YA?AUwrite_result@?A0x47fa6670@@HQBDI@Z 1000de83 f   libucrt:write.obj
 0001:0000cf62       ?write_text_utf16le_nolock@@YA?AUwrite_result@?A0x47fa6670@@HQBDI@Z 1000df62 f   libucrt:write.obj
 0001:0000d050       ?write_text_utf8_nolock@@YA?AUwrite_result@?A0x47fa6670@@HQBDI@Z 1000e050 f   libucrt:write.obj
 0001:0000d474       ??$common_lseek_nolock@_J@@YA_JH_JH@Z 1000e474 f   libucrt:lseek.obj
 0001:0000d738       ___get_abstract_control_sse2 1000e738 f   libucrt:_fenvutils.obj
 0001:0000d7b5       ___get_abstract_control_x87 1000e7b5 f   libucrt:_fenvutils.obj
 0001:0000d828       ___get_machine_control     1000e828 f   libucrt:_fenvutils.obj
 0001:0000d899       ___get_machine_control_sse2 1000e899 f   libucrt:_fenvutils.obj
 0001:0000d919       ___get_machine_status_sse2 1000e919 f   libucrt:_fenvutils.obj
 0001:0000d97a       ___get_machine_status_x87  1000e97a f   libucrt:_fenvutils.obj
 0001:0000dcc0       $$000000                   1000ecc0     libucrt:log10_pentium4.obj
 0001:0000df50       $$000000                   1000ef50     libucrt:87tran.obj
 0001:0000e150       $$000000                   1000f150     libucrt:87disp.obj
 0001:0000e350       $$000000                   1000f350     libucrt:common.obj
 0001:0000e4e0       $$000000                   1000f4e0     libucrt:genexcep.obj
 0001:0000ea50       $$000000                   1000fa50     libucrt:_strnicm.obj
 0001:0000f870       $$000000                   10010870     LIBCMT:ulldvrm.obj
 0001:0000f910       $$000000                   10010910     LIBCMT:_sehprolg4gs_.obj
 0001:0000f970       $$000000                   10010970     LIBCMT:llmul.obj
 0001:0000f9b0       $$000000                   100109b0     LIBCMT:lldvrm.obj
 0001:0000fa90       $$000000                   10010a90     LIBCMT:ullshr.obj
 0001:0000fab0       $$000000                   10010ab0     LIBCMT:alloca16.obj
 0001:0000fae0       $$000000                   10010ae0     LIBCMT:llshl.obj
 0001:0000fb00       $$000000                   10010b00     LIBCMT:_ftol2_.obj
 0001:0000fbc0       $$000000                   10010bc0     LIBCMT:chkstk.obj
 0001:0000fbf0       $$000000                   10010bf0     libvcruntime:strrchr.obj
 0001:0000fd30       $$000000                   10010d30     libvcruntime:strchr.obj
 0002:0000029c       _GS_ExceptionPointers      1001129c     LIBCMT:gs_report.obj
 0002:000002a8       ?tokenTable@@3QBQBDB       100112a8     libvcruntime:undname.obj
 0002:000002e4       ?rttiTable@@3QBQBDB        100112e4     libvcruntime:undname.obj
 0002:000002f8       ?nameTable@@3QBQBDB        100112f8     libvcruntime:undname.obj
 0002:00000a2c       ?module_names@?A0x9a4b7766@@3QBQB_WB 10011a2c     libvcruntime:winapi_downlevel.obj
 0002:00000ae4       ?candidate_modules@?1??try_get_FlsAlloc@@YAP6GKP6GXPAX@Z@ZXZ@4QBW4module_id@?A0x9a4b7766@@B 10011ae4     libvcruntime:winapi_downlevel.obj
 0002:00000af8       ?candidate_modules@?1??try_get_FlsFree@@YAP6GHK@ZXZ@4QBW4module_id@?A0x9a4b7766@@B 10011af8     libvcruntime:winapi_downlevel.obj
 0002:00000b08       ?candidate_modules@?1??try_get_FlsGetValue@@YAP6GPAXK@ZXZ@4QBW4module_id@?A0x9a4b7766@@B 10011b08     libvcruntime:winapi_downlevel.obj
 0002:00000b1c       ?candidate_modules@?1??try_get_FlsSetValue@@YAP6GHKPAX@ZXZ@4QBW4module_id@?A0x9a4b7766@@B 10011b1c     libvcruntime:winapi_downlevel.obj
 0002:00000b30       ?candidate_modules@?1??try_get_InitializeCriticalSectionEx@@YAP6GHPAU_RTL_CRITICAL_SECTION@@KK@ZXZ@4QBW4module_id@?A0x9a4b7766@@B 10011b30     libvcruntime:winapi_downlevel.obj
 0002:00000c98       ___acrt_initializers       10011c98     libucrt:initialization.obj
 0002:00000d10       _errtable                  10011d10     libucrt:errno.obj
 0002:00001388       _module_names              10012388     libucrt:winapi_thunks.obj
 0002:0000183c       ?candidate_modules@?1??try_get_FlsAlloc@@YAP6GKP6GXPAX@Z@ZXZ@4QBW4module_id@?A0x352e5c4b@@B 1001283c     libucrt:winapi_thunks.obj
 0002:00001844       ?candidate_modules@?1??try_get_FlsFree@@YAP6GHK@ZXZ@4QBW4module_id@?A0x352e5c4b@@B 10012844     libucrt:winapi_thunks.obj
 0002:0000184c       ?candidate_modules@?1??try_get_FlsGetValue@@YAP6GPAXK@ZXZ@4QBW4module_id@?A0x352e5c4b@@B 1001284c     libucrt:winapi_thunks.obj
 0002:00001854       ?candidate_modules@?1??try_get_FlsSetValue@@YAP6GHKPAX@ZXZ@4QBW4module_id@?A0x352e5c4b@@B 10012854     libucrt:winapi_thunks.obj
 0002:0000185c       ?candidate_modules@?1??try_get_GetCurrentPackageId@@YAP6GJPAIPAE@ZXZ@4QBW4module_id@?A0x352e5c4b@@B 1001285c     libucrt:winapi_thunks.obj
 0002:00001878       ?candidate_modules@?1??try_get_InitializeCriticalSectionEx@@YAP6GHPAU_RTL_CRITICAL_SECTION@@KK@ZXZ@4QBW4module_id@?A0x352e5c4b@@B 10012878     libucrt:winapi_thunks.obj
 0002:00001880       ?candidate_modules@?1??try_get_LCMapStringEx@@YAP6GHPB_WK0HPA_WHPAU_nlsversioninfo@@PAXJ@ZXZ@4QBW4module_id@?A0x352e5c4b@@B 10012880     libucrt:winapi_thunks.obj
 0002:00001898       ?candidate_modules@?1??try_get_LocaleNameToLCID@@YAP6GKPB_WK@ZXZ@4QBW4module_id@?A0x352e5c4b@@B 10012898     libucrt:winapi_thunks.obj
 0002:000018b4       __mb_locale_names          100128b4     libucrt:mbctype.obj
 0002:00002af0       _LcidToLocaleNameTable     10013af0     libucrt:lcidtoname_downlevel.obj
 0002:00003c10       _LocaleNameToIndexTable    10014c10     libucrt:lcidtoname_downlevel.obj
 0002:00004b60       LOG_name                   10015b60     libucrt:log10.obj
 0002:00004b70       _One                       10015b70     libucrt:ceil_pentium4.obj
 0002:00004b80       _Bns                       10015b80     libucrt:ceil_pentium4.obj
 0002:00004b90       _Zero                      10015b90     libucrt:ceil_pentium4.obj
 0002:00004ba0       _S                         10015ba0     libucrt:ceil_pentium4.obj
 0002:00004bb0       _NegZero                   10015bb0     libucrt:ceil_pentium4.obj
 0002:00004bc0       emask                      10015bc0     libucrt:log10_pentium4.obj
 0002:00004bd0       CC                         10015bd0     libucrt:log10_pentium4.obj
 0002:00004be0       Magic                      10015be0     libucrt:log10_pentium4.obj
 0002:00004bf0       hi_mask                    10015bf0     libucrt:log10_pentium4.obj
 0002:00004c00       LOG10_2                    10015c00     libucrt:log10_pentium4.obj
 0002:00004c10       place_L                    10015c10     libucrt:log10_pentium4.obj
 0002:00004c30       One                        10015c30     libucrt:log10_pentium4.obj
 0002:00004c40       Zero                       10015c40     libucrt:log10_pentium4.obj
 0002:00004c50       Two52                      10015c50     libucrt:log10_pentium4.obj
 0002:00004c60       Infs                       10015c60     libucrt:log10_pentium4.obj
 0002:00004c70       NaN                        10015c70     libucrt:log10_pentium4.obj
 0002:00004c80       coeff                      10015c80     libucrt:log10_pentium4.obj
 0002:00004cde       _log2max                   10015cde     libucrt:87tran.obj
 0002:00004ce8       _smallarg                  10015ce8     libucrt:87tran.obj
 0002:00004cf2       _half                      10015cf2     libucrt:87tran.obj
 0002:00004d3e       One                        10015d3e     libucrt:87disp.obj
 0002:00004d46       Three                      10015d46     libucrt:87disp.obj
 0002:00004d4e       XAMtoTagTab                10015d4e     libucrt:87disp.obj
 0002:00004d60       One                        10015d60     libucrt:common.obj
 0002:00004d74       DblMax                     10015d74     libucrt:common.obj
 0002:00004d7c       DblMin                     10015d7c     libucrt:common.obj
 0002:00004d84       IeeeAdjO                   10015d84     libucrt:common.obj
 0002:00004d8c       IeeeAdjU                   10015d8c     libucrt:common.obj
 0002:00004d94       _infinity                  10015d94     libucrt:common.obj
 0002:00004d9c       _zero                      10015d9c     libucrt:common.obj
 0002:00004dd8       _over                      10015dd8     libucrt:fpctrl.obj
 0002:00004de4       _under                     10015de4     libucrt:fpctrl.obj
 0002:000056a8       ?_names@?1??_get_fname@@9@9 100166a8     libucrt:fpexcept.obj
 0002:00005e28       __sehtable$?dllmain_crt_process_attach@@YAHQAUHINSTANCE__@@QAX@Z 10016e28     LIBCMT:dll_dllmain.obj
 0002:00005e48       __sehtable$?dllmain_crt_process_detach@@YAH_N@Z 10016e48     LIBCMT:dll_dllmain.obj
 0002:00005e68       __sehtable$?dllmain_dispatch@@YAHQAUHINSTANCE__@@KQAX@Z 10016e68     LIBCMT:dll_dllmain.obj
 0002:00005e88       __sehtable$___scrt_is_nonwritable_in_current_image 10016e88     LIBCMT:utility.obj
 0002:00005ea8       __sehtable$___DestructExceptionObject 10016ea8     libvcruntime:ehhelpers.obj
 0002:00005ec8       __sehtable$?common_exit@@YAXHW4_crt_exit_cleanup_mode@@W4_crt_exit_return_mode@@@Z 10016ec8     libucrt:exit.obj
 0002:00005ef0       __sehtable$??$?RV<lambda_995298e7d72eb4c2aab26c0585b3abe5>@@AAV<lambda_275893d493268fdec8709772e3fcec0e>@@V<lambda_293819299cbf9a7022e18b56a874bb5c>@@@?$__crt_seh_guarded_call@H@@QAEH$$QAV<lambda_995298e7d72eb4c2aab26c0585b3abe5>@@AAV<lambda_275893d493268fdec8709772e3fcec0e>@@$$QAV<lambda_293819299cbf9a7022e18b56a874bb5c>@@@Z 10016ef0     libucrt:onexit.obj
 0002:00005f10       __sehtable$_terminate      10016f10     libucrt:terminate.obj
 0002:00005f30       __sehtable$??$?RV<lambda_9df27f884b057bc3edfc946cb5b7cf47>@@AAV<lambda_e69574bed617af4e071282c136b37893>@@V<lambda_cc0d902bcbbeb830f749456577db4721>@@@?$__crt_seh_guarded_call@X@@QAEX$$QAV<lambda_9df27f884b057bc3edfc946cb5b7cf47>@@AAV<lambda_e69574bed617af4e071282c136b37893>@@$$QAV<lambda_cc0d902bcbbeb830f749456577db4721>@@@Z 10016f30     libucrt:per_thread_data.obj
 0002:00005f50       __sehtable$??$?RV<lambda_3518db117f0e7cdb002338c5d3c47b6c>@@AAV<lambda_b2ea41f6bbb362cd97d94c6828d90b61>@@V<lambda_abdedf541bb04549bc734292b4a045d4>@@@?$__crt_seh_guarded_call@X@@QAEX$$QAV<lambda_3518db117f0e7cdb002338c5d3c47b6c>@@AAV<lambda_b2ea41f6bbb362cd97d94c6828d90b61>@@$$QAV<lambda_abdedf541bb04549bc734292b4a045d4>@@@Z 10016f50     libucrt:per_thread_data.obj
 0002:00005f70       __sehtable$??$?RV<lambda_51b6e8b1eb166f2a3faf91f424b38130>@@AAV<lambda_6250bd4b2a391816dd638c3bf72b0bcb>@@V<lambda_0b5a4a3e68152e1d9b943535f5f47bed>@@@?$__crt_seh_guarded_call@X@@QAEX$$QAV<lambda_51b6e8b1eb166f2a3faf91f424b38130>@@AAV<lambda_6250bd4b2a391816dd638c3bf72b0bcb>@@$$QAV<lambda_0b5a4a3e68152e1d9b943535f5f47bed>@@@Z 10016f70     libucrt:per_thread_data.obj
 0002:00005f90       __sehtable$??$?RV<lambda_5b71d36f03204c0beab531769a5b5694>@@AAV<lambda_be2b3da3f62db62e9dad5dc70221a656>@@V<lambda_8f9ce462984622f9bf76b59e2aaaf805>@@@?$__crt_seh_guarded_call@X@@QAEX$$QAV<lambda_5b71d36f03204c0beab531769a5b5694>@@AAV<lambda_be2b3da3f62db62e9dad5dc70221a656>@@$$QAV<lambda_8f9ce462984622f9bf76b59e2aaaf805>@@@Z 10016f90     libucrt:per_thread_data.obj
 0002:00005fb0       __sehtable$___acrt_uninitialize_locale 10016fb0     libucrt:wsetlocale.obj
 0002:00005fd0       __sehtable$___acrt_initialize_lowio 10016fd0     libucrt:ioinit.obj
 0002:00005ff0       __sehtable$___acrt_update_thread_multibyte_data 10016ff0     libucrt:mbctype.obj
 0002:00006010       __sehtable$??$?RV<lambda_978dc153c237d78434369da87b74ff60>@@AAV<lambda_ad1ced32f4ac17aa236e5ef05d6b3b7c>@@V<lambda_4a8533e2866a575feecb8298ce776b0d>@@@?$__crt_seh_guarded_call@X@@QAEX$$QAV<lambda_978dc153c237d78434369da87b74ff60>@@AAV<lambda_ad1ced32f4ac17aa236e5ef05d6b3b7c>@@$$QAV<lambda_4a8533e2866a575feecb8298ce776b0d>@@@Z 10017010     libucrt:mbctype.obj
 0002:00006030       __sehtable$__query_new_handler 10017030     libucrt:new_handler.obj
 0002:00006050       __sehtable$_raise          10017050     libucrt:signal.obj
 0002:00006070       __sehtable$??$?RV<lambda_a048d3beccc847880fc8490e18b82769>@@AAV<lambda_ec61778202f4f5fc7e7711acc23c3bca>@@V<lambda_f7496a158712204296dd6628a163878e>@@@?$__crt_seh_guarded_call@P6AXH@Z@@QAEP6AXH@Z$$QAV<lambda_a048d3beccc847880fc8490e18b82769>@@AAV<lambda_ec61778202f4f5fc7e7711acc23c3bca>@@$$QAV<lambda_f7496a158712204296dd6628a163878e>@@@Z 10017070     libucrt:signal.obj
 0002:00006090       __sehtable$___acrt_update_thread_locale_data 10017090     libucrt:locale_refcounting.obj
 0002:000060b0       __sehtable$__fcloseall     100170b0     libucrt:closeall.obj
 0002:000060d0       __sehtable$_common_flush_all 100170d0     libucrt:fflush.obj
 0002:000060f8       __sehtable$___acrt_lowio_ensure_fh_exists 100170f8     libucrt:osfinfo.obj
 0002:00006118       __sehtable$__write         10017118     libucrt:write.obj
 0002:00006138       __sehtable$_fclose         10017138     libucrt:fclose.obj
 0002:00006158       __sehtable$??$?RV<lambda_61cee617f5178ae960314fd4d05640a0>@@AAV<lambda_6978c1fb23f02e42e1d9e99668cc68aa>@@V<lambda_9cd88cf8ad10232537feb2133f08c833>@@@?$__crt_seh_guarded_call@H@@QAEH$$QAV<lambda_61cee617f5178ae960314fd4d05640a0>@@AAV<lambda_6978c1fb23f02e42e1d9e99668cc68aa>@@$$QAV<lambda_9cd88cf8ad10232537feb2133f08c833>@@@Z 10017158     libucrt:commit.obj
 0002:00006178       __sehtable$??$?RV<lambda_123407a5e2ac06da108355a851863b7a>@@AAV<lambda_2fe9b910cf3cbf4a0ab98a02ba45b3ec>@@V<lambda_ae55bdf541ad94d75914d381c370e64d>@@@?$__crt_seh_guarded_call@H@@QAEH$$QAV<lambda_123407a5e2ac06da108355a851863b7a>@@AAV<lambda_2fe9b910cf3cbf4a0ab98a02ba45b3ec>@@$$QAV<lambda_ae55bdf541ad94d75914d381c370e64d>@@@Z 10017178     libucrt:close.obj
 0002:00006198       __sehtable$__IsNonwritableInCurrentImage 10017198     LIBCMT:pesect.obj
 0002:000061c0       .edata                     100171c0     ico.exp
 0002:000061e8       rgpv                       100171e8     ico.exp
 0002:000061fc       rgszName                   100171fc     ico.exp
 0002:00006210       rgwOrd                     10017210     ico.exp
 0002:0000621a       szName                     1001721a     ico.exp
 0002:00006222       $N00001                    10017222     ico.exp
 0002:0000622d       $N00002                    1001722d     ico.exp
 0002:00006236       $N00003                    10017236     ico.exp
 0002:0000623f       $N00004                    1001723f     ico.exp
 0002:00006248       $N00005                    10017248     ico.exp
 0002:00006454       .idata$6                   10017454     kernel32:KERNEL32.dll
 0002:00006484       .idata$6                   10017484     ole32:ole32.dll
 0002:00006576       .idata$6                   10017576     gdiplus:gdiplus.dll
 0003:00000020       ?__vcrt_flsindex@@3KA      10018020     libvcruntime:per_thread_data.obj
 0003:00000044       _errno_no_memory           10018044     libucrt:errno.obj
 0003:00000048       _doserrno_no_memory        10018048     libucrt:errno.obj
 0003:0000004c       ___acrt_flsindex           1001804c     libucrt:per_thread_data.obj
 0003:000001bc       ___rgctypeflag             100181bc     libucrt:mbctype.obj
 0003:000001c0       ___rgcode_page_info        100181c0     libucrt:mbctype.obj
 0003:00000858       ?__proc_attached@@3HA      10018858     LIBCMT:dll_dllmain.obj
 0003:00000860       _GS_ExceptionRecord        10018860     LIBCMT:gs_report.obj
 0003:000008b0       _GS_ContextRecord          100188b0     LIBCMT:gs_report.obj
 0003:00000b90       ?module_local_atexit_table@@3U_onexit_table_t@@A 10018b90     LIBCMT:utility.obj
 0003:00000b9c       ?module_local_at_quick_exit_table@@3U_onexit_table_t@@A 10018b9c     LIBCMT:utility.obj
 0003:00000ba8       ?module_local_atexit_table_initialized@@3_NA 10018ba8     LIBCMT:utility.obj
 0003:00000bb4       ?is_initialized_as_dll@@3_NA 10018bb4     LIBCMT:utility.obj
 0003:00000bec       ?heap@@3V_HeapManager@@A   10018bec     libvcruntime:undname.obj
 0003:00000c00       ?__vcrt_startup_thread_ptd@@3U__vcrt_ptd@@A 10018c00     libvcruntime:per_thread_data.obj
 0003:00000c28       ___vcrt_lock_table         10018c28     libvcruntime:locks.obj
 0003:00000c40       ___vcrt_locks_initialized  10018c40     libvcruntime:locks.obj
 0003:00000c44       ?module_handles@@3PAPAUHINSTANCE__@@A 10018c44     libvcruntime:winapi_downlevel.obj
 0003:00000c50       ?encoded_function_pointers@@3PAPAXA 10018c50     libvcruntime:winapi_downlevel.obj
 0003:00000c6c       _c_termination_complete    10018c6c     libucrt:exit.obj
 0003:00000c70       _thread_local_exit_callback_func 10018c70     libucrt:exit.obj
 0003:00000c74       ?c_exit_complete@?5??common_exit@@YAXHW4_crt_exit_cleanup_mode@@W4_crt_exit_return_mode@@@Z@4_NA 10018c74     libucrt:exit.obj
 0003:00000c78       ?program_name@?5???$common_configure_argv@D@@YAHW4_crt_argv_mode@@@Z@4PADA 10018c78     libucrt:argv_parsing.obj
 0003:00000da8       ___acrt_invalid_parameter_handler 10018da8     libucrt:invalid_parameter.obj
 0003:00000db4       _enable_percent_n          10018db4     libucrt:printf_count_output.obj
 0003:00000fd0       ___acrt_lock_table         10018fd0     libucrt:locks.obj
 0003:00001108       ___acrt_locks_initialized  10019108     libucrt:locks.obj
 0003:00001110       _module_handles            10019110     libucrt:winapi_thunks.obj
 0003:00001160       _encoded_function_pointers 10019160     libucrt:winapi_thunks.obj
 0003:000011e0       ?state_cache@?1??__acrt_is_packaged_app@@9@4JA 100191e0     libucrt:winapi_thunks.obj
 0003:000011fc       _fSystemSet                100191fc     libucrt:mbctype.obj
 0003:00001200       ?initialized@?1??__acrt_initialize_multibyte@@9@4_NA 10019200     libucrt:mbctype.obj
 0003:00001220       ___acrt_new_handler        10019220     libucrt:new_handler.obj
 0003:00001224       _ctrlc_action              10019224     libucrt:signal.obj
 0003:00001228       _ctrlbreak_action          10019228     libucrt:signal.obj
 0003:0000122c       _abort_action              1001922c     libucrt:signal.obj
 0003:00001230       _term_action               10019230     libucrt:signal.obj
 0003:00001234       _user_matherr              10019234     libucrt:matherr.obj
 0003:00001238       ___acrt_global_new_mode    10019238     libucrt:new_mode.obj
 0003:00001244       ___acrt_app_type           10019244     libucrt:report_runtime_error.obj
 0003:0000124c       __pmatherr_set             1001924c     libucrt:libm_error.obj
 0004:000000a0       $R000000                   1001a0a0     ico.res
 0004:000003a8       $R000308                   1001a3a8     ico.res
