 pe

 Timestamp is 5b32b11e (Wed Jun 27 00:33:18 2018)

 Preferred load address is 0000000180000000

 Start         Length     Name                   Class
 0001:00000000 00010350H .text$mn                CODE
 0001:00010350 00000020H .text$mn$00             CODE
 0001:00010370 00000270H .text$x                 CODE
 0002:00000000 00000278H .idata$5                DATA
 0002:00000278 00000010H .00cfg                  DATA
 0002:00000288 00000008H .CRT$XCA                DATA
 0002:00000290 00000008H .CRT$XCZ                DATA
 0002:00000298 00000008H .CRT$XIA                DATA
 0002:000002a0 00000018H .CRT$XIC                DATA
 0002:000002b8 00000008H .CRT$XIZ                DATA
 0002:000002c0 00000008H .CRT$XPA                DATA
 0002:000002c8 00000010H .CRT$XPX                DATA
 0002:000002d8 00000008H .CRT$XPXA               DATA
 0002:000002e0 00000008H .CRT$XPZ                DATA
 0002:000002e8 00000008H .CRT$XTA                DATA
 0002:000002f0 00000010H .CRT$XTZ                DATA
 0002:000002f8 00000000H .gfids$x                DATA
 0002:000002f8 00000000H .gfids$y                DATA
 0002:00000300 00007ee0H .rdata                  DATA
 0002:000081e0 00000000H .rdata$r                DATA
 0002:000081e0 000002f8H .rdata$zzzdbg           DATA
 0002:000084d8 00000008H .rtc$IAA                DATA
 0002:000084e0 00000008H .rtc$IZZ                DATA
 0002:000084e8 00000008H .rtc$TAA                DATA
 0002:000084f0 00000008H .rtc$TZZ                DATA
 0002:000084f8 00000d08H .xdata                  DATA
 0002:00009200 00000000H .xdata$x                DATA
 0002:00009200 00000090H .edata                  DATA
 0002:00009290 00000028H .idata$2                DATA
 0002:000092b8 00000018H .idata$3                DATA
 0002:000092d0 00000278H .idata$4                DATA
 0002:00009548 00000576H .idata$6                DATA
 0003:00000000 000008f0H .data                   DATA
 0003:000008f0 00000000H .data$r                 DATA
 0003:000008f0 00001198H .bss                    DATA
 0004:00000000 00001008H .pdata                  DATA
 0005:00000000 000000a0H .rsrc$01                DATA
 0005:000000a0 00000490H .rsrc$02                DATA

  Address         Publics by Value              Rva+Base               Lib:Object

 0000:00000000       __guard_iat_table          0000000000000000     <absolute>
 0000:00000000       __dynamic_value_reloc_table 0000000000000000     <absolute>
 0000:00000000       __hybrid_code_map          0000000000000000     <absolute>
 0000:00000000       __hybrid_code_map_count    0000000000000000     <absolute>
 0000:00000000       __guard_iat_count          0000000000000000     <absolute>
 0000:00000000       __hybrid_auxiliary_iat     0000000000000000     <absolute>
 0000:00000000       __guard_longjmp_table      0000000000000000     <absolute>
 0000:00000000       __guard_longjmp_count      0000000000000000     <absolute>
 0000:00000000       __guard_fids_count         0000000000000000     <absolute>
 0000:00000000       __enclave_config           0000000000000000     <absolute>
 0000:00000000       ___safe_se_handler_table   0000000000000000     <absolute>
 0000:00000000       ___safe_se_handler_count   0000000000000000     <absolute>
 0000:00000000       __guard_fids_table         0000000000000000     <absolute>
 0000:00000100       __guard_flags              0000000000000100     <absolute>
 0000:00000000       __ImageBase                0000000180000000     <linker-defined>
 0001:00000000       ??$DumpExportsSection@U_IMAGE_NT_HEADERS64@@@@YAXPEAUPEData@@PEAEPEAU_IMAGE_NT_HEADERS64@@@Z 0000000180001000 f i pe.obj
 0001:00000224       ??$DumpExportsSection@U_IMAGE_NT_HEADERS@@@@YAXPEAUPEData@@PEAEPEAU_IMAGE_NT_HEADERS@@@Z 0000000180001224 f i pe.obj
 0001:00000444       ??$DumpResourceSection@U_IMAGE_NT_HEADERS64@@@@YAXPEAUPEData@@PEAEPEAU_IMAGE_NT_HEADERS64@@@Z 0000000180001444 f i pe.obj
 0001:00000498       ??$DumpResourceSection@U_IMAGE_NT_HEADERS@@@@YAXPEAUPEData@@PEAEPEAU_IMAGE_NT_HEADERS@@@Z 0000000180001498 f i pe.obj
 0001:000004ec       ??$GetEnclosingSectionHeader@U_IMAGE_NT_HEADERS@@@@YAPEAU_IMAGE_SECTION_HEADER@@KPEAU_IMAGE_NT_HEADERS@@@Z 00000001800014ec f i pe.obj
 0001:000004ec       ??$GetEnclosingSectionHeader@U_IMAGE_NT_HEADERS64@@@@YAPEAU_IMAGE_SECTION_HEADER@@KPEAU_IMAGE_NT_HEADERS64@@@Z 00000001800014ec f i pe.obj
 0001:00000538       ??$GetPtrFromRVA@U_IMAGE_NT_HEADERS@@@@YAPEAXKPEAU_IMAGE_NT_HEADERS@@PEAE@Z 0000000180001538 f i pe.obj
 0001:00000538       ??$GetPtrFromRVA@U_IMAGE_NT_HEADERS64@@@@YAPEAXKPEAU_IMAGE_NT_HEADERS64@@PEAE@Z 0000000180001538 f i pe.obj
 0001:00000580       ??$swprintf_c@$0CA@@@YAHAEAY0CA@_WPEB_WZZ 0000000180001580 f i pe.obj
 0001:000005ac       _guard_check_icall_nop     00000001800015ac f   LIBCMT:guard_support.obj
 0001:000005ac       ?CET_Cancel@@YAXPEAX@Z     00000001800015ac f   pe.obj
 0001:000005b0       ?CET_Done@@YAXPEAUCET_Init@@@Z 00000001800015b0 f   pe.obj
 0001:000005b8       ?CET_Free@@YAXPEAUCET_LoadInfo@@@Z 00000001800015b8 f   pe.obj
 0001:00000604       ?CET_Init@@YAHPEAU0@@Z     0000000180001604 f   pe.obj
 0001:00000640       ?CET_Load@@YAHPEAUCET_LoadInfo@@@Z 0000000180001640 f   pe.obj
 0001:00000950       ?CreateResource@@YAXPEAUPEData@@KPEAXKKK@Z 0000000180001950 f   pe.obj
 0001:00000a20       ?DumpExeFile@@YA_NPEAUPEData@@PEAU_IMAGE_DOS_HEADER@@@Z 0000000180001a20 f   pe.obj
 0001:00000a9c       ?DumpExeFileNE@@YA_NPEAUPEData@@PEAU_IMAGE_DOS_HEADER@@PEAU_IMAGE_OS2_HEADER@@@Z 0000000180001a9c f   pe.obj
 0001:00000ad8       ?DumpExeFilePE@@YA_NPEAUPEData@@PEAU_IMAGE_DOS_HEADER@@PEAU_IMAGE_NT_HEADERS@@@Z 0000000180001ad8 f   pe.obj
 0001:00000bc0       ?DumpFile@@YA_NPEAUPEData@@PEAE_J2@Z 0000000180001bc0 f   pe.obj
 0001:00000c08       ?DumpNEResourceTable@@YAXPEAUPEData@@PEAU_IMAGE_DOS_HEADER@@PEAE@Z 0000000180001c08 f   pe.obj
 0001:00000d14       ?DumpResourceDirectory@@YAXPEAUPEData@@PEAU_IMAGE_RESOURCE_DIRECTORY@@PEAEKKKK@Z 0000000180001d14 f   pe.obj
 0001:00000e40       ?DumpResourceEntry@@YAXPEAUPEData@@KPEAU_IMAGE_RESOURCE_DIRECTORY_ENTRY@@PEAEKKK@Z 0000000180001e40 f   pe.obj
 0001:00000f30       ?DumpResources@@YAXPEAUPEData@@PEAEPEAU_IMAGE_NT_HEADERS@@@Z 0000000180001f30 f   pe.obj
 0001:00000f8c       ?ParseVersionInfo@@YAXPEAUPEData@@AEAPEAXAEAK@Z 0000000180001f8c f   pe.obj
 0001:000010ac       ?ParseVersionInfoA@@YAXPEAUPEData@@AEAPEAXAEAK@Z 00000001800020ac f   pe.obj
 0001:000011cc       ?ParseVersionInfoFixed@@YAXPEAUPEData@@PEAUtagVS_FIXEDFILEINFO@@@Z 00000001800021cc f   pe.obj
 0001:000013a4       ?ParseVersionInfoVariable@@YAXPEAUPEData@@PEAXAEAKPEAG@Z 00000001800023a4 f   pe.obj
 0001:00001454       ?ParseVersionInfoVariableA@@YAXPEAUPEData@@PEAXAEAKPEAD@Z 0000000180002454 f   pe.obj
 0001:000014c0       ?ParseVersionInfoVariableString@@YAXPEAUPEData@@PEAXAEAKPEAG@Z 00000001800024c0 f   pe.obj
 0001:0000168c       ?ParseVersionInfoVariableStringA@@YAXPEAUPEData@@PEAXAEAKPEAD@Z 000000018000268c f   pe.obj
 0001:000018b0       ?ParseVersionInfoVariableVar@@YAXPEAUPEData@@PEAXAEAKPEAG@Z 00000001800028b0 f   pe.obj
 0001:00001998       ?StringCchVPrintfW@@YAJPEA_W_KPEB_WPEAD@Z 0000000180002998 f i pe.obj
 0001:00001a3c       ?ValidateMemory@@YA_NPEAUPEData@@PEBX_K@Z 0000000180002a3c f   pe.obj
 0001:00001a74       __local_stdio_printf_options 0000000180002a74 f i pe.obj
 0001:00001a7c       ?HeapDeinitialize@@YAXXZ   0000000180002a7c f   common-kernel64:Memory.obj
 0001:00001aa0       ?HeapInitialize@@YA_NXZ    0000000180002aa0 f   common-kernel64:Memory.obj
 0001:00001ad4       __raise_securityfailure    0000000180002ad4 f   LIBCMT:gs_report.obj
 0001:00001b08       __report_gsfailure         0000000180002b08 f   LIBCMT:gs_report.obj
 0001:00001bdc       __report_rangecheckfailure 0000000180002bdc f   LIBCMT:gs_report.obj
 0001:00001bf0       __report_securityfailure   0000000180002bf0 f   LIBCMT:gs_report.obj
 0001:00001d70       __GSHandlerCheck           0000000180002d70 f   LIBCMT:_gshandler_.obj
 0001:00001d90       __GSHandlerCheckCommon     0000000180002d90 f   LIBCMT:_gshandler_.obj
 0001:00001e00       __security_check_cookie    0000000180002e00 f   LIBCMT:_amdsecgs_.obj
 0001:00002144       _DllMainCRTStartup         0000000180003144 f   LIBCMT:dll_dllmain.obj
 0001:00002184       __security_init_cookie     0000000180003184 f   LIBCMT:gs_support.obj
 0001:00002234       _get_startup_argv_mode     0000000180003234 f   LIBCMT:argv_mode.obj
 0001:00002234       DllMain                    0000000180003234 f   LIBCMT:dll_dllmain_stub.obj
 0001:0000223c       ?__scrt_initialize_type_info@@YAXXZ 000000018000323c f   LIBCMT:tncleanup.obj
 0001:0000224c       ?__scrt_uninitialize_type_info@@YAXXZ 000000018000324c f   LIBCMT:tncleanup.obj
 0001:00002258       __local_stdio_scanf_options 0000000180003258 f i LIBCMT:default_local_stdio_options.obj
 0001:00002260       __scrt_initialize_default_local_stdio_options 0000000180003260 f   LIBCMT:default_local_stdio_options.obj
 0001:0000227c       __scrt_acquire_startup_lock 000000018000327c f   LIBCMT:utility.obj
 0001:000022b8       __scrt_dllmain_after_initialize_c 00000001800032b8 f   LIBCMT:utility.obj
 0001:000022ec       __scrt_dllmain_before_initialize_c 00000001800032ec f   LIBCMT:utility.obj
 0001:00002304       __scrt_dllmain_crt_thread_attach 0000000180003304 f   LIBCMT:utility.obj
 0001:0000232c       __scrt_dllmain_crt_thread_detach 000000018000332c f   LIBCMT:utility.obj
 0001:00002344       __scrt_dllmain_exception_filter 0000000180003344 f   LIBCMT:utility.obj
 0001:000023a4       __scrt_dllmain_uninitialize_c 00000001800033a4 f   LIBCMT:utility.obj
 0001:000023d4       __scrt_dllmain_uninitialize_critical 00000001800033d4 f   LIBCMT:utility.obj
 0001:000023e8       __scrt_initialize_crt      00000001800033e8 f   LIBCMT:utility.obj
 0001:00002434       __scrt_initialize_onexit_tables 0000000180003434 f   LIBCMT:utility.obj
 0001:00002510       __scrt_is_nonwritable_in_current_image 0000000180003510 f   LIBCMT:utility.obj
 0001:000025ac       __scrt_release_startup_lock 00000001800035ac f   LIBCMT:utility.obj
 0001:000025d0       __scrt_uninitialize_crt    00000001800035d0 f   LIBCMT:utility.obj
 0001:000025fc       __scrt_get_dyn_tls_init_callback 00000001800035fc f   LIBCMT:dyn_tls_init.obj
 0001:00002604       __crt_debugger_hook        0000000180003604 f   LIBCMT:utility_desktop.obj
 0001:0000260c       __scrt_fastfail            000000018000360c f   LIBCMT:utility_desktop.obj
 0001:00002758       _RTC_Initialize            0000000180003758 f   LIBCMT:_initsect_.obj
 0001:00002794       _RTC_Terminate             0000000180003794 f   LIBCMT:_initsect_.obj
 0001:000027d0       __isa_available_init       00000001800037d0 f   LIBCMT:_cpu_disp_.obj
 0001:0000298c       __scrt_is_ucrt_dll_in_use  000000018000398c f   LIBCMT:ucrt_detection.obj
 0001:000029a0       wcschr                     00000001800039a0 f   libvcruntime:wcschr.obj
 0001:00002a34       wcsrchr                    0000000180003a34 f   libvcruntime:wcsrchr.obj
 0001:00002ae8       __C_specific_handler       0000000180003ae8 f   libvcruntime:_riscchandler_.obj
 0001:00002cf4       __std_type_info_destroy_list 0000000180003cf4 f   libvcruntime:std_type_info.obj
 0001:00002d20       __vcrt_initialize          0000000180003d20 f   libvcruntime:initialization.obj
 0001:00002d54       __vcrt_thread_attach       0000000180003d54 f   libvcruntime:initialization.obj
 0001:00002d68       __vcrt_thread_detach       0000000180003d68 f   libvcruntime:initialization.obj
 0001:00002d7c       __vcrt_uninitialize        0000000180003d7c f   libvcruntime:initialization.obj
 0001:00002d9c       __vcrt_uninitialize_critical 0000000180003d9c f   libvcruntime:initialization.obj
 0001:00002dc0       memset                     0000000180003dc0 f   libvcruntime:memset.obj
 0001:00002f80       _local_unwind              0000000180003f80 f   libvcruntime:_jmpuwind_.obj
 0001:00002fb0       _NLG_Notify                0000000180003fb0 f   libvcruntime:_jmpuwind_.obj
 0001:00002fd0       __NLG_Dispatch2            0000000180003fd0 f   libvcruntime:_jmpuwind_.obj
 0001:00002fe0       __NLG_Return2              0000000180003fe0 f   libvcruntime:_jmpuwind_.obj
 0001:00002fe4       __except_validate_context_record 0000000180003fe4 f   libvcruntime:jbcxrval.obj
 0001:0000301c       __vcrt_freefls             000000018000401c f   libvcruntime:per_thread_data.obj
 0001:0000303c       __vcrt_freeptd             000000018000403c f   libvcruntime:per_thread_data.obj
 0001:0000308c       __vcrt_getptd_noexit       000000018000408c f   libvcruntime:per_thread_data.obj
 0001:00003144       __vcrt_initialize_ptd      0000000180004144 f   libvcruntime:per_thread_data.obj
 0001:00003194       __vcrt_uninitialize_ptd    0000000180004194 f   libvcruntime:per_thread_data.obj
 0001:000031b8       __vcrt_initialize_locks    00000001800041b8 f   libvcruntime:locks.obj
 0001:00003200       __vcrt_uninitialize_locks  0000000180004200 f   libvcruntime:locks.obj
 0001:00003410       __vcrt_FlsAlloc            0000000180004410 f   libvcruntime:winapi_downlevel.obj
 0001:00003458       __vcrt_FlsFree             0000000180004458 f   libvcruntime:winapi_downlevel.obj
 0001:000034a0       __vcrt_FlsGetValue         00000001800044a0 f   libvcruntime:winapi_downlevel.obj
 0001:000034e8       __vcrt_FlsSetValue         00000001800044e8 f   libvcruntime:winapi_downlevel.obj
 0001:0000353c       __vcrt_InitializeCriticalSectionEx 000000018000453c f   libvcruntime:winapi_downlevel.obj
 0001:000035a0       __vcrt_initialize_winapi_thunks 00000001800045a0 f   libvcruntime:winapi_downlevel.obj
 0001:000035d0       __vcrt_uninitialize_winapi_thunks 00000001800045d0 f   libvcruntime:winapi_downlevel.obj
 0001:00003610       __vcrt_initialize_pure_virtual_call_handler 0000000180004610 f   libvcruntime:purevirt_data.obj
 0001:00003630       memcpy                     0000000180004630 f   libvcruntime:memcpy.obj
 0001:00003630       memmove                    0000000180004630 f   libvcruntime:memcpy.obj
 0001:00003a90       _CallSettingFrame          0000000180004a90 f   libvcruntime:handlers.obj
 0001:00003ad0       __DestructExceptionObject  0000000180004ad0 f   libvcruntime:ehhelpers.obj
 0001:00003b44       ?_CallMemberFunction0@@YAXQEAX0@Z 0000000180004b44 f i libvcruntime:ehhelpers.obj
 0001:00003b48       ??$ensure_buffer_is_big_enough@D@formatting_buffer@__crt_stdio_output@@QEAA_N_K@Z 0000000180004b48 f i libucrt:output.obj
 0001:00003bf4       ??$is_wide_character_specifier@_W@__crt_stdio_output@@YA_N_K_WW4length_modifier@0@@Z 0000000180004bf4 f i libucrt:output.obj
 0001:00003c38       ??$type_case_integer_parse_into_buffer@I@?$output_processor@_WV?$string_output_adapter@_W@__crt_stdio_output@@V?$standard_base@_WV?$string_output_adapter@_W@__crt_stdio_output@@@2@@__crt_stdio_output@@AEAAXII_N@Z 0000000180004c38 f i libucrt:output.obj
 0001:00003cd4       ??$type_case_integer_parse_into_buffer@_K@?$output_processor@_WV?$string_output_adapter@_W@__crt_stdio_output@@V?$standard_base@_WV?$string_output_adapter@_W@__crt_stdio_output@@@2@@__crt_stdio_output@@AEAAX_KI_N@Z 0000000180004cd4 f i libucrt:output.obj
 0001:00003d70       ??$write_multiple_characters@V?$string_output_adapter@_W@__crt_stdio_output@@D@__crt_stdio_output@@YAXAEBV?$string_output_adapter@_W@0@DHQEAH@Z 0000000180004d70 f i libucrt:output.obj
 0001:00003de0       ??0?$output_processor@_WV?$string_output_adapter@_W@__crt_stdio_output@@V?$standard_base@_WV?$string_output_adapter@_W@__crt_stdio_output@@@2@@__crt_stdio_output@@QEAA@AEBV?$string_output_adapter@_W@1@_KQEB_WQEAU__crt_locale_pointers@@QEAD@Z 0000000180004de0 f i libucrt:output.obj
 0001:00003e60       ??0_LocaleUpdate@@QEAA@QEAU__crt_locale_pointers@@@Z 0000000180004e60 f i libucrt:output.obj
 0001:00003ef0       ?force_decimal_point@__crt_stdio_output@@YAXPEADQEAU__crt_locale_pointers@@@Z 0000000180004ef0 f i libucrt:output.obj
 0001:00003f60       ?parse_int_from_format_string@?$output_processor@_WV?$string_output_adapter@_W@__crt_stdio_output@@V?$standard_base@_WV?$string_output_adapter@_W@__crt_stdio_output@@@2@@__crt_stdio_output@@AEAA_NQEAH@Z 0000000180004f60 f i libucrt:output.obj
 0001:00003fe0       ?process@?$output_processor@_WV?$string_output_adapter@_W@__crt_stdio_output@@V?$standard_base@_WV?$string_output_adapter@_W@__crt_stdio_output@@@2@@__crt_stdio_output@@QEAAHXZ 0000000180004fe0 f i libucrt:output.obj
 0001:0000425c       ?state_case_size@?$output_processor@_WV?$string_output_adapter@_W@__crt_stdio_output@@V?$standard_base@_WV?$string_output_adapter@_W@__crt_stdio_output@@@2@@__crt_stdio_output@@AEAA_NXZ 000000018000525c f i libucrt:output.obj
 0001:00004400       ?state_case_type@?$output_processor@_WV?$string_output_adapter@_W@__crt_stdio_output@@V?$standard_base@_WV?$string_output_adapter@_W@__crt_stdio_output@@@2@@__crt_stdio_output@@AEAA_NXZ 0000000180005400 f i libucrt:output.obj
 0001:000046cc       ?type_case_Z@?$output_processor@_WV?$string_output_adapter@_W@__crt_stdio_output@@V?$standard_base@_WV?$string_output_adapter@_W@__crt_stdio_output@@@2@@__crt_stdio_output@@AEAA_NXZ 00000001800056cc f i libucrt:output.obj
 0001:0000474c       ?type_case_a@?$output_processor@_WV?$string_output_adapter@_W@__crt_stdio_output@@V?$standard_base@_WV?$string_output_adapter@_W@__crt_stdio_output@@@2@@__crt_stdio_output@@AEAA_NXZ 000000018000574c f i libucrt:output.obj
 0001:00004990       ?type_case_c_tchar@?$output_processor@_WV?$string_output_adapter@_W@__crt_stdio_output@@V?$standard_base@_WV?$string_output_adapter@_W@__crt_stdio_output@@@2@@__crt_stdio_output@@AEAA_N_W@Z 0000000180005990 f i libucrt:output.obj
 0001:00004a38       ?type_case_integer@?$output_processor@_WV?$string_output_adapter@_W@__crt_stdio_output@@V?$standard_base@_WV?$string_output_adapter@_W@__crt_stdio_output@@@2@@__crt_stdio_output@@AEAA_NI_N@Z 0000000180005a38 f i libucrt:output.obj
 0001:00004bd8       ?type_case_n@?$output_processor@_WV?$string_output_adapter@_W@__crt_stdio_output@@V?$standard_base@_WV?$string_output_adapter@_W@__crt_stdio_output@@@2@@__crt_stdio_output@@AEAA_NXZ 0000000180005bd8 f i libucrt:output.obj
 0001:00004cb4       ?type_case_s@?$output_processor@_WV?$string_output_adapter@_W@__crt_stdio_output@@V?$standard_base@_WV?$string_output_adapter@_W@__crt_stdio_output@@@2@@__crt_stdio_output@@AEAA_NXZ 0000000180005cb4 f i libucrt:output.obj
 0001:00004d7c       ?write_stored_string_tchar@?$output_processor@_WV?$string_output_adapter@_W@__crt_stdio_output@@V?$standard_base@_WV?$string_output_adapter@_W@__crt_stdio_output@@@2@@__crt_stdio_output@@AEAA_N_W@Z 0000000180005d7c f i libucrt:output.obj
 0001:00004e6c       ?write_string@?$string_output_adapter@_W@__crt_stdio_output@@QEBAXQEB_WHQEAH1@Z 0000000180005e6c f i libucrt:output.obj
 0001:00004f2c       __stdio_common_vswprintf   0000000180005f2c f   libucrt:output.obj
 0001:00005164       _initterm                  0000000180006164 f   libucrt:initterm.obj
 0001:000051dc       _initterm_e                00000001800061dc f   libucrt:initterm.obj
 0001:00005228       _seh_filter_dll            0000000180006228 f   libucrt:exception_filter.obj
 0001:0000523c       _seh_filter_exe            000000018000623c f   libucrt:exception_filter.obj
 0001:000055fc       __acrt_initialize_thread_local_exit_callback 00000001800065fc f   libucrt:exit.obj
 0001:00005604       _cexit                     0000000180006604 f   libucrt:exit.obj
 0001:00005614       _exit                      0000000180006614 f   libucrt:exit.obj
 0001:00005620       _is_c_termination_complete 0000000180006620 f   libucrt:exit.obj
 0001:000057e4       __acrt_allocate_buffer_for_argv 00000001800067e4 f   libucrt:argv_parsing.obj
 0001:00005848       _configure_narrow_argv     0000000180006848 f   libucrt:argv_parsing.obj
 0001:00005ba4       __dcrt_uninitialize_environments_nolock 0000000180006ba4 f   libucrt:environment_initialization.obj
 0001:00005bdc       _initialize_narrow_environment 0000000180006bdc f   libucrt:environment_initialization.obj
 0001:00005be4       ??$?RV<lambda_e24bbb7b643b32fcea6fa61b31d4c984>@@AEAV<lambda_275893d493268fdec8709772e3fcec0e>@@V<lambda_9d71df4d7cf3f480f8d633942495c3b0>@@@?$__crt_seh_guarded_call@H@@QEAAH$$QEAV<lambda_e24bbb7b643b32fcea6fa61b31d4c984>@@AEAV<lambda_275893d493268fdec8709772e3fcec0e>@@$$QEAV<lambda_9d71df4d7cf3f480f8d633942495c3b0>@@@Z 0000000180006be4 f i libucrt:onexit.obj
 0001:00005d84       _execute_onexit_table      0000000180006d84 f   libucrt:onexit.obj
 0001:00005dc0       _initialize_onexit_table   0000000180006dc0 f   libucrt:onexit.obj
 0001:00005e38       __acrt_uninitialize_command_line 0000000180006e38 f   libucrt:argv_data.obj
 0001:00005f38       __acrt_initialize          0000000180006f38 f   libucrt:initialization.obj
 0001:00005f4c       __acrt_thread_attach       0000000180006f4c f   libucrt:initialization.obj
 0001:00005f60       __acrt_thread_detach       0000000180006f60 f   libucrt:initialization.obj
 0001:00005f70       __acrt_uninitialize        0000000180006f70 f   libucrt:initialization.obj
 0001:00005f84       __acrt_uninitialize_critical 0000000180006f84 f   libucrt:initialization.obj
 0001:00005f94       terminate                  0000000180006f94 f   libucrt:terminate.obj
 0001:00005fbc       free                       0000000180006fbc f   libucrt:free.obj
 0001:00005fc4       strcpy_s                   0000000180006fc4 f   libucrt:strcpy_s.obj
 0001:00006024       ??$is_overflow_condition@K@__crt_strtox@@YA_NIK@Z 0000000180007024 f i libucrt:atox.obj
 0001:00006050       ??$parse_integer@KV?$c_string_character_source@_W@__crt_strtox@@@__crt_strtox@@YAKQEAU__crt_locale_pointers@@V?$c_string_character_source@_W@0@H_N@Z 0000000180007050 f i libucrt:atox.obj
 0001:00006740       strncmp                    0000000180007740 f   libucrt:strncmp.obj
 0001:000067c0       abort                      00000001800077c0 f   libucrt:abort.obj
 0001:00006818       calloc                     0000000180007818 f   libucrt:calloc.obj
 0001:00006820       wcsncmp                    0000000180007820 f   libucrt:wcsncmp.obj
 0001:0000684c       __acrt_call_reportfault    000000018000784c f   libucrt:invalid_parameter.obj
 0001:000069a8       __acrt_initialize_invalid_parameter_handler 00000001800079a8 f   libucrt:invalid_parameter.obj
 0001:000069b0       _invalid_parameter         00000001800079b0 f   libucrt:invalid_parameter.obj
 0001:00006a58       _invalid_parameter_noinfo  0000000180007a58 f   libucrt:invalid_parameter.obj
 0001:00006a78       _invoke_watson             0000000180007a78 f   libucrt:invalid_parameter.obj
 0001:00006ac0       isdigit                    0000000180007ac0 f i libucrt:_ctype.obj
 0001:00006b84       _tolower_l                 0000000180007b84 f   libucrt:tolower_toupper.obj
 0001:00006cc4       tolower                    0000000180007cc4 f   libucrt:tolower_toupper.obj
 0001:00006cf0       __acrt_errno_from_os_error 0000000180007cf0 f   libucrt:errno.obj
 0001:00006d38       __acrt_errno_map_os_error  0000000180007d38 f   libucrt:errno.obj
 0001:00006d88       __doserrno                 0000000180007d88 f   libucrt:errno.obj
 0001:00006da8       _errno                     0000000180007da8 f   libucrt:errno.obj
 0001:00006dc8       _free_base                 0000000180007dc8 f   libucrt:free_base.obj
 0001:00006e08       _malloc_base               0000000180007e08 f   libucrt:malloc_base.obj
 0001:00006e68       ??$make_c_string_character_source@_WPEAPEA_W@__crt_strtox@@YA?AV?$c_string_character_source@_W@0@QEB_WQEAPEA_W@Z 0000000180007e68 f i libucrt:strtox.obj
 0001:00006e7c       wcstol                     0000000180007e7c f   libucrt:strtox.obj
 0001:00006eac       _mbtowc_l                  0000000180007eac f   libucrt:mbtowc.obj
 0001:00006ff4       mbtowc                     0000000180007ff4 f   libucrt:mbtowc.obj
 0001:00006ffc       wcsnlen                    0000000180007ffc f   libucrt:strnlen.obj
 0001:000071ec       ??$?RV<lambda_46352004c1216016012b18bd6f87e700>@@AEAV<lambda_3bd07e1a1191394380780325891bf33f>@@V<lambda_334532d3f185bcaa59b5be82d7d22bff>@@@?$__crt_seh_guarded_call@X@@QEAAX$$QEAV<lambda_46352004c1216016012b18bd6f87e700>@@AEAV<lambda_3bd07e1a1191394380780325891bf33f>@@$$QEAV<lambda_334532d3f185bcaa59b5be82d7d22bff>@@@Z 00000001800081ec f i libucrt:per_thread_data.obj
 0001:0000724c       ??$?RV<lambda_5e887d1dcbef67a5eb4283622ba103bf>@@AEAV<lambda_4466841279450cc726390878d4a41900>@@V<lambda_341c25c0346d94847f1f3c463c57e077>@@@?$__crt_seh_guarded_call@X@@QEAAX$$QEAV<lambda_5e887d1dcbef67a5eb4283622ba103bf>@@AEAV<lambda_4466841279450cc726390878d4a41900>@@$$QEAV<lambda_341c25c0346d94847f1f3c463c57e077>@@@Z 000000018000824c f i libucrt:per_thread_data.obj
 0001:00007294       ??$?RV<lambda_72d1df2b273a38828b1ce30cbf4cdab5>@@AEAV<lambda_876a65b173b8412d3a47c70a915b0cf4>@@V<lambda_41932305e351933ebe8f8be3ed8bb5dc>@@@?$__crt_seh_guarded_call@X@@QEAAX$$QEAV<lambda_72d1df2b273a38828b1ce30cbf4cdab5>@@AEAV<lambda_876a65b173b8412d3a47c70a915b0cf4>@@$$QEAV<lambda_41932305e351933ebe8f8be3ed8bb5dc>@@@Z 0000000180008294 f i libucrt:per_thread_data.obj
 0001:000072d4       ??$?RV<lambda_fb3a7dec4e47f37f22dae91bb15c9095>@@AEAV<lambda_698284760c8add0bfb0756c19673e34b>@@V<lambda_dfb8eca1e75fef3034a8fb18dd509707>@@@?$__crt_seh_guarded_call@X@@QEAAX$$QEAV<lambda_fb3a7dec4e47f37f22dae91bb15c9095>@@AEAV<lambda_698284760c8add0bfb0756c19673e34b>@@$$QEAV<lambda_dfb8eca1e75fef3034a8fb18dd509707>@@@Z 00000001800082d4 f i libucrt:per_thread_data.obj
 0001:00007564       __acrt_freeptd             0000000180008564 f   libucrt:per_thread_data.obj
 0001:000075a8       __acrt_getptd              00000001800085a8 f   libucrt:per_thread_data.obj
 0001:0000763c       __acrt_getptd_noexit       000000018000863c f   libucrt:per_thread_data.obj
 0001:000076dc       __acrt_initialize_ptd      00000001800086dc f   libucrt:per_thread_data.obj
 0001:00007718       __acrt_uninitialize_ptd    0000000180008718 f   libucrt:per_thread_data.obj
 0001:0000773c       __acrt_update_locale_info  000000018000873c f   libucrt:locale_update.obj
 0001:00007770       __acrt_update_multibyte_info 0000000180008770 f   libucrt:locale_update.obj
 0001:000077a4       ?__acrt_fp_classify@@YA?AW4__acrt_fp_class@@AEBN@Z 00000001800087a4 f i libucrt:cvt.obj
 0001:000081dc       __acrt_fp_format           00000001800091dc f   libucrt:cvt.obj
 0001:00008420       _fileno                    0000000180009420 f   libucrt:fileno.obj
 0001:00008448       __acrt_initialize_stdio    0000000180009448 f   libucrt:_file.obj
 0001:00008568       __acrt_uninitialize_stdio  0000000180009568 f   libucrt:_file.obj
 0001:000085c4       _lock_file                 00000001800095c4 f   libucrt:_file.obj
 0001:000085d0       _unlock_file               00000001800095d0 f   libucrt:_file.obj
 0001:000085dc       _get_printf_count_output   00000001800095dc f   libucrt:printf_count_output.obj
 0001:000085f4       __acrt_set_locale_changed  00000001800095f4 f   libucrt:wsetlocale.obj
 0001:00008600       __acrt_uninitialize_locale 0000000180009600 f   libucrt:wsetlocale.obj
 0001:00008830       __acrt_initialize_lowio    0000000180009830 f   libucrt:ioinit.obj
 0001:0000886c       __acrt_uninitialize_lowio  000000018000986c f   libucrt:ioinit.obj
 0001:000088ac       __acrt_initialize_locks    00000001800098ac f   libucrt:locks.obj
 0001:000088f4       __acrt_lock                00000001800098f4 f   libucrt:locks.obj
 0001:00008910       __acrt_uninitialize_locks  0000000180009910 f   libucrt:locks.obj
 0001:00008948       __acrt_unlock              0000000180009948 f   libucrt:locks.obj
 0001:00008b04       __acrt_FlsAlloc            0000000180009b04 f   libucrt:winapi_thunks.obj
 0001:00008b5c       __acrt_FlsFree             0000000180009b5c f   libucrt:winapi_thunks.obj
 0001:00008bb4       __acrt_FlsGetValue         0000000180009bb4 f   libucrt:winapi_thunks.obj
 0001:00008c0c       __acrt_FlsSetValue         0000000180009c0c f   libucrt:winapi_thunks.obj
 0001:00008c74       __acrt_InitializeCriticalSectionEx 0000000180009c74 f   libucrt:winapi_thunks.obj
 0001:00008cec       __acrt_LCMapStringEx       0000000180009cec f   libucrt:winapi_thunks.obj
 0001:00008ddc       __acrt_LocaleNameToLCID    0000000180009ddc f   libucrt:winapi_thunks.obj
 0001:00008e44       __acrt_initialize_winapi_thunks 0000000180009e44 f   libucrt:winapi_thunks.obj
 0001:00008e7c       __acrt_is_packaged_app     0000000180009e7c f   libucrt:winapi_thunks.obj
 0001:00008f04       __acrt_uninitialize_winapi_thunks 0000000180009f04 f   libucrt:winapi_thunks.obj
 0001:00008f48       _calloc_base               0000000180009f48 f   libucrt:calloc_base.obj
 0001:0000949c       ?expand_if_necessary@?$argument_list@D@?A0xca0879c4@@AEAAHXZ 000000018000a49c f i libucrt:argv_wildcards.obj
 0001:00009564       __acrt_expand_narrow_argv_wildcards 000000018000a564 f   libucrt:argv_wildcards.obj
 0001:0000956c       ??$?RV<lambda_99476a1ad63dd22509b5d3e65b0ffc95>@@AEAV<lambda_ad1ced32f4ac17aa236e5ef05d6b3b7c>@@V<lambda_f7424dd8d45958661754dc4f2697e9c3>@@@?$__crt_seh_guarded_call@X@@QEAAX$$QEAV<lambda_99476a1ad63dd22509b5d3e65b0ffc95>@@AEAV<lambda_ad1ced32f4ac17aa236e5ef05d6b3b7c>@@$$QEAV<lambda_f7424dd8d45958661754dc4f2697e9c3>@@@Z 000000018000a56c f i libucrt:mbctype.obj
 0001:00009c68       __acrt_initialize_multibyte 000000018000ac68 f   libucrt:mbctype.obj
 0001:00009c90       __acrt_update_thread_multibyte_data 000000018000ac90 f   libucrt:mbctype.obj
 0001:00009d50       _setmbcp_nolock            000000018000ad50 f   libucrt:mbctype.obj
 0001:0000a070       _ismbblead                 000000018000b070 f   libucrt:ismbbyte.obj
 0001:0000a084       __acrt_initialize_command_line 000000018000b084 f   libucrt:argv_data.obj
 0001:0000a0ac       __dcrt_get_narrow_environment_from_os 000000018000b0ac f   libucrt:get_environment_from_os.obj
 0001:0000a1b0       _recalloc                  000000018000b1b0 f   libucrt:recalloc.obj
 0001:0000a1b8       _recalloc_base             000000018000b1b8 f   libucrt:recalloc.obj
 0001:0000a250       __acrt_initialize_heap     000000018000b250 f   libucrt:heap_handle.obj
 0001:0000a26c       __acrt_uninitialize_heap   000000018000b26c f   libucrt:heap_handle.obj
 0001:0000a278       __acrt_execute_initializers 000000018000b278 f   libucrt:shared_initialization.obj
 0001:0000a30c       __acrt_execute_uninitializers 000000018000b30c f   libucrt:shared_initialization.obj
 0001:0000a35c       __acrt_initialize_new_handler 000000018000b35c f   libucrt:new_handler.obj
 0001:0000a364       _callnewh                  000000018000b364 f   libucrt:new_handler.obj
 0001:0000a3a4       _query_new_handler         000000018000b3a4 f   libucrt:new_handler.obj
 0001:0000a3d8       ??$?RV<lambda_c36588078e9f5dfd39652860aa6b3aaf>@@AEAV<lambda_ec61778202f4f5fc7e7711acc23c3bca>@@V<lambda_dc9d2797ccde5d239b4a0efae8ebd7db>@@@?$__crt_seh_guarded_call@P6AXH@Z@@QEAAP6AXH@Z$$QEAV<lambda_c36588078e9f5dfd39652860aa6b3aaf>@@AEAV<lambda_ec61778202f4f5fc7e7711acc23c3bca>@@$$QEAV<lambda_dc9d2797ccde5d239b4a0efae8ebd7db>@@@Z 000000018000b3d8 f i libucrt:signal.obj
 0001:0000a420       __acrt_get_sigabrt_handler 000000018000b420 f   libucrt:signal.obj
 0001:0000a450       __acrt_initialize_signal_handlers 000000018000b450 f   libucrt:signal.obj
 0001:0000a470       raise                      000000018000b470 f   libucrt:signal.obj
 0001:0000a70c       __acrt_has_user_matherr    000000018000b70c f   libucrt:matherr.obj
 0001:0000a72c       __acrt_initialize_user_matherr 000000018000b72c f   libucrt:matherr.obj
 0001:0000a734       __acrt_invoke_user_matherr 000000018000b734 f   libucrt:matherr.obj
 0001:0000a77c       __pctype_func              000000018000b77c f   libucrt:ctype.obj
 0001:0000a7ac       iswctype                   000000018000b7ac f   libucrt:iswctype.obj
 0001:0000a81c       _isctype_l                 000000018000b81c f   libucrt:isctype.obj
 0001:0000a92c       _isleadbyte_l              000000018000b92c f i libucrt:_wctype.obj
 0001:0000acc8       __acrt_LCMapStringA        000000018000bcc8 f   libucrt:lcmapstringa.obj
 0001:0000ad60       _query_new_mode            000000018000bd60 f   libucrt:new_mode.obj
 0001:0000ad68       __acrt_add_locale_ref      000000018000bd68 f   libucrt:locale_refcounting.obj
 0001:0000adf4       __acrt_free_locale         000000018000bdf4 f   libucrt:locale_refcounting.obj
 0001:0000af6c       __acrt_locale_add_lc_time_reference 000000018000bf6c f   libucrt:locale_refcounting.obj
 0001:0000af94       __acrt_locale_free_lc_time_if_unreferenced 000000018000bf94 f   libucrt:locale_refcounting.obj
 0001:0000afcc       __acrt_locale_release_lc_time_reference 000000018000bfcc f   libucrt:locale_refcounting.obj
 0001:0000aff4       __acrt_release_locale_ref  000000018000bff4 f   libucrt:locale_refcounting.obj
 0001:0000b09c       __acrt_update_thread_locale_data 000000018000c09c f   libucrt:locale_refcounting.obj
 0001:0000b10c       _updatetlocinfoEx_nolock   000000018000c10c f   libucrt:locale_refcounting.obj
 0001:0000b174       __acrt_fp_strflt_to_string 000000018000c174 f   libucrt:_fptostr.obj
 0001:0000b240       ?divide@__crt_strtox@@YA_KAEAUbig_integer@1@AEBU21@@Z 000000018000c240 f i libucrt:cfout.obj
 0001:0000b710       __acrt_fltout              000000018000c710 f   libucrt:cfout.obj
 0001:0000cb04       _fcloseall                 000000018000db04 f   libucrt:closeall.obj
 0001:0000cbb8       __acrt_stdio_flush_nolock  000000018000dbb8 f   libucrt:fflush.obj
 0001:0000cc30       _fflush_nolock             000000018000dc30 f   libucrt:fflush.obj
 0001:0000cc7c       _flushall                  000000018000dc7c f   libucrt:fflush.obj
 0001:0000cd6c       __acrt_stdio_free_buffer_nolock 000000018000dd6c f   libucrt:_freebuf.obj
 0001:0000cdac       _isatty                    000000018000ddac f   libucrt:isatty.obj
 0001:0000ce0c       __acrt_locale_free_monetary 000000018000de0c f   libucrt:initmon.obj
 0001:0000cf18       __acrt_locale_free_numeric 000000018000df18 f   libucrt:initnum.obj
 0001:0000cfdc       __acrt_locale_free_time    000000018000dfdc f   libucrt:inittime.obj
 0001:0000d0e4       __acrt_GetStringTypeA      000000018000e0e4 f   libucrt:getstringtypea.obj
 0001:0000d298       __acrt_lowio_create_handle_array 000000018000e298 f   libucrt:osfinfo.obj
 0001:0000d330       __acrt_lowio_destroy_handle_array 000000018000e330 f   libucrt:osfinfo.obj
 0001:0000d380       __acrt_lowio_ensure_fh_exists 000000018000e380 f   libucrt:osfinfo.obj
 0001:0000d438       __acrt_lowio_lock_fh       000000018000e438 f   libucrt:osfinfo.obj
 0001:0000d45c       __acrt_lowio_unlock_fh     000000018000e45c f   libucrt:osfinfo.obj
 0001:0000d480       _free_osfhnd               000000018000e480 f   libucrt:osfinfo.obj
 0001:0000d53c       _get_osfhandle             000000018000e53c f   libucrt:osfinfo.obj
 0001:0000d67c       __acrt_DownlevelLocaleNameToLCID 000000018000e67c f   libucrt:lcidtoname_downlevel.obj
 0001:0000d780       qsort                      000000018000e780 f   libucrt:qsort.obj
 0001:0000dab4       strncpy_s                  000000018000eab4 f   libucrt:strncpy_s.obj
 0001:0000db88       strpbrk                    000000018000eb88 f   libucrt:strpbrk.obj
 0001:0000dc28       _mbsdec                    000000018000ec28 f   libucrt:mbsdec.obj
 0001:0000dc30       _mbsdec_l                  000000018000ec30 f   libucrt:mbsdec.obj
 0001:0000dce0       _msize                     000000018000ece0 f   libucrt:msize.obj
 0001:0000dd1c       _realloc_base              000000018000ed1c f   libucrt:realloc_base.obj
 0001:0000dda0       __strncnt                  000000018000eda0 f   libucrt:strncnt.obj
 0001:0000ddb8       fegetenv                   000000018000edb8 f   libucrt:fegetenv.obj
 0001:0000ddd8       fesetenv                   000000018000edd8 f   libucrt:fesetenv.obj
 0001:0000de24       feholdexcept               000000018000ee24 f   libucrt:feholdexcept.obj
 0001:0000de74       ceil                       000000018000ee74 f   libucrt:ceil.obj
 0001:0000df40       log10                      000000018000ef40 f   libucrt:log10.obj
 0001:0000ea8c       _write                     000000018000fa8c f   libucrt:write.obj
 0001:0000eb78       _write_nolock              000000018000fb78 f   libucrt:write.obj
 0001:0000eef8       _lseeki64_nolock           000000018000fef8 f   libucrt:lseek.obj
 0001:0000ef00       _fclose_nolock             000000018000ff00 f   libucrt:fclose.obj
 0001:0000ef84       fclose                     000000018000ff84 f   libucrt:fclose.obj
 0001:0000eff0       ??$?RV<lambda_b521505b218e5242e90febf6bfebc422>@@AEAV<lambda_6978c1fb23f02e42e1d9e99668cc68aa>@@V<lambda_314360699dd331753a4119843814e9a7>@@@?$__crt_seh_guarded_call@H@@QEAAH$$QEAV<lambda_b521505b218e5242e90febf6bfebc422>@@AEAV<lambda_6978c1fb23f02e42e1d9e99668cc68aa>@@$$QEAV<lambda_314360699dd331753a4119843814e9a7>@@@Z 000000018000fff0 f i libucrt:commit.obj
 0001:0000f07c       _commit                    000000018001007c f   libucrt:commit.obj
 0001:0000f110       _query_app_type            0000000180010110 f   libucrt:report_runtime_error.obj
 0001:0000f118       _getfpcontrolword          0000000180010118 f   libucrt:_fenvutils.obj
 0001:0000f130       _getfpstatusword           0000000180010130 f   libucrt:_fenvutils.obj
 0001:0000f144       _setfpcontrolword          0000000180010144 f   libucrt:_fenvutils.obj
 0001:0000f150       _setfpstatusword           0000000180010150 f   libucrt:_fenvutils.obj
 0001:0000f1a0       _clearfp                   00000001800101a0 f   libucrt:ieee.obj
 0001:0000f1f4       _controlfp                 00000001800101f4 f   libucrt:ieee.obj
 0001:0000f200       _statusfp                  0000000180010200 f   libucrt:ieee.obj
 0001:0000f604       _handle_error              0000000180010604 f   libucrt:libm_error.obj
 0001:0000f72c       _handle_nan                000000018001072c f   libucrt:libm_error.obj
 0001:0000f750       __acrt_initialize_fma3     0000000180010750 f   libucrt:fma3_available.obj
 0001:0000f7c0       _log10_special             00000001800107c0 f   libucrt:log_special.obj
 0001:0000f878       _putwch_nolock             0000000180010878 f   libucrt:putwch.obj
 0001:0000f8d4       ??$?RV<lambda_bfedae4ebbf01fab1bb6dcc6a9e276e0>@@AEAV<lambda_2fe9b910cf3cbf4a0ab98a02ba45b3ec>@@V<lambda_237c231691f317818eb88cc1d5d642d6>@@@?$__crt_seh_guarded_call@H@@QEAAH$$QEAV<lambda_bfedae4ebbf01fab1bb6dcc6a9e276e0>@@AEAV<lambda_2fe9b910cf3cbf4a0ab98a02ba45b3ec>@@$$QEAV<lambda_237c231691f317818eb88cc1d5d642d6>@@@Z 00000001800108d4 f i libucrt:close.obj
 0001:0000f948       _close                     0000000180010948 f   libucrt:close.obj
 0001:0000f9ec       _close_nolock              00000001800109ec f   libucrt:close.obj
 0001:0000faa8       ?__acrt_stdio_free_stream@@YAXV__crt_stdio_stream@@@Z 0000000180010aa8 f   libucrt:stream.obj
 0001:0000fb00       _get_fpsr                  0000000180010b00 f   libucrt:fpsr.obj
 0001:0000fb10       _set_fpsr                  0000000180010b10 f   libucrt:fpsr.obj
 0001:0000fb1a       _fclrf                     0000000180010b1a f   libucrt:fpsr.obj
 0001:0000fb2e       _frnd                      0000000180010b2e f   libucrt:fpsr.obj
 0001:0000fb50       _raise_exc                 0000000180010b50 f   libucrt:fpexcept.obj
 0001:0000fb78       _raise_exc_ex              0000000180010b78 f   libucrt:fpexcept.obj
 0001:0000fe80       _set_errno_from_matherr    0000000180010e80 f   libucrt:fpexcept.obj
 0001:0000feb0       _clrfp                     0000000180010eb0 f   libucrt:fpctrl.obj
 0001:0000fed0       _ctrlfp                    0000000180010ed0 f   libucrt:fpctrl.obj
 0001:0000ff4c       _set_statfp                0000000180010f4c f   libucrt:fpctrl.obj
 0001:0000ff6c       _statfp                    0000000180010f6c f   libucrt:fpctrl.obj
 0001:0000ff80       __dcrt_lowio_initialize_console_output 0000000180010f80 f   libucrt:initcon.obj
 0001:0000ffbc       __dcrt_terminate_console_output 0000000180010fbc f   libucrt:initcon.obj
 0001:0000ffdc       IsProcessorFeaturePresent  0000000180010fdc f   kernel32:KERNEL32.dll
 0001:0000ffe2       RtlUnwindEx                0000000180010fe2 f   kernel32:KERNEL32.dll
 0001:0000fff0       _FindPESection             0000000180010ff0 f   LIBCMT:pesect.obj
 0001:00010040       _IsNonwritableInCurrentImage 0000000180011040 f   LIBCMT:pesect.obj
 0001:00010090       _ValidateImageBase         0000000180011090 f   LIBCMT:pesect.obj
 0001:000100d0       __chkstk                   00000001800110d0 f   LIBCMT:_chkstk_.obj
 0001:000100d0       _alloca_probe              00000001800110d0 f   LIBCMT:_chkstk_.obj
 0001:00010124       strrchr                    0000000180011124 f   libvcruntime:strrchr.obj
 0001:00010280       memcmp                     0000000180011280 f   libvcruntime:memcmp.obj
 0001:00010360       _guard_dispatch_icall_nop  0000000180011360 f   LIBCMT:_guard_dispatch_.obj
 0002:00000000       __imp_HeapAlloc            0000000180012000     kernel32:KERNEL32.dll
 0002:00000008       __imp_HeapFree             0000000180012008     kernel32:KERNEL32.dll
 0002:00000010       __imp_GetProcessHeap       0000000180012010     kernel32:KERNEL32.dll
 0002:00000018       __imp_lstrcmpA             0000000180012018     kernel32:KERNEL32.dll
 0002:00000020       __imp_lstrcmpW             0000000180012020     kernel32:KERNEL32.dll
 0002:00000028       __imp_lstrcmpiA            0000000180012028     kernel32:KERNEL32.dll
 0002:00000030       __imp_lstrcmpiW            0000000180012030     kernel32:KERNEL32.dll
 0002:00000038       __imp_lstrcpynW            0000000180012038     kernel32:KERNEL32.dll
 0002:00000040       __imp_lstrcpyW             0000000180012040     kernel32:KERNEL32.dll
 0002:00000048       __imp_lstrcatW             0000000180012048     kernel32:KERNEL32.dll
 0002:00000050       __imp_lstrlenW             0000000180012050     kernel32:KERNEL32.dll
 0002:00000058       __imp_MultiByteToWideChar  0000000180012058     kernel32:KERNEL32.dll
 0002:00000060       __imp_HeapCreate           0000000180012060     kernel32:KERNEL32.dll
 0002:00000068       __imp_HeapDestroy          0000000180012068     kernel32:KERNEL32.dll
 0002:00000070       __imp_HeapReAlloc          0000000180012070     kernel32:KERNEL32.dll
 0002:00000078       __imp_RtlCaptureContext    0000000180012078     kernel32:KERNEL32.dll
 0002:00000080       __imp_RtlLookupFunctionEntry 0000000180012080     kernel32:KERNEL32.dll
 0002:00000088       __imp_RtlVirtualUnwind     0000000180012088     kernel32:KERNEL32.dll
 0002:00000090       __imp_UnhandledExceptionFilter 0000000180012090     kernel32:KERNEL32.dll
 0002:00000098       __imp_SetUnhandledExceptionFilter 0000000180012098     kernel32:KERNEL32.dll
 0002:000000a0       __imp_GetCurrentProcess    00000001800120a0     kernel32:KERNEL32.dll
 0002:000000a8       __imp_TerminateProcess     00000001800120a8     kernel32:KERNEL32.dll
 0002:000000b0       __imp_IsProcessorFeaturePresent 00000001800120b0     kernel32:KERNEL32.dll
 0002:000000b8       __imp_QueryPerformanceCounter 00000001800120b8     kernel32:KERNEL32.dll
 0002:000000c0       __imp_GetCurrentProcessId  00000001800120c0     kernel32:KERNEL32.dll
 0002:000000c8       __imp_GetCurrentThreadId   00000001800120c8     kernel32:KERNEL32.dll
 0002:000000d0       __imp_GetSystemTimeAsFileTime 00000001800120d0     kernel32:KERNEL32.dll
 0002:000000d8       __imp_InitializeSListHead  00000001800120d8     kernel32:KERNEL32.dll
 0002:000000e0       __imp_IsDebuggerPresent    00000001800120e0     kernel32:KERNEL32.dll
 0002:000000e8       __imp_GetStartupInfoW      00000001800120e8     kernel32:KERNEL32.dll
 0002:000000f0       __imp_GetModuleHandleW     00000001800120f0     kernel32:KERNEL32.dll
 0002:000000f8       __imp_RtlUnwindEx          00000001800120f8     kernel32:KERNEL32.dll
 0002:00000100       __imp_InterlockedFlushSList 0000000180012100     kernel32:KERNEL32.dll
 0002:00000108       __imp_GetLastError         0000000180012108     kernel32:KERNEL32.dll
 0002:00000110       __imp_SetLastError         0000000180012110     kernel32:KERNEL32.dll
 0002:00000118       __imp_EnterCriticalSection 0000000180012118     kernel32:KERNEL32.dll
 0002:00000120       __imp_LeaveCriticalSection 0000000180012120     kernel32:KERNEL32.dll
 0002:00000128       __imp_DeleteCriticalSection 0000000180012128     kernel32:KERNEL32.dll
 0002:00000130       __imp_InitializeCriticalSectionAndSpinCount 0000000180012130     kernel32:KERNEL32.dll
 0002:00000138       __imp_TlsAlloc             0000000180012138     kernel32:KERNEL32.dll
 0002:00000140       __imp_TlsGetValue          0000000180012140     kernel32:KERNEL32.dll
 0002:00000148       __imp_TlsSetValue          0000000180012148     kernel32:KERNEL32.dll
 0002:00000150       __imp_TlsFree              0000000180012150     kernel32:KERNEL32.dll
 0002:00000158       __imp_FreeLibrary          0000000180012158     kernel32:KERNEL32.dll
 0002:00000160       __imp_GetProcAddress       0000000180012160     kernel32:KERNEL32.dll
 0002:00000168       __imp_LoadLibraryExW       0000000180012168     kernel32:KERNEL32.dll
 0002:00000170       __imp_RaiseException       0000000180012170     kernel32:KERNEL32.dll
 0002:00000178       __imp_ExitProcess          0000000180012178     kernel32:KERNEL32.dll
 0002:00000180       __imp_GetModuleHandleExW   0000000180012180     kernel32:KERNEL32.dll
 0002:00000188       __imp_GetModuleFileNameA   0000000180012188     kernel32:KERNEL32.dll
 0002:00000190       __imp_WideCharToMultiByte  0000000180012190     kernel32:KERNEL32.dll
 0002:00000198       __imp_GetACP               0000000180012198     kernel32:KERNEL32.dll
 0002:000001a0       __imp_GetStdHandle         00000001800121a0     kernel32:KERNEL32.dll
 0002:000001a8       __imp_GetFileType          00000001800121a8     kernel32:KERNEL32.dll
 0002:000001b0       __imp_LCMapStringW         00000001800121b0     kernel32:KERNEL32.dll
 0002:000001b8       __imp_FindClose            00000001800121b8     kernel32:KERNEL32.dll
 0002:000001c0       __imp_FindFirstFileExA     00000001800121c0     kernel32:KERNEL32.dll
 0002:000001c8       __imp_FindNextFileA        00000001800121c8     kernel32:KERNEL32.dll
 0002:000001d0       __imp_IsValidCodePage      00000001800121d0     kernel32:KERNEL32.dll
 0002:000001d8       __imp_GetOEMCP             00000001800121d8     kernel32:KERNEL32.dll
 0002:000001e0       __imp_GetCPInfo            00000001800121e0     kernel32:KERNEL32.dll
 0002:000001e8       __imp_GetCommandLineA      00000001800121e8     kernel32:KERNEL32.dll
 0002:000001f0       __imp_GetCommandLineW      00000001800121f0     kernel32:KERNEL32.dll
 0002:000001f8       __imp_GetEnvironmentStringsW 00000001800121f8     kernel32:KERNEL32.dll
 0002:00000200       __imp_FreeEnvironmentStringsW 0000000180012200     kernel32:KERNEL32.dll
 0002:00000208       __imp_GetStringTypeW       0000000180012208     kernel32:KERNEL32.dll
 0002:00000210       __imp_SetStdHandle         0000000180012210     kernel32:KERNEL32.dll
 0002:00000218       __imp_HeapSize             0000000180012218     kernel32:KERNEL32.dll
 0002:00000220       __imp_WriteFile            0000000180012220     kernel32:KERNEL32.dll
 0002:00000228       __imp_GetConsoleCP         0000000180012228     kernel32:KERNEL32.dll
 0002:00000230       __imp_GetConsoleMode       0000000180012230     kernel32:KERNEL32.dll
 0002:00000238       __imp_SetFilePointerEx     0000000180012238     kernel32:KERNEL32.dll
 0002:00000240       __imp_FlushFileBuffers     0000000180012240     kernel32:KERNEL32.dll
 0002:00000248       __imp_WriteConsoleW        0000000180012248     kernel32:KERNEL32.dll
 0002:00000250       __imp_CloseHandle          0000000180012250     kernel32:KERNEL32.dll
 0002:00000258       __imp_CreateFileW          0000000180012258     kernel32:KERNEL32.dll
 0002:00000260       \177KERNEL32_NULL_THUNK_DATA 0000000180012260     kernel32:KERNEL32.dll
 0002:00000268       __imp_wsprintfW            0000000180012268     user32:USER32.dll
 0002:00000270       \177USER32_NULL_THUNK_DATA 0000000180012270     user32:USER32.dll
 0002:00000278       __guard_check_icall_fptr   0000000180012278     LIBCMT:guard_support.obj
 0002:00000280       __guard_dispatch_icall_fptr 0000000180012280     LIBCMT:guard_support.obj
 0002:00000288       __xc_a                     0000000180012288     LIBCMT:initializers.obj
 0002:00000290       __xc_z                     0000000180012290     LIBCMT:initializers.obj
 0002:00000298       __xi_a                     0000000180012298     LIBCMT:initializers.obj
 0002:000002a0       __acrt_stdio_initializer   00000001800122a0     libucrt:stdio_initializer.obj
 0002:000002a8       __acrt_multibyte_initializer 00000001800122a8     libucrt:multibyte_initializer.obj
 0002:000002b0       __acrt_tran_fma3_initializer 00000001800122b0     libucrt:fma3_initializer.obj
 0002:000002b8       __xi_z                     00000001800122b8     LIBCMT:initializers.obj
 0002:000002c0       __xp_a                     00000001800122c0     LIBCMT:initializers.obj
 0002:000002c8       __acrt_locale_terminator   00000001800122c8     libucrt:locale_initializer.obj
 0002:000002d0       __dcrt_console_output_terminator 00000001800122d0     libucrt:console_output_initializer.obj
 0002:000002d8       __acrt_stdio_terminator    00000001800122d8     libucrt:stdio_initializer.obj
 0002:000002e0       __xp_z                     00000001800122e0     LIBCMT:initializers.obj
 0002:000002e8       __xt_a                     00000001800122e8     LIBCMT:initializers.obj
 0002:000002f0       __xt_z                     00000001800122f0     LIBCMT:initializers.obj
 0002:00000300       ??_C@_1BI@KONPHAJJ@?$AA?$CF?$AAi?$AA?4?$AA?$CF?$AAi?$AA?4?$AA?$CF?$AAi?$AA?4?$AA?$CF?$AAi?$AA?$AA@ 0000000180012300     pe.obj
 0002:00000318       ??_C@_1BC@JDEOJIFO@?$AA?$CF?$AAi?$AA?4?$AA?$CF?$AAi?$AA?4?$AA?$CF?$AAi?$AA?$AA@ 0000000180012318     pe.obj
 0002:00000330       ??_C@_1M@NEPJOGKK@?$AA?$CF?$AAi?$AA?4?$AA?$CF?$AAi?$AA?$AA@ 0000000180012330     pe.obj
 0002:00000340       ??_C@_1BO@IJOOPNFP@?$AA?$CF?$AAi?$AA?0?$AA?5?$AA?$CF?$AAi?$AA?0?$AA?5?$AA?$CF?$AAi?$AA?0?$AA?5?$AA?$CF?$AAi?$AA?$AA@ 0000000180012340     pe.obj
 0002:00000360       ??_C@_13DIBMAFH@?$AA?$CJ?$AA?$AA@ 0000000180012360     pe.obj
 0002:00000368       ??_C@_1BI@HCCAONKE@?$AAF?$AAi?$AAl?$AAe?$AAV?$AAe?$AAr?$AAs?$AAi?$AAo?$AAn?$AA?$AA@ 0000000180012368     pe.obj
 0002:00000380       ??_C@_1BO@OKEPMKJE@?$AAP?$AAr?$AAo?$AAd?$AAu?$AAc?$AAt?$AAV?$AAe?$AAr?$AAs?$AAi?$AAo?$AAn?$AA?$AA@ 0000000180012380     pe.obj
 0002:000003a0       ??_C@_0M@OBEGHOED@FileVersion?$AA@ 00000001800123a0     pe.obj
 0002:000003b0       ??_C@_0P@PLANDJKO@ProductVersion?$AA@ 00000001800123b0     pe.obj
 0002:000003c0       ??_C@_1BO@PBBNDBNF@?$AAS?$AAt?$AAr?$AAi?$AAn?$AAg?$AAF?$AAi?$AAl?$AAe?$AAI?$AAn?$AAf?$AAo?$AA?$AA@ 00000001800123c0     pe.obj
 0002:000003e0       ??_C@_1BI@LJHFMFCG@?$AAV?$AAa?$AAr?$AAF?$AAi?$AAl?$AAe?$AAI?$AAn?$AAf?$AAo?$AA?$AA@ 00000001800123e0     pe.obj
 0002:000003f8       ??_C@_0P@EMOHHAPL@StringFileInfo?$AA@ 00000001800123f8     pe.obj
 0002:00000408       ??_C@_17OGKGJAOJ@?$AA6?$AA4?$AA?5?$AA?$AA@ 0000000180012408     pe.obj
 0002:00000410       ??_C@_17KBKLDIPL@?$AA1?$AA6?$AA?5?$AA?$AA@ 0000000180012410     pe.obj
 0002:00000418       ??_C@_17HIBPHNJA@?$AA3?$AA2?$AA?5?$AA?$AA@ 0000000180012418     pe.obj
 0002:00000420       ??_C@_17HHLBFPBE@?$AAF?$AAa?$AAr?$AA?$AA@ 0000000180012420     pe.obj
 0002:00000428       ??_C@_13FLOCNAAB@?$AA?$CG?$AA?$AA@ 0000000180012428     pe.obj
 0002:0000042c       ??_C@_13JGCMLPCH@?$AA1?$AA?$AA@ 000000018001242c     pe.obj
 0002:00000430       ??_C@_13IEJJBAMJ@?$AA2?$AA?$AA@ 0000000180012430     pe.obj
 0002:00000434       ??_C@_13DMCFHHKM@?$AA3?$AA?$AA@ 0000000180012434     pe.obj
 0002:00000438       ??_C@_13HOIJIPNN@?$AA?5?$AA?$AA@ 0000000180012438     pe.obj
 0002:00000440       ??_C@_19KIFLGLIH@?$AAU?$AAp?$AAx?$AA?5?$AA?$AA@ 0000000180012440     pe.obj
 0002:00000450       ??_C@_1M@FNNDEIFD@?$AA?4?$AAN?$AAe?$AAt?$AA?5?$AA?$AA@ 0000000180012450     pe.obj
 0002:0000045c       ??_C@_15FFJNNDMJ@?$AA?5?$AA?$FL?$AA?$AA@ 000000018001245c     pe.obj
 0002:00000464       ??_C@_13OHNMPHJM@?$AA?$FN?$AA?$AA@ 0000000180012464     pe.obj
 0002:00000468       ??_C@_19BHIGINDB@?$AA?4?$AAd?$AAl?$AAl?$AA?$AA@ 0000000180012468     pe.obj
 0002:00000478       ??_C@_0P@JNNILPEA@SetStartupInfo?$AA@ 0000000180012478     pe.obj
 0002:00000488       ??_C@_0BA@IDLLFCLM@SetStartupInfoW?$AA@ 0000000180012488     pe.obj
 0002:00000498       ??_C@_0P@LBJHCIBL@GetGlobalInfoW?$AA@ 0000000180012498     pe.obj
 0002:000004a8       ??_C@_0M@DMAKBKI@OpenPluginW?$AA@ 00000001800124a8     pe.obj
 0002:000004b8       ??_C@_0BA@PIFPCFJM@OpenFilePluginW?$AA@ 00000001800124b8     pe.obj
 0002:000004d8       _pRawDllMain               00000001800124d8     LIBCMT:dll_dllmain.obj
 0002:000004d8       _pDefaultRawDllMain        00000001800124d8     LIBCMT:dll_dllmain.obj
 0002:00000810       ??_C@_08EHJDFFNH@__based?$CI?$AA@ 0000000180012810     libvcruntime:undname.obj
 0002:00000820       ??_C@_07KOLFKCDI@__cdecl?$AA@ 0000000180012820     libvcruntime:undname.obj
 0002:00000828       ??_C@_08GHMPAG@__pascal?$AA@ 0000000180012828     libvcruntime:undname.obj
 0002:00000838       ??_C@_09IFJBGAPI@__stdcall?$AA@ 0000000180012838     libvcruntime:undname.obj
 0002:00000848       ??_C@_0L@NPHFGOKO@__thiscall?$AA@ 0000000180012848     libvcruntime:undname.obj
 0002:00000858       ??_C@_0L@JMKHOMEK@__fastcall?$AA@ 0000000180012858     libvcruntime:undname.obj
 0002:00000868       ??_C@_0N@BCKKPABJ@__vectorcall?$AA@ 0000000180012868     libvcruntime:undname.obj
 0002:00000878       ??_C@_09HIJEGCPM@__clrcall?$AA@ 0000000180012878     libvcruntime:undname.obj
 0002:00000884       ??_C@_06GHPCKEAG@__eabi?$AA@ 0000000180012884     libvcruntime:undname.obj
 0002:00000890       ??_C@_07EECFKIPL@__swift?$AA@ 0000000180012890     libvcruntime:undname.obj
 0002:00000898       ??_C@_07JOMMBBKO@__ptr64?$AA@ 0000000180012898     libvcruntime:undname.obj
 0002:000008a0       ??_C@_0L@PILCLIHE@__restrict?$AA@ 00000001800128a0     libvcruntime:undname.obj
 0002:000008b0       ??_C@_0M@GFIIJFMG@__unaligned?$AA@ 00000001800128b0     libvcruntime:undname.obj
 0002:000008c0       ??_C@_09DHDLOLLB@restrict?$CI?$AA@ 00000001800128c0     libvcruntime:undname.obj
 0002:000008ca       ??_C@_00CNPNBAHC@?$AA@     00000001800128ca     libvcruntime:undname.obj
 0002:000008cc       ??_C@_04NIHEBCM@?5new?$AA@ 00000001800128cc     libvcruntime:undname.obj
 0002:000008d8       ??_C@_07FPCDHGMM@?5delete?$AA@ 00000001800128d8     libvcruntime:undname.obj
 0002:000008e0       ??_C@_01NEMOKFLO@?$DN?$AA@ 00000001800128e0     libvcruntime:undname.obj
 0002:000008e4       ??_C@_02GPIOPFAK@?$DO?$DO?$AA@ 00000001800128e4     libvcruntime:undname.obj
 0002:000008e8       ??_C@_02FODMEDOG@?$DM?$DM?$AA@ 00000001800128e8     libvcruntime:undname.obj
 0002:000008ec       ??_C@_01DCLJPIOD@?$CB?$AA@ 00000001800128ec     libvcruntime:undname.obj
 0002:000008f0       ??_C@_02EGOFBIJA@?$DN?$DN?$AA@ 00000001800128f0     libvcruntime:undname.obj
 0002:000008f4       ??_C@_02FDNJECIE@?$CB?$DN?$AA@ 00000001800128f4     libvcruntime:undname.obj
 0002:000008f8       ??_C@_02GPECMEKF@?$FL?$FN?$AA@ 00000001800128f8     libvcruntime:undname.obj
 0002:00000900       ??_C@_08LHJFAFGD@operator?$AA@ 0000000180012900     libvcruntime:undname.obj
 0002:0000090c       ??_C@_02HBOOOICD@?9?$DO?$AA@ 000000018001290c     libvcruntime:undname.obj
 0002:00000910       ??_C@_01NBENCBCI@?$CK?$AA@ 0000000180012910     libvcruntime:undname.obj
 0002:00000914       ??_C@_02ECNGHCIF@?$CL?$CL?$AA@ 0000000180012914     libvcruntime:undname.obj
 0002:00000918       ??_C@_02BAABKJLB@?9?9?$AA@ 0000000180012918     libvcruntime:undname.obj
 0002:0000091c       ??_C@_01JOAMLHOP@?9?$AA@   000000018001291c     libvcruntime:undname.obj
 0002:00000920       ??_C@_01MIFGBAGJ@?$CL?$AA@ 0000000180012920     libvcruntime:undname.obj
 0002:00000924       ??_C@_01HNPIGOCE@?$CG?$AA@ 0000000180012924     libvcruntime:undname.obj
 0002:00000928       ??_C@_03MNHNFDLC@?9?$DO?$CK?$AA@ 0000000180012928     libvcruntime:undname.obj
 0002:0000092c       ??_C@_01KMDKNFGN@?1?$AA@   000000018001292c     libvcruntime:undname.obj
 0002:00000930       ??_C@_01FGNFDNOH@?$CF?$AA@ 0000000180012930     libvcruntime:undname.obj
 0002:00000934       ??_C@_01MNNFJEPP@?$DM?$AA@ 0000000180012934     libvcruntime:undname.obj
 0002:00000938       ??_C@_02EHCHHCKH@?$DM?$DN?$AA@ 0000000180012938     libvcruntime:undname.obj
 0002:0000093c       ??_C@_01PPODPGHN@?$DO?$AA@ 000000018001293c     libvcruntime:undname.obj
 0002:00000940       ??_C@_02EEKDKGMJ@?$DO?$DN?$AA@ 0000000180012940     libvcruntime:undname.obj
 0002:00000944       ??_C@_01IHBHIGKO@?0?$AA@   0000000180012944     libvcruntime:undname.obj
 0002:00000948       ??_C@_02HCKGKOFO@?$CI?$CJ?$AA@ 0000000180012948     libvcruntime:undname.obj
 0002:0000094c       ??_C@_01PJKLJHI@?$HO?$AA@  000000018001294c     libvcruntime:undname.obj
 0002:00000950       ??_C@_01JKBOJNNK@?$FO?$AA@ 0000000180012950     libvcruntime:undname.obj
 0002:00000954       ??_C@_01DNKMNLPK@?$HM?$AA@ 0000000180012954     libvcruntime:undname.obj
 0002:00000958       ??_C@_02PPKAJPJL@?$CG?$CG?$AA@ 0000000180012958     libvcruntime:undname.obj
 0002:0000095c       ??_C@_02NONPIBCD@?$HM?$HM?$AA@ 000000018001295c     libvcruntime:undname.obj
 0002:00000960       ??_C@_02FPIMKNGF@?$CK?$DN?$AA@ 0000000180012960     libvcruntime:undname.obj
 0002:00000964       ??_C@_02FOEOMHFC@?$CL?$DN?$AA@ 0000000180012964     libvcruntime:undname.obj
 0002:00000968       ??_C@_02FKMDLLOA@?9?$DN?$AA@ 0000000180012968     libvcruntime:undname.obj
 0002:0000096c       ??_C@_02FJEHGPIO@?1?$DN?$AA@ 000000018001296c     libvcruntime:undname.obj
 0002:00000970       ??_C@_02FENAOKFI@?$CF?$DN?$AA@ 0000000180012970     libvcruntime:undname.obj
 0002:00000974       ??_C@_03IKFCCPFF@?$DO?$DO?$DN?$AA@ 0000000180012974     libvcruntime:undname.obj
 0002:00000978       ??_C@_03CDNPDDLA@?$DM?$DM?$DN?$AA@ 0000000180012978     libvcruntime:undname.obj
 0002:0000097c       ??_C@_02FGJGFEAB@?$CG?$DN?$AA@ 000000018001297c     libvcruntime:undname.obj
 0002:00000980       ??_C@_02DHLNPPGH@?$HM?$DN?$AA@ 0000000180012980     libvcruntime:undname.obj
 0002:00000984       ??_C@_02MHEGNOJ@?$FO?$DN?$AA@ 0000000180012984     libvcruntime:undname.obj
 0002:00000988       ??_C@_09IFPLHPGF@?$GAvftable?8?$AA@ 0000000180012988     libvcruntime:undname.obj
 0002:00000998       ??_C@_09BLBHBJP@?$GAvbtable?8?$AA@ 0000000180012998     libvcruntime:undname.obj
 0002:000009a8       ??_C@_07FEEIOKP@?$GAvcall?8?$AA@ 00000001800129a8     libvcruntime:undname.obj
 0002:000009b0       ??_C@_08LLFFHHDJ@?$GAtypeof?8?$AA@ 00000001800129b0     libvcruntime:undname.obj
 0002:000009c0       ??_C@_0BF@KDPPACIK@?$GAlocal?5static?5guard?8?$AA@ 00000001800129c0     libvcruntime:undname.obj
 0002:000009d8       ??_C@_08OBABFOLI@?$GAstring?8?$AA@ 00000001800129d8     libvcruntime:undname.obj
 0002:000009e8       ??_C@_0BD@JDLKDPAB@?$GAvbase?5destructor?8?$AA@ 00000001800129e8     libvcruntime:undname.obj
 0002:00000a00       ??_C@_0BN@DEGPLNFK@?$GAvector?5deleting?5destructor?8?$AA@ 0000000180012a00     libvcruntime:undname.obj
 0002:00000a20       ??_C@_0BO@OBMKPJIG@?$GAdefault?5constructor?5closure?8?$AA@ 0000000180012a20     libvcruntime:undname.obj
 0002:00000a40       ??_C@_0BN@IMDCHIKM@?$GAscalar?5deleting?5destructor?8?$AA@ 0000000180012a40     libvcruntime:undname.obj
 0002:00000a60       ??_C@_0BO@PFGOCPJJ@?$GAvector?5constructor?5iterator?8?$AA@ 0000000180012a60     libvcruntime:undname.obj
 0002:00000a80       ??_C@_0BN@LFPFMEDL@?$GAvector?5destructor?5iterator?8?$AA@ 0000000180012a80     libvcruntime:undname.obj
 0002:00000aa0       ??_C@_0CE@IKBNEHA@?$GAvector?5vbase?5constructor?5iterat@ 0000000180012aa0     libvcruntime:undname.obj
 0002:00000ac8       ??_C@_0BL@NILFHHPC@?$GAvirtual?5displacement?5map?8?$AA@ 0000000180012ac8     libvcruntime:undname.obj
 0002:00000ae8       ??_C@_0CB@JONCMFFK@?$GAeh?5vector?5constructor?5iterator?8@ 0000000180012ae8     libvcruntime:undname.obj
 0002:00000b10       ??_C@_0CA@GCEOPDGL@?$GAeh?5vector?5destructor?5iterator?8?$AA@ 0000000180012b10     libvcruntime:undname.obj
 0002:00000b30       ??_C@_0CH@OOJPLCPH@?$GAeh?5vector?5vbase?5constructor?5ite@ 0000000180012b30     libvcruntime:undname.obj
 0002:00000b58       ??_C@_0BL@LLKPOHJI@?$GAcopy?5constructor?5closure?8?$AA@ 0000000180012b58     libvcruntime:undname.obj
 0002:00000b78       ??_C@_0BA@KBCDOMBN@?$GAudt?5returning?8?$AA@ 0000000180012b78     libvcruntime:undname.obj
 0002:00000b88       ??_C@_03KLGMFNMG@?$GAEH?$AA@ 0000000180012b88     libvcruntime:undname.obj
 0002:00000b8c       ??_C@_05KHLCHHI@?$GARTTI?$AA@ 0000000180012b8c     libvcruntime:undname.obj
 0002:00000b98       ??_C@_0BA@KKLDJDLB@?$GAlocal?5vftable?8?$AA@ 0000000180012b98     libvcruntime:undname.obj
 0002:00000ba8       ??_C@_0CE@IIHCMGGL@?$GAlocal?5vftable?5constructor?5closu@ 0000000180012ba8     libvcruntime:undname.obj
 0002:00000bcc       ??_C@_06FHBGPFGH@?5new?$FL?$FN?$AA@ 0000000180012bcc     libvcruntime:undname.obj
 0002:00000bd8       ??_C@_09LBNFPBCA@?5delete?$FL?$FN?$AA@ 0000000180012bd8     libvcruntime:undname.obj
 0002:00000be8       ??_C@_0P@HJKNJFNN@?$GAomni?5callsig?8?$AA@ 0000000180012be8     libvcruntime:undname.obj
 0002:00000bf8       ??_C@_0BL@CNOONJFP@?$GAplacement?5delete?5closure?8?$AA@ 0000000180012bf8     libvcruntime:undname.obj
 0002:00000c18       ??_C@_0BN@CKNJLHMB@?$GAplacement?5delete?$FL?$FN?5closure?8?$AA@ 0000000180012c18     libvcruntime:undname.obj
 0002:00000c38       ??_C@_0CG@CFDHKGGD@?$GAmanaged?5vector?5constructor?5iter@ 0000000180012c38     libvcruntime:undname.obj
 0002:00000c60       ??_C@_0CF@IMGKMJNO@?$GAmanaged?5vector?5destructor?5itera@ 0000000180012c60     libvcruntime:undname.obj
 0002:00000c88       ??_C@_0CG@HLDDJMAG@?$GAeh?5vector?5copy?5constructor?5iter@ 0000000180012c88     libvcruntime:undname.obj
 0002:00000cb0       ??_C@_0CM@FCBBDIGB@?$GAeh?5vector?5vbase?5copy?5constructo@ 0000000180012cb0     libvcruntime:undname.obj
 0002:00000ce0       ??_C@_0BL@CLIPGLGB@?$GAdynamic?5initializer?5for?5?8?$AA@ 0000000180012ce0     libvcruntime:undname.obj
 0002:00000d00       ??_C@_0CB@PDBIFEP@?$GAdynamic?5atexit?5destructor?5for?5?8@ 0000000180012d00     libvcruntime:undname.obj
 0002:00000d28       ??_C@_0CD@CGAJBKEJ@?$GAvector?5copy?5constructor?5iterato@ 0000000180012d28     libvcruntime:undname.obj
 0002:00000d50       ??_C@_0CJ@GJELGAMM@?$GAvector?5vbase?5copy?5constructor?5i@ 0000000180012d50     libvcruntime:undname.obj
 0002:00000d80       ??_C@_0CL@FGIJHLCE@?$GAmanaged?5vector?5copy?5constructor@ 0000000180012d80     libvcruntime:undname.obj
 0002:00000db0       ??_C@_0BM@PMGGMLDN@?$GAlocal?5static?5thread?5guard?8?$AA@ 0000000180012db0     libvcruntime:undname.obj
 0002:00000dd0       ??_C@_0N@BDNMDMOL@operator?5?$CC?$CC?5?$AA@ 0000000180012dd0     libvcruntime:undname.obj
 0002:00000de0       ??_C@_0BC@GGEBGALA@operator?5co_await?$AA@ 0000000180012de0     libvcruntime:undname.obj
 0002:00000df8       ??_C@_0BC@DAFEJGAK@?5Type?5Descriptor?8?$AA@ 0000000180012df8     libvcruntime:undname.obj
 0002:00000e10       ??_C@_0BM@LDKODKLH@?5Base?5Class?5Descriptor?5at?5?$CI?$AA@ 0000000180012e10     libvcruntime:undname.obj
 0002:00000e30       ??_C@_0BD@LGICGFMM@?5Base?5Class?5Array?8?$AA@ 0000000180012e30     libvcruntime:undname.obj
 0002:00000e48       ??_C@_0BN@MECKDCOJ@?5Class?5Hierarchy?5Descriptor?8?$AA@ 0000000180012e48     libvcruntime:undname.obj
 0002:00000e68       ??_C@_0BK@CFCOFLF@?5Complete?5Object?5Locator?8?$AA@ 0000000180012e68     libvcruntime:undname.obj
 0002:00000ea0       ??_C@_1DM@KHCHBNEB@?$AAa?$AAp?$AAi?$AA?9?$AAm?$AAs?$AA?9?$AAw?$AAi?$AAn?$AA?9?$AAc?$AAo?$AAr?$AAe?$AA?9?$AAf?$AAi?$AAb?$AAe?$AAr?$AAs?$AA?9?$AAl?$AA1?$AA?9?$AA1?$AA?9?$AA1?$AA?$AA@ 0000000180012ea0     libvcruntime:winapi_downlevel.obj
 0002:00000ee0       ??_C@_1DK@LPPGFMPP@?$AAa?$AAp?$AAi?$AA?9?$AAm?$AAs?$AA?9?$AAw?$AAi?$AAn?$AA?9?$AAc?$AAo?$AAr?$AAe?$AA?9?$AAs?$AAy?$AAn?$AAc?$AAh?$AA?9?$AAl?$AA1?$AA?9?$AA2?$AA?9?$AA0?$AA?$AA@ 0000000180012ee0     libvcruntime:winapi_downlevel.obj
 0002:00000f20       ??_C@_1BC@GDMECMAK@?$AAk?$AAe?$AAr?$AAn?$AAe?$AAl?$AA3?$AA2?$AA?$AA@ 0000000180012f20     libvcruntime:winapi_downlevel.obj
 0002:00000f38       ??_C@_1BA@PFFKHIOG@?$AAa?$AAp?$AAi?$AA?9?$AAm?$AAs?$AA?9?$AA?$AA@ 0000000180012f38     libvcruntime:winapi_downlevel.obj
 0002:00000f48       ??_C@_1BA@IAIFMGEF@?$AAe?$AAx?$AAt?$AA?9?$AAm?$AAs?$AA?9?$AA?$AA@ 0000000180012f48     libvcruntime:winapi_downlevel.obj
 0002:00000f60       ??_C@_08KNHFBNJ@FlsAlloc?$AA@ 0000000180012f60     libvcruntime:winapi_downlevel.obj
 0002:00000f78       ??_C@_07PEJMOBNF@FlsFree?$AA@ 0000000180012f78     libvcruntime:winapi_downlevel.obj
 0002:00000f88       ??_C@_0M@GDNOONDI@FlsGetValue?$AA@ 0000000180012f88     libvcruntime:winapi_downlevel.obj
 0002:00000fa0       ??_C@_0M@JCPCPOEF@FlsSetValue?$AA@ 0000000180012fa0     libvcruntime:winapi_downlevel.obj
 0002:00000fb8       ??_C@_0BM@HCFOFFN@InitializeCriticalSectionEx?$AA@ 0000000180012fb8     libvcruntime:winapi_downlevel.obj
 0002:00000fd8       _pDestructExceptionObject  0000000180012fd8     libvcruntime:ehhelpers.obj
 0002:00000fe0       standard_lookup_table      0000000180012fe0     libucrt:output.obj
 0002:0000103c       ??_C@_06OJHGLDPL@?$CInull?$CJ?$AA@ 000000018001303c     libucrt:output.obj
 0002:00001048       ??_C@_1O@CEDCILHN@?$AA?$CI?$AAn?$AAu?$AAl?$AAl?$AA?$CJ?$AA?$AA@ 0000000180013048     libucrt:output.obj
 0002:00001060       __acrt_exception_action_table 0000000180013060     libucrt:exception_filter.obj
 0002:00001120       __acrt_signal_action_table_count 0000000180013120     libucrt:exception_filter.obj
 0002:00001128       __acrt_signal_action_first_fpe_index 0000000180013128     libucrt:exception_filter.obj
 0002:00001130       __acrt_signal_action_fpe_count 0000000180013130     libucrt:exception_filter.obj
 0002:00001138       ??_C@_1BI@BGOHAHKC@?$AAm?$AAs?$AAc?$AAo?$AAr?$AAe?$AAe?$AA?4?$AAd?$AAl?$AAl?$AA?$AA@ 0000000180013138     libucrt:exit.obj
 0002:00001150       ??_C@_0P@MIGLKIOC@CorExitProcess?$AA@ 0000000180013150     libucrt:exit.obj
 0002:000013b8       ??_C@_03OEIAHPBN@INF?$AA@  00000001800133b8     libucrt:cvt.obj
 0002:000013bc       ??_C@_03OJHLLCGB@inf?$AA@  00000001800133bc     libucrt:cvt.obj
 0002:000013c0       ??_C@_03LKNCIKJB@NAN?$AA@  00000001800133c0     libucrt:cvt.obj
 0002:000013c4       ??_C@_03LHCJEHON@nan?$AA@  00000001800133c4     libucrt:cvt.obj
 0002:000013c8       ??_C@_09OFJJIMPC@NAN?$CISNAN?$CJ?$AA@ 00000001800133c8     libucrt:cvt.obj
 0002:000013d8       ??_C@_09IPFBKMDL@nan?$CIsnan?$CJ?$AA@ 00000001800133d8     libucrt:cvt.obj
 0002:000013e8       ??_C@_08IKHNHAJ@NAN?$CIIND?$CJ?$AA@ 00000001800133e8     libucrt:cvt.obj
 0002:000013f8       ??_C@_08OFCDMILK@nan?$CIind?$CJ?$AA@ 00000001800133f8     libucrt:cvt.obj
 0002:00001404       ??_C@_05KLBDPFGC@e?$CL000?$AA@ 0000000180013404     libucrt:cvt.obj
 0002:00001410       __lc_time_c                0000000180013410     libucrt:nlsdata.obj
 0002:000016d0       ??_C@_03KOEHGMDN@Sun?$AA@  00000001800136d0     libucrt:nlsdata.obj
 0002:000016d4       ??_C@_03PDAGKDH@Mon?$AA@   00000001800136d4     libucrt:nlsdata.obj
 0002:000016d8       ??_C@_03NAGEINEP@Tue?$AA@  00000001800136d8     libucrt:nlsdata.obj
 0002:000016dc       ??_C@_03MHOMLAJA@Wed?$AA@  00000001800136dc     libucrt:nlsdata.obj
 0002:000016e0       ??_C@_03IOFIKPDN@Thu?$AA@  00000001800136e0     libucrt:nlsdata.obj
 0002:000016e4       ??_C@_03IDIOELNC@Fri?$AA@  00000001800136e4     libucrt:nlsdata.obj
 0002:000016e8       ??_C@_03FEFJNEK@Sat?$AA@   00000001800136e8     libucrt:nlsdata.obj
 0002:000016ec       ??_C@_06OOPIFAJ@Sunday?$AA@ 00000001800136ec     libucrt:nlsdata.obj
 0002:000016f4       ??_C@_06JLEDEDGH@Monday?$AA@ 00000001800136f4     libucrt:nlsdata.obj
 0002:00001700       ??_C@_07BAAGCFCM@Tuesday?$AA@ 0000000180013700     libucrt:nlsdata.obj
 0002:00001708       ??_C@_09DLIGFAKA@Wednesday?$AA@ 0000000180013708     libucrt:nlsdata.obj
 0002:00001718       ??_C@_08HACCIKIA@Thursday?$AA@ 0000000180013718     libucrt:nlsdata.obj
 0002:00001724       ??_C@_06JECMNKMI@Friday?$AA@ 0000000180013724     libucrt:nlsdata.obj
 0002:00001730       ??_C@_08INBOOONO@Saturday?$AA@ 0000000180013730     libucrt:nlsdata.obj
 0002:0000173c       ??_C@_03JIHJHPIE@Jan?$AA@  000000018001373c     libucrt:nlsdata.obj
 0002:00001740       ??_C@_03HJBDCHOM@Feb?$AA@  0000000180013740     libucrt:nlsdata.obj
 0002:00001744       ??_C@_03ODNJBKGA@Mar?$AA@  0000000180013744     libucrt:nlsdata.obj
 0002:00001748       ??_C@_03LEOLGMJP@Apr?$AA@  0000000180013748     libucrt:nlsdata.obj
 0002:0000174c       ??_C@_03CNMDKL@May?$AA@    000000018001374c     libucrt:nlsdata.obj
 0002:00001750       ??_C@_03IDFGHECI@Jun?$AA@  0000000180013750     libucrt:nlsdata.obj
 0002:00001754       ??_C@_03LBGABGKK@Jul?$AA@  0000000180013754     libucrt:nlsdata.obj
 0002:00001758       ??_C@_03IFJFEIGA@Aug?$AA@  0000000180013758     libucrt:nlsdata.obj
 0002:0000175c       ??_C@_03GGCAPAJC@Sep?$AA@  000000018001375c     libucrt:nlsdata.obj
 0002:00001760       ??_C@_03BMAOKBAD@Oct?$AA@  0000000180013760     libucrt:nlsdata.obj
 0002:00001764       ??_C@_03JPJOFNIA@Nov?$AA@  0000000180013764     libucrt:nlsdata.obj
 0002:00001768       ??_C@_03MKABNOCG@Dec?$AA@  0000000180013768     libucrt:nlsdata.obj
 0002:00001770       ??_C@_07CGJPFGJA@January?$AA@ 0000000180013770     libucrt:nlsdata.obj
 0002:00001778       ??_C@_08GNJGEPFN@February?$AA@ 0000000180013778     libucrt:nlsdata.obj
 0002:00001784       ??_C@_05HPCKOFNC@March?$AA@ 0000000180013784     libucrt:nlsdata.obj
 0002:0000178c       ??_C@_05DMJDNLEJ@April?$AA@ 000000018001378c     libucrt:nlsdata.obj
 0002:00001794       ??_C@_04CNLMGBGM@June?$AA@ 0000000180013794     libucrt:nlsdata.obj
 0002:0000179c       ??_C@_04MIEPOIFP@July?$AA@ 000000018001379c     libucrt:nlsdata.obj
 0002:000017a4       ??_C@_06LBBHFDDG@August?$AA@ 00000001800137a4     libucrt:nlsdata.obj
 0002:000017b0       ??_C@_09BHHEALKD@September?$AA@ 00000001800137b0     libucrt:nlsdata.obj
 0002:000017c0       ??_C@_07JJNFCEND@October?$AA@ 00000001800137c0     libucrt:nlsdata.obj
 0002:000017c8       ??_C@_08HCHEGEOA@November?$AA@ 00000001800137c8     libucrt:nlsdata.obj
 0002:000017d8       ??_C@_08EDHMEBNP@December?$AA@ 00000001800137d8     libucrt:nlsdata.obj
 0002:000017e4       ??_C@_02DEDBPAFC@AM?$AA@   00000001800137e4     libucrt:nlsdata.obj
 0002:000017e8       ??_C@_02CJNFDJBF@PM?$AA@   00000001800137e8     libucrt:nlsdata.obj
 0002:000017f0       ??_C@_08BPBNCDIB@MM?1dd?1yy?$AA@ 00000001800137f0     libucrt:nlsdata.obj
 0002:00001800       ??_C@_0BE@CKGJFCPC@dddd?0?5MMMM?5dd?0?5yyyy?$AA@ 0000000180013800     libucrt:nlsdata.obj
 0002:00001818       ??_C@_08JCCMCCIL@HH?3mm?3ss?$AA@ 0000000180013818     libucrt:nlsdata.obj
 0002:00001828       ??_C@_17MBGCMIPB@?$AAS?$AAu?$AAn?$AA?$AA@ 0000000180013828     libucrt:nlsdata.obj
 0002:00001830       ??_C@_17KBOMKBF@?$AAM?$AAo?$AAn?$AA?$AA@ 0000000180013830     libucrt:nlsdata.obj
 0002:00001838       ??_C@_17BMKGEGOJ@?$AAT?$AAu?$AAe?$AA?$AA@ 0000000180013838     libucrt:nlsdata.obj
 0002:00001840       ??_C@_17CJEDCEPE@?$AAW?$AAe?$AAd?$AA?$AA@ 0000000180013840     libucrt:nlsdata.obj
 0002:00001848       ??_C@_17PDPHAADD@?$AAT?$AAh?$AAu?$AA?$AA@ 0000000180013848     libucrt:nlsdata.obj
 0002:00001850       ??_C@_17HFOLPPLP@?$AAF?$AAr?$AAi?$AA?$AA@ 0000000180013850     libucrt:nlsdata.obj
 0002:00001858       ??_C@_17GGIBDPIH@?$AAS?$AAa?$AAt?$AA?$AA@ 0000000180013858     libucrt:nlsdata.obj
 0002:00001860       ??_C@_1O@IHNHDHPB@?$AAS?$AAu?$AAn?$AAd?$AAa?$AAy?$AA?$AA@ 0000000180013860     libucrt:nlsdata.obj
 0002:00001870       ??_C@_1O@MMNBFLIA@?$AAM?$AAo?$AAn?$AAd?$AAa?$AAy?$AA?$AA@ 0000000180013870     libucrt:nlsdata.obj
 0002:00001880       ??_C@_1BA@ENFBFFEK@?$AAT?$AAu?$AAe?$AAs?$AAd?$AAa?$AAy?$AA?$AA@ 0000000180013880     libucrt:nlsdata.obj
 0002:00001890       ??_C@_1BE@EBOGMDOH@?$AAW?$AAe?$AAd?$AAn?$AAe?$AAs?$AAd?$AAa?$AAy?$AA?$AA@ 0000000180013890     libucrt:nlsdata.obj
 0002:000018a8       ??_C@_1BC@HHMNLIHE@?$AAT?$AAh?$AAu?$AAr?$AAs?$AAd?$AAa?$AAy?$AA?$AA@ 00000001800138a8     libucrt:nlsdata.obj
 0002:000018c0       ??_C@_1O@PDICJHAG@?$AAF?$AAr?$AAi?$AAd?$AAa?$AAy?$AA?$AA@ 00000001800138c0     libucrt:nlsdata.obj
 0002:000018d0       ??_C@_1BC@ENMNNPAJ@?$AAS?$AAa?$AAt?$AAu?$AAr?$AAd?$AAa?$AAy?$AA?$AA@ 00000001800138d0     libucrt:nlsdata.obj
 0002:000018e8       ??_C@_17DKNBKCHM@?$AAJ?$AAa?$AAn?$AA?$AA@ 00000001800138e8     libucrt:nlsdata.obj
 0002:000018f0       ??_C@_17LMDJEKJN@?$AAF?$AAe?$AAb?$AA?$AA@ 00000001800138f0     libucrt:nlsdata.obj
 0002:000018f8       ??_C@_17CKNLEDEC@?$AAM?$AAa?$AAr?$AA?$AA@ 00000001800138f8     libucrt:nlsdata.obj
 0002:00001900       ??_C@_17LFPOIHDD@?$AAA?$AAp?$AAr?$AA?$AA@ 0000000180013900     libucrt:nlsdata.obj
 0002:00001908       ??_C@_17PNNKMEED@?$AAM?$AAa?$AAy?$AA?$AA@ 0000000180013908     libucrt:nlsdata.obj
 0002:00001910       ??_C@_17KCJGOCPB@?$AAJ?$AAu?$AAn?$AA?$AA@ 0000000180013910     libucrt:nlsdata.obj
 0002:00001918       ??_C@_17IJPCKHK@?$AAJ?$AAu?$AAl?$AA?$AA@ 0000000180013918     libucrt:nlsdata.obj
 0002:00001920       ??_C@_17ICPELBCN@?$AAA?$AAu?$AAg?$AA?$AA@ 0000000180013920     libucrt:nlsdata.obj
 0002:00001928       ??_C@_17HCHCOKMG@?$AAS?$AAe?$AAp?$AA?$AA@ 0000000180013928     libucrt:nlsdata.obj
 0002:00001930       ??_C@_17FNLKOI@?$AAO?$AAc?$AAt?$AA?$AA@ 0000000180013930     libucrt:nlsdata.obj
 0002:00001938       ??_C@_17BBDMLCIG@?$AAN?$AAo?$AAv?$AA?$AA@ 0000000180013938     libucrt:nlsdata.obj
 0002:00001940       ??_C@_17EGKACKIF@?$AAD?$AAe?$AAc?$AA?$AA@ 0000000180013940     libucrt:nlsdata.obj
 0002:00001948       ??_C@_1BA@EFMEIEBA@?$AAJ?$AAa?$AAn?$AAu?$AAa?$AAr?$AAy?$AA?$AA@ 0000000180013948     libucrt:nlsdata.obj
 0002:00001958       ??_C@_1BC@JGDDFFAM@?$AAF?$AAe?$AAb?$AAr?$AAu?$AAa?$AAr?$AAy?$AA?$AA@ 0000000180013958     libucrt:nlsdata.obj
 0002:00001970       ??_C@_1M@IKEENEDF@?$AAM?$AAa?$AAr?$AAc?$AAh?$AA?$AA@ 0000000180013970     libucrt:nlsdata.obj
 0002:00001980       ??_C@_1M@GJNLMHFD@?$AAA?$AAp?$AAr?$AAi?$AAl?$AA?$AA@ 0000000180013980     libucrt:nlsdata.obj
 0002:00001990       ??_C@_19EPFLPGAP@?$AAJ?$AAu?$AAn?$AAe?$AA?$AA@ 0000000180013990     libucrt:nlsdata.obj
 0002:000019a0       ??_C@_19BIFMLPCD@?$AAJ?$AAu?$AAl?$AAy?$AA?$AA@ 00000001800139a0     libucrt:nlsdata.obj
 0002:000019b0       ??_C@_1O@PAHLKOAC@?$AAA?$AAu?$AAg?$AAu?$AAs?$AAt?$AA?$AA@ 00000001800139b0     libucrt:nlsdata.obj
 0002:000019c0       ??_C@_1BE@DKAAMBJL@?$AAS?$AAe?$AAp?$AAt?$AAe?$AAm?$AAb?$AAe?$AAr?$AA?$AA@ 00000001800139c0     libucrt:nlsdata.obj
 0002:000019d8       ??_C@_1BA@EPANDLNG@?$AAO?$AAc?$AAt?$AAo?$AAb?$AAe?$AAr?$AA?$AA@ 00000001800139d8     libucrt:nlsdata.obj
 0002:000019e8       ??_C@_1BC@BGLIFPF@?$AAN?$AAo?$AAv?$AAe?$AAm?$AAb?$AAe?$AAr?$AA?$AA@ 00000001800139e8     libucrt:nlsdata.obj
 0002:00001a00       ??_C@_1BC@FEMKIFH@?$AAD?$AAe?$AAc?$AAe?$AAm?$AAb?$AAe?$AAr?$AA?$AA@ 0000000180013a00     libucrt:nlsdata.obj
 0002:00001a14       ??_C@_15ODEHAHHF@?$AAA?$AAM?$AA?$AA@ 0000000180013a14     libucrt:nlsdata.obj
 0002:00001a1c       ??_C@_15CLMNNGEL@?$AAP?$AAM?$AA?$AA@ 0000000180013a1c     libucrt:nlsdata.obj
 0002:00001a28       ??_C@_1BC@IEBCMHCM@?$AAM?$AAM?$AA?1?$AAd?$AAd?$AA?1?$AAy?$AAy?$AA?$AA@ 0000000180013a28     libucrt:nlsdata.obj
 0002:00001a40       ??_C@_1CI@KNAKOEBC@?$AAd?$AAd?$AAd?$AAd?$AA?0?$AA?5?$AAM?$AAM?$AAM?$AAM?$AA?5?$AAd?$AAd?$AA?0?$AA?5?$AAy?$AAy?$AAy?$AAy?$AA?$AA@ 0000000180013a40     libucrt:nlsdata.obj
 0002:00001a68       ??_C@_1BC@GDGBMEMK@?$AAH?$AAH?$AA?3?$AAm?$AAm?$AA?3?$AAs?$AAs?$AA?$AA@ 0000000180013a68     libucrt:nlsdata.obj
 0002:00001a80       ??_C@_1M@BMHNFIME@?$AAe?$AAn?$AA?9?$AAU?$AAS?$AA?$AA@ 0000000180013a80     libucrt:nlsdata.obj
 0002:00001b30       ??_C@_1EG@CNNIPFIM@?$AAa?$AAp?$AAi?$AA?9?$AAm?$AAs?$AA?9?$AAw?$AAi?$AAn?$AA?9?$AAa?$AAp?$AAp?$AAm?$AAo?$AAd?$AAe?$AAl?$AA?9?$AAr?$AAu?$AAn?$AAt?$AAi?$AAm?$AAe?$AA?9?$AAl?$AA1?$AA?9?$AA1@ 0000000180013b30     libucrt:winapi_thunks.obj
 0002:00001b80       ??_C@_1EA@JGEFHKEI@?$AAa?$AAp?$AAi?$AA?9?$AAm?$AAs?$AA?9?$AAw?$AAi?$AAn?$AA?9?$AAc?$AAo?$AAr?$AAe?$AA?9?$AAd?$AAa?$AAt?$AAe?$AAt?$AAi?$AAm?$AAe?$AA?9?$AAl?$AA1?$AA?9?$AA1?$AA?9?$AA1?$AA?$AA@ 0000000180013b80     libucrt:winapi_thunks.obj
 0002:00001bc0       ??_C@_1DI@GCIAAENM@?$AAa?$AAp?$AAi?$AA?9?$AAm?$AAs?$AA?9?$AAw?$AAi?$AAn?$AA?9?$AAc?$AAo?$AAr?$AAe?$AA?9?$AAf?$AAi?$AAl?$AAe?$AA?9?$AAl?$AA2?$AA?9?$AA1?$AA?9?$AA1?$AA?$AA@ 0000000180013bc0     libucrt:winapi_thunks.obj
 0002:00001c00       ??_C@_1EI@MPIAOHOC@?$AAa?$AAp?$AAi?$AA?9?$AAm?$AAs?$AA?9?$AAw?$AAi?$AAn?$AA?9?$AAc?$AAo?$AAr?$AAe?$AA?9?$AAl?$AAo?$AAc?$AAa?$AAl?$AAi?$AAz?$AAa?$AAt?$AAi?$AAo?$AAn?$AA?9?$AAl?$AA1?$AA?9@ 0000000180013c00     libucrt:winapi_thunks.obj
 0002:00001c50       ??_C@_1FK@FPHCKFIE@?$AAa?$AAp?$AAi?$AA?9?$AAm?$AAs?$AA?9?$AAw?$AAi?$AAn?$AA?9?$AAc?$AAo?$AAr?$AAe?$AA?9?$AAl?$AAo?$AAc?$AAa?$AAl?$AAi?$AAz?$AAa?$AAt?$AAi?$AAo?$AAn?$AA?9?$AAo?$AAb?$AAs@ 0000000180013c50     libucrt:winapi_thunks.obj
 0002:00001cb0       ??_C@_1EM@DILCGIIO@?$AAa?$AAp?$AAi?$AA?9?$AAm?$AAs?$AA?9?$AAw?$AAi?$AAn?$AA?9?$AAc?$AAo?$AAr?$AAe?$AA?9?$AAp?$AAr?$AAo?$AAc?$AAe?$AAs?$AAs?$AAt?$AAh?$AAr?$AAe?$AAa?$AAd?$AAs?$AA?9?$AAl@ 0000000180013cb0     libucrt:winapi_thunks.obj
 0002:00001d00       ??_C@_1DM@LNCGDDPN@?$AAa?$AAp?$AAi?$AA?9?$AAm?$AAs?$AA?9?$AAw?$AAi?$AAn?$AA?9?$AAc?$AAo?$AAr?$AAe?$AA?9?$AAs?$AAt?$AAr?$AAi?$AAn?$AAg?$AA?9?$AAl?$AA1?$AA?9?$AA1?$AA?9?$AA0?$AA?$AA@ 0000000180013d00     libucrt:winapi_thunks.obj
 0002:00001d40       ??_C@_1DO@FPAPJEMD@?$AAa?$AAp?$AAi?$AA?9?$AAm?$AAs?$AA?9?$AAw?$AAi?$AAn?$AA?9?$AAc?$AAo?$AAr?$AAe?$AA?9?$AAs?$AAy?$AAs?$AAi?$AAn?$AAf?$AAo?$AA?9?$AAl?$AA1?$AA?9?$AA2?$AA?9?$AA1?$AA?$AA@ 0000000180013d40     libucrt:winapi_thunks.obj
 0002:00001d80       ??_C@_1DK@NDHNAHIO@?$AAa?$AAp?$AAi?$AA?9?$AAm?$AAs?$AA?9?$AAw?$AAi?$AAn?$AA?9?$AAc?$AAo?$AAr?$AAe?$AA?9?$AAw?$AAi?$AAn?$AAr?$AAt?$AA?9?$AAl?$AA1?$AA?9?$AA1?$AA?9?$AA0?$AA?$AA@ 0000000180013d80     libucrt:winapi_thunks.obj
 0002:00001dc0       ??_C@_1DM@KGHDGBCM@?$AAa?$AAp?$AAi?$AA?9?$AAm?$AAs?$AA?9?$AAw?$AAi?$AAn?$AA?9?$AAc?$AAo?$AAr?$AAe?$AA?9?$AAx?$AAs?$AAt?$AAa?$AAt?$AAe?$AA?9?$AAl?$AA2?$AA?9?$AA1?$AA?9?$AA0?$AA?$AA@ 0000000180013dc0     libucrt:winapi_thunks.obj
 0002:00001e00       ??_C@_1EO@IJIOEFOH@?$AAa?$AAp?$AAi?$AA?9?$AAm?$AAs?$AA?9?$AAw?$AAi?$AAn?$AA?9?$AAr?$AAt?$AAc?$AAo?$AAr?$AAe?$AA?9?$AAn?$AAt?$AAu?$AAs?$AAe?$AAr?$AA?9?$AAw?$AAi?$AAn?$AAd?$AAo?$AAw?$AA?9@ 0000000180013e00     libucrt:winapi_thunks.obj
 0002:00001e50       ??_C@_1FG@HHGEKANL@?$AAa?$AAp?$AAi?$AA?9?$AAm?$AAs?$AA?9?$AAw?$AAi?$AAn?$AA?9?$AAs?$AAe?$AAc?$AAu?$AAr?$AAi?$AAt?$AAy?$AA?9?$AAs?$AAy?$AAs?$AAt?$AAe?$AAm?$AAf?$AAu?$AAn?$AAc?$AAt?$AAi@ 0000000180013e50     libucrt:winapi_thunks.obj
 0002:00001eb0       ??_C@_1FG@NCKKOLKO@?$AAe?$AAx?$AAt?$AA?9?$AAm?$AAs?$AA?9?$AAw?$AAi?$AAn?$AA?9?$AAk?$AAe?$AAr?$AAn?$AAe?$AAl?$AA3?$AA2?$AA?9?$AAp?$AAa?$AAc?$AAk?$AAa?$AAg?$AAe?$AA?9?$AAc?$AAu?$AAr?$AAr@ 0000000180013eb0     libucrt:winapi_thunks.obj
 0002:00001f10       ??_C@_1EG@DBIOJECG@?$AAe?$AAx?$AAt?$AA?9?$AAm?$AAs?$AA?9?$AAw?$AAi?$AAn?$AA?9?$AAn?$AAt?$AAu?$AAs?$AAe?$AAr?$AA?9?$AAd?$AAi?$AAa?$AAl?$AAo?$AAg?$AAb?$AAo?$AAx?$AA?9?$AAl?$AA1?$AA?9?$AA1@ 0000000180013f10     libucrt:winapi_thunks.obj
 0002:00001f60       ??_C@_1EO@FIHMJCLF@?$AAe?$AAx?$AAt?$AA?9?$AAm?$AAs?$AA?9?$AAw?$AAi?$AAn?$AA?9?$AAn?$AAt?$AAu?$AAs?$AAe?$AAr?$AA?9?$AAw?$AAi?$AAn?$AAd?$AAo?$AAw?$AAs?$AAt?$AAa?$AAt?$AAi?$AAo?$AAn?$AA?9@ 0000000180013f60     libucrt:winapi_thunks.obj
[...]
 0004:0000084c       $pdata$?fin$0@?0???$?RV<lambda_99476a1ad63dd22509b5d3e65b0ffc95>@@AEAV<lambda_ad1ced32f4ac17aa236e5ef05d6b3b7c>@@V<lambda_f7424dd8d45958661754dc4f2697e9c3>@@@?$__crt_seh_guarded_call@X@@QEAAX$$QEAV<lambda_99476a1ad63dd22509b5d3e65b0ffc95>@@AEAV<lambda_ad1ced32f4ac17aa236e5ef05d6b3b7c>@@$$QEAV<lambda_f7424dd8d45958661754dc4f2697e9c3>@@@Z@4HA 000000018001e84c     libucrt:mbctype.obj
 0004:00000858       $pdata$??$?RV<lambda_5e887d1dcbef67a5eb4283622ba103bf>@@AEAV<lambda_4466841279450cc726390878d4a41900>@@V<lambda_341c25c0346d94847f1f3c463c57e077>@@@?$__crt_seh_guarded_call@X@@QEAAX$$QEAV<lambda_5e887d1dcbef67a5eb4283622ba103bf>@@AEAV<lambda_4466841279450cc726390878d4a41900>@@$$QEAV<lambda_341c25c0346d94847f1f3c463c57e077>@@@Z 000000018001e858     libucrt:per_thread_data.obj
 0004:00000864       $pdata$??$?RV<lambda_46352004c1216016012b18bd6f87e700>@@AEAV<lambda_3bd07e1a1191394380780325891bf33f>@@V<lambda_334532d3f185bcaa59b5be82d7d22bff>@@@?$__crt_seh_guarded_call@X@@QEAAX$$QEAV<lambda_46352004c1216016012b18bd6f87e700>@@AEAV<lambda_3bd07e1a1191394380780325891bf33f>@@$$QEAV<lambda_334532d3f185bcaa59b5be82d7d22bff>@@@Z 000000018001e864     libucrt:per_thread_data.obj
 0004:00000870       $pdata$??$?RV<lambda_fb3a7dec4e47f37f22dae91bb15c9095>@@AEAV<lambda_698284760c8add0bfb0756c19673e34b>@@V<lambda_dfb8eca1e75fef3034a8fb18dd509707>@@@?$__crt_seh_guarded_call@X@@QEAAX$$QEAV<lambda_fb3a7dec4e47f37f22dae91bb15c9095>@@AEAV<lambda_698284760c8add0bfb0756c19673e34b>@@$$QEAV<lambda_dfb8eca1e75fef3034a8fb18dd509707>@@@Z 000000018001e870     libucrt:per_thread_data.obj
 0004:0000087c       $pdata$__acrt_update_locale_info 000000018001e87c     libucrt:locale_update.obj
 0004:00000888       $pdata$__acrt_update_multibyte_info 000000018001e888     libucrt:locale_update.obj
 0004:00000894       $pdata$__acrt_fp_format    000000018001e894     libucrt:cvt.obj
 0004:000008a0       $pdata$?fp_format_nan_or_infinity@@YAHW4__acrt_fp_class@@_NPEAD_K1@Z 000000018001e8a0     libucrt:cvt.obj
 0004:000008ac       $pdata$?fp_format_e_internal@@YAHQEAD_KH_NIQEAU_strflt@@2QEAU__crt_locale_pointers@@@Z 000000018001e8ac     libucrt:cvt.obj
 0004:000008b8       $pdata$?fp_format_e@@YAHQEBNQEAD_K12H_NIQEAU__crt_locale_pointers@@@Z 000000018001e8b8     libucrt:cvt.obj
 0004:000008c4       $pdata$?fp_format_a@@YAHQEBNPEAD_KQEAD2H_NIQEAU__crt_locale_pointers@@@Z 000000018001e8c4     libucrt:cvt.obj
 0004:000008d0       $pdata$?fp_format_f_internal@@YAHQEAD_KHQEAU_strflt@@_NQEAU__crt_locale_pointers@@@Z 000000018001e8d0     libucrt:cvt.obj
 0004:000008dc       $pdata$?fp_format_g@@YAHQEBNQEAD_K12H_NIQEAU__crt_locale_pointers@@@Z 000000018001e8dc     libucrt:cvt.obj
 0004:000008e8       $pdata$_fileno             000000018001e8e8     libucrt:fileno.obj
 0004:000008f4       $pdata$__acrt_initialize_stdio 000000018001e8f4     libucrt:_file.obj
 0004:00000900       $pdata$__acrt_uninitialize_stdio 000000018001e900     libucrt:_file.obj
 0004:0000090c       $pdata$__acrt_uninitialize_locale 000000018001e90c     libucrt:wsetlocale.obj
 0004:00000918       $pdata$__acrt_uninitialize_locale$fin$0 000000018001e918     libucrt:wsetlocale.obj
 0004:00000918       $pdata$__acrt_update_thread_locale_data$fin$0 000000018001e918     libucrt:locale_refcounting.obj
 0004:00000924       $pdata$__acrt_initialize_lowio 000000018001e924     libucrt:ioinit.obj
 0004:00000930       $pdata$__acrt_lowio_ensure_fh_exists$fin$0 000000018001e930     libucrt:osfinfo.obj
 0004:00000930       $pdata$__acrt_initialize_lowio$fin$0 000000018001e930     libucrt:ioinit.obj
 0004:0000093c       $pdata$__acrt_uninitialize_lowio 000000018001e93c     libucrt:ioinit.obj
 0004:00000948       $pdata$?initialize_inherited_file_handles_nolock@@YAXXZ 000000018001e948     libucrt:ioinit.obj
 0004:00000954       $pdata$?initialize_stdio_handles_nolock@@YAXXZ 000000018001e954     libucrt:ioinit.obj
 0004:00000960       $pdata$__acrt_initialize_locks 000000018001e960     libucrt:locks.obj
 0004:0000096c       $pdata$__acrt_uninitialize_locks 000000018001e96c     libucrt:locks.obj
 0004:00000978       $pdata$__acrt_FlsAlloc     000000018001e978     libucrt:winapi_thunks.obj
 0004:00000984       $pdata$__acrt_FlsFree      000000018001e984     libucrt:winapi_thunks.obj
 0004:00000990       $pdata$__acrt_FlsGetValue  000000018001e990     libucrt:winapi_thunks.obj
 0004:0000099c       $pdata$__acrt_FlsSetValue  000000018001e99c     libucrt:winapi_thunks.obj
 0004:000009a8       $pdata$__acrt_initialize_winapi_thunks 000000018001e9a8     libucrt:winapi_thunks.obj
 0004:000009b4       $pdata$__acrt_uninitialize_winapi_thunks 000000018001e9b4     libucrt:winapi_thunks.obj
 0004:000009c0       $pdata$__acrt_InitializeCriticalSectionEx 000000018001e9c0     libucrt:winapi_thunks.obj
 0004:000009cc       $pdata$__acrt_LCMapStringEx 000000018001e9cc     libucrt:winapi_thunks.obj
 0004:000009d8       $pdata$__acrt_LocaleNameToLCID 000000018001e9d8     libucrt:winapi_thunks.obj
 0004:000009e4       $pdata$__acrt_is_packaged_app 000000018001e9e4     libucrt:winapi_thunks.obj
 0004:000009f0       $pdata$?try_get_function@@YAPEAXW4function_id@?A0x63058377@@QEBDQEBW4module_id@2@2@Z 000000018001e9f0     libucrt:winapi_thunks.obj
 0004:000009fc       $pdata$_calloc_base        000000018001e9fc     libucrt:calloc_base.obj
 0004:00000a08       $pdata$??$common_expand_argv_wildcards@D@@YAHQEAPEADQEAPEAPEAD@Z 000000018001ea08     libucrt:argv_wildcards.obj
 0004:00000a14       $pdata$?expand_if_necessary@?$argument_list@D@?A0xca0879c4@@AEAAHXZ 000000018001ea14     libucrt:argv_wildcards.obj
 0004:00000a20       $pdata$??$copy_and_add_argument_to_buffer@D@@YAHQEBD0_KAEAV?$argument_list@D@?A0xca0879c4@@@Z 000000018001ea20     libucrt:argv_wildcards.obj
 0004:00000a2c       $pdata$??$expand_argument_wildcards@D@@YAHQEAD0AEAV?$argument_list@D@?A0xca0879c4@@@Z 000000018001ea2c     libucrt:argv_wildcards.obj
 0004:00000a38       $pdata$__acrt_update_thread_multibyte_data 000000018001ea38     libucrt:mbctype.obj
 0004:00000a44       $pdata$__acrt_update_thread_multibyte_data$fin$0 000000018001ea44     libucrt:mbctype.obj
 0004:00000a50       $pdata$__acrt_initialize_multibyte 000000018001ea50     libucrt:mbctype.obj
 0004:00000a5c       $pdata$_setmbcp_nolock     000000018001ea5c     libucrt:mbctype.obj
 0004:00000a68       $pdata$?getSystemCP@@YAHH@Z 000000018001ea68     libucrt:mbctype.obj
 0004:00000a74       $pdata$?setSBCS@@YAXPEAU__crt_multibyte_data@@@Z 000000018001ea74     libucrt:mbctype.obj
 0004:00000a80       $pdata$?setSBUpLow@@YAXPEAU__crt_multibyte_data@@@Z 000000018001ea80     libucrt:mbctype.obj
 0004:00000a8c       $pdata$?setmbcp_internal@@YAHH_N@Z 000000018001ea8c     libucrt:mbctype.obj
 0004:00000a98       $pdata$??R<lambda_ad1ced32f4ac17aa236e5ef05d6b3b7c>@@QEBAXXZ 000000018001ea98     libucrt:mbctype.obj
 0004:00000aa4       $pdata$??$?RV<lambda_99476a1ad63dd22509b5d3e65b0ffc95>@@AEAV<lambda_ad1ced32f4ac17aa236e5ef05d6b3b7c>@@V<lambda_f7424dd8d45958661754dc4f2697e9c3>@@@?$__crt_seh_guarded_call@X@@QEAAX$$QEAV<lambda_99476a1ad63dd22509b5d3e65b0ffc95>@@AEAV<lambda_ad1ced32f4ac17aa236e5ef05d6b3b7c>@@$$QEAV<lambda_f7424dd8d45958661754dc4f2697e9c3>@@@Z 000000018001eaa4     libucrt:mbctype.obj
 0004:00000ab0       $pdata$?x_ismbbtype_l@@YAHPEAU__crt_locale_pointers@@IHH@Z 000000018001eab0     libucrt:ismbbyte.obj
 0004:00000abc       $pdata$__acrt_initialize_command_line 000000018001eabc     libucrt:argv_data.obj
 0004:00000ac8       $pdata$__dcrt_get_narrow_environment_from_os 000000018001eac8     libucrt:get_environment_from_os.obj
 0004:00000ad4       $pdata$_recalloc_base      000000018001ead4     libucrt:recalloc.obj
 0004:00000ae0       $pdata$__acrt_initialize_heap 000000018001eae0     libucrt:heap_handle.obj
 0004:00000aec       $pdata$__acrt_execute_initializers 000000018001eaec     libucrt:shared_initialization.obj
 0004:00000af8       $pdata$__acrt_execute_uninitializers 000000018001eaf8     libucrt:shared_initialization.obj
 0004:00000b04       $pdata$_callnewh           000000018001eb04     libucrt:new_handler.obj
 0004:00000b10       $pdata$_query_new_handler  000000018001eb10     libucrt:new_handler.obj
 0004:00000b1c       $pdata$_query_new_handler$fin$0 000000018001eb1c     libucrt:new_handler.obj
 0004:00000b28       $pdata$__acrt_get_sigabrt_handler 000000018001eb28     libucrt:signal.obj
 0004:00000b34       $pdata$raise               000000018001eb34     libucrt:signal.obj
 0004:00000b40       $pdata$raise$fin$0         000000018001eb40     libucrt:signal.obj
 0004:00000b4c       $pdata$??$?RV<lambda_c36588078e9f5dfd39652860aa6b3aaf>@@AEAV<lambda_ec61778202f4f5fc7e7711acc23c3bca>@@V<lambda_dc9d2797ccde5d239b4a0efae8ebd7db>@@@?$__crt_seh_guarded_call@P6AXH@Z@@QEAAP6AXH@Z$$QEAV<lambda_c36588078e9f5dfd39652860aa6b3aaf>@@AEAV<lambda_ec61778202f4f5fc7e7711acc23c3bca>@@$$QEAV<lambda_dc9d2797ccde5d239b4a0efae8ebd7db>@@@Z 000000018001eb4c     libucrt:signal.obj
 0004:00000b58       $pdata$__acrt_invoke_user_matherr 000000018001eb58     libucrt:matherr.obj
 0004:00000b64       $pdata$__pctype_func       000000018001eb64     libucrt:ctype.obj
 0004:00000b70       $pdata$iswctype            000000018001eb70     libucrt:iswctype.obj
 0004:00000b7c       $pdata$_isctype_l          000000018001eb7c     libucrt:isctype.obj
 0004:00000b88       $pdata$_isleadbyte_l       000000018001eb88     libucrt:_wctype.obj
 0004:00000b94       $pdata$__acrt_LCMapStringA 000000018001eb94     libucrt:lcmapstringa.obj
 0004:00000ba0       $pdata$?__acrt_LCMapStringA_stat@@YAHPEAU__crt_locale_pointers@@PEB_WKPEBDHPEADHHH@Z 000000018001eba0     libucrt:lcmapstringa.obj
 0004:00000bac       $pdata$__acrt_release_locale_ref 000000018001ebac     libucrt:locale_refcounting.obj
 0004:00000bb8       $pdata$__acrt_free_locale  000000018001ebb8     libucrt:locale_refcounting.obj
 0004:00000bc4       $pdata$__acrt_locale_free_lc_time_if_unreferenced 000000018001ebc4     libucrt:locale_refcounting.obj
 0004:00000bd0       $pdata$__acrt_update_thread_locale_data 000000018001ebd0     libucrt:locale_refcounting.obj
 0004:00000bdc       $pdata$_updatetlocinfoEx_nolock 000000018001ebdc     libucrt:locale_refcounting.obj
 0004:00000be8       $pdata$__acrt_fp_strflt_to_string 000000018001ebe8     libucrt:_fptostr.obj
 0004:00000bf4       $pdata$memcpy_s            000000018001ebf4     libucrt:cfout.obj
 0004:00000c00       $pdata$__acrt_fltout       000000018001ec00     libucrt:cfout.obj
 0004:00000c0c       $pdata$?divide@__crt_strtox@@YA_KAEAUbig_integer@1@AEBU21@@Z 000000018001ec0c     libucrt:cfout.obj
 0004:00000c18       $pdata$5$?divide@__crt_strtox@@YA_KAEAUbig_integer@1@AEBU21@@Z 000000018001ec18     libucrt:cfout.obj
 0004:00000c24       $pdata$6$?divide@__crt_strtox@@YA_KAEAUbig_integer@1@AEBU21@@Z 000000018001ec24     libucrt:cfout.obj
 0004:00000c30       $pdata$_fcloseall          000000018001ec30     libucrt:closeall.obj
 0004:00000c3c       $pdata$_fcloseall$fin$0    000000018001ec3c     libucrt:closeall.obj
 0004:00000c48       $pdata$_fflush_nolock      000000018001ec48     libucrt:fflush.obj
 0004:00000c54       $pdata$__acrt_stdio_flush_nolock 000000018001ec54     libucrt:fflush.obj
 0004:00000c60       $pdata$common_flush_all    000000018001ec60     libucrt:fflush.obj
 0004:00000c6c       $pdata$common_flush_all$fin$0 000000018001ec6c     libucrt:fflush.obj
 0004:00000c78       $pdata$common_flush_all$fin$1 000000018001ec78     libucrt:fflush.obj
 0004:00000c84       $pdata$__acrt_stdio_free_buffer_nolock 000000018001ec84     libucrt:_freebuf.obj
 0004:00000c90       $pdata$_isatty             000000018001ec90     libucrt:isatty.obj
 0004:00000c9c       $pdata$__acrt_locale_free_monetary 000000018001ec9c     libucrt:initmon.obj
 0004:00000ca8       $pdata$__acrt_locale_free_numeric 000000018001eca8     libucrt:initnum.obj
 0004:00000cb4       $pdata$__acrt_locale_free_time 000000018001ecb4     libucrt:inittime.obj
 0004:00000cc0       $pdata$?free_crt_array_internal@@YAXQEAPEBX_K@Z 000000018001ecc0     libucrt:inittime.obj
 0004:00000ccc       $pdata$__acrt_GetStringTypeA 000000018001eccc     libucrt:getstringtypea.obj
 0004:00000cd8       $pdata$_get_osfhandle      000000018001ecd8     libucrt:osfinfo.obj
 0004:00000ce4       $pdata$_free_osfhnd        000000018001ece4     libucrt:osfinfo.obj
 0004:00000cf0       $pdata$__acrt_lowio_create_handle_array 000000018001ecf0     libucrt:osfinfo.obj
 0004:00000cfc       $pdata$__acrt_lowio_destroy_handle_array 000000018001ecfc     libucrt:osfinfo.obj
 0004:00000d08       $pdata$__acrt_lowio_ensure_fh_exists 000000018001ed08     libucrt:osfinfo.obj
 0004:00000d14       $pdata$__acrt_DownlevelLocaleNameToLCID 000000018001ed14     libucrt:lcidtoname_downlevel.obj
 0004:00000d20       $pdata$?GetTableIndexFromLocaleName@@YAHPEB_W@Z 000000018001ed20     libucrt:lcidtoname_downlevel.obj
 0004:00000d2c       $pdata$qsort               000000018001ed2c     libucrt:qsort.obj
 0004:00000d38       $pdata$4$qsort             000000018001ed38     libucrt:qsort.obj
 0004:00000d44       $pdata$5$qsort             000000018001ed44     libucrt:qsort.obj
 0004:00000d50       $pdata$?shortsort@@YAXPEAD0_KP6AHPEBX2@Z@Z 000000018001ed50     libucrt:qsort.obj
 0004:00000d5c       $pdata$2$?shortsort@@YAXPEAD0_KP6AHPEBX2@Z@Z 000000018001ed5c     libucrt:qsort.obj
 0004:00000d68       $pdata$3$?shortsort@@YAXPEAD0_KP6AHPEBX2@Z@Z 000000018001ed68     libucrt:qsort.obj
 0004:00000d74       $pdata$strncpy_s           000000018001ed74     libucrt:strncpy_s.obj
 0004:00000d80       $pdata$strpbrk             000000018001ed80     libucrt:strpbrk.obj
 0004:00000d8c       $pdata$_mbsdec_l           000000018001ed8c     libucrt:mbsdec.obj
 0004:00000d98       $pdata$?initialize_multibyte@@YAHXZ 000000018001ed98     libucrt:multibyte_initializer.obj
 0004:00000da4       $pdata$_msize              000000018001eda4     libucrt:msize.obj
 0004:00000db0       $pdata$_realloc_base       000000018001edb0     libucrt:realloc_base.obj
 0004:00000dbc       $pdata$fegetenv            000000018001edbc     libucrt:fegetenv.obj
 0004:00000dc8       $pdata$fesetenv            000000018001edc8     libucrt:fesetenv.obj
 0004:00000dd4       $pdata$feholdexcept        000000018001edd4     libucrt:feholdexcept.obj
 0004:00000dec       $pdata$_write              000000018001edec     libucrt:write.obj
 0004:00000df8       $pdata$_write$fin$0        000000018001edf8     libucrt:write.obj
 0004:00000e04       $pdata$_write_nolock       000000018001ee04     libucrt:write.obj
 0004:00000e10       $pdata$?write_double_translated_ansi_nolock@@YA?AUwrite_result@?A0x9c548279@@HQEBDI@Z 000000018001ee10     libucrt:write.obj
 0004:00000e1c       $pdata$?write_text_ansi_nolock@@YA?AUwrite_result@?A0x9c548279@@HQEBDI@Z 000000018001ee1c     libucrt:write.obj
 0004:00000e28       $pdata$?write_text_utf16le_nolock@@YA?AUwrite_result@?A0x9c548279@@HQEBDI@Z 000000018001ee28     libucrt:write.obj
 0004:00000e34       $pdata$?write_text_utf8_nolock@@YA?AUwrite_result@?A0x9c548279@@HQEBDI@Z 000000018001ee34     libucrt:write.obj
 0004:00000e40       $pdata$??$common_lseek_nolock@_J@@YA_JH_JH@Z 000000018001ee40     libucrt:lseek.obj
 0004:00000e4c       $pdata$fclose              000000018001ee4c     libucrt:fclose.obj
 0004:00000e58       $pdata$fclose$fin$0        000000018001ee58     libucrt:fclose.obj
 0004:00000e64       $pdata$_fclose_nolock      000000018001ee64     libucrt:fclose.obj
 0004:00000e70       $pdata$_commit             000000018001ee70     libucrt:commit.obj
 0004:00000e7c       $pdata$??$?RV<lambda_b521505b218e5242e90febf6bfebc422>@@AEAV<lambda_6978c1fb23f02e42e1d9e99668cc68aa>@@V<lambda_314360699dd331753a4119843814e9a7>@@@?$__crt_seh_guarded_call@H@@QEAAH$$QEAV<lambda_b521505b218e5242e90febf6bfebc422>@@AEAV<lambda_6978c1fb23f02e42e1d9e99668cc68aa>@@$$QEAV<lambda_314360699dd331753a4119843814e9a7>@@@Z 000000018001ee7c     libucrt:commit.obj
 0004:00000e88       $pdata$?fin$0@?0???$?RV<lambda_bfedae4ebbf01fab1bb6dcc6a9e276e0>@@AEAV<lambda_2fe9b910cf3cbf4a0ab98a02ba45b3ec>@@V<lambda_237c231691f317818eb88cc1d5d642d6>@@@?$__crt_seh_guarded_call@H@@QEAAH$$QEAV<lambda_bfedae4ebbf01fab1bb6dcc6a9e276e0>@@AEAV<lambda_2fe9b910cf3cbf4a0ab98a02ba45b3ec>@@$$QEAV<lambda_237c231691f317818eb88cc1d5d642d6>@@@Z@4HA 000000018001ee88     libucrt:close.obj
 0004:00000e88       $pdata$?fin$0@?0???$?RV<lambda_b521505b218e5242e90febf6bfebc422>@@AEAV<lambda_6978c1fb23f02e42e1d9e99668cc68aa>@@V<lambda_314360699dd331753a4119843814e9a7>@@@?$__crt_seh_guarded_call@H@@QEAAH$$QEAV<lambda_b521505b218e5242e90febf6bfebc422>@@AEAV<lambda_6978c1fb23f02e42e1d9e99668cc68aa>@@$$QEAV<lambda_314360699dd331753a4119843814e9a7>@@@Z@4HA 000000018001ee88     libucrt:commit.obj
 0004:00000e94       $pdata$_setfpstatusword    000000018001ee94     libucrt:_fenvutils.obj
 0004:00000ea0       $pdata$_getfpcontrolword   000000018001eea0     libucrt:_fenvutils.obj
 0004:00000eac       $pdata$_getfpstatusword    000000018001eeac     libucrt:_fenvutils.obj
 0004:00000eb8       $pdata$_clearfp            000000018001eeb8     libucrt:ieee.obj
 0004:00000ec4       $pdata$common_control87    000000018001eec4     libucrt:ieee.obj
 0004:00000ed0       $pdata$common_control87$filt$0 000000018001eed0     libucrt:ieee.obj
 0004:00000ed0       $pdata$_ctrlfp$filt$0      000000018001eed0     libucrt:fpctrl.obj
 0004:00000edc       $pdata$_call_matherr       000000018001eedc     libucrt:libm_error.obj
 0004:00000ee8       $pdata$_exception_enabled  000000018001eee8     libucrt:libm_error.obj
 0004:00000ef4       $pdata$_handle_error       000000018001eef4     libucrt:libm_error.obj
 0004:00000f00       $pdata$__acrt_initialize_fma3 000000018001ef00     libucrt:fma3_available.obj
 0004:00000f0c       $pdata$_log_special_common 000000018001ef0c     libucrt:log_special.obj
 0004:00000f18       $pdata$_log10_special      000000018001ef18     libucrt:log_special.obj
 0004:00000f24       $pdata$_putwch_nolock      000000018001ef24     libucrt:putwch.obj
 0004:00000f30       $pdata$_close              000000018001ef30     libucrt:close.obj
 0004:00000f3c       $pdata$_close_nolock       000000018001ef3c     libucrt:close.obj
 0004:00000f48       $pdata$??$?RV<lambda_bfedae4ebbf01fab1bb6dcc6a9e276e0>@@AEAV<lambda_2fe9b910cf3cbf4a0ab98a02ba45b3ec>@@V<lambda_237c231691f317818eb88cc1d5d642d6>@@@?$__crt_seh_guarded_call@H@@QEAAH$$QEAV<lambda_bfedae4ebbf01fab1bb6dcc6a9e276e0>@@AEAV<lambda_2fe9b910cf3cbf4a0ab98a02ba45b3ec>@@$$QEAV<lambda_237c231691f317818eb88cc1d5d642d6>@@@Z 000000018001ef48     libucrt:close.obj
 0004:00000f60       $pdata$_set_errno_from_matherr 000000018001ef60     libucrt:fpexcept.obj
 0004:00000f6c       $pdata$_raise_exc          000000018001ef6c     libucrt:fpexcept.obj
 0004:00000f78       $pdata$_raise_exc_ex       000000018001ef78     libucrt:fpexcept.obj
 0004:00000f84       $pdata$_clrfp              000000018001ef84     libucrt:fpctrl.obj
 0004:00000f90       $pdata$_ctrlfp             000000018001ef90     libucrt:fpctrl.obj
 0004:00000f9c       $pdata$_statfp             000000018001ef9c     libucrt:fpctrl.obj
 0004:00000fa8       $pdata$_set_statfp         000000018001efa8     libucrt:fpctrl.obj
 0004:00000fb4       $pdata$__dcrt_lowio_initialize_console_output 000000018001efb4     libucrt:initcon.obj
 0004:00000fc0       $pdata$__dcrt_terminate_console_output 000000018001efc0     libucrt:initcon.obj
 0004:00000fcc       $pdata$_IsNonwritableInCurrentImage 000000018001efcc     LIBCMT:pesect.obj
 0004:00000fd8       $pdata$_IsNonwritableInCurrentImage$filt$0 000000018001efd8     LIBCMT:pesect.obj
 0004:00000ff0       $pdata$strrchr             000000018001eff0     libvcruntime:strrchr.obj
 0005:000000a0       $R000000                   00000001800200a0     pe.res
 0005:000003b0       $R000310                   00000001800203b0     pe.res
